Solver command line: ['C:\\Users\\Alexander\\AppData\\Local\\idaes\\bin\\ipopt.exe', 'C:\\Users\\ALEXAN~1\\AppData\\Local\\Temp\\tmpilxbzgfy.pyomo.nl', '-AMPL', 'linear_solver=mumps', 'max_iter=3000', 'max_cpu_time=600.0', 'tol=1e-11', 'nlp_scaling_method=none', 'acceptable_tol=1e-10', 'bound_relax_factor=0.0', 'honor_original_bounds=yes', 'warm_start_init_point=no', 'print_level=5']

Ipopt 3.13.2: linear_solver=mumps
max_iter=3000
max_cpu_time=600.0
tol=1e-11
nlp_scaling_method=none
acceptable_tol=1e-10
bound_relax_factor=0.0
honor_original_bounds=yes
warm_start_init_point=no
print_level=5


******************************************************************************
This program contains Ipopt, a library for large-scale nonlinear optimization.
 Ipopt is released as open source code under the Eclipse Public License (EPL).
         For more information visit http://projects.coin-or.org/Ipopt

This version of Ipopt was compiled from source code available at
    https://github.com/IDAES/Ipopt as part of the Institute for the Design of
    Advanced Energy Systems Process Systems Engineering Framework (IDAES PSE
    Framework) Copyright (c) 2018-2019. See https://github.com/IDAES/idaes-pse.

This version of Ipopt was compiled using HSL, a collection of Fortran codes
    for large-scale scientific computation.  All technical papers, sales and
    publicity material resulting from use of the HSL codes within IPOPT must
    contain the following acknowledgement:
        HSL, a collection of Fortran codes for large-scale scientific
        computation. See http://www.hsl.rl.ac.uk.
******************************************************************************

This is Ipopt version 3.13.2, running with linear solver mumps.
NOTE: Other linear solvers might be more efficient (see Ipopt documentation).

Number of nonzeros in equality constraint Jacobian...:     4734
Number of nonzeros in inequality constraint Jacobian.:     4995
Number of nonzeros in Lagrangian Hessian.............:       72

Total number of variables............................:     2547
                     variables with only lower bounds:     2259
                variables with lower and upper bounds:        0
                     variables with only upper bounds:        0
Total number of equality constraints.................:      915
Total number of inequality constraints...............:     2691
        inequality constraints with only lower bounds:      216
   inequality constraints with lower and upper bounds:        0
        inequality constraints with only upper bounds:     2475

iter    objective    inf_pr   inf_du lg(mu)  ||d||  lg(rg) alpha_du alpha_pr  ls
   0  1.9512000e+02 5.62e+02 1.54e+01  -1.0 0.00e+00    -  0.00e+00 0.00e+00   0
   1  3.5475061e+02 5.62e+02 1.61e+01  -1.0 5.17e+02    -  2.28e-04 4.60e-04h  1
   2  1.4218284e+03 5.61e+02 1.71e+01  -1.0 5.62e+02    -  1.76e-04 2.67e-03h  1
   3  1.4447112e+03 5.60e+02 1.71e+01  -1.0 1.33e+03    -  3.40e-04 5.57e-04h  1
   4  1.4368482e+03 5.60e+02 1.71e+01  -1.0 1.22e+03    -  7.81e-04 8.66e-04f  1
   5  1.2175606e+03 5.59e+02 1.71e+01  -1.0 1.12e+03    -  8.71e-04 1.44e-03f  1
   6  8.4742920e+02 5.58e+02 1.71e+01  -1.0 9.40e+02    -  1.10e-03 1.92e-03f  1
   7  4.9283136e+02 5.57e+02 1.71e+01  -1.0 7.73e+02    -  1.73e-03 2.39e-03f  1
   8  1.6195832e+02 5.54e+02 1.70e+01  -1.0 6.26e+02    -  7.60e-03 5.24e-03f  1
   9  1.1149532e+02 5.47e+02 1.68e+01  -1.0 6.26e+02    -  2.25e-02 1.22e-02f  1
iter    objective    inf_pr   inf_du lg(mu)  ||d||  lg(rg) alpha_du alpha_pr  ls
  10  1.1143894e+02 4.98e+02 1.53e+01  -1.0 6.17e+02    -  6.96e-02 9.05e-02f  1
  11  1.1715540e+02 4.84e+02 1.49e+01  -1.0 5.80e+02    -  1.43e-02 2.75e-02h  1
  12  2.9501133e+02 4.80e+02 1.67e+01  -1.0 5.28e+02    -  1.12e-04 7.37e-03h  1
  13  7.3336127e+02 4.72e+02 1.67e+01  -1.0 5.71e+02    -  6.01e-03 1.69e-02h  1
  14  1.4241358e+03 4.63e+02 1.69e+01  -1.0 5.61e+02    -  3.24e-04 1.89e-02h  1
  15  1.4964172e+03 4.62e+02 1.72e+01  -1.0 5.52e+02    -  6.74e-04 1.75e-03h  1
  16  1.9171787e+03 4.58e+02 1.74e+01  -1.0 5.52e+02    -  5.89e-04 8.97e-03h  1
  17  2.1097733e+03 4.57e+02 1.87e+01  -1.0 5.56e+02    -  9.84e-04 3.52e-03h  1
  18  3.0146174e+03 4.49e+02 1.87e+01  -1.0 5.44e+02    -  3.29e-03 1.63e-02h  1
  19  3.1192468e+03 4.48e+02 1.87e+01  -1.0 5.95e+02    -  6.77e-04 1.60e-03h  1
iter    objective    inf_pr   inf_du lg(mu)  ||d||  lg(rg) alpha_du alpha_pr  ls
  20  3.6358003e+03 4.45e+02 1.88e+01  -1.0 5.35e+02    -  3.78e-04 6.80e-03h  1
  21  4.2234951e+03 4.42e+02 1.92e+01  -1.0 5.33e+02    -  1.86e-03 7.00e-03h  1
  22  5.0280707e+03 4.38e+02 1.94e+01  -1.0 5.29e+02    -  1.35e-03 8.90e-03h  1
  23  5.5777875e+03 4.36e+02 1.94e+01  -1.0 5.23e+02    -  3.62e-03 6.07e-03h  1
  24  6.5374991e+03 4.32e+02 1.94e+01  -1.0 5.20e+02    -  2.50e-04 9.51e-03h  1
  25  7.1208429e+03 4.29e+02 1.94e+01  -1.0 5.16e+02    -  1.45e-03 5.49e-03h  1
  26  8.2985743e+03 4.24e+02 1.93e+01  -1.0 5.12e+02    -  5.69e-03 1.11e-02h  1
  27  9.0904467e+03 4.21e+02 1.94e+01  -1.0 5.06e+02    -  6.49e-04 6.93e-03h  1
  28  1.0503233e+04 4.16e+02 1.94e+01  -1.0 5.03e+02    -  2.04e-03 1.19e-02h  1
  29  1.0864953e+04 4.15e+02 1.94e+01  -1.0 4.97e+02    -  9.70e-04 2.95e-03h  1
iter    objective    inf_pr   inf_du lg(mu)  ||d||  lg(rg) alpha_du alpha_pr  ls
  30  1.8296406e+04 3.90e+02 1.97e+01  -1.0 4.95e+02    -  2.45e-03 6.03e-02h  1
  31  1.8711088e+04 3.89e+02 1.96e+01  -1.0 5.42e+02    -  2.69e-03 3.58e-03h  1
  32  1.9874937e+04 3.85e+02 1.97e+01  -1.0 4.63e+02    -  1.56e-03 9.89e-03h  1
  33  2.0566488e+04 3.83e+02 1.97e+01  -1.0 4.91e+02    -  1.78e-03 5.85e-03h  1
  34  2.6219855e+04 3.64e+02 2.07e+01  -1.0 4.49e+02    -  5.29e-03 4.80e-02h  1
  35  2.6467349e+04 3.64e+02 2.07e+01  -1.0 4.48e+02    -  1.50e-03 2.18e-03h  1
  36  2.9133492e+04 3.55e+02 2.13e+01  -1.0 4.29e+02    -  1.66e-03 2.34e-02h  1
  37  3.0162351e+04 3.52e+02 2.13e+01  -1.0 4.88e+02    -  4.50e-03 9.18e-03h  1
  38  3.1857623e+04 3.46e+02 2.14e+01  -1.0 4.07e+02    -  5.91e-03 1.50e-02h  1
  39  3.3438022e+04 3.42e+02 2.15e+01  -1.0 4.07e+02    -  5.74e-03 1.40e-02h  1
iter    objective    inf_pr   inf_du lg(mu)  ||d||  lg(rg) alpha_du alpha_pr  ls
  40  3.3572932e+04 3.41e+02 2.15e+01  -1.0 4.04e+02    -  6.46e-04 1.17e-03h  1
  41  3.6563300e+04 3.33e+02 2.23e+01  -1.0 4.02e+02    -  1.70e-04 2.48e-02h  1
  42  3.8220763e+04 3.28e+02 2.24e+01  -1.0 3.87e+02    -  7.02e-03 1.39e-02h  1
  43  3.8937304e+04 3.26e+02 2.20e+01  -1.0 3.67e+02    -  9.55e-03 6.06e-03h  1
  44  4.0995359e+04 3.21e+02 2.26e+01  -1.0 3.65e+02    -  8.91e-05 1.65e-02h  1
  45  4.5247306e+04 3.10e+02 2.30e+01  -1.0 3.62e+02    -  1.13e-02 3.40e-02h  1
  46  4.8964700e+04 3.00e+02 2.35e+01  -1.0 3.50e+02    -  8.25e-03 3.02e-02h  1
  47  5.4958168e+04 2.85e+02 2.45e+01  -1.0 3.39e+02    -  1.06e-02 5.00e-02h  1
  48  5.6468963e+04 2.82e+02 2.46e+01  -1.0 3.24e+02    -  4.26e-03 1.32e-02h  1
  49  5.9077273e+04 2.75e+02 2.48e+01  -1.0 3.21e+02    -  9.78e-03 2.30e-02h  1
iter    objective    inf_pr   inf_du lg(mu)  ||d||  lg(rg) alpha_du alpha_pr  ls
  50  6.2396985e+04 2.67e+02 2.53e+01  -1.0 3.10e+02    -  5.78e-03 2.97e-02h  1
  51  6.4994990e+04 2.61e+02 2.55e+01  -1.0 3.21e+02    -  9.16e-03 2.38e-02h  1
  52  6.9643408e+04 2.49e+02 2.60e+01  -1.0 3.74e+02    -  1.10e-02 4.34e-02h  1
  53  7.1915436e+04 2.44e+02 2.63e+01  -1.0 4.50e+02    -  4.83e-03 2.18e-02h  1
  54  7.5418638e+04 2.36e+02 2.68e+01  -1.0 4.70e+02    -  8.00e-03 3.42e-02h  1
  55  7.9450661e+04 2.26e+02 2.65e+01  -1.0 4.78e+02    -  2.46e-02 4.06e-02h  1
  56  8.3475323e+04 2.16e+02 2.73e+01  -1.0 4.29e+02    -  3.03e-03 4.22e-02h  1
  57  8.3689115e+04 2.16e+02 2.71e+01  -1.0 4.15e+02    -  4.62e-03 2.34e-03h  1
  58  8.4860285e+04 2.13e+02 2.74e+01  -1.0 4.22e+02    -  8.11e-05 1.22e-02h  1
  59  8.9361585e+04 2.03e+02 2.76e+01  -1.0 4.35e+02    -  1.71e-02 4.74e-02h  1
iter    objective    inf_pr   inf_du lg(mu)  ||d||  lg(rg) alpha_du alpha_pr  ls
  60  9.2555792e+04 1.96e+02 2.78e+01  -1.0 4.72e+02    -  9.90e-03 3.51e-02h  1
  61  9.6225540e+04 1.88e+02 2.77e+01  -1.0 4.56e+02    -  1.98e-02 4.16e-02h  1
  62  9.9245427e+04 1.81e+02 2.78e+01  -1.0 4.09e+02    -  1.25e-02 3.57e-02h  1
  63  9.9906764e+04 1.80e+02 2.63e+01  -1.0 3.64e+02    -  3.61e-02 8.12e-03h  1
  64  1.0027259e+05 1.79e+02 2.62e+01  -1.0 3.86e+02    -  4.10e-03 4.53e-03h  1
  65  1.0266894e+05 1.74e+02 2.67e+01  -1.0 3.81e+02    -  1.64e-04 2.87e-02h  1
  66  1.0637992e+05 1.66e+02 2.68e+01  -1.0 3.76e+02    -  1.37e-02 4.53e-02h  1
  67  1.0749879e+05 1.64e+02 2.69e+01  -1.0 3.57e+02    -  3.53e-03 1.41e-02h  1
  68  1.0889331e+05 1.61e+02 2.69e+01  -1.0 3.46e+02    -  7.43e-03 1.76e-02h  1
  69  1.1144291e+05 1.56e+02 2.72e+01  -1.0 3.34e+02    -  4.17e-03 3.20e-02h  1
iter    objective    inf_pr   inf_du lg(mu)  ||d||  lg(rg) alpha_du alpha_pr  ls
  70  1.1529745e+05 1.48e+02 2.74e+01  -1.0 3.15e+02    -  1.19e-02 4.95e-02h  1
  71  1.1744527e+05 1.44e+02 2.75e+01  -1.0 2.86e+02    -  8.02e-03 2.87e-02h  1
  72  1.2035361e+05 1.38e+02 2.70e+01  -1.0 2.70e+02    -  2.64e-02 3.99e-02h  1
  73  1.2444820e+05 1.30e+02 2.92e+01  -1.0 2.75e+02    -  4.92e-03 5.82e-02h  1
  74  1.3078426e+05 1.18e+02 3.13e+01  -1.0 2.59e+02    -  2.44e-02 9.50e-02h  1
  75  1.3294977e+05 1.14e+02 3.16e+01  -1.0 3.46e+02    -  1.32e-02 3.30e-02h  1
  76  1.3336256e+05 1.13e+02 3.17e+01  -1.0 3.18e+02    -  2.48e-03 6.30e-03h  1
  77  1.3691838e+05 1.07e+02 3.30e+01  -1.0 3.10e+02    -  7.84e-03 5.44e-02h  1
  78  1.3849047e+05 1.04e+02 3.17e+01  -1.0 2.43e+02    -  3.17e-02 2.48e-02h  1
  79  1.3976465e+05 1.02e+02 3.17e+01  -1.0 1.91e+02    -  1.17e-02 2.04e-02h  1
iter    objective    inf_pr   inf_du lg(mu)  ||d||  lg(rg) alpha_du alpha_pr  ls
  80  1.4645581e+05 9.10e+01 3.53e+01  -1.0 2.53e+02    -  2.58e-03 1.08e-01h  1
  81  1.4665084e+05 9.07e+01 3.50e+01  -1.0 2.35e+02    -  5.84e-03 3.42e-03h  1
  82  1.4931903e+05 8.64e+01 3.67e+01  -1.0 2.34e+02    -  1.25e-03 4.66e-02h  1
  83  1.4999391e+05 8.54e+01 2.96e+01  -1.0 2.25e+02    -  9.88e-02 1.22e-02h  1
  84  1.5034743e+05 8.48e+01 2.96e+01  -1.0 1.91e+02    -  4.01e-03 6.46e-03h  1
  85  1.5290424e+05 8.09e+01 3.18e+01  -1.0 1.65e+02    -  3.48e-04 4.64e-02h  1
  86  1.5342785e+05 8.01e+01 3.19e+01  -1.0 1.52e+02    -  4.59e-03 9.85e-03h  1
  87  1.5597719e+05 7.62e+01 3.37e+01  -1.0 1.48e+02    -  5.78e-03 4.83e-02h  1
  88  1.5641854e+05 7.56e+01 3.36e+01  -1.0 1.37e+02    -  6.74e-03 8.69e-03h  1
  89  1.5762870e+05 7.38e+01 3.45e+01  -1.0 1.33e+02    -  4.06e-03 2.39e-02h  1
iter    objective    inf_pr   inf_du lg(mu)  ||d||  lg(rg) alpha_du alpha_pr  ls
  90  1.5967852e+05 7.07e+01 3.54e+01  -1.0 1.24e+02    -  1.38e-02 4.12e-02h  1
  91  1.6108361e+05 6.87e+01 3.23e+01  -1.0 1.14e+02    -  5.20e-02 2.91e-02h  1
  92  1.6213693e+05 6.72e+01 3.35e+01  -1.0 1.12e+02    -  1.39e-03 2.17e-02h  1
  93  1.6613829e+05 6.15e+01 3.77e+01  -1.0 9.55e+01    -  8.60e-03 8.45e-02h  1
  94  1.6724099e+05 6.00e+01 3.02e+01  -1.0 9.42e+01    -  9.06e-02 2.52e-02h  1
  95  1.7022242e+05 5.58e+01 3.50e+01  -1.0 1.18e+02    -  7.06e-04 6.91e-02h  1
  96  1.7152591e+05 5.40e+01 3.52e+01  -1.0 1.02e+02    -  1.98e-02 3.17e-02h  1
  97  1.7229690e+05 5.30e+01 3.21e+01  -1.0 1.45e+02    -  4.06e-02 1.91e-02h  1
  98  1.7432113e+05 5.03e+01 3.62e+01  -1.0 1.17e+02    -  1.10e-03 5.06e-02h  1
  99  1.7485241e+05 4.96e+01 3.45e+01  -1.0 1.20e+02    -  2.34e-02 1.39e-02h  1
iter    objective    inf_pr   inf_du lg(mu)  ||d||  lg(rg) alpha_du alpha_pr  ls
 100  1.7630680e+05 4.77e+01 3.79e+01  -1.0 1.22e+02    -  8.39e-04 3.80e-02h  1
 101  1.7704867e+05 4.68e+01 3.96e+01  -1.0 1.25e+02    -  9.26e-03 2.00e-02h  1
 102  1.8202709e+05 4.04e+01 4.96e+01  -1.0 1.25e+02    -  1.51e-02 1.37e-01h  1
 103  1.8632962e+05 3.48e+01 4.20e+01  -1.0 1.36e+02    -  1.43e-01 1.37e-01h  1
 104  1.8654159e+05 3.46e+01 4.12e+01  -1.0 1.32e+02    -  1.06e-02 7.77e-03h  1
 105  1.8964592e+05 3.06e+01 5.52e+01  -1.0 1.08e+02    -  2.42e-03 1.14e-01h  1
 106  1.8974787e+05 3.05e+01 5.40e+01  -1.0 1.69e+02    -  9.55e-03 4.24e-03h  1
 107  1.9209897e+05 2.75e+01 6.70e+01  -1.0 1.70e+02    -  1.97e-03 9.78e-02h  1
 108  1.9306620e+05 2.63e+01 5.22e+01  -1.0 1.61e+02    -  1.00e-01 4.44e-02h  1
 109  1.9357226e+05 2.56e+01 5.32e+01  -1.0 1.17e+02    -  1.35e-02 2.39e-02h  1
iter    objective    inf_pr   inf_du lg(mu)  ||d||  lg(rg) alpha_du alpha_pr  ls
 110  1.9528956e+05 2.35e+01 6.59e+01  -1.0 1.04e+02    -  6.75e-03 8.26e-02h  1
 111  1.9779306e+05 2.05e+01 6.29e+01  -1.0 6.50e+01    -  1.07e-01 1.30e-01h  1
 112  2.0126167e+05 1.63e+01 7.74e+01  -1.0 7.73e+01    -  1.08e-01 2.05e-01h  1
 113  2.0173831e+05 1.57e+01 6.00e+01  -1.0 5.39e+01    -  7.74e-02 3.56e-02h  1
 114  2.0343210e+05 1.36e+01 7.90e+01  -1.0 4.31e+01    -  5.72e-02 1.31e-01h  1
 115  2.0368609e+05 1.33e+01 7.16e+01  -1.0 3.36e+01    -  3.60e-02 2.25e-02h  1
 116  2.0627532e+05 1.02e+01 1.52e+02  -1.0 2.89e+01    -  6.78e-03 2.33e-01h  1
 117  2.0970683e+05 6.11e+00 2.14e+02  -1.0 2.88e+01    -  1.81e-01 4.02e-01h  1
 118  2.1192970e+05 3.46e+00 1.54e+02  -1.0 1.61e+01    -  3.98e-01 4.34e-01h  1
 119  2.1264662e+05 2.60e+00 4.14e+02  -1.0 1.20e+01    -  5.70e-01 2.46e-01h  1
iter    objective    inf_pr   inf_du lg(mu)  ||d||  lg(rg) alpha_du alpha_pr  ls
 120  2.1285869e+05 2.35e+00 2.66e+02  -1.0 1.68e+01    -  4.66e-02 9.64e-02h  1
 121  2.1422179e+05 7.41e-01 4.10e+02  -1.0 1.25e+01    -  4.79e-01 6.85e-01h  1
 122  2.1443450e+05 4.91e-01 1.92e+03  -1.0 1.84e+01    -  6.26e-01 3.37e-01h  1
 123  2.1472966e+05 1.49e-01 1.85e+03  -1.0 3.58e+01    -  4.85e-01 6.97e-01h  1
 124  2.1480864e+05 5.84e-02 1.18e+04  -1.0 3.77e+01    -  9.40e-01 6.08e-01h  1
 125  2.1482333e+05 4.17e-02 7.73e+04  -1.0 1.30e+01    -  1.00e+00 2.86e-01h  1
 126  2.1485957e+05 5.35e-04 2.72e+03  -1.0 1.22e+01    -  1.00e+00 9.87e-01h  1
 127  2.1485963e+05 4.66e-04 9.17e+06  -1.0 9.40e-01    -  1.00e+00 1.28e-01h  1
 128  2.1485990e+05 1.69e-04 7.71e+06  -1.0 7.83e-01    -  1.00e+00 6.37e-01h  1
 129  2.1485998e+05 7.11e-05 1.72e+07  -1.0 2.86e-01    -  1.00e+00 5.80e-01h  1
iter    objective    inf_pr   inf_du lg(mu)  ||d||  lg(rg) alpha_du alpha_pr  ls
 130  2.1486002e+05 2.94e-05 3.99e+07  -1.0 1.20e-01    -  1.00e+00 5.86e-01h  1
 131  2.1486003e+05 1.22e-05 9.57e+07  -1.0 4.96e-02    -  1.00e+00 5.86e-01h  1
 132  2.1486004e+05 5.05e-06 2.31e+08  -1.0 2.05e-02    -  1.00e+00 5.86e-01h  1
 133  2.1486004e+05 2.09e-06 5.57e+08  -1.0 8.51e-03    -  1.00e+00 5.86e-01h  1
 134  2.1486004e+05 8.66e-07 1.35e+09  -1.0 3.52e-03    -  1.00e+00 5.86e-01h  1
 135  2.1486005e+05 4.08e-11 1.43e-06  -1.0 1.46e-03    -  1.00e+00 1.00e+00f  1
In iteration 135, 1 Slack too small, adjusting variable bound
 136  2.1482160e+05 1.49e-08 2.62e+09 -12.0 6.63e-01    -  8.59e-01 5.30e-01f  1
 137  2.1479928e+05 1.29e-08 2.23e+09 -12.0 1.53e+00    -  5.05e-01 1.34e-01f  1
 138  2.1479047e+05 7.36e-09 1.27e+09 -12.0 2.28e-01    -  4.22e-01 4.30e-01f  1
 139  2.1478917e+05 5.10e-08 4.78e+08 -12.0 1.15e-01    -  6.25e-01 2.52e-01f  1
iter    objective    inf_pr   inf_du lg(mu)  ||d||  lg(rg) alpha_du alpha_pr  ls
 140  2.1478883e+05 3.99e-08 1.81e+08 -12.0 1.10e-01    -  6.22e-01 1.08e-01f  1
 141  2.1478810e+05 3.41e-08 7.86e+07 -12.0 1.04e-01    -  5.66e-01 2.88e-01f  1
 142  2.1478684e+05 3.69e-08 3.46e+07 -12.0 7.80e-02    -  5.60e-01 7.73e-01f  1
 143  2.1478660e+05 1.58e-08 2.40e+07 -12.0 2.38e-02    -  3.07e-01 7.48e-01f  1
 144  2.1478654e+05 5.10e-08 2.40e+07 -12.0 1.00e-02    -  2.26e-04 8.44e-01f  1
 145  2.1478653e+05 2.98e-07 2.39e+07 -12.0 4.16e-03    -  3.21e-03 7.02e-01f  1
In iteration 145, 1 Slack too small, adjusting variable bound
 146  2.1478652e+05 3.81e-07 2.39e+07 -12.0 2.47e-03    -  4.46e-06 5.94e-01h  1
 147  2.1478652e+05 3.68e-07 1.91e+07 -12.0 1.72e-03    -  2.00e-01 6.83e-01h  1
 148  2.1478652e+05 3.62e-07 1.91e+07 -12.0 1.34e-03    -  5.38e-05 1.93e-02h  1
 149  2.1478652e+05 3.61e-07 1.91e+07 -12.0 1.33e-03    -  1.15e-03 1.81e-03h  1
iter    objective    inf_pr   inf_du lg(mu)  ||d||  lg(rg) alpha_du alpha_pr  ls
 150  2.1478652e+05 3.35e-07 1.91e+07 -12.0 1.33e-03    -  2.48e-03 3.31e-02h  1
 151  2.1478652e+05 3.33e-07 1.89e+07 -12.0 1.32e-03    -  7.33e-03 3.19e-03h  1
 152  2.1478652e+05 2.85e-07 1.89e+07 -12.0 1.32e-03    -  2.21e-03 5.22e-02h  1
 153  2.1478652e+05 2.69e-07 1.82e+07 -12.0 1.29e-03    -  3.46e-02 1.98e-02h  1
 154  2.1478652e+05 3.66e-07 1.77e+07 -12.0 1.30e-03    -  2.72e-02 3.53e-02h  1
In iteration 154, 1 Slack too small, adjusting variable bound
 155  2.1478652e+05 3.66e-07 1.72e+07 -12.0 1.30e-03    -  3.04e-02 2.51e-06h  1
In iteration 155, 1 Slack too small, adjusting variable bound
 156  2.1478652e+05 3.66e-07 1.71e+07 -12.0 1.32e-03    -  7.35e-03 4.77e-05h  1
In iteration 156, 1 Slack too small, adjusting variable bound
 157  2.1478652e+05 3.64e-07 1.69e+07 -12.0 1.32e-03    -  7.73e-03 7.74e-03h  1
In iteration 157, 1 Slack too small, adjusting variable bound
 158  2.1478652e+05 3.60e-07 1.67e+07 -12.0 1.32e-03    -  1.34e-02 1.62e-02h  1
 159  2.1478652e+05 3.56e-07 1.66e+07 -12.0 1.32e-03    -  5.78e-03 1.95e-02h  1
iter    objective    inf_pr   inf_du lg(mu)  ||d||  lg(rg) alpha_du alpha_pr  ls
 160  2.1478652e+05 3.47e-07 1.60e+07 -12.0 1.31e-03    -  3.52e-02 3.51e-02h  1
In iteration 160, 1 Slack too small, adjusting variable bound
 161  2.1478652e+05 3.40e-07 1.60e+07 -12.0 1.31e-03    -  9.69e-04 2.95e-02h  1
 162  2.1478652e+05 3.36e-07 1.55e+07 -12.0 1.29e-03    -  3.19e-02 1.91e-02h  1
 163  2.1478652e+05 3.35e-07 1.52e+07 -12.0 1.31e-03    -  2.18e-02 3.06e-03h  1
In iteration 163, 1 Slack too small, adjusting variable bound
 164  2.1478652e+05 3.29e-07 1.47e+07 -12.0 1.32e-03    -  2.90e-02 2.33e-02h  1
In iteration 164, 1 Slack too small, adjusting variable bound
 165  2.1478652e+05 3.22e-07 1.44e+07 -12.0 1.33e-03    -  2.24e-02 3.18e-02h  1
 166  2.1478652e+05 3.16e-07 1.36e+07 -12.0 1.32e-03    -  5.72e-02 2.96e-02h  1
 167  2.1478652e+05 3.14e-07 1.31e+07 -12.0 1.34e-03    -  3.34e-02 7.47e-03h  1
 168  2.1478652e+05 3.03e-07 1.29e+07 -12.0 1.35e-03    -  1.79e-02 4.87e-02h  1
 169  2.1478652e+05 3.00e-07 1.22e+07 -12.0 1.33e-03    -  5.04e-02 1.42e-02h  1
iter    objective    inf_pr   inf_du lg(mu)  ||d||  lg(rg) alpha_du alpha_pr  ls
 170  2.1478652e+05 2.98e-07 1.18e+07 -12.0 1.35e-03    -  3.85e-02 1.37e-02h  1
In iteration 170, 1 Slack too small, adjusting variable bound
 171  2.1478652e+05 2.91e-07 1.06e+07 -12.0 1.37e-03    -  9.53e-02 3.05e-02h  1
 172  2.1478652e+05 2.77e-07 9.61e+06 -12.0 1.41e-03    -  9.64e-02 7.53e-02h  1
 173  2.1478652e+05 2.69e-07 9.59e+06 -12.0 1.42e-03    -  2.53e-03 4.09e-02h  1
 174  2.1478652e+05 2.61e-07 9.40e+06 -12.0 1.39e-03    -  1.97e-02 4.59e-02h  1
 175  2.1478652e+05 2.30e-07 9.34e+06 -12.0 1.37e-03    -  6.16e-03 1.80e-01h  1
 176  2.1478652e+05 2.22e-07 8.69e+06 -12.0 1.24e-03    -  6.95e-02 6.85e-02h  1
 177  2.1478652e+05 1.99e-07 8.68e+06 -12.0 1.24e-03    -  1.40e-03 3.13e-01h  1
 178  2.1478652e+05 1.97e-07 8.44e+06 -12.0 1.03e-03    -  2.71e-02 9.00e-01h  1
 179  2.1478652e+05 1.97e-07 2.83e+06 -12.0 6.05e-04    -  6.65e-01 3.47e-04h  1
In iteration 179, 1 Slack too small, adjusting variable bound
iter    objective    inf_pr   inf_du lg(mu)  ||d||  lg(rg) alpha_du alpha_pr  ls
 180  2.1478652e+05 1.89e-07 2.81e+06 -12.0 9.95e-04    -  7.00e-03 4.56e-02h  1
In iteration 180, 1 Slack too small, adjusting variable bound
 181  2.1478652e+05 1.85e-07 2.69e+06 -12.0 9.70e-04    -  4.17e-02 2.26e-02h  1
 182  2.1478652e+05 1.85e-07 2.68e+06 -12.0 9.67e-04    -  6.15e-03 4.58e-03h  1
In iteration 182, 1 Slack too small, adjusting variable bound
 183  2.1478652e+05 1.73e-07 2.66e+06 -12.0 9.68e-04    -  6.72e-03 6.89e-02h  1
 184  2.1478652e+05 1.72e-07 2.64e+06 -12.0 9.28e-04    -  5.46e-03 1.06e-02h  1
 185  2.1478652e+05 1.63e-07 2.62e+06 -12.0 9.24e-04    -  7.48e-03 5.61e-02h  1
 186  2.1478652e+05 1.47e-07 2.61e+06 -12.0 8.99e-04    -  3.90e-03 1.14e-01h  1
 187  2.1478652e+05 1.46e-07 2.61e+06 -12.0 8.38e-04    -  4.13e-04 6.75e-03h  1
 188  2.1478652e+05 1.46e-07 2.61e+06 -12.0 8.35e-04    -  6.31e-04 5.34e-04h  1
 189  2.1478652e+05 1.41e-07 2.59e+06 -12.0 8.35e-04    -  8.89e-03 3.84e-02h  1
iter    objective    inf_pr   inf_du lg(mu)  ||d||  lg(rg) alpha_du alpha_pr  ls
 190  2.1478652e+05 1.33e-07 2.56e+06 -12.0 8.19e-04    -  9.18e-03 6.71e-02h  1
 191  2.1478652e+05 1.31e-07 2.43e+06 -12.0 7.89e-04    -  5.25e-02 1.32e-02h  1
 192  2.1478652e+05 1.25e-07 2.40e+06 -12.0 8.00e-04    -  1.34e-02 4.89e-02h  1
 193  2.1478652e+05 1.23e-07 2.29e+06 -12.0 7.80e-04    -  4.49e-02 2.14e-02h  1
 194  2.1478652e+05 1.17e-07 2.29e+06 -12.0 7.84e-04    -  8.39e-04 5.68e-02h  1
 195  2.1478652e+05 1.15e-07 2.15e+06 -12.0 7.57e-04    -  6.19e-02 1.18e-02h  1
 196  2.1478652e+05 1.12e-07 2.10e+06 -12.0 7.71e-04    -  2.22e-02 3.08e-02h  1
 197  2.1478652e+05 1.06e-07 2.09e+06 -12.0 7.62e-04    -  3.26e-03 6.75e-02h  1
 198  2.1478652e+05 1.02e-07 1.98e+06 -12.0 7.32e-04    -  5.35e-02 3.67e-02h  1
 199  2.1478652e+05 9.31e-08 1.91e+06 -12.0 7.30e-04    -  3.59e-02 9.82e-02h  1
iter    objective    inf_pr   inf_du lg(mu)  ||d||  lg(rg) alpha_du alpha_pr  ls
 200  2.1478652e+05 9.15e-08 1.83e+06 -12.0 6.96e-04    -  4.10e-02 1.98e-02h  1
 201  2.1478652e+05 8.44e-08 1.69e+06 -12.0 6.98e-04    -  7.90e-02 8.67e-02h  1
 202  2.1478652e+05 8.12e-08 1.68e+06 -12.0 6.81e-04    -  2.20e-03 4.25e-02h  1
 203  2.1478652e+05 8.09e-08 1.63e+06 -12.0 6.64e-04    -  3.19e-02 4.11e-03h  1
 204  2.1478652e+05 7.79e-08 1.62e+06 -12.0 6.69e-04    -  4.03e-03 4.08e-02h  1
 205  2.1478652e+05 7.47e-08 1.57e+06 -12.0 6.53e-04    -  3.45e-02 4.51e-02h  1
 206  2.1478652e+05 7.43e-08 1.54e+06 -12.0 6.43e-04    -  1.89e-02 5.67e-03h  1
 207  2.1478652e+05 7.24e-08 1.51e+06 -12.0 6.44e-04    -  1.80e-02 2.90e-02h  1
 208  2.1478652e+05 6.99e-08 1.47e+06 -12.0 6.37e-04    -  2.40e-02 3.84e-02h  1
 209  2.1478652e+05 6.97e-08 1.45e+06 -12.0 6.27e-04    -  1.33e-02 2.91e-03h  1
iter    objective    inf_pr   inf_du lg(mu)  ||d||  lg(rg) alpha_du alpha_pr  ls
 210  2.1478652e+05 6.92e-08 1.45e+06 -12.0 6.29e-04    -  2.11e-03 7.85e-03h  1
 211  2.1478652e+05 6.90e-08 1.44e+06 -12.0 6.26e-04    -  7.92e-03 3.12e-03h  1
 212  2.1478652e+05 6.44e-08 1.43e+06 -12.0 6.27e-04    -  4.64e-03 7.39e-02h  1
 213  2.1478652e+05 5.95e-08 1.43e+06 -12.0 5.97e-04    -  1.99e-03 8.42e-02h  1
 214  2.1478652e+05 5.94e-08 1.41e+06 -12.0 5.65e-04    -  1.52e-02 2.15e-03h  1
 215  2.1478652e+05 5.47e-08 1.36e+06 -12.0 5.68e-04    -  3.00e-02 8.58e-02h  1
 216  2.1478652e+05 4.86e-08 1.35e+06 -12.0 5.41e-04    -  9.04e-03 1.23e-01h  1
 217  2.1478652e+05 4.80e-08 1.31e+06 -12.0 5.01e-04    -  3.03e-02 1.33e-02h  1
 218  2.1478652e+05 4.54e-08 1.28e+06 -12.0 5.02e-04    -  2.07e-02 5.91e-02h  1
 219  2.1478652e+05 4.38e-08 1.19e+06 -12.0 4.87e-04    -  7.47e-02 3.88e-02h  1
iter    objective    inf_pr   inf_du lg(mu)  ||d||  lg(rg) alpha_du alpha_pr  ls
 220  2.1478652e+05 4.21e-08 1.17e+06 -12.0 4.87e-04    -  1.58e-02 4.42e-02h  1
 221  2.1478652e+05 4.14e-08 1.16e+06 -12.0 4.76e-04    -  7.24e-03 1.74e-02h  1
 222  2.1478652e+05 3.78e-08 1.14e+06 -12.0 4.72e-04    -  1.74e-02 9.49e-02h  1
 223  2.1478652e+05 3.19e-08 1.13e+06 -12.0 4.46e-04    -  9.85e-03 1.72e-01h  1
 224  2.1478652e+05 3.16e-08 1.08e+06 -12.0 3.99e-04    -  4.02e-02 1.06e-02h  1
 225  2.1478652e+05 3.14e-08 1.07e+06 -12.0 4.02e-04    -  1.12e-02 6.74e-03h  1
 226  2.1478652e+05 2.66e-08 1.06e+06 -12.0 4.02e-04    -  6.80e-03 1.67e-01h  1
 227  2.1478652e+05 2.64e-08 1.02e+06 -12.0 3.60e-04    -  3.91e-02 8.19e-03h  1
 228  2.1478652e+05 2.10e-08 1.02e+06 -12.0 3.64e-04    -  4.56e-03 2.20e-01f  1
 229  2.1478652e+05 1.85e-08 1.00e+06 -12.0 3.14e-04    -  1.58e-02 1.29e-01h  1
iter    objective    inf_pr   inf_du lg(mu)  ||d||  lg(rg) alpha_du alpha_pr  ls
 230  2.1478652e+05 1.75e-08 9.77e+05 -12.0 2.90e-04    -  2.52e-02 5.89e-02h  1
 231  2.1478652e+05 1.73e-08 9.55e+05 -12.0 2.82e-04    -  2.24e-02 8.90e-03h  1
 232  2.1478652e+05 1.63e-08 9.47e+05 -12.0 2.83e-04    -  8.21e-03 6.70e-02h  1
 233  2.1478652e+05 1.61e-08 9.18e+05 -12.0 2.72e-04    -  3.11e-02 9.90e-03h  1
 234  2.1478652e+05 1.55e-08 9.00e+05 -12.0 2.74e-04    -  1.91e-02 4.12e-02h  1
 235  2.1478652e+05 1.35e-08 8.88e+05 -12.0 2.68e-04    -  1.35e-02 1.40e-01f  1
 236  2.1478652e+05 1.07e-08 8.17e+05 -12.0 2.46e-04    -  7.98e-02 2.27e-01h  1
 237  2.1478652e+05 1.05e-08 7.43e+05 -12.0 2.18e-04    -  9.11e-02 1.36e-02h  1
 238  2.1478652e+05 1.02e-08 7.30e+05 -12.0 2.23e-04    -  1.70e-02 3.72e-02h  1
 239  2.1478652e+05 9.97e-09 7.03e+05 -12.0 2.19e-04    -  3.71e-02 1.99e-02h  1
iter    objective    inf_pr   inf_du lg(mu)  ||d||  lg(rg) alpha_du alpha_pr  ls
 240  2.1478652e+05 9.61e-09 6.61e+05 -12.0 2.19e-04    -  6.01e-02 3.83e-02f  1
 241  2.1478652e+05 9.55e-09 6.60e+05 -12.0 2.18e-04    -  1.84e-03 6.44e-03h  1
 242  2.1478652e+05 7.57e-09 6.55e+05 -12.0 2.18e-04    -  7.31e-03 2.23e-01f  1
 243  2.1478652e+05 6.63e-09 5.91e+05 -12.0 1.86e-04    -  9.76e-02 1.33e-01h  1
 244  2.1478652e+05 6.12e-09 5.50e+05 -12.0 1.75e-04    -  6.91e-02 8.19e-02h  1
 245  2.1478652e+05 5.98e-09 5.37e+05 -12.0 1.69e-04    -  2.39e-02 2.40e-02f  1
 246  2.1478652e+05 5.68e-09 5.25e+05 -12.0 1.68e-04    -  2.24e-02 5.35e-02f  1
 247  2.1478652e+05 5.56e-09 4.94e+05 -12.0 1.63e-04    -  5.97e-02 2.35e-02h  1
 248  2.1478652e+05 5.21e-09 4.71e+05 -12.0 1.63e-04    -  4.65e-02 6.60e-02f  1
 249  2.1478652e+05 5.09e-09 4.70e+05 -12.0 1.58e-04    -  5.81e-04 1.18e-02h  1
iter    objective    inf_pr   inf_du lg(mu)  ||d||  lg(rg) alpha_du alpha_pr  ls
 250  2.1478652e+05 4.53e-09 4.70e+05 -12.0 1.56e-04    -  1.73e-03 1.13e-01f  1
 251  2.1478652e+05 4.49e-09 4.48e+05 -12.0 1.44e-04    -  4.60e-02 9.64e-03h  1
 252  2.1478652e+05 4.34e-09 4.28e+05 -12.0 1.45e-04    -  4.54e-02 3.45e-02f  1
 253  2.1478652e+05 3.56e-09 4.14e+05 -12.0 1.43e-04    -  3.16e-02 1.91e-01f  1
 254  2.1478652e+05 3.46e-09 3.73e+05 -12.0 1.25e-04    -  9.98e-02 3.30e-02h  1
 255  2.1478652e+05 3.32e-09 3.48e+05 -12.0 1.25e-04    -  6.75e-02 4.25e-02f  1
 256  2.1478652e+05 2.70e-09 3.37e+05 -12.0 1.23e-04    -  3.05e-02 2.04e-01f  1
 257  2.1478652e+05 2.64e-09 2.96e+05 -12.0 1.05e-04    -  1.22e-01 2.59e-02f  1
 258  2.1478652e+05 2.55e-09 2.84e+05 -12.0 1.07e-04    -  4.13e-02 3.84e-02f  1
 259  2.1478652e+05 2.44e-09 2.73e+05 -12.0 1.04e-04    -  3.80e-02 4.72e-02f  1
iter    objective    inf_pr   inf_du lg(mu)  ||d||  lg(rg) alpha_du alpha_pr  ls
 260  2.1478652e+05 2.35e-09 2.34e+05 -12.0 1.01e-04    -  1.44e-01 3.94e-02h  1
 261  2.1478652e+05 2.25e-09 2.26e+05 -12.0 1.01e-04    -  3.08e-02 4.68e-02f  1
 262  2.1478652e+05 2.00e-09 1.74e+05 -12.0 9.81e-05    -  2.33e-01 1.22e-01h  1
 263  2.1478652e+05 1.99e-09 1.63e+05 -12.0 9.27e-05    -  6.11e-02 6.25e-03f  1
 264  2.1478652e+05 1.76e-09 1.58e+05 -12.0 9.31e-05    -  3.16e-02 1.23e-01f  1
 265  2.1478652e+05 1.75e-09 1.54e+05 -12.0 8.38e-05    -  2.50e-02 9.98e-03f  1
 266  2.1478652e+05 1.50e-09 1.51e+05 -12.0 8.33e-05    -  1.87e-02 1.51e-01f  1
 267  2.1478652e+05 1.39e-09 1.37e+05 -12.0 7.29e-05    -  9.36e-02 7.79e-02f  1
 268  2.1478652e+05 1.33e-09 1.26e+05 -12.0 6.89e-05    -  7.96e-02 5.29e-02h  1
 269  2.1478652e+05 1.03e-09 1.19e+05 -12.0 6.65e-05    -  5.21e-02 2.40e-01h  1
iter    objective    inf_pr   inf_du lg(mu)  ||d||  lg(rg) alpha_du alpha_pr  ls
 270  2.1478652e+05 8.45e-10 1.06e+05 -12.0 5.29e-05    -  1.09e-01 2.01e-01h  1
 271  2.1478652e+05 6.02e-10 9.30e+04 -12.0 4.43e-05    -  1.26e-01 3.14e-01h  1
 272  2.1478652e+05 4.75e-10 8.20e+04 -12.0 3.24e-05    -  1.19e-01 2.32e-01h  1
 273  2.1478652e+05 3.77e-10 7.19e+04 -12.0 2.60e-05    -  1.23e-01 2.26e-01h  1
 274  2.1478652e+05 3.48e-10 4.14e+04 -12.0 2.10e-05    -  4.23e-01 8.35e-02h  1
 275  2.1478652e+05 3.01e-10 3.51e+04 -12.0 2.01e-05    -  1.54e-01 1.51e-01h  1
 276  2.1478652e+05 2.96e-10 3.44e+04 -12.0 1.74e-05    -  1.97e-02 2.15e-02f  1
 277  2.1478652e+05 2.53e-10 3.31e+04 -12.0 1.71e-05    -  3.83e-02 1.63e-01f  1
 278  2.1478652e+05 2.48e-10 3.24e+04 -12.0 1.44e-05    -  1.95e-02 2.23e-02f  1
 279  2.1478652e+05 1.44e-10 2.64e+04 -12.0 1.41e-05    -  1.86e-01 4.80e-01f  1
iter    objective    inf_pr   inf_du lg(mu)  ||d||  lg(rg) alpha_du alpha_pr  ls
 280  2.1478652e+05 1.01e-10 2.17e+04 -12.0 7.83e-06    -  1.79e-01 3.89e-01h  1
 281  2.1478652e+05 9.67e-11 1.39e+04 -12.0 9.07e-06    -  3.60e-01 5.93e-02f  1
 282  2.1478652e+05 9.27e-11 1.36e+04 -12.0 7.67e-06    -  1.67e-02 5.46e-02f  1
In iteration 282, 1 Slack too small, adjusting variable bound
 283  2.1478652e+05 4.19e-11 1.14e+04 -12.0 1.12e-05    -  1.66e-01 7.10e-01f  1
In iteration 283, 1 Slack too small, adjusting variable bound
 284  2.1478652e+05 1.12e-11 8.37e+03 -12.0 1.33e-05    -  2.63e-01 8.19e-01h  1
In iteration 284, 1 Slack too small, adjusting variable bound
 285  2.1478652e+05 1.13e-11 7.08e+03 -12.0 1.59e-05    -  1.54e-01 9.74e-01h  1
 286  2.1478652e+05 6.17e-12 6.72e+03 -12.0 1.25e-05    -  5.18e-02 9.99e-01h  1
 287  2.1478652e+05 2.69e-12 2.05e+03 -12.0 2.00e-05    -  6.95e-01 1.00e+00f  1
 288  2.1478652e+05 4.96e-13 1.52e+02 -12.0 8.64e-05    -  9.26e-01 1.00e+00h  1
 289  2.1478652e+05 7.28e-12 1.94e+00 -12.0 1.24e-03    -  9.87e-01 1.00e+00h  1
iter    objective    inf_pr   inf_du lg(mu)  ||d||  lg(rg) alpha_du alpha_pr  ls
 290  2.1478652e+05 3.58e-13 5.92e-01 -12.0 2.59e-05  -4.0 6.95e-01 1.00e+00h  1
 291  2.1478652e+05 3.42e-13 1.31e-01 -12.0 2.53e-05  -4.5 7.78e-01 8.80e-01h  1
 292  2.1478652e+05 4.72e-13 2.49e-03 -12.0 4.17e-05  -5.0 9.81e-01 1.00e+00f  1
 293  2.1478652e+05 4.31e-13 4.29e-03 -12.0 1.66e-05  -4.5 4.01e-01 2.69e-01h  1
 294  2.1478652e+05 1.46e-12 3.57e-10 -12.0 3.61e-05  -5.0 1.00e+00 1.00e+00f  1

Number of Iterations....: 294

                                   (scaled)                 (unscaled)
Objective...............:   2.1478651907826200e+05    2.1478651907826200e+05
Dual infeasibility......:   3.5674794030241192e-10    3.5674794030241192e-10
Constraint violation....:   1.4566126083082054e-12    1.4566126083082054e-12
Complementarity.........:   1.5401550672453283e-12    1.5401550672453283e-12
Overall NLP error.......:   1.4566126083082054e-12    3.5674794030241192e-10


Number of objective function evaluations             = 295
Number of objective gradient evaluations             = 295
Number of equality constraint evaluations            = 295
Number of inequality constraint evaluations          = 295
Number of equality constraint Jacobian evaluations   = 295
Number of inequality constraint Jacobian evaluations = 295
Number of Lagrangian Hessian evaluations             = 294
Total CPU secs in IPOPT (w/o function evaluations)   =      5.252
Total CPU secs in NLP function evaluations           =      0.022

EXIT: Optimal Solution Found.

