Solver command line: ['C:\\Users\\Alexander\\AppData\\Local\\idaes\\bin\\ipopt.exe', 'C:\\Users\\ALEXAN~1\\AppData\\Local\\Temp\\tmpi7_oir36.pyomo.nl', '-AMPL', 'linear_solver=ma57', 'max_iter=3000', 'max_cpu_time=600.0', 'tol=1e-11', 'nlp_scaling_method=gradient-based', 'acceptable_tol=1e-10', 'bound_relax_factor=0.0', 'honor_original_bounds=yes', 'warm_start_init_point=no', 'print_level=5']

Ipopt 3.13.2: linear_solver=ma57
max_iter=3000
max_cpu_time=600.0
tol=1e-11
nlp_scaling_method=gradient-based
acceptable_tol=1e-10
bound_relax_factor=0.0
honor_original_bounds=yes
warm_start_init_point=no
print_level=5


******************************************************************************
This program contains Ipopt, a library for large-scale nonlinear optimization.
 Ipopt is released as open source code under the Eclipse Public License (EPL).
         For more information visit http://projects.coin-or.org/Ipopt

This version of Ipopt was compiled from source code available at
    https://github.com/IDAES/Ipopt as part of the Institute for the Design of
    Advanced Energy Systems Process Systems Engineering Framework (IDAES PSE
    Framework) Copyright (c) 2018-2019. See https://github.com/IDAES/idaes-pse.

This version of Ipopt was compiled using HSL, a collection of Fortran codes
    for large-scale scientific computation.  All technical papers, sales and
    publicity material resulting from use of the HSL codes within IPOPT must
    contain the following acknowledgement:
        HSL, a collection of Fortran codes for large-scale scientific
        computation. See http://www.hsl.rl.ac.uk.
******************************************************************************

This is Ipopt version 3.13.2, running with linear solver ma57.

Number of nonzeros in equality constraint Jacobian...:     4734
Number of nonzeros in inequality constraint Jacobian.:     4995
Number of nonzeros in Lagrangian Hessian.............:       72

Total number of variables............................:     2547
                     variables with only lower bounds:     2259
                variables with lower and upper bounds:        0
                     variables with only upper bounds:        0
Total number of equality constraints.................:      915
Total number of inequality constraints...............:     2691
        inequality constraints with only lower bounds:      216
   inequality constraints with lower and upper bounds:        0
        inequality constraints with only upper bounds:     2475

iter    objective    inf_pr   inf_du lg(mu)  ||d||  lg(rg) alpha_du alpha_pr  ls
   0  1.9512000e+02 5.62e+02 1.54e+01  -1.0 0.00e+00    -  0.00e+00 0.00e+00   0
   1  3.5475061e+02 5.62e+02 1.61e+01  -1.0 5.17e+02    -  2.28e-04 4.60e-04h  1
   2  1.4218284e+03 5.61e+02 1.71e+01  -1.0 5.62e+02    -  1.76e-04 2.67e-03h  1
   3  1.4447112e+03 5.60e+02 1.71e+01  -1.0 1.33e+03    -  3.40e-04 5.57e-04h  1
   4  1.4368482e+03 5.60e+02 1.71e+01  -1.0 1.22e+03    -  7.81e-04 8.66e-04f  1
   5  1.2175606e+03 5.59e+02 1.71e+01  -1.0 1.12e+03    -  8.71e-04 1.44e-03f  1
   6  8.4742920e+02 5.58e+02 1.71e+01  -1.0 9.40e+02    -  1.10e-03 1.92e-03f  1
   7  4.9283136e+02 5.57e+02 1.71e+01  -1.0 7.73e+02    -  1.73e-03 2.39e-03f  1
   8  1.6195832e+02 5.54e+02 1.70e+01  -1.0 6.26e+02    -  7.60e-03 5.24e-03f  1
   9  1.1149532e+02 5.47e+02 1.68e+01  -1.0 6.26e+02    -  2.25e-02 1.22e-02f  1
iter    objective    inf_pr   inf_du lg(mu)  ||d||  lg(rg) alpha_du alpha_pr  ls
  10  1.1143894e+02 4.98e+02 1.53e+01  -1.0 6.17e+02    -  6.96e-02 9.05e-02f  1
  11  1.1715540e+02 4.84e+02 1.49e+01  -1.0 5.80e+02    -  1.43e-02 2.75e-02h  1
  12  2.9501133e+02 4.80e+02 1.67e+01  -1.0 5.28e+02    -  1.12e-04 7.37e-03h  1
  13  7.3336127e+02 4.72e+02 1.67e+01  -1.0 5.71e+02    -  6.01e-03 1.69e-02h  1
  14  1.4241358e+03 4.63e+02 1.69e+01  -1.0 5.61e+02    -  3.24e-04 1.89e-02h  1
  15  1.4964172e+03 4.62e+02 1.72e+01  -1.0 5.52e+02    -  6.74e-04 1.75e-03h  1
  16  1.9171787e+03 4.58e+02 1.74e+01  -1.0 5.52e+02    -  5.89e-04 8.97e-03h  1
  17  2.1097733e+03 4.57e+02 1.87e+01  -1.0 5.56e+02    -  9.84e-04 3.52e-03h  1
  18  3.0146174e+03 4.49e+02 1.87e+01  -1.0 5.44e+02    -  3.29e-03 1.63e-02h  1
  19  3.1192468e+03 4.48e+02 1.87e+01  -1.0 5.95e+02    -  6.77e-04 1.60e-03h  1
iter    objective    inf_pr   inf_du lg(mu)  ||d||  lg(rg) alpha_du alpha_pr  ls
  20  3.6358003e+03 4.45e+02 1.88e+01  -1.0 5.35e+02    -  3.78e-04 6.80e-03h  1
  21  4.2234951e+03 4.42e+02 1.92e+01  -1.0 5.33e+02    -  1.86e-03 7.00e-03h  1
  22  5.0280707e+03 4.38e+02 1.94e+01  -1.0 5.29e+02    -  1.35e-03 8.90e-03h  1
  23  5.5777875e+03 4.36e+02 1.94e+01  -1.0 5.23e+02    -  3.62e-03 6.07e-03h  1
  24  6.5374991e+03 4.32e+02 1.94e+01  -1.0 5.20e+02    -  2.50e-04 9.51e-03h  1
  25  7.1208429e+03 4.29e+02 1.94e+01  -1.0 5.16e+02    -  1.45e-03 5.49e-03h  1
  26  8.2985743e+03 4.24e+02 1.93e+01  -1.0 5.12e+02    -  5.69e-03 1.11e-02h  1
  27  9.0904467e+03 4.21e+02 1.94e+01  -1.0 5.06e+02    -  6.49e-04 6.93e-03h  1
  28  1.0503233e+04 4.16e+02 1.94e+01  -1.0 5.03e+02    -  2.04e-03 1.19e-02h  1
  29  1.0864953e+04 4.15e+02 1.94e+01  -1.0 4.97e+02    -  9.70e-04 2.95e-03h  1
iter    objective    inf_pr   inf_du lg(mu)  ||d||  lg(rg) alpha_du alpha_pr  ls
  30  1.8296406e+04 3.90e+02 1.97e+01  -1.0 4.95e+02    -  2.45e-03 6.03e-02h  1
  31  1.8711088e+04 3.89e+02 1.96e+01  -1.0 5.42e+02    -  2.69e-03 3.58e-03h  1
  32  1.9874937e+04 3.85e+02 1.97e+01  -1.0 4.63e+02    -  1.56e-03 9.89e-03h  1
  33  2.0566488e+04 3.83e+02 1.97e+01  -1.0 4.91e+02    -  1.78e-03 5.85e-03h  1
  34  2.6219855e+04 3.64e+02 2.07e+01  -1.0 4.49e+02    -  5.29e-03 4.80e-02h  1
  35  2.6467349e+04 3.64e+02 2.07e+01  -1.0 4.48e+02    -  1.50e-03 2.18e-03h  1
  36  2.9133492e+04 3.55e+02 2.13e+01  -1.0 4.29e+02    -  1.66e-03 2.34e-02h  1
  37  3.0162351e+04 3.52e+02 2.13e+01  -1.0 4.88e+02    -  4.50e-03 9.18e-03h  1
  38  3.1857623e+04 3.46e+02 2.14e+01  -1.0 4.07e+02    -  5.91e-03 1.50e-02h  1
  39  3.3438022e+04 3.42e+02 2.15e+01  -1.0 4.07e+02    -  5.74e-03 1.40e-02h  1
iter    objective    inf_pr   inf_du lg(mu)  ||d||  lg(rg) alpha_du alpha_pr  ls
  40  3.3572932e+04 3.41e+02 2.15e+01  -1.0 4.04e+02    -  6.46e-04 1.17e-03h  1
  41  3.6563300e+04 3.33e+02 2.23e+01  -1.0 4.02e+02    -  1.70e-04 2.48e-02h  1
  42  3.8220763e+04 3.28e+02 2.24e+01  -1.0 3.87e+02    -  7.02e-03 1.39e-02h  1
  43  3.8937304e+04 3.26e+02 2.20e+01  -1.0 3.67e+02    -  9.55e-03 6.06e-03h  1
  44  4.0995359e+04 3.21e+02 2.26e+01  -1.0 3.65e+02    -  8.91e-05 1.65e-02h  1
  45  4.5247306e+04 3.10e+02 2.30e+01  -1.0 3.62e+02    -  1.13e-02 3.40e-02h  1
  46  4.8964700e+04 3.00e+02 2.35e+01  -1.0 3.50e+02    -  8.25e-03 3.02e-02h  1
  47  5.4958168e+04 2.85e+02 2.45e+01  -1.0 3.39e+02    -  1.06e-02 5.00e-02h  1
  48  5.6468963e+04 2.82e+02 2.46e+01  -1.0 3.24e+02    -  4.26e-03 1.32e-02h  1
  49  5.9077273e+04 2.75e+02 2.48e+01  -1.0 3.21e+02    -  9.78e-03 2.30e-02h  1
iter    objective    inf_pr   inf_du lg(mu)  ||d||  lg(rg) alpha_du alpha_pr  ls
  50  6.2396985e+04 2.67e+02 2.53e+01  -1.0 3.10e+02    -  5.78e-03 2.97e-02h  1
  51  6.4994990e+04 2.61e+02 2.55e+01  -1.0 3.21e+02    -  9.16e-03 2.38e-02h  1
  52  6.9643408e+04 2.49e+02 2.60e+01  -1.0 3.74e+02    -  1.10e-02 4.34e-02h  1
  53  7.1915436e+04 2.44e+02 2.63e+01  -1.0 4.50e+02    -  4.83e-03 2.18e-02h  1
  54  7.5418638e+04 2.36e+02 2.68e+01  -1.0 4.70e+02    -  8.00e-03 3.42e-02h  1
  55  7.9450661e+04 2.26e+02 2.65e+01  -1.0 4.78e+02    -  2.46e-02 4.06e-02h  1
  56  8.3475323e+04 2.16e+02 2.73e+01  -1.0 4.29e+02    -  3.03e-03 4.22e-02h  1
  57  8.3689115e+04 2.16e+02 2.71e+01  -1.0 4.15e+02    -  4.62e-03 2.34e-03h  1
  58  8.4860285e+04 2.13e+02 2.74e+01  -1.0 4.22e+02    -  8.11e-05 1.22e-02h  1
  59  8.9361585e+04 2.03e+02 2.76e+01  -1.0 4.35e+02    -  1.71e-02 4.74e-02h  1
iter    objective    inf_pr   inf_du lg(mu)  ||d||  lg(rg) alpha_du alpha_pr  ls
  60  9.2555792e+04 1.96e+02 2.78e+01  -1.0 4.72e+02    -  9.90e-03 3.51e-02h  1
  61  9.6225540e+04 1.88e+02 2.77e+01  -1.0 4.56e+02    -  1.98e-02 4.16e-02h  1
  62  9.9245427e+04 1.81e+02 2.78e+01  -1.0 4.09e+02    -  1.25e-02 3.57e-02h  1
  63  9.9906764e+04 1.80e+02 2.63e+01  -1.0 3.64e+02    -  3.61e-02 8.12e-03h  1
  64  1.0027259e+05 1.79e+02 2.62e+01  -1.0 3.86e+02    -  4.10e-03 4.53e-03h  1
  65  1.0266894e+05 1.74e+02 2.67e+01  -1.0 3.81e+02    -  1.64e-04 2.87e-02h  1
  66  1.0637992e+05 1.66e+02 2.68e+01  -1.0 3.76e+02    -  1.37e-02 4.53e-02h  1
  67  1.0749879e+05 1.64e+02 2.69e+01  -1.0 3.57e+02    -  3.53e-03 1.41e-02h  1
  68  1.0889331e+05 1.61e+02 2.69e+01  -1.0 3.46e+02    -  7.43e-03 1.76e-02h  1
  69  1.1144291e+05 1.56e+02 2.72e+01  -1.0 3.34e+02    -  4.17e-03 3.20e-02h  1
iter    objective    inf_pr   inf_du lg(mu)  ||d||  lg(rg) alpha_du alpha_pr  ls
  70  1.1529745e+05 1.48e+02 2.74e+01  -1.0 3.15e+02    -  1.19e-02 4.95e-02h  1
  71  1.1744527e+05 1.44e+02 2.75e+01  -1.0 2.86e+02    -  8.02e-03 2.87e-02h  1
  72  1.2035361e+05 1.38e+02 2.70e+01  -1.0 2.70e+02    -  2.64e-02 3.99e-02h  1
  73  1.2444820e+05 1.30e+02 2.92e+01  -1.0 2.75e+02    -  4.92e-03 5.82e-02h  1
  74  1.3078426e+05 1.18e+02 3.13e+01  -1.0 2.59e+02    -  2.44e-02 9.50e-02h  1
  75  1.3294977e+05 1.14e+02 3.16e+01  -1.0 3.46e+02    -  1.32e-02 3.30e-02h  1
  76  1.3336256e+05 1.13e+02 3.17e+01  -1.0 3.18e+02    -  2.48e-03 6.30e-03h  1
  77  1.3691838e+05 1.07e+02 3.30e+01  -1.0 3.10e+02    -  7.84e-03 5.44e-02h  1
  78  1.3849047e+05 1.04e+02 3.17e+01  -1.0 2.43e+02    -  3.17e-02 2.48e-02h  1
  79  1.3976465e+05 1.02e+02 3.17e+01  -1.0 1.91e+02    -  1.17e-02 2.04e-02h  1
iter    objective    inf_pr   inf_du lg(mu)  ||d||  lg(rg) alpha_du alpha_pr  ls
  80  1.4645581e+05 9.10e+01 3.53e+01  -1.0 2.53e+02    -  2.58e-03 1.08e-01h  1
  81  1.4665084e+05 9.07e+01 3.50e+01  -1.0 2.35e+02    -  5.84e-03 3.42e-03h  1
  82  1.4931903e+05 8.64e+01 3.67e+01  -1.0 2.34e+02    -  1.25e-03 4.66e-02h  1
  83  1.4999391e+05 8.54e+01 2.96e+01  -1.0 2.25e+02    -  9.88e-02 1.22e-02h  1
  84  1.5034743e+05 8.48e+01 2.96e+01  -1.0 1.91e+02    -  4.01e-03 6.46e-03h  1
  85  1.5290424e+05 8.09e+01 3.18e+01  -1.0 1.65e+02    -  3.48e-04 4.64e-02h  1
  86  1.5342785e+05 8.01e+01 3.19e+01  -1.0 1.52e+02    -  4.59e-03 9.85e-03h  1
  87  1.5597719e+05 7.62e+01 3.37e+01  -1.0 1.48e+02    -  5.78e-03 4.83e-02h  1
  88  1.5641854e+05 7.56e+01 3.36e+01  -1.0 1.37e+02    -  6.74e-03 8.69e-03h  1
  89  1.5762870e+05 7.38e+01 3.45e+01  -1.0 1.33e+02    -  4.06e-03 2.39e-02h  1
iter    objective    inf_pr   inf_du lg(mu)  ||d||  lg(rg) alpha_du alpha_pr  ls
  90  1.5967852e+05 7.07e+01 3.54e+01  -1.0 1.24e+02    -  1.38e-02 4.12e-02h  1
  91  1.6108361e+05 6.87e+01 3.23e+01  -1.0 1.14e+02    -  5.20e-02 2.91e-02h  1
  92  1.6213693e+05 6.72e+01 3.35e+01  -1.0 1.12e+02    -  1.39e-03 2.17e-02h  1
  93  1.6613829e+05 6.15e+01 3.77e+01  -1.0 9.55e+01    -  8.60e-03 8.45e-02h  1
  94  1.6724099e+05 6.00e+01 3.02e+01  -1.0 9.42e+01    -  9.06e-02 2.52e-02h  1
  95  1.7022242e+05 5.58e+01 3.50e+01  -1.0 1.18e+02    -  7.06e-04 6.91e-02h  1
  96  1.7152591e+05 5.40e+01 3.52e+01  -1.0 1.02e+02    -  1.98e-02 3.17e-02h  1
  97  1.7229690e+05 5.30e+01 3.21e+01  -1.0 1.45e+02    -  4.06e-02 1.91e-02h  1
  98  1.7432113e+05 5.03e+01 3.62e+01  -1.0 1.17e+02    -  1.10e-03 5.06e-02h  1
  99  1.7485241e+05 4.96e+01 3.45e+01  -1.0 1.20e+02    -  2.34e-02 1.39e-02h  1
iter    objective    inf_pr   inf_du lg(mu)  ||d||  lg(rg) alpha_du alpha_pr  ls
 100  1.7630680e+05 4.77e+01 3.79e+01  -1.0 1.22e+02    -  8.39e-04 3.80e-02h  1
 101  1.7704867e+05 4.68e+01 3.96e+01  -1.0 1.25e+02    -  9.26e-03 2.00e-02h  1
 102  1.8202709e+05 4.04e+01 4.96e+01  -1.0 1.25e+02    -  1.51e-02 1.37e-01h  1
 103  1.8632962e+05 3.48e+01 4.20e+01  -1.0 1.36e+02    -  1.43e-01 1.37e-01h  1
 104  1.8654159e+05 3.46e+01 4.12e+01  -1.0 1.32e+02    -  1.06e-02 7.77e-03h  1
 105  1.8964592e+05 3.06e+01 5.52e+01  -1.0 1.08e+02    -  2.42e-03 1.14e-01h  1
 106  1.8974787e+05 3.05e+01 5.40e+01  -1.0 1.69e+02    -  9.55e-03 4.24e-03h  1
 107  1.9209897e+05 2.75e+01 6.70e+01  -1.0 1.70e+02    -  1.97e-03 9.78e-02h  1
 108  1.9306620e+05 2.63e+01 5.22e+01  -1.0 1.61e+02    -  1.00e-01 4.44e-02h  1
 109  1.9357226e+05 2.56e+01 5.32e+01  -1.0 1.17e+02    -  1.35e-02 2.39e-02h  1
iter    objective    inf_pr   inf_du lg(mu)  ||d||  lg(rg) alpha_du alpha_pr  ls
 110  1.9528956e+05 2.35e+01 6.59e+01  -1.0 1.04e+02    -  6.75e-03 8.26e-02h  1
 111  1.9779306e+05 2.05e+01 6.29e+01  -1.0 6.50e+01    -  1.07e-01 1.30e-01h  1
 112  2.0126167e+05 1.63e+01 7.74e+01  -1.0 7.73e+01    -  1.08e-01 2.05e-01h  1
 113  2.0173831e+05 1.57e+01 6.00e+01  -1.0 5.39e+01    -  7.74e-02 3.56e-02h  1
 114  2.0343210e+05 1.36e+01 7.90e+01  -1.0 4.31e+01    -  5.72e-02 1.31e-01h  1
 115  2.0368609e+05 1.33e+01 7.16e+01  -1.0 3.36e+01    -  3.60e-02 2.25e-02h  1
 116  2.0627532e+05 1.02e+01 1.52e+02  -1.0 2.89e+01    -  6.78e-03 2.33e-01h  1
 117  2.0970683e+05 6.11e+00 2.14e+02  -1.0 2.88e+01    -  1.81e-01 4.02e-01h  1
 118  2.1192970e+05 3.46e+00 1.54e+02  -1.0 1.61e+01    -  3.98e-01 4.34e-01h  1
 119  2.1264662e+05 2.60e+00 4.14e+02  -1.0 1.20e+01    -  5.70e-01 2.46e-01h  1
iter    objective    inf_pr   inf_du lg(mu)  ||d||  lg(rg) alpha_du alpha_pr  ls
 120  2.1285869e+05 2.35e+00 2.66e+02  -1.0 1.68e+01    -  4.66e-02 9.64e-02h  1
 121  2.1422179e+05 7.41e-01 4.10e+02  -1.0 1.25e+01    -  4.79e-01 6.85e-01h  1
 122  2.1443450e+05 4.91e-01 1.92e+03  -1.0 1.84e+01    -  6.26e-01 3.37e-01h  1
 123  2.1472966e+05 1.49e-01 1.85e+03  -1.0 3.58e+01    -  4.85e-01 6.97e-01h  1
 124  2.1480864e+05 5.84e-02 1.18e+04  -1.0 3.77e+01    -  9.40e-01 6.08e-01h  1
 125  2.1482333e+05 4.17e-02 7.73e+04  -1.0 1.30e+01    -  1.00e+00 2.86e-01h  1
 126  2.1485957e+05 5.35e-04 2.72e+03  -1.0 1.22e+01    -  1.00e+00 9.87e-01h  1
 127  2.1485963e+05 4.66e-04 9.17e+06  -1.0 9.40e-01    -  1.00e+00 1.28e-01h  1
 128  2.1485990e+05 1.69e-04 7.71e+06  -1.0 7.83e-01    -  1.00e+00 6.37e-01h  1
 129  2.1485998e+05 7.11e-05 1.72e+07  -1.0 2.86e-01    -  1.00e+00 5.80e-01h  1
iter    objective    inf_pr   inf_du lg(mu)  ||d||  lg(rg) alpha_du alpha_pr  ls
 130  2.1486002e+05 2.94e-05 3.99e+07  -1.0 1.20e-01    -  1.00e+00 5.86e-01h  1
 131  2.1486003e+05 1.22e-05 9.57e+07  -1.0 4.96e-02    -  1.00e+00 5.86e-01h  1
 132  2.1486004e+05 5.05e-06 2.31e+08  -1.0 2.05e-02    -  1.00e+00 5.86e-01h  1
 133  2.1486004e+05 2.09e-06 5.57e+08  -1.0 8.51e-03    -  1.00e+00 5.86e-01h  1
 134  2.1486004e+05 8.66e-07 1.35e+09  -1.0 3.52e-03    -  1.00e+00 5.86e-01h  1
Reallocating memory for MA57: lfact (251233)
Reallocating memory for MA57: lfact (476765)
Reallocating memory for MA57: lfact (509773)
 135  2.1486005e+05 4.08e-11 1.43e-06  -1.0 1.46e-03    -  1.00e+00 1.00e+00f  1
In iteration 135, 1 Slack too small, adjusting variable bound
 136  2.1482160e+05 1.92e-11 2.62e+09 -12.0 6.63e-01    -  8.59e-01 5.30e-01f  1
 137  2.1479928e+05 1.66e-11 2.23e+09 -12.0 1.53e+00    -  5.05e-01 1.34e-01f  1
 138  2.1479047e+05 9.48e-12 1.27e+09 -12.0 2.28e-01    -  4.22e-01 4.30e-01f  1
 139  2.1478741e+05 3.67e-12 4.93e+08 -12.0 1.15e-01    -  6.25e-01 6.13e-01f  1
iter    objective    inf_pr   inf_du lg(mu)  ||d||  lg(rg) alpha_du alpha_pr  ls
 140  2.1478683e+05 1.92e-08 1.56e+08 -12.0 7.52e-02    -  6.83e-01 5.92e-01f  1
Reallocating memory for MA57: lfact (726853)
 141  2.1478663e+05 2.07e-08 6.94e+07 -12.0 3.71e-02    -  5.56e-01 6.51e-01f  1
Reallocating memory for MA57: lfact (778985)
 142  2.1478655e+05 1.15e-08 2.43e+07 -12.0 1.76e-02    -  6.50e-01 7.84e-01f  1
 143  2.1478653e+05 1.95e-09 8.82e+06 -12.0 8.11e-03    -  6.37e-01 8.52e-01f  1
 144  2.1478652e+05 7.52e-10 3.02e+06 -12.0 4.05e-03    -  6.58e-01 5.97e-01f  1
 145  2.1478652e+05 2.09e-10 1.01e+06 -12.0 3.02e-03    -  6.67e-01 6.97e-01f  1
 146  2.1478652e+05 5.93e-11 3.85e+05 -12.0 1.98e-03    -  6.17e-01 7.83e-01f  1
 147  2.1478652e+05 4.91e-11 1.30e+05 -12.0 1.17e-03    -  6.62e-01 6.75e-01h  1
Reallocating memory for MA57: lfact (818549)
 148  2.1478652e+05 1.66e-11 5.84e+04 -12.0 7.89e-04    -  5.51e-01 9.03e-01h  1
Reallocating memory for MA57: lfact (889918)
 149  2.1478652e+05 1.03e-11 1.02e+04 -12.0 2.89e-04  -4.0 8.26e-01 3.17e-01h  1
Reallocating memory for MA57: lfact (937957)
iter    objective    inf_pr   inf_du lg(mu)  ||d||  lg(rg) alpha_du alpha_pr  ls
 150  2.1478652e+05 1.66e-11 1.12e+03 -12.0 2.60e-04  -4.5 8.90e-01 4.89e-01h  1
 151  2.1478652e+05 1.64e-11 1.90e+02 -12.0 1.59e-04    -  8.30e-01 8.92e-01h  1
 152  2.1478652e+05 1.78e-12 7.88e+00 -12.0 9.11e-04    -  9.59e-01 9.95e-01f  1
 153  2.1478652e+05 3.72e-13 2.38e-07 -12.0 1.61e-02    -  1.00e+00 1.00e+00f  1

Number of Iterations....: 153

                                   (scaled)                 (unscaled)
Objective...............:   2.1478651907826198e+05    2.1478651907826198e+05
Dual infeasibility......:   2.3841857910156250e-07    2.3841857910156250e-07
Constraint violation....:   3.7227832892660572e-13    3.7227832892660572e-13
Complementarity.........:   2.7918531882139925e-12    2.7918531882139925e-12
Overall NLP error.......:   3.7227832892660572e-13    2.3841857910156250e-07


Number of objective function evaluations             = 154
Number of objective gradient evaluations             = 154
Number of equality constraint evaluations            = 154
Number of inequality constraint evaluations          = 154
Number of equality constraint Jacobian evaluations   = 154
Number of inequality constraint Jacobian evaluations = 154
Number of Lagrangian Hessian evaluations             = 153
Total CPU secs in IPOPT (w/o function evaluations)   =      1.327
Total CPU secs in NLP function evaluations           =      0.012

EXIT: Optimal Solution Found.

