Solver command line: ['C:\\Users\\Alexander\\AppData\\Local\\idaes\\bin\\ipopt.exe', 'C:\\Users\\ALEXAN~1\\AppData\\Local\\Temp\\tmpp05aoa2_.pyomo.nl', '-AMPL', 'linear_solver=ma57', 'max_iter=3000', 'max_cpu_time=600.0', 'tol=1e-11', 'nlp_scaling_method=none', 'acceptable_tol=1e-10', 'bound_relax_factor=0.0', 'honor_original_bounds=yes', 'warm_start_init_point=no', 'print_level=5']

Ipopt 3.13.2: linear_solver=ma57
max_iter=3000
max_cpu_time=600.0
tol=1e-11
nlp_scaling_method=none
acceptable_tol=1e-10
bound_relax_factor=0.0
honor_original_bounds=yes
warm_start_init_point=no
print_level=5


******************************************************************************
This program contains Ipopt, a library for large-scale nonlinear optimization.
 Ipopt is released as open source code under the Eclipse Public License (EPL).
         For more information visit http://projects.coin-or.org/Ipopt

This version of Ipopt was compiled from source code available at
    https://github.com/IDAES/Ipopt as part of the Institute for the Design of
    Advanced Energy Systems Process Systems Engineering Framework (IDAES PSE
    Framework) Copyright (c) 2018-2019. See https://github.com/IDAES/idaes-pse.

This version of Ipopt was compiled using HSL, a collection of Fortran codes
    for large-scale scientific computation.  All technical papers, sales and
    publicity material resulting from use of the HSL codes within IPOPT must
    contain the following acknowledgement:
        HSL, a collection of Fortran codes for large-scale scientific
        computation. See http://www.hsl.rl.ac.uk.
******************************************************************************

This is Ipopt version 3.13.2, running with linear solver ma57.

Number of nonzeros in equality constraint Jacobian...:     4734
Number of nonzeros in inequality constraint Jacobian.:     4995
Number of nonzeros in Lagrangian Hessian.............:       72

Total number of variables............................:     2547
                     variables with only lower bounds:     2259
                variables with lower and upper bounds:        0
                     variables with only upper bounds:        0
Total number of equality constraints.................:      915
Total number of inequality constraints...............:     2691
        inequality constraints with only lower bounds:      216
   inequality constraints with lower and upper bounds:        0
        inequality constraints with only upper bounds:     2475

iter    objective    inf_pr   inf_du lg(mu)  ||d||  lg(rg) alpha_du alpha_pr  ls
   0  1.9512000e+02 5.62e+02 1.54e+01  -1.0 0.00e+00    -  0.00e+00 0.00e+00   0
   1  3.5468426e+02 5.62e+02 1.61e+01  -1.0 5.17e+02    -  2.28e-04 4.60e-04h  1
   2  1.4232597e+03 5.61e+02 1.71e+01  -1.0 5.62e+02    -  1.76e-04 2.67e-03h  1
   3  1.4457914e+03 5.60e+02 1.71e+01  -1.0 1.33e+03    -  3.41e-04 5.58e-04h  1
   4  1.4365234e+03 5.60e+02 1.71e+01  -1.0 1.22e+03    -  7.79e-04 8.68e-04f  1
   5  1.2161123e+03 5.59e+02 1.71e+01  -1.0 1.12e+03    -  8.70e-04 1.44e-03f  1
   6  8.4632717e+02 5.58e+02 1.71e+01  -1.0 9.40e+02    -  1.10e-03 1.92e-03f  1
   7  4.9368549e+02 5.57e+02 1.71e+01  -1.0 7.73e+02    -  1.73e-03 2.38e-03f  1
   8  1.6224395e+02 5.54e+02 1.70e+01  -1.0 6.26e+02    -  7.62e-03 5.24e-03f  1
   9  1.1184065e+02 5.47e+02 1.68e+01  -1.0 6.26e+02    -  2.25e-02 1.23e-02f  1
iter    objective    inf_pr   inf_du lg(mu)  ||d||  lg(rg) alpha_du alpha_pr  ls
  10  1.1315056e+02 4.98e+02 1.53e+01  -1.0 6.17e+02    -  6.86e-02 9.05e-02f  1
  11  1.1904640e+02 4.84e+02 1.49e+01  -1.0 5.79e+02    -  1.43e-02 2.75e-02h  1
  12  2.9745961e+02 4.80e+02 1.66e+01  -1.0 5.28e+02    -  1.13e-04 7.41e-03h  1
  13  7.3522988e+02 4.72e+02 1.67e+01  -1.0 5.71e+02    -  5.98e-03 1.69e-02h  1
  14  1.4269739e+03 4.63e+02 1.69e+01  -1.0 5.61e+02    -  3.26e-04 1.90e-02h  1
  15  1.5011974e+03 4.62e+02 1.72e+01  -1.0 5.52e+02    -  6.90e-04 1.80e-03h  1
  16  1.9201941e+03 4.58e+02 1.74e+01  -1.0 5.52e+02    -  5.93e-04 8.93e-03h  1
  17  2.1200619e+03 4.57e+02 1.87e+01  -1.0 5.56e+02    -  1.01e-03 3.65e-03h  1
  18  3.0173783e+03 4.49e+02 1.87e+01  -1.0 5.44e+02    -  3.41e-03 1.62e-02h  1
  19  3.1264011e+03 4.48e+02 1.87e+01  -1.0 5.97e+02    -  6.78e-04 1.66e-03h  1
iter    objective    inf_pr   inf_du lg(mu)  ||d||  lg(rg) alpha_du alpha_pr  ls
  20  3.6509232e+03 4.45e+02 1.88e+01  -1.0 5.34e+02    -  3.94e-04 6.88e-03h  1
  21  4.2345146e+03 4.42e+02 1.91e+01  -1.0 5.33e+02    -  1.95e-03 6.94e-03h  1
  22  5.2034130e+03 4.37e+02 1.95e+01  -1.0 5.29e+02    -  1.40e-03 1.07e-02h  1
  23  5.5967423e+03 4.36e+02 1.95e+01  -1.0 5.22e+02    -  2.45e-03 4.32e-03h  1
  24  6.5263953e+03 4.32e+02 1.95e+01  -1.0 5.20e+02    -  2.89e-04 9.22e-03h  1
  25  7.0263673e+03 4.30e+02 1.95e+01  -1.0 5.15e+02    -  1.40e-03 4.71e-03h  1
  26  8.2826513e+03 4.24e+02 1.94e+01  -1.0 5.12e+02    -  4.80e-03 1.18e-02h  1
  27  8.9883928e+03 4.22e+02 1.95e+01  -1.0 5.06e+02    -  7.11e-04 6.22e-03h  1
  28  1.0124105e+04 4.18e+02 1.97e+01  -1.0 5.03e+02    -  1.54e-03 9.58e-03h  1
  29  1.0728693e+04 4.16e+02 1.96e+01  -1.0 4.98e+02    -  1.90e-03 5.05e-03h  1
iter    objective    inf_pr   inf_du lg(mu)  ||d||  lg(rg) alpha_du alpha_pr  ls
  30  1.8307617e+04 3.90e+02 1.99e+01  -1.0 4.95e+02    -  1.63e-03 6.15e-02h  1
  31  1.8721485e+04 3.89e+02 1.99e+01  -1.0 5.44e+02    -  2.81e-03 3.58e-03h  1
  32  1.9877320e+04 3.85e+02 1.99e+01  -1.0 4.63e+02    -  1.50e-03 9.82e-03h  1
  33  2.0539328e+04 3.83e+02 1.99e+01  -1.0 4.94e+02    -  1.78e-03 5.60e-03h  1
  34  2.6219153e+04 3.64e+02 2.08e+01  -1.0 4.49e+02    -  4.94e-03 4.82e-02h  1
  35  2.6463824e+04 3.64e+02 2.08e+01  -1.0 4.49e+02    -  1.54e-03 2.16e-03h  1
  36  2.9163506e+04 3.55e+02 2.14e+01  -1.0 4.29e+02    -  1.60e-03 2.37e-02h  1
  37  3.0174147e+04 3.52e+02 2.15e+01  -1.0 4.90e+02    -  4.63e-03 9.02e-03h  1
  38  3.1844729e+04 3.46e+02 2.16e+01  -1.0 4.06e+02    -  5.72e-03 1.48e-02h  1
  39  3.3432252e+04 3.42e+02 2.17e+01  -1.0 4.07e+02    -  5.46e-03 1.41e-02h  1
iter    objective    inf_pr   inf_du lg(mu)  ||d||  lg(rg) alpha_du alpha_pr  ls
  40  3.3567141e+04 3.41e+02 2.17e+01  -1.0 4.04e+02    -  6.71e-04 1.17e-03h  1
  41  3.6468263e+04 3.33e+02 2.25e+01  -1.0 4.02e+02    -  1.66e-04 2.41e-02h  1
  42  3.8244318e+04 3.28e+02 2.26e+01  -1.0 3.89e+02    -  7.19e-03 1.48e-02h  1
  43  3.8907040e+04 3.26e+02 2.22e+01  -1.0 3.67e+02    -  9.36e-03 5.60e-03h  1
  44  4.0688872e+04 3.22e+02 2.27e+01  -1.0 3.65e+02    -  8.94e-05 1.43e-02h  1
  45  4.4860506e+04 3.11e+02 2.31e+01  -1.0 3.62e+02    -  1.13e-02 3.33e-02h  1
  46  4.8866006e+04 3.01e+02 2.38e+01  -1.0 3.50e+02    -  7.53e-03 3.25e-02h  1
  47  5.4934352e+04 2.86e+02 2.48e+01  -1.0 3.39e+02    -  9.91e-03 5.06e-02h  1
  48  5.6259720e+04 2.82e+02 2.49e+01  -1.0 3.22e+02    -  4.07e-03 1.16e-02h  1
  49  5.9302884e+04 2.75e+02 2.50e+01  -1.0 3.18e+02    -  1.24e-02 2.68e-02h  1
iter    objective    inf_pr   inf_du lg(mu)  ||d||  lg(rg) alpha_du alpha_pr  ls
  50  6.2769110e+04 2.66e+02 2.54e+01  -1.0 3.09e+02    -  7.43e-03 3.10e-02h  1
  51  6.5299652e+04 2.60e+02 2.57e+01  -1.0 3.20e+02    -  7.17e-03 2.32e-02h  1
  52  6.9767254e+04 2.49e+02 2.62e+01  -1.0 3.67e+02    -  1.17e-02 4.17e-02h  1
  53  7.2828055e+04 2.42e+02 2.66e+01  -1.0 4.42e+02    -  5.47e-03 2.94e-02h  1
  54  7.7283124e+04 2.31e+02 2.73e+01  -1.0 4.68e+02    -  8.62e-03 4.37e-02h  1
  55  7.9733551e+04 2.25e+02 2.72e+01  -1.0 4.74e+02    -  1.31e-02 2.52e-02h  1
  56  8.3527402e+04 2.16e+02 2.79e+01  -1.0 4.37e+02    -  4.14e-03 3.98e-02h  1
  57  8.3739095e+04 2.16e+02 2.77e+01  -1.0 3.82e+02    -  4.55e-03 2.30e-03h  1
  58  8.4931985e+04 2.13e+02 2.80e+01  -1.0 3.90e+02    -  8.23e-05 1.24e-02h  1
  59  8.9208993e+04 2.04e+02 2.81e+01  -1.0 4.05e+02    -  1.68e-02 4.49e-02h  1
iter    objective    inf_pr   inf_du lg(mu)  ||d||  lg(rg) alpha_du alpha_pr  ls
  60  9.2480939e+04 1.96e+02 2.83e+01  -1.0 4.57e+02    -  1.08e-02 3.58e-02h  1
  61  9.6435469e+04 1.88e+02 2.81e+01  -1.0 4.54e+02    -  2.17e-02 4.46e-02h  1
  62  9.9470527e+04 1.81e+02 2.82e+01  -1.0 4.14e+02    -  1.39e-02 3.58e-02h  1
  63  1.0009194e+05 1.80e+02 2.68e+01  -1.0 3.52e+02    -  3.26e-02 7.64e-03h  1
  64  1.0043750e+05 1.79e+02 2.67e+01  -1.0 3.74e+02    -  3.18e-03 4.28e-03h  1
  65  1.0358250e+05 1.72e+02 2.74e+01  -1.0 3.70e+02    -  1.83e-04 3.76e-02h  1
  66  1.0654972e+05 1.66e+02 2.74e+01  -1.0 3.68e+02    -  1.30e-02 3.66e-02h  1
  67  1.0787661e+05 1.63e+02 2.75e+01  -1.0 3.57e+02    -  3.69e-03 1.67e-02h  1
  68  1.0916581e+05 1.60e+02 2.75e+01  -1.0 3.45e+02    -  6.57e-03 1.63e-02h  1
  69  1.1250554e+05 1.54e+02 2.80e+01  -1.0 3.35e+02    -  4.55e-03 4.20e-02h  1
iter    objective    inf_pr   inf_du lg(mu)  ||d||  lg(rg) alpha_du alpha_pr  ls
  70  1.1542520e+05 1.48e+02 2.79e+01  -1.0 3.11e+02    -  1.45e-02 3.80e-02h  1
  71  1.1971572e+05 1.39e+02 2.84e+01  -1.0 2.89e+02    -  8.28e-03 5.75e-02h  1
  72  1.2066965e+05 1.37e+02 2.83e+01  -1.0 2.80e+02    -  7.45e-03 1.35e-02h  1
  73  1.2369663e+05 1.31e+02 3.01e+01  -1.0 2.81e+02    -  8.17e-03 4.33e-02h  1
  74  1.3026720e+05 1.19e+02 3.27e+01  -1.0 2.67e+02    -  2.14e-02 9.73e-02h  1
  75  1.3296777e+05 1.14e+02 3.24e+01  -1.0 2.90e+02    -  2.59e-02 4.16e-02h  1
  76  1.3349951e+05 1.13e+02 3.25e+01  -1.0 2.59e+02    -  2.20e-03 8.23e-03h  1
  77  1.3590188e+05 1.09e+02 3.31e+01  -1.0 2.49e+02    -  1.01e-02 3.73e-02h  1
  78  1.3798087e+05 1.05e+02 3.22e+01  -1.0 2.00e+02    -  2.93e-02 3.30e-02h  1
  79  1.3965760e+05 1.02e+02 3.21e+01  -1.0 1.84e+02    -  1.55e-02 2.69e-02h  1
iter    objective    inf_pr   inf_du lg(mu)  ||d||  lg(rg) alpha_du alpha_pr  ls
  80  1.4198048e+05 9.83e+01 3.32e+01  -1.0 2.42e+02    -  4.12e-03 3.79e-02h  1
  81  1.4646856e+05 9.09e+01 3.38e+01  -1.0 2.23e+02    -  2.94e-02 7.55e-02h  1
  82  1.4673113e+05 9.04e+01 3.37e+01  -1.0 2.12e+02    -  4.48e-03 4.66e-03h  1
  83  1.4901025e+05 8.68e+01 3.51e+01  -1.0 2.10e+02    -  1.96e-03 4.04e-02h  1
  84  1.4974015e+05 8.56e+01 2.93e+01  -1.0 2.01e+02    -  8.46e-02 1.34e-02h  1
  85  1.5043003e+05 8.45e+01 2.98e+01  -1.0 1.79e+02    -  2.49e-04 1.26e-02h  1
  86  1.5287831e+05 8.08e+01 2.99e+01  -1.0 1.75e+02    -  2.60e-02 4.45e-02h  1
  87  1.5531253e+05 7.71e+01 3.20e+01  -1.0 1.72e+02    -  2.26e-03 4.52e-02h  1
  88  1.5641066e+05 7.55e+01 3.18e+01  -1.0 1.81e+02    -  1.43e-02 2.08e-02h  1
  89  1.5899348e+05 7.18e+01 3.40e+01  -1.0 1.76e+02    -  4.29e-03 4.88e-02h  1
iter    objective    inf_pr   inf_du lg(mu)  ||d||  lg(rg) alpha_du alpha_pr  ls
  90  1.6100930e+05 6.90e+01 3.37e+01  -1.0 1.40e+02    -  2.78e-02 3.95e-02h  1
  91  1.6324886e+05 6.58e+01 3.61e+01  -1.0 9.09e+01    -  2.55e-03 4.66e-02h  1
  92  1.6399640e+05 6.47e+01 3.51e+01  -1.0 9.95e+01    -  2.11e-02 1.61e-02h  1
  93  1.6685192e+05 6.07e+01 3.72e+01  -1.0 9.44e+01    -  1.73e-02 6.26e-02h  1
  94  1.6798784e+05 5.91e+01 3.81e+01  -1.0 1.02e+02    -  7.63e-03 2.67e-02h  1
  95  1.6919040e+05 5.73e+01 3.61e+01  -1.0 1.50e+02    -  3.81e-02 2.89e-02h  1
  96  1.7119966e+05 5.46e+01 3.94e+01  -1.0 9.71e+01    -  7.23e-04 4.86e-02h  1
  97  1.7169858e+05 5.39e+01 3.64e+01  -1.0 1.31e+02    -  3.54e-02 1.25e-02h  1
  98  1.7371208e+05 5.12e+01 3.96e+01  -1.0 1.51e+02    -  5.26e-03 5.05e-02h  1
  99  1.7447709e+05 5.01e+01 4.03e+01  -1.0 1.03e+02    -  7.92e-03 2.01e-02h  1
iter    objective    inf_pr   inf_du lg(mu)  ||d||  lg(rg) alpha_du alpha_pr  ls
 100  1.7488771e+05 4.96e+01 3.94e+01  -1.0 1.05e+02    -  1.46e-02 1.09e-02h  1
 101  1.7621441e+05 4.78e+01 4.22e+01  -1.0 1.08e+02    -  8.51e-04 3.51e-02h  1
 102  1.7672780e+05 4.72e+01 4.27e+01  -1.0 1.12e+02    -  9.25e-03 1.40e-02h  1
 103  1.7839226e+05 4.50e+01 4.54e+01  -1.0 1.12e+02    -  9.19e-03 4.58e-02h  1
 104  1.8010115e+05 4.28e+01 4.22e+01  -1.0 1.18e+02    -  5.60e-02 4.91e-02h  1
 105  1.8431845e+05 3.74e+01 3.54e+01  -1.0 1.31e+02    -  1.38e-01 1.27e-01h  1
 106  1.8642761e+05 3.47e+01 3.98e+01  -1.0 1.46e+02    -  2.74e-02 7.24e-02h  1
 107  1.8669906e+05 3.43e+01 3.98e+01  -1.0 1.66e+02    -  7.81e-03 1.01e-02h  1
 108  1.8961399e+05 3.06e+01 5.57e+01  -1.0 1.71e+02    -  4.67e-03 1.09e-01h  1
 109  1.8972678e+05 3.04e+01 5.46e+01  -1.0 1.62e+02    -  8.94e-03 4.71e-03h  1
iter    objective    inf_pr   inf_du lg(mu)  ||d||  lg(rg) alpha_du alpha_pr  ls
 110  1.9021327e+05 2.98e+01 5.69e+01  -1.0 1.57e+02    -  2.38e-03 2.03e-02h  1
 111  1.9066800e+05 2.92e+01 3.31e+01  -1.0 1.30e+02    -  1.37e-01 1.93e-02h  1
 112  1.9269349e+05 2.67e+01 3.77e+01  -1.0 1.21e+02    -  4.88e-02 8.67e-02h  1
 113  1.9343849e+05 2.58e+01 3.85e+01  -1.0 7.48e+01    -  2.45e-02 3.43e-02h  1
 114  1.9730959e+05 2.11e+01 7.04e+01  -1.0 7.56e+01    -  7.49e-03 1.83e-01h  1
 115  1.9810046e+05 2.01e+01 6.07e+01  -1.0 8.74e+01    -  6.93e-02 4.52e-02h  1
 116  2.0027060e+05 1.75e+01 8.76e+01  -1.0 7.74e+01    -  8.24e-03 1.32e-01h  1
 117  2.0222231e+05 1.51e+01 9.89e+01  -1.0 7.32e+01    -  6.50e-02 1.37e-01h  1
 118  2.0348133e+05 1.35e+01 3.53e+01  -1.0 6.14e+01    -  2.44e-01 1.02e-01h  1
 119  2.0389671e+05 1.30e+01 4.44e+01  -1.0 3.15e+01    -  1.18e-02 3.69e-02h  1
iter    objective    inf_pr   inf_du lg(mu)  ||d||  lg(rg) alpha_du alpha_pr  ls
 120  2.0589250e+05 1.06e+01 1.12e+02  -1.0 2.78e+01    -  1.31e-02 1.83e-01h  1
 121  2.0693160e+05 9.41e+00 1.17e+01  -1.0 2.18e+01    -  3.06e-01 1.17e-01h  1
 122  2.1053839e+05 5.08e+00 1.89e+02  -1.0 2.57e+01    -  1.43e-01 4.60e-01h  1
 123  2.1259624e+05 2.62e+00 9.86e+01  -1.0 1.38e+01    -  4.82e-01 4.83e-01h  1
 124  2.1408106e+05 8.59e-01 1.98e+02  -1.0 1.09e+01    -  7.80e-01 6.73e-01h  1
 125  2.1439732e+05 4.85e-01 2.19e+03  -1.0 2.82e+01    -  7.54e-01 4.36e-01h  1
 126  2.1469271e+05 1.40e-01 2.55e+02  -1.0 4.96e+01    -  6.34e-01 7.10e-01h  1
 127  2.1472669e+05 1.01e-01 2.87e+04  -1.0 1.44e+01    -  1.00e+00 2.78e-01h  1
 128  2.1481445e+05 1.09e-03 9.03e+02  -1.0 1.09e+01    -  1.00e+00 9.89e-01h  1
 129  2.1481469e+05 8.14e-04 3.87e+06  -1.0 1.15e+00    -  1.00e+00 2.51e-01h  1
iter    objective    inf_pr   inf_du lg(mu)  ||d||  lg(rg) alpha_du alpha_pr  ls
 130  2.1481512e+05 3.25e-04 4.31e+06  -1.0 8.12e-01    -  1.00e+00 6.00e-01h  1
 131  2.1481528e+05 1.35e-04 8.95e+06  -1.0 3.26e-01    -  1.00e+00 5.86e-01h  1
 132  2.1481535e+05 5.59e-05 2.10e+07  -1.0 1.35e-01    -  1.00e+00 5.86e-01h  1
 133  2.1481538e+05 2.31e-05 5.04e+07  -1.0 5.60e-02    -  1.00e+00 5.86e-01h  1
 134  2.1481539e+05 9.59e-06 1.22e+08  -1.0 2.32e-02    -  1.00e+00 5.86e-01h  1
 135  2.1481540e+05 3.97e-06 2.93e+08  -1.0 9.62e-03    -  1.00e+00 5.86e-01h  1
 136  2.1481540e+05 1.64e-06 7.08e+08  -1.0 3.98e-03    -  1.00e+00 5.86e-01h  1
 137  2.1481540e+05 6.81e-07 1.71e+09  -1.0 1.65e-03    -  1.00e+00 5.86e-01h  1
Reallocating memory for MA57: lfact (217526)
Reallocating memory for MA57: lfact (560172)
Reallocating memory for MA57: lfact (670351)
 138  2.1481540e+05 3.57e-11 1.91e-06  -1.0 6.83e-04    -  1.00e+00 1.00e+00f  1
In iteration 138, 1 Slack too small, adjusting variable bound
 139  2.1477672e+05 1.42e-08 3.37e+09 -12.0 6.86e-01    -  8.59e-01 5.03e-01f  1
iter    objective    inf_pr   inf_du lg(mu)  ||d||  lg(rg) alpha_du alpha_pr  ls
 140  2.1475058e+05 1.23e-08 2.87e+09 -12.0 1.74e+00    -  5.56e-01 1.33e-01f  1
 141  2.1474131e+05 6.48e-09 1.52e+09 -12.0 2.30e-01    -  3.87e-01 4.73e-01f  1
 142  2.1474015e+05 5.31e-08 5.40e+08 -12.0 1.30e-01    -  6.45e-01 2.61e-01f  1
Reallocating memory for MA57: lfact (704737)
 143  2.1473995e+05 5.39e-08 1.97e+08 -12.0 1.18e-01    -  6.35e-01 7.47e-02f  1
Reallocating memory for MA57: lfact (754317)
 144  2.1473945e+05 3.01e-08 6.77e+07 -12.0 1.15e-01    -  6.56e-01 2.25e-01f  1
 145  2.1473887e+05 3.32e-08 2.45e+07 -12.0 9.29e-02    -  6.38e-01 3.58e-01f  1
Reallocating memory for MA57: lfact (794220)
 146  2.1473808e+05 2.65e-08 1.53e+07 -12.0 6.29e-02    -  3.78e-01 8.40e-01f  1
 147  2.1473798e+05 6.54e-08 1.52e+07 -12.0 1.57e-02    -  7.84e-04 7.16e-01f  1
 148  2.1473795e+05 2.13e-07 1.52e+07 -12.0 7.10e-03    -  1.31e-07 6.17e-01f  1
 149  2.1473794e+05 3.04e-07 1.11e+07 -12.0 4.24e-03    -  2.70e-01 6.01e-01f  1
iter    objective    inf_pr   inf_du lg(mu)  ||d||  lg(rg) alpha_du alpha_pr  ls
 150  2.1473794e+05 3.03e-07 1.11e+07 -12.0 3.15e-03    -  5.68e-06 2.11e-02h  1
 151  2.1473794e+05 3.03e-07 1.11e+07 -12.0 3.11e-03    -  7.81e-05 5.69e-05h  1
 152  2.1473794e+05 2.97e-07 1.11e+07 -12.0 3.11e-03    -  8.15e-05 2.18e-02h  1
In iteration 152, 1 Slack too small, adjusting variable bound
 153  2.1473794e+05 2.97e-07 1.11e+07 -12.0 3.07e-03    -  2.17e-04 9.10e-05h  1
In iteration 153, 1 Slack too small, adjusting variable bound
 154  2.1473794e+05 2.93e-07 1.10e+07 -12.0 3.07e-03    -  7.33e-03 7.74e-03h  1
 155  2.1473794e+05 2.88e-07 1.10e+07 -12.0 3.07e-03    -  2.40e-03 9.32e-03h  1
In iteration 155, 1 Slack too small, adjusting variable bound
 156  2.1473794e+05 2.86e-07 1.10e+07 -12.0 3.06e-03    -  2.94e-03 3.28e-03h  1
In iteration 156, 1 Slack too small, adjusting variable bound
 157  2.1473794e+05 2.82e-07 1.09e+07 -12.0 3.05e-03    -  5.69e-03 6.89e-03h  1
In iteration 157, 1 Slack too small, adjusting variable bound
 158  2.1473794e+05 2.73e-07 1.09e+07 -12.0 3.05e-03    -  6.18e-03 1.57e-02h  1
In iteration 158, 1 Slack too small, adjusting variable bound
 159  2.1473794e+05 2.62e-07 1.08e+07 -12.0 3.03e-03    -  4.48e-03 1.96e-02h  1
iter    objective    inf_pr   inf_du lg(mu)  ||d||  lg(rg) alpha_du alpha_pr  ls
 160  2.1473794e+05 2.56e-07 1.07e+07 -12.0 3.00e-03    -  6.86e-03 1.06e-02h  1
 161  2.1473794e+05 2.56e-07 1.07e+07 -12.0 2.99e-03    -  6.12e-03 3.33e-04h  1
In iteration 161, 1 Slack too small, adjusting variable bound
 162  2.1473794e+05 2.53e-07 1.05e+07 -12.0 3.00e-03    -  1.15e-02 6.38e-03h  1
In iteration 162, 1 Slack too small, adjusting variable bound
 163  2.1473794e+05 2.46e-07 1.05e+07 -12.0 3.00e-03    -  4.41e-03 1.19e-02h  1
In iteration 163, 1 Slack too small, adjusting variable bound
 164  2.1473794e+05 2.39e-07 1.03e+07 -12.0 2.99e-03    -  2.26e-02 1.35e-02h  1
 165  2.1473794e+05 2.22e-07 1.03e+07 -12.0 2.99e-03    -  5.60e-04 3.37e-02h  1
 166  2.1473794e+05 2.03e-07 1.02e+07 -12.0 2.93e-03    -  7.78e-03 3.86e-02h  1
 167  2.1473794e+05 1.78e-07 1.00e+07 -12.0 2.88e-03    -  1.45e-02 5.35e-02h  1
 168  2.1473794e+05 1.57e-07 9.99e+06 -12.0 2.81e-03    -  3.97e-03 5.11e-02h  1
 169  2.1473794e+05 1.47e-07 9.96e+06 -12.0 2.73e-03    -  2.87e-03 2.67e-02h  1
In iteration 169, 1 Slack too small, adjusting variable bound
iter    objective    inf_pr   inf_du lg(mu)  ||d||  lg(rg) alpha_du alpha_pr  ls
 170  2.1473794e+05 1.38e-07 9.93e+06 -12.0 2.69e-03    -  3.17e-03 2.36e-02h  1
In iteration 170, 1 Slack too small, adjusting variable bound
 171  2.1473794e+05 1.26e-07 9.82e+06 -12.0 2.66e-03    -  1.07e-02 3.33e-02h  1
In iteration 171, 1 Slack too small, adjusting variable bound
 172  2.1473794e+05 1.08e-07 9.70e+06 -12.0 2.63e-03    -  1.20e-02 5.36e-02h  1
 173  2.1473794e+05 8.84e-08 9.61e+06 -12.0 2.56e-03    -  1.02e-02 7.29e-02h  1
In iteration 173, 1 Slack too small, adjusting variable bound
 174  2.1473794e+05 8.44e-08 9.16e+06 -12.0 2.47e-03    -  4.65e-02 9.10e-02h  1
In iteration 174, 1 Slack too small, adjusting variable bound
 175  2.1473794e+05 7.74e-08 8.73e+06 -12.0 2.39e-03    -  4.72e-02 1.52e-01h  1
 176  2.1473794e+05 7.37e-08 7.88e+06 -12.0 2.24e-03    -  9.75e-02 8.81e-02h  1
 177  2.1473794e+05 7.15e-08 7.69e+06 -12.0 2.23e-03    -  2.33e-02 5.94e-02h  1
 178  2.1473794e+05 6.87e-08 7.62e+06 -12.0 2.17e-03    -  9.01e-03 9.29e-02h  1
 179  2.1473794e+05 6.84e-08 7.21e+06 -12.0 2.07e-03    -  5.38e-02 8.18e-02h  1
In iteration 179, 1 Slack too small, adjusting variable bound
iter    objective    inf_pr   inf_du lg(mu)  ||d||  lg(rg) alpha_du alpha_pr  ls
 180  2.1473794e+05 7.94e-08 6.71e+06 -12.0 2.02e-03    -  7.04e-02 1.75e-01h  1
In iteration 180, 1 Slack too small, adjusting variable bound
 181  2.1473794e+05 8.23e-08 5.69e+06 -12.0 1.89e-03    -  1.52e-01 1.32e-01h  1
 182  2.1473794e+05 8.33e-08 5.66e+06 -12.0 1.88e-03    -  4.30e-03 2.44e-01h  1
In iteration 182, 1 Slack too small, adjusting variable bound
 183  2.1473794e+05 8.38e-08 5.06e+06 -12.0 1.63e-03    -  1.06e-01 3.13e-01h  1
 184  2.1473794e+05 7.37e-08 4.44e+06 -12.0 1.42e-03    -  1.22e-01 5.00e-01h  1
In iteration 184, 1 Slack too small, adjusting variable bound
 185  2.1473794e+05 6.76e-08 4.66e+05 -12.0 1.13e-03    -  8.95e-01 1.64e-01h  1
Reallocating memory for MA57: lfact (853588)
 186  2.1473794e+05 6.27e-08 3.57e+05 -12.0 2.17e-03    -  2.33e-01 1.29e-01h  1
In iteration 186, 1 Slack too small, adjusting variable bound
 187  2.1473794e+05 6.22e-08 3.52e+05 -12.0 2.06e-03    -  1.50e-02 1.49e-02h  1
In iteration 187, 1 Slack too small, adjusting variable bound
 188  2.1473794e+05 6.16e-08 3.31e+05 -12.0 2.04e-03    -  5.87e-02 1.68e-02h  1
In iteration 188, 1 Slack too small, adjusting variable bound
 189  2.1473794e+05 5.89e-08 3.19e+05 -12.0 2.04e-03    -  3.80e-02 7.25e-02h  1
iter    objective    inf_pr   inf_du lg(mu)  ||d||  lg(rg) alpha_du alpha_pr  ls
 190  2.1473794e+05 5.64e-08 3.18e+05 -12.0 1.93e-03    -  3.68e-03 7.10e-02h  1
 191  2.1473794e+05 5.51e-08 3.13e+05 -12.0 1.82e-03    -  1.58e-02 3.86e-02h  1
 192  2.1473794e+05 5.45e-08 3.07e+05 -12.0 1.77e-03    -  1.71e-02 1.67e-02h  1
 193  2.1473794e+05 5.37e-08 3.01e+05 -12.0 1.76e-03    -  2.14e-02 2.28e-02h  1
 194  2.1473794e+05 5.30e-08 2.94e+05 -12.0 1.73e-03    -  2.22e-02 2.17e-02h  1
 195  2.1473794e+05 5.14e-08 2.63e+05 -12.0 1.71e-03    -  1.04e-01 4.76e-02h  1
 196  2.1473794e+05 5.12e-08 2.51e+05 -12.0 1.68e-03    -  4.53e-02 6.51e-03h  1
 197  2.1473794e+05 5.10e-08 2.51e+05 -12.0 1.69e-03    -  1.43e-03 6.10e-03h  1
 198  2.1473794e+05 5.08e-08 2.50e+05 -12.0 1.68e-03    -  3.37e-03 5.43e-03h  1
In iteration 198, 1 Slack too small, adjusting variable bound
 199  2.1473794e+05 5.07e-08 2.49e+05 -12.0 1.68e-03    -  4.36e-03 5.52e-03h  1
iter    objective    inf_pr   inf_du lg(mu)  ||d||  lg(rg) alpha_du alpha_pr  ls
 200  2.1473794e+05 4.56e-08 2.49e+05 -12.0 1.67e-03    -  2.31e-03 1.52e-01h  1
 201  2.1473794e+05 4.39e-08 2.48e+05 -12.0 1.47e-03    -  2.39e-03 5.52e-02h  1
 202  2.1473794e+05 4.22e-08 2.47e+05 -12.0 1.41e-03    -  2.45e-03 6.02e-02h  1
 203  2.1473794e+05 4.18e-08 2.45e+05 -12.0 1.34e-03    -  9.39e-03 1.17e-02h  1
 204  2.1473794e+05 4.12e-08 2.42e+05 -12.0 1.33e-03    -  1.10e-02 2.47e-02h  1
 205  2.1473794e+05 4.05e-08 2.38e+05 -12.0 1.31e-03    -  1.62e-02 2.46e-02h  1
 206  2.1473794e+05 3.98e-08 2.38e+05 -12.0 1.29e-03    -  1.38e-03 2.45e-02h  1
 207  2.1473794e+05 3.92e-08 2.32e+05 -12.0 1.26e-03    -  2.40e-02 2.20e-02h  1
 208  2.1473794e+05 3.81e-08 2.26e+05 -12.0 1.25e-03    -  2.82e-02 4.30e-02h  1
 209  2.1473794e+05 3.80e-08 2.25e+05 -12.0 1.21e-03    -  5.78e-03 3.94e-03h  1
iter    objective    inf_pr   inf_du lg(mu)  ||d||  lg(rg) alpha_du alpha_pr  ls
 210  2.1473794e+05 3.78e-08 2.24e+05 -12.0 1.21e-03    -  2.09e-03 7.57e-03h  1
 211  2.1473794e+05 3.74e-08 2.22e+05 -12.0 1.21e-03    -  7.53e-03 1.43e-02h  1
 212  2.1473794e+05 3.64e-08 2.19e+05 -12.0 1.19e-03  -4.0 1.45e-02 4.03e-02h  1
 213  2.1473794e+05 3.53e-08 2.17e+05 -12.0 1.16e-03    -  9.67e-03 4.12e-02h  1
 214  2.1473794e+05 3.43e-08 2.13e+05 -12.0 1.13e-03    -  1.81e-02 4.41e-02h  1
 215  2.1473794e+05 3.03e-08 2.11e+05 -12.0 1.09e-03  -4.5 7.52e-03 1.64e-01h  1
In iteration 215, 1 Slack too small, adjusting variable bound
 216  2.1473794e+05 2.91e-08 2.10e+05 -12.0 9.56e-04  -5.0 6.42e-03 5.93e-02h  1
In iteration 216, 1 Slack too small, adjusting variable bound
 217  2.1473794e+05 2.79e-08 2.00e+05 -12.0 9.15e-04  -5.4 4.80e-02 5.41e-02h  1
 218  2.1473794e+05 2.72e-08 1.99e+05 -12.0 8.88e-04  -5.9 5.25e-03 3.73e-02h  1
 219  2.1473794e+05 2.67e-08 1.98e+05 -12.0 8.64e-04  -6.4 3.23e-03 2.50e-02h  1
iter    objective    inf_pr   inf_du lg(mu)  ||d||  lg(rg) alpha_du alpha_pr  ls
 220  2.1473794e+05 2.62e-08 1.98e+05 -12.0 8.49e-04  -6.9 3.42e-03 2.58e-02h  1
 221  2.1473794e+05 2.56e-08 1.97e+05 -12.0 8.32e-04    -  4.08e-03 3.13e-02h  1
 222  2.1473794e+05 2.49e-08 1.91e+05 -12.0 8.13e-04    -  3.05e-02 3.49e-02h  1
 223  2.1473794e+05 2.37e-08 1.90e+05 -12.0 7.98e-04  -7.3 4.85e-03 6.87e-02h  1
 224  2.1473794e+05 2.11e-08 1.86e+05 -12.0 7.57e-04  -7.8 2.03e-02 1.48e-01f  1
 225  2.1473794e+05 2.01e-08 1.85e+05 -12.0 6.76e-04  -8.3 8.17e-03 6.08e-02h  1
 226  2.1473794e+05 1.95e-08 1.72e+05 -12.0 6.47e-04  -8.8 6.72e-02 3.74e-02h  1
 227  2.1473794e+05 1.89e-08 1.68e+05 -12.0 6.42e-04  -9.2 2.43e-02 4.13e-02h  1
In iteration 227, 1 Slack too small, adjusting variable bound
 228  2.1473794e+05 1.85e-08 1.61e+05 -12.0 6.27e-04  -8.8 4.25e-02 2.94e-02h  1
 229  2.1473794e+05 1.78e-08 1.58e+05 -12.0 6.21e-04  -9.3 1.55e-02 4.87e-02h  1
iter    objective    inf_pr   inf_du lg(mu)  ||d||  lg(rg) alpha_du alpha_pr  ls
 230  2.1473794e+05 1.73e-08 1.55e+05 -12.0 6.00e-04  -8.9 1.94e-02 4.23e-02h  1
 231  2.1473794e+05 1.67e-08 1.51e+05 -12.0 5.84e-04  -9.4 2.91e-02 4.28e-02h  1
 232  2.1473794e+05 1.64e-08 1.49e+05 -12.0 5.70e-04  -9.8 1.29e-02 2.52e-02h  1
 233  2.1473794e+05 1.60e-08 1.48e+05 -12.0 5.61e-04 -10.3 3.15e-03 3.48e-02h  1
 234  2.1473794e+05 1.57e-08 1.46e+05 -12.0 5.47e-04  -9.0 1.55e-02 1.94e-02h  1
 235  2.1473794e+05 1.57e-08 1.42e+05 -12.0 5.41e-04  -8.5 2.88e-02 4.38e-03h  1
 236  2.1473794e+05 1.53e-08 1.41e+05 -12.0 5.43e-04  -9.0 5.65e-03 3.27e-02h  1
 237  2.1473794e+05 1.52e-08 1.40e+05 -12.0 5.30e-04  -8.6 8.63e-03 7.89e-03h  1
 238  2.1473794e+05 1.48e-08 1.33e+05 -12.0 5.28e-04  -9.1 5.04e-02 3.63e-02h  1
 239  2.1473794e+05 1.42e-08 1.29e+05 -12.0 5.20e-04  -8.7 3.08e-02 4.70e-02h  1
iter    objective    inf_pr   inf_du lg(mu)  ||d||  lg(rg) alpha_du alpha_pr  ls
 240  2.1473794e+05 1.32e-08 1.27e+05 -12.0 5.05e-04  -9.1 1.22e-02 9.51e-02f  1
 241  2.1473794e+05 1.31e-08 1.22e+05 -12.0 4.70e-04  -8.7 4.14e-02 1.45e-02h  1
 242  2.1473794e+05 1.27e-08 1.20e+05 -12.0 4.70e-04  -9.2 1.86e-02 3.87e-02f  1
 243  2.1473794e+05 1.26e-08 1.19e+05 -12.0 4.58e-04  -8.8 2.62e-03 9.42e-03h  1
 244  2.1473794e+05 1.24e-08 1.17e+05 -12.0 4.55e-04  -8.3 1.94e-02 1.50e-02h  1
 245  2.1473794e+05 1.22e-08 1.15e+05 -12.0 4.52e-04  -8.8 1.60e-02 2.39e-02h  1
 246  2.1473794e+05 1.15e-08 1.09e+05 -12.0 4.45e-04  -8.4 4.84e-02 7.30e-02f  1
 247  2.1473794e+05 1.15e-08 1.09e+05 -12.0 4.25e-04  -8.9 1.02e-03 4.25e-03h  1
 248  2.1473794e+05 1.13e-08 1.05e+05 -12.0 4.24e-04  -9.3 3.90e-02 2.31e-02h  1
 249  2.1473794e+05 1.05e-08 1.01e+05 -12.0 4.20e-04  -8.9 3.45e-02 8.70e-02h  1
iter    objective    inf_pr   inf_du lg(mu)  ||d||  lg(rg) alpha_du alpha_pr  ls
 250  2.1473794e+05 1.05e-08 1.01e+05 -12.0 3.95e-04  -9.4 4.78e-04 2.01e-03h  1
 251  2.1473794e+05 1.05e-08 1.01e+05 -12.0 3.94e-04  -9.9 2.12e-03 5.00e-04h  1
 252  2.1473794e+05 1.03e-08 1.01e+05 -12.0 3.94e-04 -10.3 5.11e-04 1.44e-02h  1
 253  2.1473794e+05 9.96e-09 9.96e+04 -12.0 3.90e-04  -9.0 1.51e-02 4.73e-02f  1
 254  2.1473794e+05 9.95e-09 9.95e+04 -12.0 3.77e-04  -8.6 1.39e-03 1.97e-03h  1
 255  2.1473794e+05 9.94e-09 9.80e+04 -12.0 3.76e-04  -9.1 1.54e-02 3.42e-04h  1
 256  2.1473794e+05 9.69e-09 9.79e+04 -12.0 3.77e-04    -  3.67e-04 3.22e-02f  1
 257  2.1473794e+05 9.18e-09 9.54e+04 -12.0 3.68e-04  -8.6 2.60e-02 6.45e-02f  1
 258  2.1473793e+05 8.97e-09 9.53e+04 -12.0 3.52e-04  -9.1 3.63e-04 2.77e-02h  1
 259  2.1473793e+05 8.89e-09 9.53e+04 -12.0 3.44e-04    -  6.73e-04 1.11e-02h  1
iter    objective    inf_pr   inf_du lg(mu)  ||d||  lg(rg) alpha_du alpha_pr  ls
 260  2.1473793e+05 8.84e-09 9.51e+04 -12.0 3.41e-04    -  1.78e-03 6.53e-03h  1
 261  2.1473793e+05 8.48e-09 9.42e+04 -12.0 3.40e-04  -9.6 9.43e-03 5.02e-02f  1
 262  2.1473793e+05 8.14e-09 9.30e+04 -12.0 3.27e-04    -  1.33e-02 4.88e-02h  1
 263  2.1473793e+05 7.91e-09 9.24e+04 -12.0 3.16e-04 -10.1 6.01e-03 3.46e-02h  1
 264  2.1473793e+05 7.64e-09 9.07e+04 -12.0 3.08e-04  -9.6 1.84e-02 4.14e-02f  1
 265  2.1473793e+05 7.53e-09 8.69e+04 -12.0 2.99e-04    -  4.14e-02 1.80e-02h  1
 266  2.1473793e+05 7.52e-09 8.54e+04 -12.0 2.98e-04  -8.3 1.75e-02 1.88e-03h  1
 267  2.1473793e+05 7.31e-09 8.52e+04 -12.0 2.98e-04  -8.8 2.40e-03 3.40e-02f  1
 268  2.1473793e+05 7.29e-09 8.50e+04 -12.0 2.90e-04  -9.3 2.11e-03 2.55e-03h  1
 269  2.1473793e+05 7.23e-09 8.32e+04 -12.0 2.90e-04  -8.8 2.14e-02 1.04e-02h  1
iter    objective    inf_pr   inf_du lg(mu)  ||d||  lg(rg) alpha_du alpha_pr  ls
 270  2.1473793e+05 6.49e-09 8.30e+04 -12.0 2.89e-04  -8.4 2.80e-03 1.28e-01f  1
 271  2.1473793e+05 6.48e-09 8.22e+04 -12.0 2.60e-04  -8.9 9.31e-03 2.98e-03h  1
 272  2.1473793e+05 5.96e-09 8.20e+04 -12.0 2.60e-04  -8.5 2.48e-03 9.95e-02f  1
 273  2.1473793e+05 5.83e-09 8.18e+04 -12.0 2.40e-04  -8.9 2.16e-03 2.71e-02f  1
 274  2.1473793e+05 5.81e-09 8.16e+04 -12.0 8.44e-04    -  2.90e-03 2.44e-03h  1
 275  2.1473793e+05 5.74e-09 8.07e+04 -12.0 2.35e-04  -9.4 1.05e-02 1.49e-02h  1
 276  2.1473793e+05 5.49e-09 7.97e+04 -12.0 2.32e-04  -9.9 1.27e-02 5.14e-02h  1
 277  2.1473793e+05 5.17e-09 7.93e+04 -12.0 2.24e-04 -10.4 4.57e-03 7.04e-02h  1
 278  2.1473793e+05 4.61e-09 7.83e+04 -12.0 2.12e-04  -9.0 1.31e-02 1.28e-01h  1
 279  2.1473793e+05 4.28e-09 7.69e+04 -12.0 1.91e-04  -8.6 1.83e-02 8.36e-02f  1
iter    objective    inf_pr   inf_du lg(mu)  ||d||  lg(rg) alpha_du alpha_pr  ls
 280  2.1473793e+05 3.49e-09 7.64e+04 -12.0 1.80e-04  -9.1 6.11e-03 2.16e-01f  1
 281  2.1473793e+05 3.48e-09 7.54e+04 -12.0 1.50e-04  -9.6 1.28e-02 4.90e-03h  1
 282  2.1473793e+05 3.24e-09 7.23e+04 -12.0 1.50e-04    -  4.20e-02 7.74e-02f  1
 283  2.1473793e+05 3.18e-09 7.16e+04 -12.0 1.42e-04 -10.1 8.66e-03 2.29e-02h  1
 284  2.1473793e+05 3.14e-09 7.04e+04 -12.0 1.40e-04 -10.5 1.67e-02 1.34e-02f  1
 285  2.1473793e+05 2.98e-09 6.94e+04 -12.0 1.39e-04 -10.1 1.47e-02 5.96e-02f  1
 286  2.1473793e+05 2.93e-09 6.89e+04 -12.0 1.33e-04    -  7.25e-03 1.88e-02h  1
 287  2.1473793e+05 2.15e-09 6.75e+04 -12.0 1.31e-04  -7.9 2.01e-02 3.03e-01f  1
 288  2.1473793e+05 2.11e-09 6.06e+04 -12.0 1.01e-04  -8.3 1.02e-01 2.07e-02h  1
 289  2.1473793e+05 1.57e-09 5.91e+04 -12.0 1.01e-04  -8.8 2.49e-02 2.08e-01f  1
iter    objective    inf_pr   inf_du lg(mu)  ||d||  lg(rg) alpha_du alpha_pr  ls
 290  2.1473793e+05 1.22e-09 5.82e+04 -12.0 8.52e-05  -8.4 1.46e-02 1.91e-01h  1
 291  2.1473793e+05 1.20e-09 5.77e+04 -12.0 7.26e-05  -8.9 9.26e-03 1.67e-02h  1
 292  2.1473793e+05 1.15e-09 5.54e+04 -12.0 7.18e-05  -8.4 3.95e-02 5.12e-02f  1
 293  2.1473793e+05 1.13e-09 5.38e+04 -12.0 6.95e-05  -8.9 2.91e-02 1.83e-02f  1
 294  2.1473793e+05 1.10e-09 5.27e+04 -12.0 6.89e-05  -8.5 2.12e-02 3.63e-02h  1
 295  2.1473793e+05 1.05e-09 5.24e+04 -12.0 6.72e-05  -9.0 5.69e-03 5.06e-02h  1
 296  2.1473793e+05 1.02e-09 5.17e+04 -12.0 6.45e-05  -8.6 1.20e-02 3.14e-02f  1
 297  2.1473793e+05 9.95e-10 5.16e+04 -12.0 6.31e-05  -9.0 2.95e-03 3.07e-02h  1
 298  2.1473793e+05 9.49e-10 4.67e+04 -12.0 6.15e-05  -8.6 9.55e-02 4.97e-02f  1
 299  2.1473793e+05 8.99e-10 4.42e+04 -12.0 6.02e-05  -9.1 5.35e-02 5.98e-02h  1
iter    objective    inf_pr   inf_du lg(mu)  ||d||  lg(rg) alpha_du alpha_pr  ls
 300  2.1473793e+05 8.62e-10 4.29e+04 -12.0 5.79e-05  -8.7 2.83e-02 4.91e-02h  1
 301  2.1473793e+05 8.23e-10 4.28e+04 -12.0 1.12e-04  -9.1 2.00e-03 5.31e-02h  1
 302  2.1473793e+05 7.96e-10 4.20e+04 -12.0 5.34e-05  -8.7 1.83e-02 3.87e-02h  1
 303  2.1473793e+05 7.68e-10 4.16e+04 -12.0 5.18e-05  -8.3 1.12e-02 4.16e-02h  1
Reallocating memory for MA57: lfact (907564)
 304  2.1473793e+05 7.35e-10 4.10e+04 -12.0 5.02e-05  -7.9 1.48e-02 5.49e-02h  1
 305  2.1473793e+05 7.01e-10 3.95e+04 -12.0 4.80e-05  -8.3 3.53e-02 7.02e-02f  1
 306  2.1473793e+05 6.52e-10 3.72e+04 -12.0 4.55e-05  -8.8 5.75e-02 1.05e-01f  1
 307  2.1473793e+05 5.70e-10 3.55e+04 -12.0 4.19e-05  -8.4 4.65e-02 1.83e-01f  1
 308  2.1473793e+05 5.22e-10 3.36e+04 -12.0 3.58e-05  -8.0 5.29e-02 1.20e-01f  1
 309  2.1473793e+05 4.71e-10 3.36e+04 -12.0 3.24e-05  -8.4 1.47e-03 1.15e-01f  1
iter    objective    inf_pr   inf_du lg(mu)  ||d||  lg(rg) alpha_du alpha_pr  ls
 310  2.1473793e+05 3.29e-10 3.34e+04 -12.0 2.93e-05  -8.9 4.98e-03 4.23e-01f  1
 311  2.1473793e+05 2.86e-10 3.34e+04 -12.0 1.88e-05  -8.5 9.75e-04 1.66e-01h  1
 312  2.1473793e+05 1.83e-10 3.22e+04 -12.0 1.62e-05  -8.1 3.41e-02 4.16e-01f  1
 313  2.1473793e+05 1.05e-10 3.03e+04 -12.0 1.06e-05  -8.5 5.95e-02 4.33e-01f  1
 314  2.1473793e+05 8.93e-11 2.78e+04 -12.0 6.84e-06  -8.1 8.46e-02 1.89e-01f  1
 315  2.1473793e+05 8.92e-11 2.68e+04 -12.0 5.83e-06  -8.6 3.61e-02 1.29e-03f  1
 316  2.1473793e+05 7.84e-11 2.53e+04 -12.0 5.85e-06  -8.2 5.48e-02 1.55e-01f  1
 317  2.1473793e+05 7.82e-11 2.50e+04 -12.0 1.64e-05    -  1.02e-02 2.38e-03f  1
 318  2.1473793e+05 7.23e-11 2.18e+04 -12.0 5.11e-06  -8.6 1.28e-01 1.00e-01f  1
 319  2.1473793e+05 7.21e-11 2.15e+04 -12.0 4.75e-06  -9.1 1.53e-02 2.73e-03f  1
iter    objective    inf_pr   inf_du lg(mu)  ||d||  lg(rg) alpha_du alpha_pr  ls
 320  2.1473793e+05 7.03e-11 2.14e+04 -12.0 4.75e-06  -8.7 5.81e-03 3.44e-02f  1
 321  2.1473793e+05 6.90e-11 1.88e+04 -12.0 4.61e-06  -8.3 1.19e-01 2.38e-02f  1
 322  2.1473793e+05 6.59e-11 1.88e+04 -12.0 4.58e-06  -8.7 1.33e-03 6.08e-02f  1
 323  2.1473793e+05 6.33e-11 1.83e+04 -12.0 4.33e-06  -8.3 2.66e-02 5.35e-02f  1
 324  2.1473793e+05 6.10e-11 1.81e+04 -12.0 4.13e-06  -7.9 1.34e-02 4.33e-02f  1
 325  2.1473793e+05 5.81e-11 1.10e+04 -12.0 3.98e-06  -8.4 3.91e-01 5.79e-02f  1
 326  2.1473793e+05 4.94e-11 8.37e+03 -12.0 3.93e-06  -8.8 2.38e-01 7.55e-01f  1
In iteration 326, 1 Slack too small, adjusting variable bound
 327  2.1473793e+05 2.14e-11 1.93e+03 -12.0 1.18e-06  -8.4 7.70e-01 7.94e-01h  1
 328  2.1473793e+05 1.79e-12 4.00e+02 -12.0 6.42e-07  -8.0 7.92e-01 9.99e-01h  1
 329  2.1473793e+05 3.86e-12 2.87e+01 -12.0 2.65e-06  -8.5 9.28e-01 9.81e-01h  1
Reallocating memory for MA57: lfact (957937)
iter    objective    inf_pr   inf_du lg(mu)  ||d||  lg(rg) alpha_du alpha_pr  ls
 330  2.1473793e+05 3.07e-12 9.16e+00 -12.0 3.50e-04  -8.9 6.81e-01 1.00e+00f  1
 331  2.1473793e+05 1.57e-13 4.59e+00 -12.0 1.09e-05  -8.5 4.99e-01 1.00e+00H  1
 332  2.1473793e+05 4.34e-12 2.52e-02 -12.0 2.91e-05  -9.0 9.95e-01 1.00e+00h  1
 333  2.1473793e+05 3.40e-13 5.27e-03 -12.0 4.58e-04  -9.5 8.06e-01 9.54e-01h  1
 334  2.1473793e+05 1.14e-13 2.22e-14 -12.0 6.20e-01    -  1.00e+00 1.00e+00f  1

Number of Iterations....: 334

                                   (scaled)                 (unscaled)
Objective...............:   2.1473793437832760e+05    2.1473793437832760e+05
Dual infeasibility......:   2.2184494064066173e-14    2.2184494064066173e-14
Constraint violation....:   1.1368683772161603e-13    1.1368683772161603e-13
Complementarity.........:   1.5260810306962172e-12    1.5260810306962172e-12
Overall NLP error.......:   1.1368683772161603e-13    1.5260810306962172e-12


Number of objective function evaluations             = 336
Number of objective gradient evaluations             = 335
Number of equality constraint evaluations            = 336
Number of inequality constraint evaluations          = 336
Number of equality constraint Jacobian evaluations   = 335
Number of inequality constraint Jacobian evaluations = 335
Number of Lagrangian Hessian evaluations             = 334
Total CPU secs in IPOPT (w/o function evaluations)   =     10.540
Total CPU secs in NLP function evaluations           =      0.021

EXIT: Optimal Solution Found.

