Solver command line: ['C:\\Users\\Alexander\\AppData\\Local\\idaes\\bin\\ipopt.exe', 'C:\\Users\\ALEXAN~1\\AppData\\Local\\Temp\\tmpyhos7wid.pyomo.nl', '-AMPL', 'linear_solver=ma27', 'max_iter=3000', 'max_cpu_time=600.0', 'tol=1e-11', 'nlp_scaling_method=none', 'acceptable_tol=1e-10', 'bound_relax_factor=0.0', 'honor_original_bounds=yes', 'warm_start_init_point=no', 'print_level=5']

Ipopt 3.13.2: linear_solver=ma27
max_iter=3000
max_cpu_time=600.0
tol=1e-11
nlp_scaling_method=none
acceptable_tol=1e-10
bound_relax_factor=0.0
honor_original_bounds=yes
warm_start_init_point=no
print_level=5


******************************************************************************
This program contains Ipopt, a library for large-scale nonlinear optimization.
 Ipopt is released as open source code under the Eclipse Public License (EPL).
         For more information visit http://projects.coin-or.org/Ipopt

This version of Ipopt was compiled from source code available at
    https://github.com/IDAES/Ipopt as part of the Institute for the Design of
    Advanced Energy Systems Process Systems Engineering Framework (IDAES PSE
    Framework) Copyright (c) 2018-2019. See https://github.com/IDAES/idaes-pse.

This version of Ipopt was compiled using HSL, a collection of Fortran codes
    for large-scale scientific computation.  All technical papers, sales and
    publicity material resulting from use of the HSL codes within IPOPT must
    contain the following acknowledgement:
        HSL, a collection of Fortran codes for large-scale scientific
        computation. See http://www.hsl.rl.ac.uk.
******************************************************************************

This is Ipopt version 3.13.2, running with linear solver ma27.

Number of nonzeros in equality constraint Jacobian...:     4734
Number of nonzeros in inequality constraint Jacobian.:     4995
Number of nonzeros in Lagrangian Hessian.............:       72

Total number of variables............................:     2547
                     variables with only lower bounds:     2259
                variables with lower and upper bounds:        0
                     variables with only upper bounds:        0
Total number of equality constraints.................:      915
Total number of inequality constraints...............:     2691
        inequality constraints with only lower bounds:      216
   inequality constraints with lower and upper bounds:        0
        inequality constraints with only upper bounds:     2475

iter    objective    inf_pr   inf_du lg(mu)  ||d||  lg(rg) alpha_du alpha_pr  ls
   0  1.9512000e+02 5.62e+02 1.54e+01  -1.0 0.00e+00    -  0.00e+00 0.00e+00   0
   1  3.5468426e+02 5.62e+02 1.61e+01  -1.0 5.17e+02    -  2.28e-04 4.60e-04h  1
   2  1.4232597e+03 5.61e+02 1.71e+01  -1.0 5.62e+02    -  1.76e-04 2.67e-03h  1
   3  1.4457914e+03 5.60e+02 1.71e+01  -1.0 1.33e+03    -  3.41e-04 5.58e-04h  1
   4  1.4365234e+03 5.60e+02 1.71e+01  -1.0 1.22e+03    -  7.79e-04 8.68e-04f  1
   5  1.2161123e+03 5.59e+02 1.71e+01  -1.0 1.12e+03    -  8.70e-04 1.44e-03f  1
   6  8.4632717e+02 5.58e+02 1.71e+01  -1.0 9.40e+02    -  1.10e-03 1.92e-03f  1
   7  4.9368549e+02 5.57e+02 1.71e+01  -1.0 7.73e+02    -  1.73e-03 2.38e-03f  1
   8  1.6224395e+02 5.54e+02 1.70e+01  -1.0 6.26e+02    -  7.62e-03 5.24e-03f  1
   9  1.1184065e+02 5.47e+02 1.68e+01  -1.0 6.26e+02    -  2.25e-02 1.23e-02f  1
iter    objective    inf_pr   inf_du lg(mu)  ||d||  lg(rg) alpha_du alpha_pr  ls
  10  1.1315056e+02 4.98e+02 1.53e+01  -1.0 6.17e+02    -  6.86e-02 9.05e-02f  1
  11  1.1904640e+02 4.84e+02 1.49e+01  -1.0 5.79e+02    -  1.43e-02 2.75e-02h  1
  12  2.9745961e+02 4.80e+02 1.66e+01  -1.0 5.28e+02    -  1.13e-04 7.41e-03h  1
  13  7.3522988e+02 4.72e+02 1.67e+01  -1.0 5.71e+02    -  5.98e-03 1.69e-02h  1
  14  1.4269739e+03 4.63e+02 1.69e+01  -1.0 5.61e+02    -  3.26e-04 1.90e-02h  1
  15  1.5011974e+03 4.62e+02 1.72e+01  -1.0 5.52e+02    -  6.90e-04 1.80e-03h  1
  16  1.9201941e+03 4.58e+02 1.74e+01  -1.0 5.52e+02    -  5.93e-04 8.93e-03h  1
  17  2.1200619e+03 4.57e+02 1.87e+01  -1.0 5.56e+02    -  1.01e-03 3.65e-03h  1
  18  3.0173783e+03 4.49e+02 1.87e+01  -1.0 5.44e+02    -  3.41e-03 1.62e-02h  1
  19  3.1264011e+03 4.48e+02 1.87e+01  -1.0 5.97e+02    -  6.78e-04 1.66e-03h  1
iter    objective    inf_pr   inf_du lg(mu)  ||d||  lg(rg) alpha_du alpha_pr  ls
  20  3.6509232e+03 4.45e+02 1.88e+01  -1.0 5.34e+02    -  3.94e-04 6.88e-03h  1
  21  4.2345146e+03 4.42e+02 1.91e+01  -1.0 5.33e+02    -  1.95e-03 6.94e-03h  1
  22  5.2034130e+03 4.37e+02 1.95e+01  -1.0 5.29e+02    -  1.40e-03 1.07e-02h  1
  23  5.5967423e+03 4.36e+02 1.95e+01  -1.0 5.22e+02    -  2.45e-03 4.32e-03h  1
  24  6.5263953e+03 4.32e+02 1.95e+01  -1.0 5.20e+02    -  2.89e-04 9.22e-03h  1
  25  7.0263673e+03 4.30e+02 1.95e+01  -1.0 5.15e+02    -  1.40e-03 4.71e-03h  1
  26  8.2826513e+03 4.24e+02 1.94e+01  -1.0 5.12e+02    -  4.80e-03 1.18e-02h  1
  27  8.9883928e+03 4.22e+02 1.95e+01  -1.0 5.06e+02    -  7.11e-04 6.22e-03h  1
  28  1.0124105e+04 4.18e+02 1.97e+01  -1.0 5.03e+02    -  1.54e-03 9.58e-03h  1
  29  1.0728693e+04 4.16e+02 1.96e+01  -1.0 4.98e+02    -  1.90e-03 5.05e-03h  1
iter    objective    inf_pr   inf_du lg(mu)  ||d||  lg(rg) alpha_du alpha_pr  ls
  30  1.8307617e+04 3.90e+02 1.99e+01  -1.0 4.95e+02    -  1.63e-03 6.15e-02h  1
  31  1.8721485e+04 3.89e+02 1.99e+01  -1.0 5.44e+02    -  2.81e-03 3.58e-03h  1
  32  1.9877320e+04 3.85e+02 1.99e+01  -1.0 4.63e+02    -  1.50e-03 9.82e-03h  1
  33  2.0539328e+04 3.83e+02 1.99e+01  -1.0 4.94e+02    -  1.78e-03 5.60e-03h  1
  34  2.6219153e+04 3.64e+02 2.08e+01  -1.0 4.49e+02    -  4.94e-03 4.82e-02h  1
  35  2.6463824e+04 3.64e+02 2.08e+01  -1.0 4.49e+02    -  1.54e-03 2.16e-03h  1
  36  2.9163506e+04 3.55e+02 2.14e+01  -1.0 4.29e+02    -  1.60e-03 2.37e-02h  1
  37  3.0174147e+04 3.52e+02 2.15e+01  -1.0 4.90e+02    -  4.63e-03 9.02e-03h  1
  38  3.1844729e+04 3.46e+02 2.16e+01  -1.0 4.06e+02    -  5.72e-03 1.48e-02h  1
  39  3.3432252e+04 3.42e+02 2.17e+01  -1.0 4.07e+02    -  5.46e-03 1.41e-02h  1
iter    objective    inf_pr   inf_du lg(mu)  ||d||  lg(rg) alpha_du alpha_pr  ls
  40  3.3567141e+04 3.41e+02 2.17e+01  -1.0 4.04e+02    -  6.71e-04 1.17e-03h  1
  41  3.6468263e+04 3.33e+02 2.25e+01  -1.0 4.02e+02    -  1.66e-04 2.41e-02h  1
  42  3.8244318e+04 3.28e+02 2.26e+01  -1.0 3.89e+02    -  7.19e-03 1.48e-02h  1
  43  3.8907040e+04 3.26e+02 2.22e+01  -1.0 3.67e+02    -  9.36e-03 5.60e-03h  1
  44  4.0688872e+04 3.22e+02 2.27e+01  -1.0 3.65e+02    -  8.94e-05 1.43e-02h  1
  45  4.4860506e+04 3.11e+02 2.31e+01  -1.0 3.62e+02    -  1.13e-02 3.33e-02h  1
  46  4.8866006e+04 3.01e+02 2.38e+01  -1.0 3.50e+02    -  7.53e-03 3.25e-02h  1
  47  5.4934352e+04 2.86e+02 2.48e+01  -1.0 3.39e+02    -  9.91e-03 5.06e-02h  1
  48  5.6259720e+04 2.82e+02 2.49e+01  -1.0 3.22e+02    -  4.07e-03 1.16e-02h  1
  49  5.9302884e+04 2.75e+02 2.50e+01  -1.0 3.18e+02    -  1.24e-02 2.68e-02h  1
iter    objective    inf_pr   inf_du lg(mu)  ||d||  lg(rg) alpha_du alpha_pr  ls
  50  6.2769110e+04 2.66e+02 2.54e+01  -1.0 3.09e+02    -  7.43e-03 3.10e-02h  1
  51  6.5299652e+04 2.60e+02 2.57e+01  -1.0 3.20e+02    -  7.17e-03 2.32e-02h  1
  52  6.9767254e+04 2.49e+02 2.62e+01  -1.0 3.67e+02    -  1.17e-02 4.17e-02h  1
  53  7.2828055e+04 2.42e+02 2.66e+01  -1.0 4.42e+02    -  5.47e-03 2.94e-02h  1
  54  7.7283124e+04 2.31e+02 2.73e+01  -1.0 4.68e+02    -  8.62e-03 4.37e-02h  1
  55  7.9733551e+04 2.25e+02 2.72e+01  -1.0 4.74e+02    -  1.31e-02 2.52e-02h  1
  56  8.3527402e+04 2.16e+02 2.79e+01  -1.0 4.37e+02    -  4.14e-03 3.98e-02h  1
  57  8.3739095e+04 2.16e+02 2.77e+01  -1.0 3.82e+02    -  4.55e-03 2.30e-03h  1
  58  8.4931985e+04 2.13e+02 2.80e+01  -1.0 3.90e+02    -  8.23e-05 1.24e-02h  1
  59  8.9208993e+04 2.04e+02 2.81e+01  -1.0 4.05e+02    -  1.68e-02 4.49e-02h  1
iter    objective    inf_pr   inf_du lg(mu)  ||d||  lg(rg) alpha_du alpha_pr  ls
  60  9.2480939e+04 1.96e+02 2.83e+01  -1.0 4.57e+02    -  1.08e-02 3.58e-02h  1
  61  9.6435469e+04 1.88e+02 2.81e+01  -1.0 4.54e+02    -  2.17e-02 4.46e-02h  1
  62  9.9470527e+04 1.81e+02 2.82e+01  -1.0 4.14e+02    -  1.39e-02 3.58e-02h  1
  63  1.0009194e+05 1.80e+02 2.68e+01  -1.0 3.52e+02    -  3.26e-02 7.64e-03h  1
  64  1.0043750e+05 1.79e+02 2.67e+01  -1.0 3.74e+02    -  3.18e-03 4.28e-03h  1
  65  1.0358250e+05 1.72e+02 2.74e+01  -1.0 3.70e+02    -  1.83e-04 3.76e-02h  1
  66  1.0654972e+05 1.66e+02 2.74e+01  -1.0 3.68e+02    -  1.30e-02 3.66e-02h  1
  67  1.0787661e+05 1.63e+02 2.75e+01  -1.0 3.57e+02    -  3.69e-03 1.67e-02h  1
  68  1.0916581e+05 1.60e+02 2.75e+01  -1.0 3.45e+02    -  6.57e-03 1.63e-02h  1
  69  1.1250554e+05 1.54e+02 2.80e+01  -1.0 3.35e+02    -  4.55e-03 4.20e-02h  1
iter    objective    inf_pr   inf_du lg(mu)  ||d||  lg(rg) alpha_du alpha_pr  ls
  70  1.1542520e+05 1.48e+02 2.79e+01  -1.0 3.11e+02    -  1.45e-02 3.80e-02h  1
  71  1.1971572e+05 1.39e+02 2.84e+01  -1.0 2.89e+02    -  8.28e-03 5.75e-02h  1
  72  1.2066965e+05 1.37e+02 2.83e+01  -1.0 2.80e+02    -  7.45e-03 1.35e-02h  1
  73  1.2369663e+05 1.31e+02 3.01e+01  -1.0 2.81e+02    -  8.17e-03 4.33e-02h  1
  74  1.3026720e+05 1.19e+02 3.27e+01  -1.0 2.67e+02    -  2.14e-02 9.73e-02h  1
  75  1.3296777e+05 1.14e+02 3.24e+01  -1.0 2.90e+02    -  2.59e-02 4.16e-02h  1
  76  1.3349951e+05 1.13e+02 3.25e+01  -1.0 2.59e+02    -  2.20e-03 8.23e-03h  1
  77  1.3590188e+05 1.09e+02 3.31e+01  -1.0 2.49e+02    -  1.01e-02 3.73e-02h  1
  78  1.3798087e+05 1.05e+02 3.22e+01  -1.0 2.00e+02    -  2.93e-02 3.30e-02h  1
  79  1.3965760e+05 1.02e+02 3.21e+01  -1.0 1.84e+02    -  1.55e-02 2.69e-02h  1
iter    objective    inf_pr   inf_du lg(mu)  ||d||  lg(rg) alpha_du alpha_pr  ls
  80  1.4198048e+05 9.83e+01 3.32e+01  -1.0 2.42e+02    -  4.12e-03 3.79e-02h  1
  81  1.4646856e+05 9.09e+01 3.38e+01  -1.0 2.23e+02    -  2.94e-02 7.55e-02h  1
  82  1.4673113e+05 9.04e+01 3.37e+01  -1.0 2.12e+02    -  4.48e-03 4.66e-03h  1
  83  1.4901025e+05 8.68e+01 3.51e+01  -1.0 2.10e+02    -  1.96e-03 4.04e-02h  1
  84  1.4974015e+05 8.56e+01 2.93e+01  -1.0 2.01e+02    -  8.46e-02 1.34e-02h  1
  85  1.5043003e+05 8.45e+01 2.98e+01  -1.0 1.79e+02    -  2.49e-04 1.26e-02h  1
  86  1.5287831e+05 8.08e+01 2.99e+01  -1.0 1.75e+02    -  2.60e-02 4.45e-02h  1
  87  1.5531253e+05 7.71e+01 3.20e+01  -1.0 1.72e+02    -  2.26e-03 4.52e-02h  1
  88  1.5641066e+05 7.55e+01 3.18e+01  -1.0 1.81e+02    -  1.43e-02 2.08e-02h  1
  89  1.5899348e+05 7.18e+01 3.40e+01  -1.0 1.76e+02    -  4.29e-03 4.88e-02h  1
iter    objective    inf_pr   inf_du lg(mu)  ||d||  lg(rg) alpha_du alpha_pr  ls
  90  1.6100930e+05 6.90e+01 3.37e+01  -1.0 1.40e+02    -  2.78e-02 3.95e-02h  1
  91  1.6324886e+05 6.58e+01 3.61e+01  -1.0 9.09e+01    -  2.55e-03 4.66e-02h  1
  92  1.6399640e+05 6.47e+01 3.51e+01  -1.0 9.95e+01    -  2.11e-02 1.61e-02h  1
  93  1.6685192e+05 6.07e+01 3.72e+01  -1.0 9.44e+01    -  1.73e-02 6.26e-02h  1
  94  1.6798784e+05 5.91e+01 3.81e+01  -1.0 1.02e+02    -  7.63e-03 2.67e-02h  1
  95  1.6919040e+05 5.73e+01 3.61e+01  -1.0 1.50e+02    -  3.81e-02 2.89e-02h  1
  96  1.7119966e+05 5.46e+01 3.94e+01  -1.0 9.71e+01    -  7.23e-04 4.86e-02h  1
  97  1.7169858e+05 5.39e+01 3.64e+01  -1.0 1.31e+02    -  3.54e-02 1.25e-02h  1
  98  1.7371208e+05 5.12e+01 3.96e+01  -1.0 1.51e+02    -  5.26e-03 5.05e-02h  1
  99  1.7447709e+05 5.01e+01 4.03e+01  -1.0 1.03e+02    -  7.92e-03 2.01e-02h  1
iter    objective    inf_pr   inf_du lg(mu)  ||d||  lg(rg) alpha_du alpha_pr  ls
 100  1.7488771e+05 4.96e+01 3.94e+01  -1.0 1.05e+02    -  1.46e-02 1.09e-02h  1
 101  1.7621441e+05 4.78e+01 4.22e+01  -1.0 1.08e+02    -  8.51e-04 3.51e-02h  1
 102  1.7672780e+05 4.72e+01 4.27e+01  -1.0 1.12e+02    -  9.25e-03 1.40e-02h  1
 103  1.7839226e+05 4.50e+01 4.54e+01  -1.0 1.12e+02    -  9.19e-03 4.58e-02h  1
 104  1.8010115e+05 4.28e+01 4.22e+01  -1.0 1.18e+02    -  5.60e-02 4.91e-02h  1
 105  1.8431845e+05 3.74e+01 3.54e+01  -1.0 1.31e+02    -  1.38e-01 1.27e-01h  1
 106  1.8642761e+05 3.47e+01 3.98e+01  -1.0 1.46e+02    -  2.74e-02 7.24e-02h  1
 107  1.8669906e+05 3.43e+01 3.98e+01  -1.0 1.66e+02    -  7.81e-03 1.01e-02h  1
 108  1.8961399e+05 3.06e+01 5.57e+01  -1.0 1.71e+02    -  4.67e-03 1.09e-01h  1
 109  1.8972678e+05 3.04e+01 5.46e+01  -1.0 1.62e+02    -  8.94e-03 4.71e-03h  1
iter    objective    inf_pr   inf_du lg(mu)  ||d||  lg(rg) alpha_du alpha_pr  ls
 110  1.9021327e+05 2.98e+01 5.69e+01  -1.0 1.57e+02    -  2.38e-03 2.03e-02h  1
 111  1.9066800e+05 2.92e+01 3.31e+01  -1.0 1.30e+02    -  1.37e-01 1.93e-02h  1
 112  1.9269349e+05 2.67e+01 3.77e+01  -1.0 1.21e+02    -  4.88e-02 8.67e-02h  1
 113  1.9343849e+05 2.58e+01 3.85e+01  -1.0 7.48e+01    -  2.45e-02 3.43e-02h  1
 114  1.9730959e+05 2.11e+01 7.04e+01  -1.0 7.56e+01    -  7.49e-03 1.83e-01h  1
 115  1.9810046e+05 2.01e+01 6.07e+01  -1.0 8.74e+01    -  6.93e-02 4.52e-02h  1
 116  2.0027060e+05 1.75e+01 8.76e+01  -1.0 7.74e+01    -  8.24e-03 1.32e-01h  1
 117  2.0222231e+05 1.51e+01 9.89e+01  -1.0 7.32e+01    -  6.50e-02 1.37e-01h  1
 118  2.0348133e+05 1.35e+01 3.53e+01  -1.0 6.14e+01    -  2.44e-01 1.02e-01h  1
 119  2.0389671e+05 1.30e+01 4.44e+01  -1.0 3.15e+01    -  1.18e-02 3.69e-02h  1
iter    objective    inf_pr   inf_du lg(mu)  ||d||  lg(rg) alpha_du alpha_pr  ls
 120  2.0589250e+05 1.06e+01 1.12e+02  -1.0 2.78e+01    -  1.31e-02 1.83e-01h  1
 121  2.0693160e+05 9.41e+00 1.17e+01  -1.0 2.18e+01    -  3.06e-01 1.17e-01h  1
 122  2.1053839e+05 5.08e+00 1.89e+02  -1.0 2.57e+01    -  1.43e-01 4.60e-01h  1
 123  2.1259624e+05 2.62e+00 9.86e+01  -1.0 1.38e+01    -  4.82e-01 4.83e-01h  1
 124  2.1408106e+05 8.59e-01 1.98e+02  -1.0 1.09e+01    -  7.80e-01 6.73e-01h  1
 125  2.1439732e+05 4.85e-01 2.19e+03  -1.0 2.82e+01    -  7.54e-01 4.36e-01h  1
 126  2.1469271e+05 1.40e-01 2.55e+02  -1.0 4.96e+01    -  6.34e-01 7.10e-01h  1
 127  2.1472669e+05 1.01e-01 2.87e+04  -1.0 1.44e+01    -  1.00e+00 2.78e-01h  1
 128  2.1481445e+05 1.09e-03 9.03e+02  -1.0 1.09e+01    -  1.00e+00 9.89e-01h  1
 129  2.1481469e+05 8.14e-04 3.87e+06  -1.0 1.15e+00    -  1.00e+00 2.51e-01h  1
iter    objective    inf_pr   inf_du lg(mu)  ||d||  lg(rg) alpha_du alpha_pr  ls
 130  2.1481512e+05 3.25e-04 4.31e+06  -1.0 8.12e-01    -  1.00e+00 6.00e-01h  1
 131  2.1481528e+05 1.35e-04 8.95e+06  -1.0 3.26e-01    -  1.00e+00 5.86e-01h  1
 132  2.1481535e+05 5.59e-05 2.10e+07  -1.0 1.35e-01    -  1.00e+00 5.86e-01h  1
 133  2.1481538e+05 2.31e-05 5.04e+07  -1.0 5.60e-02    -  1.00e+00 5.86e-01h  1
 134  2.1481539e+05 9.59e-06 1.22e+08  -1.0 2.32e-02    -  1.00e+00 5.86e-01h  1
 135  2.1481540e+05 3.97e-06 2.93e+08  -1.0 9.62e-03    -  1.00e+00 5.86e-01h  1
 136  2.1481540e+05 1.64e-06 7.08e+08  -1.0 3.98e-03    -  1.00e+00 5.86e-01h  1
 137  2.1481540e+05 6.81e-07 1.71e+09  -1.0 1.65e-03    -  1.00e+00 5.86e-01h  1
 138  2.1481540e+05 2.82e-07 4.13e+09  -1.0 6.83e-04    -  1.00e+00 5.86e-01h  1
 139  2.1481540e+05 1.17e-07 9.97e+09  -1.0 2.83e-04    -  1.00e+00 5.86e-01h  1
iter    objective    inf_pr   inf_du lg(mu)  ||d||  lg(rg) alpha_du alpha_pr  ls
 140  2.1481540e+05 4.84e-08 2.41e+10  -1.0 1.17e-04    -  1.00e+00 5.86e-01h  1
 141  2.1481540e+05 2.01e-08 5.81e+10  -1.0 4.86e-05    -  1.00e+00 5.86e-01h  1
 142  2.1481540e+05 8.31e-09 1.40e+11  -1.0 2.01e-05    -  1.00e+00 5.86e-01h  1
 143  2.1481540e+05 3.44e-09 3.39e+11  -1.0 8.33e-06    -  1.00e+00 5.86e-01h  1
 144  2.1481540e+05 1.43e-09 8.17e+11  -1.0 3.45e-06    -  1.00e+00 5.86e-01h  1
 145  2.1481540e+05 5.90e-10 1.97e+12  -1.0 1.43e-06    -  1.00e+00 5.86e-01h  1
 146  2.1481540e+05 2.45e-10 4.76e+12  -1.0 5.92e-07    -  1.00e+00 5.86e-01h  1
 147  2.1481540e+05 1.01e-10 1.15e+13  -1.0 2.45e-07    -  1.00e+00 5.86e-01h  1
 148  2.1481540e+05 4.21e-11 2.78e+13  -1.0 1.02e-07    -  1.00e+00 5.86e-01h  1
In iteration 148, 2 Slacks too small, adjusting variable bounds
 149  2.1481540e+05 1.74e-11 6.70e+13  -1.0 4.21e-08    -  1.00e+00 5.86e-01h  1
In iteration 149, 8 Slacks too small, adjusting variable bounds
iter    objective    inf_pr   inf_du lg(mu)  ||d||  lg(rg) alpha_du alpha_pr  ls
 150  2.1481540e+05 5.80e-12 1.30e+14  -1.0 1.74e-08    -  1.00e+00 6.68e-01h  1
In iteration 150, 22 Slacks too small, adjusting variable bounds
 151  2.1481540e+05 2.50e-12 4.70e+14  -1.0 5.79e-09    -  1.00e+00 5.74e-01h  1
In iteration 151, 480 Slacks too small, adjusting variable bounds
 152  2.1481540e+05 1.02e-12 1.59e+15  -1.0 2.47e-09    -  1.00e+00 6.13e-01h  1
In iteration 152, 8 Slacks too small, adjusting variable bounds
 153  2.1481540e+05 1.14e-13 1.00e+00  -1.0 9.57e-10    -  1.00e+00 1.00e+00h  1
In iteration 153, 1 Slack too small, adjusting variable bound
 154  2.1477672e+05 1.71e-13 1.93e+15 -12.0 6.86e-01    -  8.59e-01 5.03e-01f  1
 155  2.1475058e+05 1.08e-13 1.82e+15 -12.0 1.74e+00    -  5.56e-01 1.33e-01f  1
 156  2.1474131e+05 1.49e-13 9.47e+14 -12.0 2.30e-01    -  3.87e-01 4.73e-01f  1
 157  2.1473881e+05 7.73e-14 4.00e+14 -12.0 1.30e-01    -  6.45e-01 5.84e-01f  1
 158  2.1473816e+05 1.49e-13 1.29e+14 -12.0 8.12e-02    -  7.17e-01 6.80e-01f  1
 159  2.1473802e+05 1.14e-13 4.75e+13 -12.0 3.40e-02    -  7.54e-01 6.41e-01f  1
iter    objective    inf_pr   inf_du lg(mu)  ||d||  lg(rg) alpha_du alpha_pr  ls
 160  2.1473795e+05 9.24e-14 3.61e+12 -12.0 1.76e-02    -  5.08e-01 9.05e-01f  1
 161  2.1473794e+05 1.99e-13 6.89e+11 -12.0 6.16e-03    -  6.60e-01 7.73e-01f  1
 162  2.1473794e+05 2.97e-12 2.65e+11 -12.0 3.91e-03    -  7.12e-01 6.50e-01f  1
 163  2.1473794e+05 7.61e-12 5.75e+10 -12.0 3.13e-03    -  6.25e-01 7.36e-01f  1
 164  2.1473793e+05 7.09e-11 1.58e+10 -12.0 1.96e-03    -  6.31e-01 6.85e-01f  1
 165  2.1473793e+05 1.58e-11 1.56e+09 -12.0 1.24e-03    -  6.14e-01 7.69e-01f  1
 166  2.1473793e+05 6.83e-11 1.78e+09 -12.0 6.58e-04    -  5.93e-01 8.48e-01f  1
 167  2.1473793e+05 7.81e-11 3.49e+08 -12.0 2.79e-04    -  8.87e-01 4.35e-01h  1
 168  2.1473793e+05 2.89e-10 4.66e+07 -12.0 2.19e-04    -  6.94e-01 7.92e-01f  1
 169  2.1473793e+05 2.20e-08 7.07e+07 -12.0 7.17e-05    -  1.29e-01 8.79e-01f  1
iter    objective    inf_pr   inf_du lg(mu)  ||d||  lg(rg) alpha_du alpha_pr  ls
 170  2.1473793e+05 1.18e-08 1.21e+07 -12.0 1.01e-04    -  8.37e-01 8.72e-01h  1
 171  2.1473793e+05 1.16e-08 1.66e+06 -12.0 1.84e-03    -  9.74e-01 1.55e-02h  7
 172  2.1473793e+05 1.13e-06 3.13e-10 -12.0 5.02e-02    -  1.00e+00 1.00e+00h  1
 173  2.1473793e+05 4.13e-08 2.20e+01 -12.0 3.52e-01    -  9.25e-01 1.00e+00h  1
 174  2.1473793e+05 2.23e-12 7.28e-12 -12.0 1.84e-01    -  1.00e+00 1.00e+00h  1

Number of Iterations....: 174

                                   (scaled)                 (unscaled)
Objective...............:   2.1473793437832774e+05    2.1473793437832774e+05
Dual infeasibility......:   7.2759576141834259e-12    7.2759576141834259e-12
Constraint violation....:   2.2311041902867146e-12    2.2311041902867146e-12
Complementarity.........:   1.5260810306956889e-12    1.5260810306956889e-12
Overall NLP error.......:   2.2311041902867146e-12    7.2759576141834259e-12


Number of objective function evaluations             = 181
Number of objective gradient evaluations             = 175
Number of equality constraint evaluations            = 181
Number of inequality constraint evaluations          = 181
Number of equality constraint Jacobian evaluations   = 175
Number of inequality constraint Jacobian evaluations = 175
Number of Lagrangian Hessian evaluations             = 174
Total CPU secs in IPOPT (w/o function evaluations)   =      0.893
Total CPU secs in NLP function evaluations           =      0.008

EXIT: Optimal Solution Found.

