46 endpoint face evaluations
I1_incumbent_start|rho100|regime0|b|s=0.885893714427948 100.0 I1 {'d0.01_dual_face_range': 0.0019, 'd0.01_primal_face_range': 0.01, 'd1e-05_dual_face_range': 0.0, 'd1e-05_primal_face_range': 0.0}
I1_incumbent_start|rho100|regime0|a|s=0.8858937129378318 100.0 I1 {'d0.01_dual_face_range': 0.0019, 'd0.01_primal_face_range': 0.01, 'd1e-05_dual_face_range': 0.0, 'd1e-05_primal_face_range': 0.0}
I1_incumbent_start|rho100|regime1|a|s=0.8240051254630089 100.0 I1 {'d0.01_dual_face_range': 0.0019, 'd0.01_primal_face_range': 0.01, 'd1e-05_dual_face_range': 0.0, 'd1e-05_primal_face_range': 0.0}
I1_incumbent_start|rho100|regime1|b|s=0.824005126953125 100.0 I1 {'d0.01_dual_face_range': 0.0019, 'd0.01_primal_face_range': 0.01, 'd1e-05_dual_face_range': 0.0, 'd1e-05_primal_face_range': 0.0}
I1_incumbent_start|rho100|regime2|a|s=0.7750007629394531 100.0 I1 {'d0.01_dual_face_range': 0.0019, 'd0.01_primal_face_range': 0.01, 'd1e-05_dual_face_range': 0.0, 'd1e-05_primal_face_range': 0.0}
I1_incumbent_start|rho100|regime2|b|s=0.7750007644295692 100.0 I1 {'d0.01_dual_face_range': 0.0019, 'd0.01_primal_face_range': 0.01, 'd1e-05_dual_face_range': 0.0, 'd1e-05_primal_face_range': 0.0}
I1_incumbent_start|rho100|regime3|a|s=0.6178539469838142 100.0 I1 {'d0.01_dual_face_range': 0.0019, 'd0.01_primal_face_range': 0.01, 'd1e-05_dual_face_range': 0.0, 'd1e-05_primal_face_range': 0.0}
I1_incumbent_start|rho100|regime3|b|s=0.6178539484739303 100.0 I1 {'d0.01_dual_face_range': 0.0019, 'd0.01_primal_face_range': 0.01, 'd1e-05_dual_face_range': 0.0, 'd1e-05_primal_face_range': 0.0}
I1_selected_replace_N6_10mw_4h|rho100|regime0|a|s=0.8441301241517069 100.0 I1 {'d0.01_dual_face_range': 0.0019, 'd0.01_primal_face_range': 0.01, 'd1e-05_dual_face_range': 0.0, 'd1e-05_primal_face_range': 0.0}
I1_selected_replace_N6_10mw_4h|rho100|regime0|b|s=0.844130125641823 100.0 I1 {'d0.01_dual_face_range': 0.0019, 'd0.01_primal_face_range': 0.01, 'd1e-05_dual_face_range': 0.0, 'd1e-05_primal_face_range': 0.0}
I1_selected_replace_N6_10mw_4h|rho100|regime1|a|s=0.895941238105297 100.0 I1 {'d0.01_dual_face_range': 0.0019, 'd0.01_primal_face_range': 0.01, 'd1e-05_dual_face_range': 0.0, 'd1e-05_primal_face_range': 0.0}
I1_selected_replace_N6_10mw_4h|rho100|regime1|b|s=0.8959412395954132 100.0 I1 {'d0.01_dual_face_range': 0.0019, 'd0.01_primal_face_range': 0.01, 'd1e-05_dual_face_range': 0.0, 'd1e-05_primal_face_range': 0.0}
I1_selected_replace_N6_10mw_4h|rho100|regime2|a|s=0.9543950095772743 100.0 I1 {'d0.01_dual_face_range': 0.0019, 'd0.01_primal_face_range': 0.01, 'd1e-05_dual_face_range': 0.0, 'd1e-05_primal_face_range': 0.0}
I1_selected_replace_N6_10mw_4h|rho100|regime2|b|s=0.9543950110673904 100.0 I1 {'d0.01_dual_face_range': 0.0019, 'd0.01_primal_face_range': 0.01, 'd1e-05_dual_face_range': 0.0, 'd1e-05_primal_face_range': 0.0}
I2_incumbent_start|rho100|regime1|a|s=0.028604291677474976 100.0 I2 {'d0.01_dual_face_range': 0.0069, 'd0.01_primal_face_range': 0.01, 'd1e-05_dual_face_range': 0.0, 'd1e-05_primal_face_range': 0.0}
I2_incumbent_start|rho100|regime1|b|s=0.028604292273521424 100.0 I2 {'d0.01_dual_face_range': 0.0069, 'd0.01_primal_face_range': 0.01, 'd1e-05_dual_face_range': 0.0, 'd1e-05_primal_face_range': 0.0}
I2_incumbent_start|rho100|regime2|a|s=0.009411018490791321 100.0 I2 {'d0.01_dual_face_range': 0.0069, 'd0.01_primal_face_range': 0.01, 'd1e-05_dual_face_range': 0.0, 'd1e-05_primal_face_range': 0.0}
I2_incumbent_start|rho100|regime2|b|s=0.009411018788814545 100.0 I2 {'d0.01_dual_face_range': 0.0069, 'd0.01_primal_face_range': 0.01, 'd1e-05_dual_face_range': 0.0, 'd1e-05_primal_face_range': 0.0}
I2_incumbent_start|rho100|regime3|a|s=0.0003309622287750244 100.0 I2 {'d0.01_dual_face_range': 0.0069, 'd0.01_primal_face_range': 0.01, 'd1e-05_dual_face_range': 0.0, 'd1e-05_primal_face_range': 0.0}
I2_incumbent_start|rho100|regime3|b|s=0.0003309626579284668 100.0 I2 {'d0.01_dual_face_range': 0.0069, 'd0.01_primal_face_range': 0.01, 'd1e-05_dual_face_range': 0.0, 'd1e-05_primal_face_range': 0.0}
I2_selected_replace_N3_10mw_2h|rho100|regime0|a|s=0.8076660424470901 100.0 I2 {'d0.01_dual_face_range': 0.0069, 'd0.01_primal_face_range': 0.01, 'd1e-05_dual_face_range': 0.0, 'd1e-05_primal_face_range': 0.0}
I2_selected_replace_N3_10mw_2h|rho100|regime0|b|s=0.8076660439372062 100.0 I2 {'d0.01_dual_face_range': 0.0069, 'd0.01_primal_face_range': 0.01, 'd1e-05_dual_face_range': 0.0, 'd1e-05_primal_face_range': 0.0}
I2_selected_replace_N3_10mw_2h|rho100|regime3|a|s=0.00020110425949096682 100.0 I2 {'d0.01_dual_face_range': 0.0069, 'd0.01_primal_face_range': 0.01, 'd1e-05_dual_face_range': 0.0, 'd1e-05_primal_face_range': 0.0}
I2_selected_replace_N3_10mw_2h|rho100|regime3|b|s=0.0002011046886444092 100.0 I2 {'d0.01_dual_face_range': 0.0069, 'd0.01_primal_face_range': 0.01, 'd1e-05_dual_face_range': 0.0, 'd1e-05_primal_face_range': 0.0}
I3_incumbent_start|rho25|regime3|a|s=0.042904896736145025 25.0 I3 {'d0.01_dual_face_range': 0.002, 'd0.01_primal_face_range': 0.01, 'd1e-05_dual_face_range': 0.0, 'd1e-05_primal_face_range': 0.0}
I3_incumbent_start|rho25|regime3|b|s=0.042904897928237914 25.0 I3 {'d0.01_dual_face_range': 0.002, 'd0.01_primal_face_range': 0.01, 'd1e-05_dual_face_range': 0.0, 'd1e-05_primal_face_range': 0.0}
I3_incumbent_start|rho25|regime5|a|s=0.8381378158926961 25.0 I3 {'d0.01_dual_face_range': 0.0019, 'd0.01_primal_face_range': 0.01, 'd1e-05_dual_face_range': 0.0, 'd1e-05_primal_face_range': 0.0}
I3_incumbent_start|rho25|regime5|b|s=0.8381378173828122 25.0 I3 {'d0.01_dual_face_range': 0.0019, 'd0.01_primal_face_range': 0.01, 'd1e-05_dual_face_range': 0.0, 'd1e-05_primal_face_range': 0.0}
I3_incumbent_start|rho100|regime1|a|s=0.9979857042431832 100.0 I3 {'d0.01_dual_face_range': 0.002, 'd0.01_primal_face_range': 0.01, 'd1e-05_dual_face_range': 0.0, 'd1e-05_primal_face_range': 0.0}
I3_incumbent_start|rho100|regime1|b|s=0.9979857057332993 100.0 I3 {'d0.01_dual_face_range': 0.002, 'd0.01_primal_face_range': 0.01, 'd1e-05_dual_face_range': 0.0, 'd1e-05_primal_face_range': 0.0}
I3_incumbent_start|rho100|regime2|b|s=0.9668404966592787 100.0 I3 {'d0.01_dual_face_range': 0.0019, 'd0.01_primal_face_range': 0.01, 'd1e-05_dual_face_range': 0.0, 'd1e-05_primal_face_range': 0.0}
I3_incumbent_start|rho100|regime2|a|s=0.9668404951691626 100.0 I3 {'d0.01_dual_face_range': 0.0019, 'd0.01_primal_face_range': 0.01, 'd1e-05_dual_face_range': 0.0, 'd1e-05_primal_face_range': 0.0}
I3_incumbent_start|rho100|regime3|a|s=0.9214594423770904 100.0 I3 {'d0.01_dual_face_range': 0.0019, 'd0.01_primal_face_range': 0.01, 'd1e-05_dual_face_range': 0.0, 'd1e-05_primal_face_range': 0.0}
I3_incumbent_start|rho100|regime3|b|s=0.9214594438672066 100.0 I3 {'d0.01_dual_face_range': 0.0019, 'd0.01_primal_face_range': 0.01, 'd1e-05_dual_face_range': 0.0, 'd1e-05_primal_face_range': 0.0}
I3_selected_duration_8h|rho25|cliff0|a|s=0.030000112056732177 25.0 I3 {'d0.01_dual_face_range': 0.0019, 'd0.01_primal_face_range': 0.01, 'd1e-05_dual_face_range': 0.0, 'd1e-05_primal_face_range': 0.0}
I3_selected_duration_8h|rho25|cliff0|b|s=0.030000113248825074 25.0 I3 {'d0.01_dual_face_range': 0.0019, 'd0.01_primal_face_range': 0.01, 'd1e-05_dual_face_range': 0.0, 'd1e-05_primal_face_range': 0.0}
I3_selected_duration_8h|rho25|regime6|a|s=0.0014696086645126344 25.0 I3 {'d0.01_dual_face_range': 0.002, 'd0.01_primal_face_range': 0.01, 'd1e-05_dual_face_range': 0.0, 'd1e-05_primal_face_range': 0.0}
I3_selected_duration_8h|rho25|regime6|b|s=0.001469609022140503 25.0 I3 {'d0.01_dual_face_range': 0.002, 'd0.01_primal_face_range': 0.01, 'd1e-05_dual_face_range': 0.0, 'd1e-05_primal_face_range': 0.0}
I3_selected_duration_8h|rho100|regime3|a|s=0.9983356460928916 100.0 I3 {'d0.01_dual_face_range': 0.0004, 'd0.01_primal_face_range': 0.01, 'd1e-05_dual_face_range': 0.0, 'd1e-05_primal_face_range': 0.0}
I3_selected_duration_8h|rho100|regime3|b|s=0.9983356475830077 100.0 I3 {'d0.01_dual_face_range': 0.0004, 'd0.01_primal_face_range': 0.01, 'd1e-05_dual_face_range': 0.0, 'd1e-05_primal_face_range': 0.0}
I3_selected_duration_8h|rho100|regime4|a|s=0.000136740255355835 100.0 I3 {'d0.01_dual_face_range': 0.0018, 'd0.01_primal_face_range': 0.01, 'd1e-05_dual_face_range': 0.0, 'd1e-05_primal_face_range': 0.0}
I3_selected_duration_8h|rho100|regime4|b|s=0.00013674068450927738 100.0 I3 {'d0.01_dual_face_range': 0.0018, 'd0.01_primal_face_range': 0.01, 'd1e-05_dual_face_range': 0.0, 'd1e-05_primal_face_range': 0.0}
I3_selected_duration_8h|rho100|regime5|a|s=0.020859962701797484 100.0 I3 {'d0.01_dual_face_range': 0.0019, 'd0.01_primal_face_range': 0.01, 'd1e-05_dual_face_range': 0.0, 'd1e-05_primal_face_range': 0.0}
I3_selected_duration_8h|rho100|regime5|b|s=0.020859963297843932 100.0 I3 {'d0.01_dual_face_range': 0.0019, 'd0.01_primal_face_range': 0.01, 'd1e-05_dual_face_range': 0.0, 'd1e-05_primal_face_range': 0.0}
I3_selected_duration_8h|rho100|regime6|a|s=5.7460594177246097e-05 100.0 I3 {'d0.01_dual_face_range': 0.0018, 'd0.01_primal_face_range': 0.01, 'd1e-05_dual_face_range': 0.0, 'd1e-05_primal_face_range': 0.0}
I3_selected_duration_8h|rho100|regime6|b|s=5.74609375e-05 100.0 I3 {'d0.01_dual_face_range': 0.0018, 'd0.01_primal_face_range': 0.01, 'd1e-05_dual_face_range': 0.0, 'd1e-05_primal_face_range': 0.0}
