incumbent ipopt_reference optimal obj=214942.115800 pd_gap=1.688e-08 comp=6.47e-09 dLMP=0.000e+00 I1:+0.000 I2:+0.000 I3:+0.000
incumbent ipopt_ma27 optimal obj=214942.115800 pd_gap=3.929e-09 comp=6.83e-12 dLMP=4.863e-04 I1:+0.006 I2:+0.040 I3:-0.227
incumbent ipopt_mumps optimal obj=214942.115800 pd_gap=6.665e-09 comp=1.38e-09 dLMP=3.351e-04 I1:+0.004 I2:+0.028 I3:-0.156
ERROR: Solver (ipopt) returned non-zero return code (1)
ERROR: Solver log: Ipopt 3.13.2: linear_solver=ma57 max_iter=3000
max_cpu_time=600.0 tol=1e-12 nlp_scaling_method=none acceptable_tol=1e-10
bound_relax_factor=0.0 honor_original_bounds=yes warm_start_init_point=no
print_level=5 Unknown keyword "acceptable_iter"
incumbent ipopt_gradient_scaling optimal obj=214942.115800 pd_gap=1.688e-08 comp=6.47e-09 dLMP=0.000e+00 I1:+0.000 I2:+0.000 I3:+0.000
incumbent ipopt_bound_push optimal obj=214942.115800 pd_gap=8.382e-09 comp=8.23e-09 dLMP=4.349e-04 I1:+0.005 I2:+0.036 I3:-0.203
I1:replace_N9_10mw_2h ipopt_reference optimal obj=214959.310620 pd_gap=1.534e+01 comp=1.73e-01 dLMP=0.000e+00 I1:+0.000 I2:+0.000 I3:+0.000
I1:replace_N9_10mw_2h ipopt_ma27 optimal obj=214959.310602 pd_gap=4.133e-09 comp=1.49e-12 dLMP=2.125e-04 I1:+0.000 I2:+0.005 I3:-0.034
I1:replace_N9_10mw_2h ipopt_mumps optimal obj=214959.310620 pd_gap=1.512e+01 comp=1.71e-01 dLMP=6.334e-10 I1:-0.000 I2:+0.000 I3:+0.000
ERROR: Solver (ipopt) returned non-zero return code (1)
ERROR: Solver log: Ipopt 3.13.2: linear_solver=ma57 max_iter=3000
max_cpu_time=600.0 tol=1e-12 nlp_scaling_method=none acceptable_tol=1e-10
bound_relax_factor=0.0 honor_original_bounds=yes warm_start_init_point=no
print_level=5 Unknown keyword "acceptable_iter"
I1:replace_N9_10mw_2h ipopt_gradient_scaling optimal obj=214959.310620 pd_gap=1.534e+01 comp=1.73e-01 dLMP=0.000e+00 I1:+0.000 I2:+0.000 I3:+0.000
I1:replace_N9_10mw_2h ipopt_bound_push optimal obj=214959.310602 pd_gap=4.278e-09 comp=5.50e-12 dLMP=2.125e-04 I1:+0.000 I2:+0.005 I3:-0.034
I1:replace_N6_10mw_4h ipopt_reference optimal obj=214959.311806 pd_gap=4.104e-09 comp=1.58e-12 dLMP=0.000e+00 I1:+0.000 I2:+0.000 I3:+0.000
I1:replace_N6_10mw_4h ipopt_ma27 optimal obj=214959.311806 pd_gap=4.162e-09 comp=1.52e-12 dLMP=8.982e-10 I1:+0.000 I2:-0.000 I3:+0.000
I1:replace_N6_10mw_4h ipopt_mumps optimal obj=214959.311806 pd_gap=4.220e-09 comp=7.51e-11 dLMP=1.273e-11 I1:-0.000 I2:+0.000 I3:+0.000
ERROR: Solver (ipopt) returned non-zero return code (1)
ERROR: Solver log: Ipopt 3.13.2: linear_solver=ma57 max_iter=3000
max_cpu_time=600.0 tol=1e-12 nlp_scaling_method=none acceptable_tol=1e-10
bound_relax_factor=0.0 honor_original_bounds=yes warm_start_init_point=no
print_level=5 Unknown keyword "acceptable_iter"
I1:replace_N6_10mw_4h ipopt_gradient_scaling optimal obj=214959.311806 pd_gap=4.104e-09 comp=1.58e-12 dLMP=0.000e+00 I1:+0.000 I2:+0.000 I3:+0.000
I1:replace_N6_10mw_4h ipopt_bound_push optimal obj=214959.311806 pd_gap=4.540e-09 comp=6.89e-11 dLMP=2.689e-09 I1:+0.000 I2:+0.000 I3:-0.000
I1:duration_2h ipopt_reference optimal obj=215084.884401 pd_gap=1.125e+01 comp=1.30e-01 dLMP=0.000e+00 I1:+0.000 I2:+0.000 I3:+0.000
I1:duration_2h ipopt_ma27 optimal obj=215084.884373 pd_gap=4.191e-09 comp=1.96e-12 dLMP=1.035e-04 I1:-0.000 I2:+0.001 I3:-0.009
I1:duration_2h ipopt_mumps optimal obj=215084.884401 pd_gap=1.125e+01 comp=1.30e-01 dLMP=9.637e-10 I1:-0.000 I2:-0.000 I3:+0.000
ERROR: Solver (ipopt) returned non-zero return code (1)
ERROR: Solver log: Ipopt 3.13.2: linear_solver=ma57 max_iter=3000
max_cpu_time=600.0 tol=1e-12 nlp_scaling_method=none acceptable_tol=1e-10
bound_relax_factor=0.0 honor_original_bounds=yes warm_start_init_point=no
print_level=5 Unknown keyword "acceptable_iter"
I1:duration_2h ipopt_gradient_scaling optimal obj=215084.884401 pd_gap=1.125e+01 comp=1.30e-01 dLMP=0.000e+00 I1:+0.000 I2:+0.000 I3:+0.000
I1:duration_2h ipopt_bound_push optimal obj=215084.884373 pd_gap=4.191e-09 comp=7.89e-12 dLMP=1.035e-04 I1:-0.000 I2:+0.001 I3:-0.009
I1:incumbent ipopt_reference optimal obj=214959.311654 pd_gap=4.657e-09 comp=7.48e-10 dLMP=0.000e+00 I1:+0.000 I2:+0.000 I3:+0.000
I1:incumbent ipopt_ma27 optimal obj=214959.311654 pd_gap=4.249e-09 comp=1.52e-12 dLMP=1.542e-09 I1:+0.000 I2:+0.000 I3:-0.000
I1:incumbent ipopt_mumps optimal obj=214959.311654 pd_gap=1.898e-08 comp=8.03e-09 dLMP=1.355e-10 I1:-0.000 I2:+0.000 I3:+0.000
ERROR: Solver (ipopt) returned non-zero return code (1)
ERROR: Solver log: Ipopt 3.13.2: linear_solver=ma57 max_iter=3000
max_cpu_time=600.0 tol=1e-12 nlp_scaling_method=none acceptable_tol=1e-10
bound_relax_factor=0.0 honor_original_bounds=yes warm_start_init_point=no
print_level=5 Unknown keyword "acceptable_iter"
I1:incumbent ipopt_gradient_scaling optimal obj=214959.311654 pd_gap=4.657e-09 comp=7.48e-10 dLMP=0.000e+00 I1:+0.000 I2:+0.000 I3:+0.000
I1:incumbent ipopt_bound_push optimal obj=214959.311654 pd_gap=4.220e-09 comp=1.98e-12 dLMP=3.623e-09 I1:+0.000 I2:+0.000 I3:-0.000
I2:replace_N6_10mw_2h ipopt_reference optimal obj=214910.968440 pd_gap=2.994e+01 comp=1.38e-01 dLMP=0.000e+00 I1:+0.000 I2:+0.000 I3:+0.000
I2:replace_N6_10mw_2h ipopt_ma27 optimal obj=214910.968408 pd_gap=4.191e-09 comp=2.51e-12 dLMP=5.904e-05 I1:-0.000 I2:+0.008 I3:+0.002
I2:replace_N6_10mw_2h ipopt_mumps optimal obj=214910.968408 pd_gap=1.100e-08 comp=8.10e-09 dLMP=5.904e-05 I1:-0.000 I2:+0.008 I3:+0.002
ERROR: Solver (ipopt) returned non-zero return code (1)
ERROR: Solver log: Ipopt 3.13.2: linear_solver=ma57 max_iter=3000
max_cpu_time=600.0 tol=1e-12 nlp_scaling_method=none acceptable_tol=1e-10
bound_relax_factor=0.0 honor_original_bounds=yes warm_start_init_point=no
print_level=5 Unknown keyword "acceptable_iter"
I2:replace_N6_10mw_2h ipopt_gradient_scaling optimal obj=214910.968440 pd_gap=2.994e+01 comp=1.38e-01 dLMP=0.000e+00 I1:+0.000 I2:+0.000 I3:+0.000
I2:replace_N6_10mw_2h ipopt_bound_push optimal obj=214910.968408 pd_gap=4.744e-09 comp=8.14e-10 dLMP=5.904e-05 I1:-0.000 I2:+0.008 I3:+0.002
I2:replace_N3_10mw_2h ipopt_reference optimal obj=214954.992783 pd_gap=2.961e+01 comp=1.37e-01 dLMP=0.000e+00 I1:+0.000 I2:+0.000 I3:+0.000
I2:replace_N3_10mw_2h ipopt_ma27 optimal obj=214954.992751 pd_gap=4.482e-09 comp=1.14e-10 dLMP=2.279e-04 I1:+0.002 I2:+0.026 I3:-0.087
I2:replace_N3_10mw_2h ipopt_mumps optimal obj=214954.992783 pd_gap=2.961e+01 comp=1.37e-01 dLMP=4.817e-12 I1:+0.000 I2:+0.000 I3:-0.000
ERROR: Solver (ipopt) returned non-zero return code (1)
ERROR: Solver log: Ipopt 3.13.2: linear_solver=ma57 max_iter=3000
max_cpu_time=600.0 tol=1e-12 nlp_scaling_method=none acceptable_tol=1e-10
bound_relax_factor=0.0 honor_original_bounds=yes warm_start_init_point=no
print_level=5 Unknown keyword "acceptable_iter"
I2:replace_N3_10mw_2h ipopt_gradient_scaling optimal obj=214954.992783 pd_gap=2.961e+01 comp=1.37e-01 dLMP=0.000e+00 I1:+0.000 I2:+0.000 I3:+0.000
I2:replace_N3_10mw_2h ipopt_bound_push optimal obj=214954.992751 pd_gap=4.278e-09 comp=3.95e-12 dLMP=2.427e-04 I1:+0.002 I2:+0.027 I3:-0.094
I2:replace_N9_10mw_2h ipopt_reference optimal obj=214954.992783 pd_gap=2.961e+01 comp=1.37e-01 dLMP=0.000e+00 I1:+0.000 I2:+0.000 I3:+0.000
I2:replace_N9_10mw_2h ipopt_ma27 optimal obj=214954.992751 pd_gap=4.453e-09 comp=1.14e-10 dLMP=2.280e-04 I1:+0.002 I2:+0.026 I3:-0.087
I2:replace_N9_10mw_2h ipopt_mumps optimal obj=214954.992783 pd_gap=2.961e+01 comp=1.37e-01 dLMP=6.438e-12 I1:+0.000 I2:-0.000 I3:-0.000
ERROR: Solver (ipopt) returned non-zero return code (1)
ERROR: Solver log: Ipopt 3.13.2: linear_solver=ma57 max_iter=3000
max_cpu_time=600.0 tol=1e-12 nlp_scaling_method=none acceptable_tol=1e-10
bound_relax_factor=0.0 honor_original_bounds=yes warm_start_init_point=no
print_level=5 Unknown keyword "acceptable_iter"
I2:replace_N9_10mw_2h ipopt_gradient_scaling optimal obj=214954.992783 pd_gap=2.961e+01 comp=1.37e-01 dLMP=0.000e+00 I1:+0.000 I2:+0.000 I3:+0.000
I2:replace_N9_10mw_2h ipopt_bound_push optimal obj=214954.992751 pd_gap=4.366e-09 comp=3.95e-12 dLMP=2.427e-04 I1:+0.002 I2:+0.027 I3:-0.094
I2:incumbent ipopt_reference optimal obj=214954.992899 pd_gap=2.096e+00 comp=1.33e-02 dLMP=0.000e+00 I1:+0.000 I2:+0.000 I3:+0.000
I2:incumbent ipopt_ma27 optimal obj=214954.992867 pd_gap=4.162e-09 comp=3.35e-12 dLMP=2.963e-04 I1:+0.002 I2:+0.031 I3:-0.119
I2:incumbent ipopt_mumps optimal obj=214954.992899 pd_gap=2.096e+00 comp=1.33e-02 dLMP=1.728e-09 I1:+0.000 I2:+0.000 I3:-0.000
ERROR: Solver (ipopt) returned non-zero return code (1)
ERROR: Solver log: Ipopt 3.13.2: linear_solver=ma57 max_iter=3000
max_cpu_time=600.0 tol=1e-12 nlp_scaling_method=none acceptable_tol=1e-10
bound_relax_factor=0.0 honor_original_bounds=yes warm_start_init_point=no
print_level=5 Unknown keyword "acceptable_iter"
I2:incumbent ipopt_gradient_scaling optimal obj=214954.992899 pd_gap=2.096e+00 comp=1.33e-02 dLMP=0.000e+00 I1:+0.000 I2:+0.000 I3:+0.000
I2:incumbent ipopt_bound_push optimal obj=214954.992867 pd_gap=4.336e-09 comp=2.66e-12 dLMP=2.961e-04 I1:+0.002 I2:+0.031 I3:-0.119
I3:duration_8h ipopt_reference optimal obj=214374.391575 pd_gap=3.871e-09 comp=3.91e-12 dLMP=0.000e+00 I1:+0.000 I2:+0.000 I3:+0.000
I3:duration_8h ipopt_ma27 optimal obj=214374.391575 pd_gap=3.958e-09 comp=2.26e-12 dLMP=7.933e-12 I1:-0.000 I2:+0.000 I3:+0.000
I3:duration_8h ipopt_mumps optimal obj=214374.391575 pd_gap=4.249e-09 comp=1.20e-09 dLMP=1.357e-11 I1:-0.000 I2:+0.000 I3:+0.000
ERROR: Solver (ipopt) returned non-zero return code (1)
ERROR: Solver log: Ipopt 3.13.2: linear_solver=ma57 max_iter=3000
max_cpu_time=600.0 tol=1e-12 nlp_scaling_method=none acceptable_tol=1e-10
bound_relax_factor=0.0 honor_original_bounds=yes warm_start_init_point=no
print_level=5 Unknown keyword "acceptable_iter"
I3:duration_8h ipopt_gradient_scaling optimal obj=214374.391575 pd_gap=3.871e-09 comp=3.91e-12 dLMP=0.000e+00 I1:+0.000 I2:+0.000 I3:+0.000
I3:duration_8h ipopt_bound_push optimal obj=214374.391575 pd_gap=3.900e-09 comp=5.09e-12 dLMP=5.862e-12 I1:+0.000 I2:-0.000 I3:-0.000
I3:replace_N6_40mw_8h ipopt_reference optimal obj=214737.934378 pd_gap=3.842e-09 comp=1.55e-12 dLMP=0.000e+00 I1:+0.000 I2:+0.000 I3:+0.000
I3:replace_N6_40mw_8h ipopt_ma27 optimal obj=214737.934378 pd_gap=4.045e-09 comp=2.00e-12 dLMP=2.061e-10 I1:-0.000 I2:-0.000 I3:+0.000
I3:replace_N6_40mw_8h ipopt_mumps optimal obj=214737.934378 pd_gap=-1.604e-07 comp=2.85e-07 dLMP=5.694e-09 I1:+0.000 I2:+0.000 I3:-0.000
ERROR: Solver (ipopt) returned non-zero return code (1)
ERROR: Solver log: Ipopt 3.13.2: linear_solver=ma57 max_iter=3000
max_cpu_time=600.0 tol=1e-12 nlp_scaling_method=none acceptable_tol=1e-10
bound_relax_factor=0.0 honor_original_bounds=yes warm_start_init_point=no
print_level=5 Unknown keyword "acceptable_iter"
I3:replace_N6_40mw_8h ipopt_gradient_scaling optimal obj=214737.934378 pd_gap=3.842e-09 comp=1.55e-12 dLMP=0.000e+00 I1:+0.000 I2:+0.000 I3:+0.000
I3:replace_N6_40mw_8h ipopt_bound_push optimal obj=214737.934378 pd_gap=3.929e-09 comp=7.85e-11 dLMP=5.840e-11 I1:-0.000 I2:-0.000 I3:+0.000
I3:replace_N3_40mw_8h ipopt_reference optimal obj=214786.519078 pd_gap=3.871e-09 comp=2.79e-12 dLMP=0.000e+00 I1:+0.000 I2:+0.000 I3:+0.000
I3:replace_N3_40mw_8h ipopt_ma27 optimal obj=214786.519078 pd_gap=3.842e-09 comp=1.54e-12 dLMP=3.200e-08 I1:-0.000 I2:-0.000 I3:+0.000
I3:replace_N3_40mw_8h ipopt_mumps optimal obj=214786.519078 pd_gap=6.406e-08 comp=1.08e-07 dLMP=3.304e-08 I1:-0.000 I2:-0.000 I3:+0.000
ERROR: Solver (ipopt) returned non-zero return code (1)
ERROR: Solver log: Ipopt 3.13.2: linear_solver=ma57 max_iter=3000
max_cpu_time=600.0 tol=1e-12 nlp_scaling_method=none acceptable_tol=1e-10
bound_relax_factor=0.0 honor_original_bounds=yes warm_start_init_point=no
print_level=5 Unknown keyword "acceptable_iter"
I3:replace_N3_40mw_8h ipopt_gradient_scaling optimal obj=214786.519078 pd_gap=3.871e-09 comp=2.79e-12 dLMP=0.000e+00 I1:+0.000 I2:+0.000 I3:+0.000
I3:replace_N3_40mw_8h ipopt_bound_push optimal obj=214786.519078 pd_gap=3.725e-09 comp=1.15e-10 dLMP=2.975e-08 I1:-0.000 I2:-0.000 I3:+0.000
I3:incumbent ipopt_reference optimal obj=214928.461028 pd_gap=9.692e-09 comp=3.14e-10 dLMP=0.000e+00 I1:+0.000 I2:+0.000 I3:+0.000
I3:incumbent ipopt_ma27 optimal obj=214928.461028 pd_gap=4.598e-09 comp=2.70e-11 dLMP=2.144e-04 I1:-0.006 I2:-0.003 I3:+0.076
I3:incumbent ipopt_mumps optimal obj=214928.461028 pd_gap=-4.820e-08 comp=2.50e-08 dLMP=2.480e-04 I1:-0.007 I2:-0.003 I3:+0.088
ERROR: Solver (ipopt) returned non-zero return code (1)
ERROR: Solver log: Ipopt 3.13.2: linear_solver=ma57 max_iter=3000
max_cpu_time=600.0 tol=1e-12 nlp_scaling_method=none acceptable_tol=1e-10
bound_relax_factor=0.0 honor_original_bounds=yes warm_start_init_point=no
print_level=5 Unknown keyword "acceptable_iter"
I3:incumbent ipopt_gradient_scaling optimal obj=214928.461028 pd_gap=9.692e-09 comp=3.14e-10 dLMP=0.000e+00 I1:+0.000 I2:+0.000 I3:+0.000
I3:incumbent ipopt_bound_push optimal obj=214928.461028 pd_gap=4.831e-09 comp=1.62e-11 dLMP=2.091e-04 I1:-0.006 I2:-0.003 I3:+0.074
BLOCK incumbent gen_upper {"max_abs": 6.831408137441501e-12, "sum_abs": 2.704818401133861e-10, "argmax": [11, 14]}
BLOCK I1:replace_N9_10mw_2h charge_upper {"max_abs": 0.1728609219780567, "sum_abs": 8.297227340711833, "argmax": [0, 6, 10], "where": {"unit": "I1", "node": "N7", "hour": 11, "power": 4.132367505009843e-07, "flow": 6.985973617989304e-15, "dual": -418309.66072303685}}
BLOCK I1:replace_N6_10mw_4h line_lower {"max_abs": 1.3047547492569775e-12, "sum_abs": 1.9440587124060916e-10, "argmax": [8, 14]}
BLOCK I1:duration_2h charge_upper {"max_abs": 0.13027723603359326, "sum_abs": 6.253152517288358, "argmax": [0, 1, 10], "where": {"unit": "I1", "node": "N2", "hour": 11, "power": 5.68220465779724e-07, "flow": 1.3458103822783866e-14, "dual": -229272.34579697007}}
BLOCK I1:incumbent line_lower {"max_abs": 7.48218750088034e-10, "sum_abs": 1.8315026020917511e-09, "argmax": [5, 13]}
BLOCK I2:replace_N6_10mw_2h charge_upper {"max_abs": 0.138018722925483, "sum_abs": 16.542901618594954, "argmax": [1, 3, 13], "where": {"unit": "I2", "node": "N4", "hour": 14, "power": 5.74937978425667e-07, "flow": 1.2689254732195353e-14, "dual": -240058.46047877707}}
BLOCK I2:replace_N3_10mw_2h charge_upper {"max_abs": 0.13650225879894778, "sum_abs": 16.37528199751019, "argmax": [1, 0, 13], "where": {"unit": "I2", "node": "N1", "hour": 14, "power": 5.758974357767504e-07, "flow": 1.2880711105199315e-14, "dual": -237025.29890221285}}
BLOCK I2:replace_N9_10mw_2h charge_upper {"max_abs": 0.13651725584345625, "sum_abs": 16.37706558816605, "argmax": [1, 0, 13], "where": {"unit": "I2", "node": "N1", "hour": 14, "power": 5.759016434152027e-07, "flow": 1.2879083400546534e-14, "dual": -237049.60813597523}}
BLOCK I2:incumbent charge_upper {"max_abs": 0.013339829836442085, "sum_abs": 1.5967398481504413, "argmax": [1, 0, 13], "where": {"unit": "I2", "node": "N1", "hour": 14, "power": 5.758975017303692e-07, "flow": 2.2718520247087537e-13, "dual": -23163.55785322589}}
BLOCK I3:duration_8h line_upper {"max_abs": 3.906958613969188e-12, "sum_abs": 2.0023888026168042e-10, "argmax": [5, 7]}
BLOCK I3:replace_N6_40mw_8h gen_upper {"max_abs": 1.5260810306962172e-12, "sum_abs": 2.660807887914928e-10, "argmax": [11, 10]}
BLOCK I3:replace_N3_40mw_8h charge_upper {"max_abs": 2.7918531877013344e-12, "sum_abs": 6.016121190447306e-10, "argmax": [0, 2, 13], "where": {"unit": "I1", "node": "N3", "hour": 14, "power": 0.29433447590590645, "flow": 0.29427718728500485, "dual": -4.873311913890962e-08}}
BLOCK I3:incumbent charge_upper {"max_abs": 3.1354464576850745e-10, "sum_abs": 2.953688174556982e-09, "argmax": [2, 7, 14], "where": {"unit": "I3", "node": "N8", "hour": 15, "power": 21.542240659814752, "flow": 21.542238778145038, "dual": -0.00016663107419514095}}
