bases done 12s
gradients done 80s
evaluating 2191 probes
probes done 1333s
joint perturbations done 1349s
[1367s] {'candidate': 'final_sweep100', 'rho': 100.0, 'investor': 'I3', 'start': 'incumbent', 'termination': 'optimal', 'optimal': True, 'embedded_profit': 122794.93576304085, 'recleared_profit': 122773.61100709299}
[1367s] {'candidate': 'final_sweep100', 'rho': 100.0, 'investor': 'I2', 'start': 'best_probe:scale_N6_-0.1', 'termination': 'optimal', 'optimal': True, 'embedded_profit': 75790.78114148132, 'recleared_profit': 75764.68196814347}
[1368s] {'candidate': 'final_sweep100', 'rho': 100.0, 'investor': 'I1', 'start': 'best_probe:scale_N9_-0.1', 'termination': 'optimal', 'optimal': True, 'embedded_profit': 3581.619202567803, 'recleared_profit': 3572.6818051256523}
[1371s] {'candidate': 'final_sweep100', 'rho': 100.0, 'investor': 'I2', 'start': 'incumbent', 'termination': 'optimal', 'optimal': True, 'embedded_profit': 75790.78114146364, 'recleared_profit': 75764.68197002492}
[1374s] {'candidate': 'final_sweep100', 'rho': 100.0, 'investor': 'I1', 'start': 'incumbent', 'termination': 'optimal', 'optimal': True, 'embedded_profit': 3581.618312160935, 'recleared_profit': 3572.6777520247115}
[1377s] {'candidate': 'final_sweep100', 'rho': 100.0, 'investor': 'I3', 'start': 'best_probe:duration_all_8h', 'termination': 'optimal', 'optimal': True, 'embedded_profit': 126166.48424779654, 'recleared_profit': 125941.72525686698}
[1389s] {'candidate': 'all_adopt_selected_responses', 'rho': 100.0, 'investor': 'I1', 'start': 'incumbent', 'termination': 'optimal', 'optimal': True, 'embedded_profit': 1399.2062073767083, 'recleared_profit': 1385.8116253598887}
[1397s] {'candidate': 'I3_adopts_duration_8h', 'rho': 100.0, 'investor': 'I2', 'start': 'incumbent', 'termination': 'optimal', 'optimal': True, 'embedded_profit': 73388.50109639017, 'recleared_profit': 73356.54047879258}
[1398s] {'candidate': 'I3_adopts_duration_8h', 'rho': 100.0, 'investor': 'I1', 'start': 'incumbent', 'termination': 'optimal', 'optimal': True, 'embedded_profit': 1392.9396390805048, 'recleared_profit': 1381.637230168416}
[1400s] {'candidate': 'I3_adopts_duration_8h', 'rho': 100.0, 'investor': 'I1', 'start': 'best_probe:transfer_N8_to_N5_1', 'termination': 'optimal', 'optimal': True, 'embedded_profit': 2350.229086288641, 'recleared_profit': 2344.5576712567513}
[1405s] {'candidate': 'all_adopt_selected_responses', 'rho': 100.0, 'investor': 'I2', 'start': 'incumbent', 'termination': 'optimal', 'optimal': True, 'embedded_profit': 73389.57336317684, 'recleared_profit': 73362.0716216649}
[1406s] {'candidate': 'I3_adopts_duration_8h', 'rho': 100.0, 'investor': 'I2', 'start': 'best_probe:transfer_N9_to_N5_1', 'termination': 'optimal', 'optimal': True, 'embedded_profit': 74581.66279697185, 'recleared_profit': 74553.16405144602}
[1406s] {'candidate': 'I3_adopts_duration_8h', 'rho': 100.0, 'investor': 'I3', 'start': 'incumbent', 'termination': 'optimal', 'optimal': True, 'embedded_profit': 126166.51064537994, 'recleared_profit': 125941.748230796}
[1407s] {'candidate': 'all_adopt_selected_responses', 'rho': 100.0, 'investor': 'I2', 'start': 'best_probe:duration_all_2h', 'termination': 'optimal', 'optimal': True, 'embedded_profit': 74371.01966063383, 'recleared_profit': 74361.29102964263}
[1410s] {'candidate': 'I3_adopts_duration_8h', 'rho': 100.0, 'investor': 'I3', 'start': 'best_probe:scale_N3_+0.02', 'termination': 'optimal', 'optimal': True, 'embedded_profit': 126166.48424779715, 'recleared_profit': 125941.72525705851}
[1421s] {'candidate': 'all_adopt_selected_responses', 'rho': 100.0, 'investor': 'I3', 'start': 'incumbent', 'termination': 'optimal', 'optimal': True, 'embedded_profit': 126176.90892935009, 'recleared_profit': 125996.70145814704}
[1425s] {'candidate': 'I3_8h_path_s0.021_decongestion_boundary', 'rho': 100.0, 'investor': 'I3', 'start': 'incumbent', 'termination': 'optimal', 'optimal': True, 'embedded_profit': 122794.93404792326, 'recleared_profit': 122772.94895980641}
[1425s] {'candidate': 'all_adopt_selected_responses', 'rho': 100.0, 'investor': 'I3', 'start': 'best_probe:scale_N6_+0.02', 'termination': 'optimal', 'optimal': True, 'embedded_profit': 126176.88745963915, 'recleared_profit': 125996.68581342671}
[1428s] {'candidate': 'I3_8h_path_s0.021_decongestion_boundary', 'rho': 100.0, 'investor': 'I2', 'start': 'best_probe:transfer_N6_to_N7_0.25', 'termination': 'optimal', 'optimal': True, 'embedded_profit': 75739.35443603827, 'recleared_profit': 75714.02083589842}
[1429s] {'candidate': 'I3_8h_path_s0.021_decongestion_boundary', 'rho': 100.0, 'investor': 'I1', 'start': 'best_probe:portfolio_-0.1', 'termination': 'optimal', 'optimal': True, 'embedded_profit': 3521.4940782628382, 'recleared_profit': 3513.2867703221627}
[1437s] {'candidate': 'I3_8h_path_s0.021_decongestion_boundary', 'rho': 100.0, 'investor': 'I2', 'start': 'incumbent', 'termination': 'optimal', 'optimal': True, 'embedded_profit': 75739.35443603863, 'recleared_profit': 75714.02083586279}
[1447s] {'candidate': 'I3_8h_path_s0.021_decongestion_boundary', 'rho': 100.0, 'investor': 'I3', 'start': 'best_probe:duration_all_8h', 'termination': 'optimal', 'optimal': True, 'embedded_profit': 126166.48424779218, 'recleared_profit': 125941.72526011104}
[1449s] {'candidate': 'I3_8h_path_s0.5_decongested', 'rho': 100.0, 'investor': 'I1', 'start': 'incumbent', 'termination': 'optimal', 'optimal': True, 'embedded_profit': 1392.8744706010043, 'recleared_profit': 1378.498126980121}
[1451s] {'candidate': 'all_adopt_selected_responses', 'rho': 100.0, 'investor': 'I1', 'start': 'best_probe:scale_N8_-1', 'termination': 'optimal', 'optimal': True, 'embedded_profit': 2279.4022719134814, 'recleared_profit': 2273.715302908714}
[1453s] {'candidate': 'I3_8h_path_s0.5_decongested', 'rho': 100.0, 'investor': 'I2', 'start': 'incumbent', 'termination': 'optimal', 'optimal': True, 'embedded_profit': 73357.67516906561, 'recleared_profit': 73322.65373542086}
[1454s] {'candidate': 'I3_8h_path_s0.021_decongestion_boundary', 'rho': 100.0, 'investor': 'I1', 'start': 'incumbent', 'termination': 'optimal', 'optimal': True, 'embedded_profit': 3187.9635309775513, 'recleared_profit': 3165.317841641946}
[1456s] {'candidate': 'I3_8h_path_s0.5_decongested', 'rho': 100.0, 'investor': 'I3', 'start': 'incumbent', 'termination': 'optimal', 'optimal': True, 'embedded_profit': 122794.93576304078, 'recleared_profit': 122773.64691420074}
[1459s] {'candidate': 'I3_8h_path_s0.5_decongested', 'rho': 100.0, 'investor': 'I3', 'start': 'best_probe:duration_all_8h', 'termination': 'optimal', 'optimal': True, 'embedded_profit': 126163.64845509914, 'recleared_profit': 125948.28417605226}
[1459s] {'candidate': 'final_sweep100', 'rho': 100.0, 'seconds': 10.22311510000145, 'ma57_status': 'optimal', 'ma57_V0': 219688.7101034265, 'ma57_min_V_plus_capex': 216087.2957760886, 'ma57_upper_bound': 3601.4143273379013, 'argmin_power_N1': 2.3626022374722496e-11}
[1461s] {'candidate': 'I3_adopts_duration_8h', 'rho': 100.0, 'seconds': 10.84958799998276, 'ma57_status': 'optimal', 'ma57_V0': 218018.34020206396, 'ma57_min_V_plus_capex': 215460.24157577823, 'ma57_upper_bound': 2558.098626285733, 'argmin_power_N1': 5.9572656374817006e-08}
[1462s] {'candidate': 'I3_8h_path_s0.5_decongested', 'rho': 100.0, 'investor': 'I1', 'start': 'best_probe:transfer_N8_to_N5_1', 'termination': 'optimal', 'optimal': True, 'embedded_profit': 2159.9591679674963, 'recleared_profit': 2153.9247864046833}
[1466s] {'candidate': 'I3_8h_path_s0.021_decongestion_boundary', 'rho': 100.0, 'seconds': 11.608402200014098, 'ma57_status': 'optimal', 'ma57_V0': 219614.29433767195, 'ma57_min_V_plus_capex': 216071.1858228814, 'ma57_upper_bound': 3543.1085147905396, 'argmin_power_N1': 6.512496486994155e-08}
[1466s] {'candidate': 'I3_8h_path_s0.5_decongested', 'rho': 100.0, 'seconds': 9.384241500025382, 'ma57_status': 'optimal', 'ma57_V0': 218337.79319641585, 'ma57_min_V_plus_capex': 215740.15702779437, 'ma57_upper_bound': 2597.6361686214805, 'argmin_power_N1': 6.254741846328809e-08}
[1484s] {'candidate': 'I3_8h_path_s0.5_decongested', 'rho': 100.0, 'investor': 'I2', 'start': 'best_probe:transfer_N9_to_N5_1', 'termination': 'optimal', 'optimal': True, 'embedded_profit': 74532.09329293238, 'recleared_profit': 74498.41180522028}
[1518s] {'candidate': 'all_adopt_selected_responses', 'rho': 100.0, 'seconds': 65.14889320000657, 'ma57_status': 'optimal', 'ma57_V0': 218013.45491467853, 'ma57_min_V_plus_capex': 215464.0864281142, 'ma57_upper_bound': 2549.3684865643154, 'argmin_power_N1': 2.269093258820353e-11}
all done 1519s
