Solver command line: ['C:\\Users\\Alexander\\AppData\\Local\\idaes\\bin\\ipopt.exe', 'C:\\Users\\ALEXAN~1\\AppData\\Local\\Temp\\tmp_syd92i3.pyomo.nl', '-AMPL', 'linear_solver=mumps', 'max_iter=3000', 'max_cpu_time=600.0', 'tol=1e-11', 'nlp_scaling_method=none', 'acceptable_tol=1e-10', 'bound_relax_factor=0.0', 'honor_original_bounds=yes', 'warm_start_init_point=no', 'print_level=5']

Ipopt 3.13.2: linear_solver=mumps
max_iter=3000
max_cpu_time=600.0
tol=1e-11
nlp_scaling_method=none
acceptable_tol=1e-10
bound_relax_factor=0.0
honor_original_bounds=yes
warm_start_init_point=no
print_level=5


******************************************************************************
This program contains Ipopt, a library for large-scale nonlinear optimization.
 Ipopt is released as open source code under the Eclipse Public License (EPL).
         For more information visit http://projects.coin-or.org/Ipopt

This version of Ipopt was compiled from source code available at
    https://github.com/IDAES/Ipopt as part of the Institute for the Design of
    Advanced Energy Systems Process Systems Engineering Framework (IDAES PSE
    Framework) Copyright (c) 2018-2019. See https://github.com/IDAES/idaes-pse.

This version of Ipopt was compiled using HSL, a collection of Fortran codes
    for large-scale scientific computation.  All technical papers, sales and
    publicity material resulting from use of the HSL codes within IPOPT must
    contain the following acknowledgement:
        HSL, a collection of Fortran codes for large-scale scientific
        computation. See http://www.hsl.rl.ac.uk.
******************************************************************************

This is Ipopt version 3.13.2, running with linear solver mumps.
NOTE: Other linear solvers might be more efficient (see Ipopt documentation).

Number of nonzeros in equality constraint Jacobian...:     4734
Number of nonzeros in inequality constraint Jacobian.:     4995
Number of nonzeros in Lagrangian Hessian.............:       72

Total number of variables............................:     2547
                     variables with only lower bounds:     2259
                variables with lower and upper bounds:        0
                     variables with only upper bounds:        0
Total number of equality constraints.................:      915
Total number of inequality constraints...............:     2691
        inequality constraints with only lower bounds:      216
   inequality constraints with lower and upper bounds:        0
        inequality constraints with only upper bounds:     2475

iter    objective    inf_pr   inf_du lg(mu)  ||d||  lg(rg) alpha_du alpha_pr  ls
   0  1.9512000e+02 5.62e+02 1.54e+01  -1.0 0.00e+00    -  0.00e+00 0.00e+00   0
   1  3.5475051e+02 5.62e+02 1.61e+01  -1.0 5.17e+02    -  2.28e-04 4.60e-04h  1
   2  1.4218277e+03 5.61e+02 1.71e+01  -1.0 5.62e+02    -  1.76e-04 2.67e-03h  1
   3  1.4447106e+03 5.60e+02 1.71e+01  -1.0 1.33e+03    -  3.40e-04 5.57e-04h  1
   4  1.4368477e+03 5.60e+02 1.71e+01  -1.0 1.22e+03    -  7.81e-04 8.66e-04f  1
   5  1.2175601e+03 5.59e+02 1.71e+01  -1.0 1.12e+03    -  8.71e-04 1.44e-03f  1
   6  8.4742845e+02 5.58e+02 1.71e+01  -1.0 9.40e+02    -  1.10e-03 1.92e-03f  1
   7  4.9283008e+02 5.57e+02 1.71e+01  -1.0 7.73e+02    -  1.73e-03 2.39e-03f  1
   8  1.6195637e+02 5.54e+02 1.70e+01  -1.0 6.26e+02    -  7.60e-03 5.24e-03f  1
   9  1.1149210e+02 5.47e+02 1.68e+01  -1.0 6.26e+02    -  2.25e-02 1.22e-02f  1
iter    objective    inf_pr   inf_du lg(mu)  ||d||  lg(rg) alpha_du alpha_pr  ls
  10  1.1142770e+02 4.98e+02 1.53e+01  -1.0 6.17e+02    -  6.96e-02 9.05e-02f  1
  11  1.1714283e+02 4.84e+02 1.49e+01  -1.0 5.80e+02    -  1.43e-02 2.75e-02h  1
  12  2.9499796e+02 4.80e+02 1.67e+01  -1.0 5.28e+02    -  1.12e-04 7.37e-03h  1
  13  7.3334753e+02 4.72e+02 1.67e+01  -1.0 5.71e+02    -  6.01e-03 1.69e-02h  1
  14  1.4241149e+03 4.63e+02 1.69e+01  -1.0 5.61e+02    -  3.24e-04 1.89e-02h  1
  15  1.4963882e+03 4.62e+02 1.72e+01  -1.0 5.52e+02    -  6.74e-04 1.75e-03h  1
  16  1.9171577e+03 4.58e+02 1.74e+01  -1.0 5.52e+02    -  5.89e-04 8.98e-03h  1
  17  2.1097225e+03 4.57e+02 1.87e+01  -1.0 5.56e+02    -  9.84e-04 3.52e-03h  1
  18  3.0146020e+03 4.49e+02 1.87e+01  -1.0 5.44e+02    -  3.29e-03 1.63e-02h  1
  19  3.1192129e+03 4.48e+02 1.87e+01  -1.0 5.95e+02    -  6.77e-04 1.60e-03h  1
iter    objective    inf_pr   inf_du lg(mu)  ||d||  lg(rg) alpha_du alpha_pr  ls
  20  3.6357285e+03 4.45e+02 1.88e+01  -1.0 5.35e+02    -  3.78e-04 6.80e-03h  1
  21  4.2234408e+03 4.42e+02 1.92e+01  -1.0 5.33e+02    -  1.86e-03 7.00e-03h  1
  22  5.0275275e+03 4.38e+02 1.94e+01  -1.0 5.29e+02    -  1.35e-03 8.90e-03h  1
  23  5.5777119e+03 4.36e+02 1.94e+01  -1.0 5.23e+02    -  3.62e-03 6.08e-03h  1
  24  6.5375057e+03 4.32e+02 1.94e+01  -1.0 5.20e+02    -  2.50e-04 9.51e-03h  1
  25  7.1210177e+03 4.29e+02 1.94e+01  -1.0 5.16e+02    -  1.45e-03 5.49e-03h  1
  26  8.2986138e+03 4.24e+02 1.93e+01  -1.0 5.12e+02    -  5.69e-03 1.11e-02h  1
  27  9.0906973e+03 4.21e+02 1.94e+01  -1.0 5.06e+02    -  6.49e-04 6.93e-03h  1
  28  1.0503381e+04 4.16e+02 1.94e+01  -1.0 5.03e+02    -  2.04e-03 1.19e-02h  1
  29  1.0865235e+04 4.15e+02 1.94e+01  -1.0 4.97e+02    -  9.70e-04 2.95e-03h  1
iter    objective    inf_pr   inf_du lg(mu)  ||d||  lg(rg) alpha_du alpha_pr  ls
  30  1.8296372e+04 3.90e+02 1.97e+01  -1.0 4.95e+02    -  2.45e-03 6.03e-02h  1
  31  1.8711083e+04 3.89e+02 1.96e+01  -1.0 5.42e+02    -  2.69e-03 3.58e-03h  1
  32  1.9874945e+04 3.85e+02 1.97e+01  -1.0 4.63e+02    -  1.56e-03 9.89e-03h  1
  33  2.0566755e+04 3.83e+02 1.97e+01  -1.0 4.91e+02    -  1.78e-03 5.85e-03h  1
  34  2.6219877e+04 3.64e+02 2.07e+01  -1.0 4.49e+02    -  5.29e-03 4.80e-02h  1
  35  2.6467395e+04 3.64e+02 2.07e+01  -1.0 4.48e+02    -  1.50e-03 2.18e-03h  1
  36  2.9133510e+04 3.55e+02 2.13e+01  -1.0 4.29e+02    -  1.66e-03 2.34e-02h  1
  37  3.0162662e+04 3.52e+02 2.13e+01  -1.0 4.88e+02    -  4.50e-03 9.18e-03h  1
  38  3.1857903e+04 3.46e+02 2.14e+01  -1.0 4.07e+02    -  5.90e-03 1.50e-02h  1
  39  3.3438059e+04 3.42e+02 2.15e+01  -1.0 4.07e+02    -  5.74e-03 1.40e-02h  1
iter    objective    inf_pr   inf_du lg(mu)  ||d||  lg(rg) alpha_du alpha_pr  ls
  40  3.3572937e+04 3.41e+02 2.15e+01  -1.0 4.04e+02    -  6.45e-04 1.17e-03h  1
  41  3.6564098e+04 3.33e+02 2.23e+01  -1.0 4.02e+02    -  1.70e-04 2.48e-02h  1
  42  3.8222749e+04 3.28e+02 2.24e+01  -1.0 3.87e+02    -  7.02e-03 1.39e-02h  1
  43  3.8939903e+04 3.26e+02 2.20e+01  -1.0 3.67e+02    -  9.53e-03 6.06e-03h  1
  44  4.1032009e+04 3.21e+02 2.26e+01  -1.0 3.64e+02    -  8.91e-05 1.68e-02h  1
  45  4.5271529e+04 3.10e+02 2.31e+01  -1.0 3.62e+02    -  1.13e-02 3.39e-02h  1
  46  4.8974084e+04 3.00e+02 2.35e+01  -1.0 3.50e+02    -  8.30e-03 3.01e-02h  1
  47  5.4960878e+04 2.85e+02 2.45e+01  -1.0 3.39e+02    -  1.07e-02 5.00e-02h  1
  48  5.6486691e+04 2.82e+02 2.46e+01  -1.0 3.23e+02    -  4.27e-03 1.33e-02h  1
  49  5.9085084e+04 2.75e+02 2.48e+01  -1.0 3.20e+02    -  9.69e-03 2.29e-02h  1
iter    objective    inf_pr   inf_du lg(mu)  ||d||  lg(rg) alpha_du alpha_pr  ls
  50  6.2408433e+04 2.67e+02 2.53e+01  -1.0 3.10e+02    -  5.82e-03 2.97e-02h  1
  51  6.5006091e+04 2.61e+02 2.55e+01  -1.0 3.19e+02    -  9.13e-03 2.38e-02h  1
  52  6.9651512e+04 2.49e+02 2.60e+01  -1.0 3.72e+02    -  1.10e-02 4.33e-02h  1
  53  7.1934893e+04 2.44e+02 2.63e+01  -1.0 4.46e+02    -  4.84e-03 2.19e-02h  1
  54  7.5447818e+04 2.36e+02 2.68e+01  -1.0 4.66e+02    -  8.00e-03 3.42e-02h  1
  55  7.9473313e+04 2.26e+02 2.65e+01  -1.0 4.74e+02    -  2.46e-02 4.05e-02h  1
  56  8.3495881e+04 2.16e+02 2.73e+01  -1.0 4.28e+02    -  3.07e-03 4.21e-02h  1
  57  8.3709691e+04 2.16e+02 2.71e+01  -1.0 4.09e+02    -  4.61e-03 2.33e-03h  1
  58  8.4883368e+04 2.13e+02 2.74e+01  -1.0 4.16e+02    -  8.12e-05 1.22e-02h  1
  59  8.9402365e+04 2.03e+02 2.76e+01  -1.0 4.29e+02    -  1.71e-02 4.76e-02h  1
iter    objective    inf_pr   inf_du lg(mu)  ||d||  lg(rg) alpha_du alpha_pr  ls
  60  9.2599283e+04 1.96e+02 2.78e+01  -1.0 4.66e+02    -  9.86e-03 3.51e-02h  1
  61  9.6257083e+04 1.88e+02 2.77e+01  -1.0 4.51e+02    -  1.96e-02 4.14e-02h  1
  62  9.9374078e+04 1.81e+02 2.78e+01  -1.0 4.06e+02    -  1.24e-02 3.67e-02h  1
  63  9.9974229e+04 1.80e+02 2.62e+01  -1.0 3.53e+02    -  3.78e-02 7.36e-03h  1
  64  1.0035106e+05 1.79e+02 2.61e+01  -1.0 3.77e+02    -  3.16e-03 4.65e-03h  1
  65  1.0377283e+05 1.72e+02 2.69e+01  -1.0 3.72e+02    -  1.86e-04 4.07e-02h  1
  66  1.0654146e+05 1.66e+02 2.69e+01  -1.0 3.66e+02    -  1.32e-02 3.41e-02h  1
  67  1.0825180e+05 1.62e+02 2.70e+01  -1.0 3.52e+02    -  3.58e-03 2.14e-02h  1
  68  1.0932117e+05 1.60e+02 2.70e+01  -1.0 3.38e+02    -  4.98e-03 1.34e-02h  1
  69  1.1258296e+05 1.53e+02 2.74e+01  -1.0 3.29e+02    -  5.38e-03 4.08e-02h  1
iter    objective    inf_pr   inf_du lg(mu)  ||d||  lg(rg) alpha_du alpha_pr  ls
  70  1.1555616e+05 1.48e+02 2.74e+01  -1.0 3.05e+02    -  1.45e-02 3.84e-02h  1
  71  1.1995319e+05 1.39e+02 2.79e+01  -1.0 2.82e+02    -  9.38e-03 5.85e-02h  1
  72  1.2077301e+05 1.37e+02 2.78e+01  -1.0 2.77e+02    -  6.06e-03 1.16e-02h  1
  73  1.2427690e+05 1.31e+02 3.02e+01  -1.0 2.77e+02    -  8.40e-03 4.96e-02h  1
  74  1.3060420e+05 1.19e+02 3.26e+01  -1.0 2.59e+02    -  1.91e-02 9.21e-02h  1
  75  1.3330424e+05 1.14e+02 3.19e+01  -1.0 3.49e+02    -  3.13e-02 4.05e-02h  1
  76  1.3396419e+05 1.13e+02 3.21e+01  -1.0 2.62e+02    -  2.01e-03 9.91e-03h  1
  77  1.3649834e+05 1.08e+02 3.25e+01  -1.0 2.41e+02    -  1.25e-02 3.83e-02h  1
  78  1.3986200e+05 1.03e+02 3.26e+01  -1.0 1.92e+02    -  2.46e-02 5.20e-02h  1
  79  1.4023609e+05 1.02e+02 3.25e+01  -1.0 2.61e+02    -  4.42e-03 6.04e-03h  1
iter    objective    inf_pr   inf_du lg(mu)  ||d||  lg(rg) alpha_du alpha_pr  ls
  80  1.4692438e+05 9.10e+01 3.61e+01  -1.0 2.51e+02    -  2.51e-03 1.08e-01h  1
  81  1.4710619e+05 9.07e+01 3.58e+01  -1.0 2.05e+02    -  5.92e-03 3.24e-03h  1
  82  1.4949145e+05 8.69e+01 3.73e+01  -1.0 2.03e+02    -  1.19e-03 4.23e-02h  1
  83  1.5065537e+05 8.50e+01 3.30e+01  -1.0 2.02e+02    -  6.71e-02 2.12e-02h  1
  84  1.5084619e+05 8.47e+01 3.29e+01  -1.0 1.87e+02    -  3.39e-03 3.49e-03h  1
  85  1.5324136e+05 8.10e+01 3.48e+01  -1.0 1.62e+02    -  2.76e-04 4.36e-02h  1
  86  1.5352544e+05 8.06e+01 3.47e+01  -1.0 1.49e+02    -  4.72e-03 5.35e-03h  1
  87  1.5628897e+05 7.64e+01 3.68e+01  -1.0 1.46e+02    -  2.63e-03 5.21e-02h  1
  88  1.5655907e+05 7.60e+01 3.65e+01  -1.0 1.34e+02    -  6.39e-03 5.33e-03h  1
  89  1.5755414e+05 7.45e+01 3.73e+01  -1.0 1.32e+02    -  2.42e-03 1.97e-02h  1
iter    objective    inf_pr   inf_du lg(mu)  ||d||  lg(rg) alpha_du alpha_pr  ls
  90  1.5842467e+05 7.32e+01 3.75e+01  -1.0 1.30e+02    -  6.85e-03 1.74e-02h  1
  91  1.6087685e+05 6.95e+01 3.83e+01  -1.0 1.17e+02    -  1.92e-02 4.99e-02h  1
  92  1.6252106e+05 6.71e+01 3.68e+01  -1.0 1.10e+02    -  3.66e-02 3.50e-02h  1
  93  1.6324364e+05 6.61e+01 3.71e+01  -1.0 9.78e+01    -  6.20e-03 1.57e-02h  1
  94  1.6333553e+05 6.59e+01 3.72e+01  -1.0 9.37e+01    -  1.15e-03 1.99e-03h  1
  95  1.6694740e+05 6.08e+01 4.15e+01  -1.0 9.30e+01    -  1.40e-03 7.83e-02h  1
  96  1.6800552e+05 5.93e+01 3.26e+01  -1.0 8.98e+01    -  1.02e-01 2.47e-02h  1
  97  1.6990325e+05 5.66e+01 3.57e+01  -1.0 1.17e+02    -  6.98e-04 4.44e-02h  1
  98  1.7069084e+05 5.56e+01 3.49e+01  -1.0 1.08e+02    -  1.98e-02 1.88e-02h  1
  99  1.7267293e+05 5.29e+01 3.80e+01  -1.0 1.11e+02    -  4.42e-03 4.80e-02h  1
iter    objective    inf_pr   inf_du lg(mu)  ||d||  lg(rg) alpha_du alpha_pr  ls
 100  1.7350599e+05 5.18e+01 3.43e+01  -1.0 1.38e+02    -  4.61e-02 2.11e-02h  1
 101  1.7515423e+05 4.96e+01 3.77e+01  -1.0 1.18e+02    -  1.14e-03 4.24e-02h  1
 102  1.7577301e+05 4.88e+01 3.65e+01  -1.0 1.20e+02    -  2.13e-02 1.64e-02h  1
 103  1.7702332e+05 4.71e+01 3.98e+01  -1.0 1.24e+02    -  1.11e-03 3.34e-02h  1
 104  1.8053134e+05 4.26e+01 4.93e+01  -1.0 1.26e+02    -  1.42e-02 9.66e-02h  1
 105  1.8621905e+05 3.52e+01 4.75e+01  -1.0 1.32e+02    -  1.24e-01 1.73e-01h  1
 106  1.8631854e+05 3.51e+01 4.29e+01  -1.0 1.51e+02    -  3.10e-02 3.64e-03h  1
 107  1.8885019e+05 3.18e+01 5.39e+01  -1.0 1.36e+02    -  1.57e-03 9.24e-02h  1
 108  1.8989514e+05 3.05e+01 5.33e+01  -1.0 1.20e+02    -  3.30e-02 4.21e-02h  1
 109  1.9004676e+05 3.03e+01 5.31e+01  -1.0 1.50e+02    -  5.51e-03 6.34e-03h  1
iter    objective    inf_pr   inf_du lg(mu)  ||d||  lg(rg) alpha_du alpha_pr  ls
 110  1.9334397e+05 2.61e+01 7.14e+01  -1.0 1.50e+02    -  3.83e-03 1.39e-01h  1
 111  1.9348559e+05 2.59e+01 6.84e+01  -1.0 1.28e+02    -  1.83e-02 6.82e-03h  1
 112  1.9632161e+05 2.24e+01 8.87e+01  -1.0 1.23e+02    -  2.74e-03 1.37e-01h  1
 113  1.9759796e+05 2.08e+01 5.94e+01  -1.0 8.16e+01    -  1.60e-01 6.97e-02h  1
 114  1.9977669e+05 1.82e+01 5.24e+01  -1.0 9.74e+01    -  1.25e-01 1.26e-01h  1
 115  2.0082845e+05 1.69e+01 6.05e+01  -1.0 6.92e+01    -  3.20e-02 6.95e-02h  1
 116  2.0359895e+05 1.36e+01 1.12e+02  -1.0 7.86e+01    -  6.84e-03 1.96e-01h  1
 117  2.0373731e+05 1.34e+01 1.01e+02  -1.0 5.16e+01    -  3.61e-02 1.22e-02h  1
 118  2.0769633e+05 8.72e+00 2.12e+02  -1.0 4.38e+01    -  4.95e-03 3.51e-01h  1
 119  2.1063818e+05 5.21e+00 2.27e+02  -1.0 2.57e+01    -  2.49e-01 4.02e-01h  1
iter    objective    inf_pr   inf_du lg(mu)  ||d||  lg(rg) alpha_du alpha_pr  ls
 120  2.1184414e+05 3.77e+00 1.47e+02  -1.0 1.45e+01    -  5.60e-01 2.76e-01h  1
 121  2.1335293e+05 1.97e+00 2.10e+02  -1.0 1.22e+01    -  5.66e-01 4.77e-01h  1
 122  2.1444840e+05 6.72e-01 5.90e+01  -1.0 1.65e+01    -  6.14e-01 6.59e-01h  1
 123  2.1470365e+05 3.69e-01 2.75e+03  -1.0 2.49e+01    -  7.84e-01 4.51e-01h  1
 124  2.1486377e+05 1.80e-01 3.46e+03  -1.0 5.11e+01    -  6.52e-01 5.13e-01h  1
 125  2.1493370e+05 9.82e-02 1.89e+04  -1.0 4.19e+01    -  1.00e+00 4.54e-01h  1
 126  2.1501761e+05 1.02e-03 7.94e+02  -1.0 1.57e+01    -  1.00e+00 9.90e-01h  1
 127  2.1501789e+05 6.76e-04 3.64e+06  -1.0 4.41e+00    -  1.00e+00 3.39e-01h  1
 128  2.1501820e+05 2.90e-04 5.14e+06  -1.0 3.18e+00    -  1.00e+00 5.70e-01h  1
 129  2.1501833e+05 1.19e-04 1.01e+07  -1.0 1.38e+00    -  1.00e+00 5.90e-01h  1
iter    objective    inf_pr   inf_du lg(mu)  ||d||  lg(rg) alpha_du alpha_pr  ls
 130  2.1501839e+05 4.94e-05 2.38e+07  -1.0 5.67e-01    -  1.00e+00 5.85e-01h  1
 131  2.1501841e+05 2.05e-05 5.70e+07  -1.0 2.35e-01    -  1.00e+00 5.86e-01h  1
 132  2.1501842e+05 8.47e-06 1.37e+08  -1.0 9.74e-02    -  1.00e+00 5.86e-01h  1
 133  2.1501842e+05 3.51e-06 3.32e+08  -1.0 4.04e-02    -  1.00e+00 5.86e-01h  1
 134  2.1501843e+05 1.45e-06 8.01e+08  -1.0 1.67e-02    -  1.00e+00 5.86e-01h  1
 135  2.1501843e+05 8.11e-11 1.43e-06  -1.0 6.93e-03    -  1.00e+00 1.00e+00f  1
 136  2.1498521e+05 4.57e-11 4.70e+04  -8.6 5.78e-01    -  7.60e-01 4.36e-01f  1
 137  2.1495709e+05 1.55e-11 2.32e+04  -8.6 3.28e-01    -  8.70e-01 6.62e-01f  1
 138  2.1494464e+05 1.07e-07 3.84e+03  -8.6 1.11e-01    -  5.38e-01 8.44e-01f  1
 139  2.1494278e+05 2.13e-07 3.39e+03  -8.6 1.71e-02    -  3.96e-01 7.52e-01f  1
iter    objective    inf_pr   inf_du lg(mu)  ||d||  lg(rg) alpha_du alpha_pr  ls
 140  2.1494238e+05 1.35e-07 2.91e+03  -8.6 9.17e-03    -  5.19e-02 6.40e-01f  1
 141  2.1494225e+05 1.66e-08 1.36e+03  -8.6 5.50e-03    -  4.23e-01 5.46e-01f  1
 142  2.1494219e+05 2.15e-08 6.74e+02  -8.6 4.64e-03    -  4.94e-01 5.05e-01f  1
 143  2.1494217e+05 2.21e-08 4.62e+02  -8.6 3.95e-03    -  1.94e-01 3.20e-01f  1
 144  2.1494215e+05 2.21e-08 2.85e+02  -8.6 3.27e-03    -  1.27e-01 3.97e-01f  1
 145  2.1494213e+05 1.27e-08 1.60e+02  -8.6 2.44e-03    -  9.46e-03 7.15e-01f  1
 146  2.1494213e+05 9.99e-09 1.05e+02  -8.6 1.22e-03    -  3.48e-01 2.75e-01f  1
 147  2.1494213e+05 8.22e-09 5.65e+01  -8.6 1.11e-03    -  5.03e-01 2.33e-01f  1
 148  2.1494213e+05 7.52e-09 4.44e+01  -8.6 1.03e-03    -  5.78e-01 1.07e-01f  1
 149  2.1494213e+05 6.90e-09 3.97e+01  -8.6 1.07e-03    -  4.73e-01 1.07e-01f  1
iter    objective    inf_pr   inf_du lg(mu)  ||d||  lg(rg) alpha_du alpha_pr  ls
 150  2.1494212e+05 4.82e-09 2.45e+01  -8.6 1.16e-03    -  5.44e-01 3.82e-01f  1
 151  2.1494212e+05 4.48e-09 2.24e+01  -8.6 9.74e-04    -  5.56e-01 8.61e-02f  1
 152  2.1494212e+05 4.04e-09 1.97e+01  -8.6 1.03e-03    -  3.61e-01 1.20e-01f  1
 153  2.1494212e+05 3.46e-09 1.80e+01  -8.6 9.94e-04    -  5.63e-01 1.84e-01f  1
 154  2.1494212e+05 3.48e-09 1.09e+01  -8.6 9.24e-04    -  1.74e-01 3.83e-01f  1
 155  2.1494212e+05 2.89e-09 8.75e+00  -8.6 6.42e-04    -  2.19e-01 2.01e-01f  1
 156  2.1494212e+05 2.86e-09 1.05e+01  -8.6 5.59e-04    -  4.80e-01 1.41e-02f  1
 157  2.1494212e+05 2.70e-09 1.43e+01  -8.6 6.04e-04    -  6.76e-01 8.42e-02f  1
 158  2.1494212e+05 1.93e-09 7.68e+00  -8.6 6.19e-04    -  5.78e-01 4.90e-01f  1
 159  2.1494212e+05 8.63e-10 3.05e+00  -8.6 5.32e-04    -  8.10e-01 6.45e-01f  1
iter    objective    inf_pr   inf_du lg(mu)  ||d||  lg(rg) alpha_du alpha_pr  ls
 160  2.1494212e+05 2.86e-10 4.27e-01  -8.6 2.07e-03    -  5.76e-01 8.50e-01f  1
 161  2.1494212e+05 2.86e-11 3.36e-01  -8.6 2.58e-03    -  5.88e-01 9.92e-01f  1
 162  2.1494212e+05 3.84e-11 3.46e-01  -8.6 1.88e-03    -  5.35e-01 1.00e+00f  1
 163  2.1494212e+05 1.32e-11 1.61e-02  -8.6 4.90e-04    -  9.69e-01 1.00e+00h  1
 164  2.1494212e+05 1.46e-13 2.95e-04 -12.0 1.25e-04    -  9.64e-01 1.00e+00h  1
 165  2.1494212e+05 1.63e-13 1.24e-14 -12.0 2.81e-03    -  1.00e+00 1.00e+00f  1

Number of Iterations....: 165

                                   (scaled)                 (unscaled)
Objective...............:   2.1494211579998952e+05    2.1494211579998952e+05
Dual infeasibility......:   1.2434497875801753e-14    1.2434497875801753e-14
Constraint violation....:   1.6342482922482304e-13    1.6342482922482304e-13
Complementarity.........:   1.3763644383996368e-09    1.3763644383996368e-09
Overall NLP error.......:   1.6342482922482304e-13    1.3763644383996368e-09


Number of objective function evaluations             = 166
Number of objective gradient evaluations             = 166
Number of equality constraint evaluations            = 166
Number of inequality constraint evaluations          = 166
Number of equality constraint Jacobian evaluations   = 166
Number of inequality constraint Jacobian evaluations = 166
Number of Lagrangian Hessian evaluations             = 165
Total CPU secs in IPOPT (w/o function evaluations)   =      1.599
Total CPU secs in NLP function evaluations           =      0.014

EXIT: Optimal Solution Found.

