Solver command line: ['C:\\Users\\Alexander\\AppData\\Local\\idaes\\bin\\ipopt.exe', 'C:\\Users\\ALEXAN~1\\AppData\\Local\\Temp\\tmpqblor7b8.pyomo.nl', '-AMPL', 'linear_solver=ma27', 'max_iter=3000', 'max_cpu_time=600.0', 'tol=1e-11', 'nlp_scaling_method=none', 'acceptable_tol=1e-10', 'bound_relax_factor=0.0', 'honor_original_bounds=yes', 'warm_start_init_point=no', 'print_level=5']

Ipopt 3.13.2: linear_solver=ma27
max_iter=3000
max_cpu_time=600.0
tol=1e-11
nlp_scaling_method=none
acceptable_tol=1e-10
bound_relax_factor=0.0
honor_original_bounds=yes
warm_start_init_point=no
print_level=5


******************************************************************************
This program contains Ipopt, a library for large-scale nonlinear optimization.
 Ipopt is released as open source code under the Eclipse Public License (EPL).
         For more information visit http://projects.coin-or.org/Ipopt

This version of Ipopt was compiled from source code available at
    https://github.com/IDAES/Ipopt as part of the Institute for the Design of
    Advanced Energy Systems Process Systems Engineering Framework (IDAES PSE
    Framework) Copyright (c) 2018-2019. See https://github.com/IDAES/idaes-pse.

This version of Ipopt was compiled using HSL, a collection of Fortran codes
    for large-scale scientific computation.  All technical papers, sales and
    publicity material resulting from use of the HSL codes within IPOPT must
    contain the following acknowledgement:
        HSL, a collection of Fortran codes for large-scale scientific
        computation. See http://www.hsl.rl.ac.uk.
******************************************************************************

This is Ipopt version 3.13.2, running with linear solver ma27.

Number of nonzeros in equality constraint Jacobian...:     4734
Number of nonzeros in inequality constraint Jacobian.:     4995
Number of nonzeros in Lagrangian Hessian.............:       72

Total number of variables............................:     2547
                     variables with only lower bounds:     2259
                variables with lower and upper bounds:        0
                     variables with only upper bounds:        0
Total number of equality constraints.................:      915
Total number of inequality constraints...............:     2691
        inequality constraints with only lower bounds:      216
   inequality constraints with lower and upper bounds:        0
        inequality constraints with only upper bounds:     2475

iter    objective    inf_pr   inf_du lg(mu)  ||d||  lg(rg) alpha_du alpha_pr  ls
   0  1.9512000e+02 5.62e+02 1.54e+01  -1.0 0.00e+00    -  0.00e+00 0.00e+00   0
   1  3.5475762e+02 5.62e+02 1.61e+01  -1.0 5.17e+02    -  2.28e-04 4.60e-04h  1
   2  1.4218066e+03 5.61e+02 1.71e+01  -1.0 5.62e+02    -  1.76e-04 2.67e-03h  1
   3  1.4446734e+03 5.60e+02 1.71e+01  -1.0 1.33e+03    -  3.40e-04 5.57e-04h  1
   4  1.4368239e+03 5.60e+02 1.71e+01  -1.0 1.22e+03    -  7.81e-04 8.66e-04f  1
   5  1.2175557e+03 5.59e+02 1.71e+01  -1.0 1.12e+03    -  8.71e-04 1.44e-03f  1
   6  8.4741532e+02 5.58e+02 1.71e+01  -1.0 9.40e+02    -  1.10e-03 1.92e-03f  1
   7  4.9277277e+02 5.57e+02 1.71e+01  -1.0 7.73e+02    -  1.73e-03 2.39e-03f  1
   8  1.6194657e+02 5.54e+02 1.70e+01  -1.0 6.26e+02    -  7.60e-03 5.24e-03f  1
   9  1.1147295e+02 5.47e+02 1.68e+01  -1.0 6.26e+02    -  2.25e-02 1.22e-02f  1
iter    objective    inf_pr   inf_du lg(mu)  ||d||  lg(rg) alpha_du alpha_pr  ls
  10  1.1132655e+02 4.98e+02 1.53e+01  -1.0 6.17e+02    -  6.96e-02 9.05e-02f  1
  11  1.1702757e+02 4.84e+02 1.49e+01  -1.0 5.80e+02    -  1.43e-02 2.75e-02h  1
  12  2.9485685e+02 4.80e+02 1.67e+01  -1.0 5.28e+02    -  1.12e-04 7.37e-03h  1
  13  7.3324747e+02 4.72e+02 1.67e+01  -1.0 5.71e+02    -  6.01e-03 1.69e-02h  1
  14  1.4239350e+03 4.63e+02 1.69e+01  -1.0 5.61e+02    -  3.24e-04 1.89e-02h  1
  15  1.4960510e+03 4.62e+02 1.72e+01  -1.0 5.52e+02    -  6.72e-04 1.75e-03h  1
  16  1.9169935e+03 4.58e+02 1.74e+01  -1.0 5.52e+02    -  5.89e-04 8.98e-03h  1
  17  2.1091314e+03 4.57e+02 1.87e+01  -1.0 5.56e+02    -  9.82e-04 3.51e-03h  1
  18  3.0144459e+03 4.49e+02 1.87e+01  -1.0 5.44e+02    -  3.28e-03 1.63e-02h  1
  19  3.1187545e+03 4.48e+02 1.87e+01  -1.0 5.94e+02    -  6.76e-04 1.60e-03h  1
iter    objective    inf_pr   inf_du lg(mu)  ||d||  lg(rg) alpha_du alpha_pr  ls
  20  3.6348620e+03 4.45e+02 1.88e+01  -1.0 5.35e+02    -  3.77e-04 6.79e-03h  1
  21  4.2228448e+03 4.42e+02 1.93e+01  -1.0 5.33e+02    -  1.85e-03 7.00e-03h  1
  22  5.0188630e+03 4.38e+02 1.94e+01  -1.0 5.29e+02    -  1.35e-03 8.81e-03h  1
  23  5.5768176e+03 4.36e+02 1.94e+01  -1.0 5.23e+02    -  3.69e-03 6.16e-03h  1
  24  6.5379013e+03 4.32e+02 1.94e+01  -1.0 5.20e+02    -  2.48e-04 9.52e-03h  1
  25  7.1252946e+03 4.29e+02 1.94e+01  -1.0 5.16e+02    -  1.46e-03 5.52e-03h  1
  26  8.2991964e+03 4.24e+02 1.93e+01  -1.0 5.12e+02    -  5.74e-03 1.10e-02h  1
  27  9.0963558e+03 4.21e+02 1.94e+01  -1.0 5.07e+02    -  6.47e-04 6.97e-03h  1
  28  1.0505929e+04 4.16e+02 1.94e+01  -1.0 5.03e+02    -  2.07e-03 1.19e-02h  1
  29  1.0871991e+04 4.15e+02 1.94e+01  -1.0 4.97e+02    -  9.67e-04 2.98e-03h  1
iter    objective    inf_pr   inf_du lg(mu)  ||d||  lg(rg) alpha_du alpha_pr  ls
  30  1.8294005e+04 3.90e+02 1.97e+01  -1.0 4.95e+02    -  2.50e-03 6.03e-02h  1
  31  1.8707560e+04 3.89e+02 1.96e+01  -1.0 5.42e+02    -  2.67e-03 3.57e-03h  1
  32  1.9874292e+04 3.85e+02 1.97e+01  -1.0 4.63e+02    -  1.57e-03 9.91e-03h  1
  33  2.0566130e+04 3.83e+02 1.97e+01  -1.0 4.90e+02    -  1.77e-03 5.85e-03h  1
  34  2.6220228e+04 3.64e+02 2.07e+01  -1.0 4.49e+02    -  5.31e-03 4.80e-02h  1
  35  2.6467985e+04 3.64e+02 2.07e+01  -1.0 4.48e+02    -  1.50e-03 2.19e-03h  1
  36  2.9128025e+04 3.55e+02 2.13e+01  -1.0 4.29e+02    -  1.67e-03 2.34e-02h  1
  37  3.0156208e+04 3.52e+02 2.13e+01  -1.0 4.88e+02    -  4.47e-03 9.17e-03h  1
  38  3.1857373e+04 3.46e+02 2.14e+01  -1.0 4.07e+02    -  5.94e-03 1.51e-02h  1
  39  3.3438844e+04 3.42e+02 2.15e+01  -1.0 4.07e+02    -  5.73e-03 1.41e-02h  1
iter    objective    inf_pr   inf_du lg(mu)  ||d||  lg(rg) alpha_du alpha_pr  ls
  40  3.3573639e+04 3.41e+02 2.15e+01  -1.0 4.04e+02    -  6.46e-04 1.17e-03h  1
  41  3.6568359e+04 3.33e+02 2.23e+01  -1.0 4.02e+02    -  1.70e-04 2.49e-02h  1
  42  3.8219986e+04 3.28e+02 2.23e+01  -1.0 3.87e+02    -  7.02e-03 1.38e-02h  1
  43  3.8938065e+04 3.26e+02 2.20e+01  -1.0 3.67e+02    -  9.55e-03 6.07e-03h  1
  44  4.0580219e+04 3.22e+02 2.24e+01  -1.0 3.65e+02    -  8.91e-05 1.32e-02h  1
  45  4.4945717e+04 3.11e+02 2.29e+01  -1.0 3.62e+02    -  1.15e-02 3.48e-02h  1
  46  4.8855332e+04 3.01e+02 2.35e+01  -1.0 3.50e+02    -  7.69e-03 3.17e-02h  1
  47  5.4944259e+04 2.85e+02 2.45e+01  -1.0 3.39e+02    -  9.84e-03 5.08e-02h  1
  48  5.6293231e+04 2.82e+02 2.47e+01  -1.0 3.23e+02    -  4.17e-03 1.18e-02h  1
  49  5.8984084e+04 2.75e+02 2.48e+01  -1.0 3.21e+02    -  1.07e-02 2.37e-02h  1
iter    objective    inf_pr   inf_du lg(mu)  ||d||  lg(rg) alpha_du alpha_pr  ls
  50  6.2249596e+04 2.67e+02 2.53e+01  -1.0 3.10e+02    -  4.92e-03 2.92e-02h  1
  51  6.4889192e+04 2.61e+02 2.54e+01  -1.0 3.13e+02    -  9.98e-03 2.42e-02h  1
  52  6.9637309e+04 2.49e+02 2.61e+01  -1.0 3.67e+02    -  1.00e-02 4.42e-02h  1
  53  7.1616239e+04 2.45e+02 2.63e+01  -1.0 4.42e+02    -  4.69e-03 1.90e-02h  1
  54  7.4924578e+04 2.37e+02 2.67e+01  -1.0 4.61e+02    -  8.10e-03 3.22e-02h  1
  55  7.9336217e+04 2.26e+02 2.64e+01  -1.0 4.74e+02    -  2.63e-02 4.41e-02h  1
  56  8.3502670e+04 2.16e+02 2.73e+01  -1.0 4.38e+02    -  2.54e-03 4.36e-02h  1
  57  8.3720871e+04 2.16e+02 2.71e+01  -1.0 4.06e+02    -  4.85e-03 2.38e-03h  1
  58  8.4861407e+04 2.13e+02 2.74e+01  -1.0 4.14e+02    -  7.97e-05 1.19e-02h  1
  59  8.9159790e+04 2.04e+02 2.75e+01  -1.0 4.26e+02    -  1.63e-02 4.52e-02h  1
iter    objective    inf_pr   inf_du lg(mu)  ||d||  lg(rg) alpha_du alpha_pr  ls
  60  9.2387035e+04 1.97e+02 2.77e+01  -1.0 4.65e+02    -  1.06e-02 3.53e-02h  1
  61  9.6314138e+04 1.88e+02 2.76e+01  -1.0 4.54e+02    -  2.17e-02 4.43e-02h  1
  62  9.9412159e+04 1.81e+02 2.77e+01  -1.0 4.08e+02    -  1.28e-02 3.65e-02h  1
  63  1.0002206e+05 1.80e+02 2.62e+01  -1.0 3.52e+02    -  3.64e-02 7.47e-03h  1
  64  1.0037345e+05 1.79e+02 2.61e+01  -1.0 3.74e+02    -  3.01e-03 4.33e-03h  1
  65  1.0347403e+05 1.72e+02 2.67e+01  -1.0 3.71e+02    -  1.85e-04 3.69e-02h  1
  66  1.0653498e+05 1.66e+02 2.68e+01  -1.0 3.67e+02    -  1.31e-02 3.75e-02h  1
  67  1.0798520e+05 1.63e+02 2.69e+01  -1.0 3.54e+02    -  3.56e-03 1.81e-02h  1
  68  1.0917835e+05 1.60e+02 2.69e+01  -1.0 3.42e+02    -  5.82e-03 1.49e-02h  1
  69  1.1214304e+05 1.54e+02 2.73e+01  -1.0 3.32e+02    -  4.84e-03 3.70e-02h  1
iter    objective    inf_pr   inf_du lg(mu)  ||d||  lg(rg) alpha_du alpha_pr  ls
  70  1.1554057e+05 1.48e+02 2.74e+01  -1.0 3.09e+02    -  1.28e-02 4.36e-02h  1
  71  1.1848374e+05 1.42e+02 2.76e+01  -1.0 2.83e+02    -  8.93e-03 3.91e-02h  1
  72  1.2055150e+05 1.38e+02 2.73e+01  -1.0 2.68e+02    -  1.77e-02 2.85e-02h  1
  73  1.2478189e+05 1.30e+02 3.00e+01  -1.0 2.73e+02    -  5.88e-03 5.91e-02h  1
  74  1.3144129e+05 1.17e+02 3.18e+01  -1.0 2.49e+02    -  2.65e-02 9.58e-02h  1
  75  1.3352705e+05 1.14e+02 3.12e+01  -1.0 3.09e+02    -  2.56e-02 3.11e-02h  1
  76  1.3509109e+05 1.11e+02 3.18e+01  -1.0 2.50e+02    -  2.08e-03 2.34e-02h  1
  77  1.3884910e+05 1.05e+02 3.18e+01  -1.0 2.14e+02    -  2.81e-02 5.70e-02h  1
  78  1.4021994e+05 1.02e+02 3.16e+01  -1.0 2.02e+02    -  1.45e-02 2.18e-02h  1
  79  1.4122443e+05 1.01e+02 3.19e+01  -1.0 2.59e+02    -  4.10e-03 1.62e-02h  1
iter    objective    inf_pr   inf_du lg(mu)  ||d||  lg(rg) alpha_du alpha_pr  ls
  80  1.4718178e+05 9.10e+01 3.48e+01  -1.0 2.43e+02    -  7.95e-03 9.72e-02h  1
  81  1.4737361e+05 9.06e+01 3.46e+01  -1.0 2.04e+02    -  5.43e-03 3.41e-03h  1
  82  1.5001620e+05 8.64e+01 3.63e+01  -1.0 2.03e+02    -  1.33e-03 4.68e-02h  1
  83  1.5098027e+05 8.49e+01 3.29e+01  -1.0 2.05e+02    -  5.33e-02 1.76e-02h  1
  84  1.5104683e+05 8.48e+01 3.28e+01  -1.0 1.67e+02    -  1.73e-03 1.23e-03h  1
  85  1.5344784e+05 8.11e+01 3.47e+01  -1.0 1.63e+02    -  2.44e-04 4.37e-02h  1
  86  1.5369871e+05 8.07e+01 3.46e+01  -1.0 1.50e+02    -  4.66e-03 4.72e-03h  1
  87  1.5651347e+05 7.64e+01 3.68e+01  -1.0 1.47e+02    -  2.22e-03 5.30e-02h  1
  88  1.5676298e+05 7.60e+01 3.65e+01  -1.0 1.33e+02    -  6.42e-03 4.92e-03h  1
  89  1.5775602e+05 7.45e+01 3.73e+01  -1.0 1.31e+02    -  2.23e-03 1.96e-02h  1
iter    objective    inf_pr   inf_du lg(mu)  ||d||  lg(rg) alpha_du alpha_pr  ls
  90  1.5846594e+05 7.35e+01 3.74e+01  -1.0 1.30e+02    -  6.49e-03 1.42e-02h  1
  91  1.6090684e+05 6.99e+01 3.86e+01  -1.0 1.17e+02    -  1.48e-02 4.95e-02h  1
  92  1.6285704e+05 6.70e+01 3.73e+01  -1.0 1.15e+02    -  3.76e-02 4.15e-02h  1
  93  1.6342025e+05 6.61e+01 3.74e+01  -1.0 1.04e+02    -  6.06e-03 1.24e-02h  1
  94  1.6348445e+05 6.60e+01 3.74e+01  -1.0 1.00e+02    -  1.66e-03 1.40e-03h  1
  95  1.6757999e+05 6.02e+01 4.24e+01  -1.0 9.98e+01    -  4.70e-04 8.86e-02h  1
  96  1.6918773e+05 5.79e+01 3.45e+01  -1.0 9.60e+01    -  9.92e-02 3.79e-02h  1
  97  1.7077320e+05 5.57e+01 3.62e+01  -1.0 1.09e+02    -  9.84e-03 3.85e-02h  1
  98  1.7223565e+05 5.36e+01 3.64e+01  -1.0 1.14e+02    -  2.22e-02 3.67e-02h  1
  99  1.7269900e+05 5.30e+01 3.72e+01  -1.0 1.25e+02    -  1.36e-03 1.17e-02h  1
iter    objective    inf_pr   inf_du lg(mu)  ||d||  lg(rg) alpha_du alpha_pr  ls
 100  1.7426896e+05 5.09e+01 3.94e+01  -1.0 1.21e+02    -  6.78e-03 3.94e-02h  1
 101  1.7508162e+05 4.98e+01 3.64e+01  -1.0 1.26e+02    -  3.96e-02 2.12e-02h  1
 102  1.7611636e+05 4.85e+01 3.84e+01  -1.0 1.35e+02    -  2.31e-03 2.72e-02h  1
 103  1.7700447e+05 4.73e+01 3.94e+01  -1.0 1.37e+02    -  1.07e-02 2.38e-02h  1
 104  1.8655884e+05 3.50e+01 6.35e+01  -1.0 1.38e+02    -  7.30e-03 2.61e-01h  1
 105  1.8673900e+05 3.47e+01 6.05e+01  -1.0 1.74e+02    -  2.20e-02 6.62e-03h  1
 106  1.8797989e+05 3.32e+01 6.51e+01  -1.0 1.71e+02    -  1.57e-03 4.56e-02h  1
 107  1.9001080e+05 3.06e+01 6.56e+01  -1.0 1.60e+02    -  4.61e-02 7.78e-02h  1
 108  1.9010992e+05 3.05e+01 6.47e+01  -1.0 8.00e+01    -  7.59e-03 4.05e-03h  1
 109  1.9206905e+05 2.80e+01 7.43e+01  -1.0 7.41e+01    -  2.03e-03 8.01e-02h  1
iter    objective    inf_pr   inf_du lg(mu)  ||d||  lg(rg) alpha_du alpha_pr  ls
 110  1.9360765e+05 2.61e+01 7.54e+01  -1.0 1.45e+02    -  3.90e-02 6.87e-02h  1
 111  1.9376686e+05 2.59e+01 7.34e+01  -1.0 1.71e+02    -  1.38e-02 7.68e-03h  1
 112  1.9778553e+05 2.09e+01 1.02e+02  -1.0 1.66e+02    -  3.29e-03 1.95e-01h  1
 113  1.9885046e+05 1.95e+01 7.10e+01  -1.0 7.10e+01    -  1.51e-01 6.25e-02h  1
 114  1.9980610e+05 1.84e+01 7.68e+01  -1.0 7.08e+01    -  2.52e-02 5.91e-02h  1
 115  2.0370605e+05 1.37e+01 1.35e+02  -1.0 8.87e+01    -  5.45e-03 2.56e-01h  1
 116  2.0383366e+05 1.35e+01 1.20e+02  -1.0 5.56e+01    -  4.36e-02 1.12e-02h  1
 117  2.0743955e+05 9.22e+00 2.15e+02  -1.0 4.78e+01    -  4.17e-03 3.19e-01h  1
 118  2.0960110e+05 6.63e+00 1.70e+02  -1.0 2.10e+01    -  2.55e-01 2.81e-01h  1
 119  2.1191377e+05 3.86e+00 6.71e+01  -1.0 1.60e+01    -  4.55e-01 4.17e-01h  1
iter    objective    inf_pr   inf_du lg(mu)  ||d||  lg(rg) alpha_du alpha_pr  ls
 120  2.1378076e+05 1.63e+00 2.91e+02  -1.0 1.02e+01    -  3.98e-01 5.78e-01h  1
 121  2.1388009e+05 1.51e+00 1.30e+03  -1.0 8.78e+00    -  5.27e-01 7.27e-02h  1
 122  2.1466821e+05 5.79e-01 3.52e+02  -1.0 1.49e+01    -  5.78e-01 6.17e-01h  1
 123  2.1484049e+05 3.75e-01 3.74e+03  -1.0 2.31e+01    -  7.14e-01 3.53e-01h  1
 124  2.1515639e+05 3.80e-03 6.37e+03  -1.0 4.56e+01    -  5.63e-01 9.90e-01h  1
 125  2.1515778e+05 2.67e-03 1.04e+06  -1.0 2.36e+01    -  1.00e+00 2.98e-01h  1
 126  2.1516009e+05 7.80e-04 9.20e+05  -1.0 1.41e+01    -  1.00e+00 7.07e-01h  1
 127  2.1516058e+05 3.89e-04 4.05e+06  -1.0 4.89e+00    -  1.00e+00 5.02e-01h  1
 128  2.1516087e+05 1.56e-04 7.44e+06  -1.0 2.30e+00    -  1.00e+00 5.98e-01h  1
 129  2.1516099e+05 6.50e-05 1.80e+07  -1.0 9.24e-01    -  1.00e+00 5.84e-01h  1
iter    objective    inf_pr   inf_du lg(mu)  ||d||  lg(rg) alpha_du alpha_pr  ls
 130  2.1516103e+05 2.69e-05 4.33e+07  -1.0 3.84e-01    -  1.00e+00 5.86e-01h  1
 131  2.1516105e+05 1.11e-05 1.05e+08  -1.0 1.59e-01    -  1.00e+00 5.86e-01h  1
 132  2.1516106e+05 4.62e-06 2.52e+08  -1.0 6.58e-02    -  1.00e+00 5.86e-01h  1
 133  2.1516106e+05 1.91e-06 6.09e+08  -1.0 2.73e-02    -  1.00e+00 5.86e-01h  1
 134  2.1516107e+05 7.92e-07 1.47e+09  -1.0 1.13e-02    -  1.00e+00 5.86e-01h  1
 135  2.1516107e+05 3.28e-07 3.55e+09  -1.0 4.68e-03    -  1.00e+00 5.86e-01h  1
 136  2.1516107e+05 1.36e-07 8.58e+09  -1.0 1.94e-03    -  1.00e+00 5.86e-01h  1
 137  2.1516107e+05 5.63e-08 2.07e+10  -1.0 8.03e-04    -  1.00e+00 5.86e-01h  1
 138  2.1516107e+05 2.33e-08 5.00e+10  -1.0 3.32e-04    -  1.00e+00 5.86e-01h  1
 139  2.1516107e+05 9.66e-09 1.21e+11  -1.0 1.38e-04    -  1.00e+00 5.86e-01h  1
iter    objective    inf_pr   inf_du lg(mu)  ||d||  lg(rg) alpha_du alpha_pr  ls
 140  2.1516107e+05 4.00e-09 2.91e+11  -1.0 5.70e-05    -  1.00e+00 5.86e-01h  1
 141  2.1516107e+05 1.66e-09 7.03e+11  -1.0 2.36e-05    -  1.00e+00 5.86e-01h  1
 142  2.1516107e+05 6.86e-10 1.70e+12  -1.0 9.79e-06    -  1.00e+00 5.86e-01h  1
 143  2.1516107e+05 2.84e-10 4.10e+12  -1.0 4.05e-06    -  1.00e+00 5.86e-01h  1
 144  2.1516107e+05 1.18e-10 9.90e+12  -1.0 1.68e-06    -  1.00e+00 5.86e-01h  1
 145  2.1516107e+05 4.88e-11 2.39e+13  -1.0 6.96e-07    -  1.00e+00 5.86e-01h  1
In iteration 145, 2 Slacks too small, adjusting variable bounds
 146  2.1516107e+05 2.02e-11 5.77e+13  -1.0 2.88e-07    -  1.00e+00 5.86e-01h  1
In iteration 146, 8 Slacks too small, adjusting variable bounds
 147  2.1516107e+05 7.28e-12 1.21e+14  -1.0 1.19e-07    -  1.00e+00 6.40e-01h  1
In iteration 147, 26 Slacks too small, adjusting variable bounds
 148  2.1516107e+05 2.84e-12 5.77e+14  -1.0 4.29e-08    -  1.00e+00 6.11e-01h  1
In iteration 148, 178 Slacks too small, adjusting variable bounds
 149  2.1516107e+05 1.02e-12 1.30e+15  -1.0 1.67e-08    -  1.00e+00 6.37e-01h  1
iter    objective    inf_pr   inf_du lg(mu)  ||d||  lg(rg) alpha_du alpha_pr  ls
 150  2.1516107e+05 9.95e-14 5.00e-01  -1.0 6.06e-09    -  1.00e+00 1.00e+00h  1
 151  2.1509783e+05 1.14e-13 3.80e+14 -12.0 5.96e-01    -  8.27e-01 8.31e-01f  1
 152  2.1509080e+05 1.17e-13 3.87e+14 -12.0 2.20e-01    -  7.06e-01 2.89e-01f  1
 153  2.1508637e+05 1.44e-13 1.46e+14 -12.0 5.03e-02    -  7.92e-01 6.52e-01f  1
In iteration 153, 1 Slack too small, adjusting variable bound
 154  2.1508580e+05 1.14e-13 9.37e+13 -12.0 1.64e-02    -  5.57e-01 3.80e-01f  1
 155  2.1508511e+05 1.14e-13 2.24e+13 -12.0 1.20e-02    -  6.04e-01 7.49e-01f  1
 156  2.1508497e+05 9.49e-14 8.19e+12 -12.0 5.37e-03    -  6.77e-01 6.39e-01f  1
 157  2.1508492e+05 1.53e-13 3.12e+12 -12.0 3.44e-03    -  6.73e-01 6.25e-01f  1
 158  2.1508490e+05 2.14e-12 8.44e+11 -12.0 2.30e-03    -  6.40e-01 7.22e-01f  1
 159  2.1508489e+05 4.86e-12 2.50e+11 -12.0 1.33e-03    -  6.67e-01 6.99e-01f  1
iter    objective    inf_pr   inf_du lg(mu)  ||d||  lg(rg) alpha_du alpha_pr  ls
 160  2.1508489e+05 5.19e-11 7.69e+10 -12.0 8.08e-04    -  5.71e-01 6.77e-01f  1
 161  2.1508489e+05 4.12e-11 3.94e+10 -12.0 4.86e-04    -  6.21e-01 5.11e-01f  1
 162  2.1508488e+05 3.01e-10 2.01e+10 -12.0 3.53e-04    -  5.31e-01 4.94e-01f  1
 163  2.1508488e+05 1.66e-09 6.40e+09 -12.0 2.36e-04    -  4.81e-01 6.57e-01f  1
 164  2.1508488e+05 7.88e-09 1.49e+09 -12.0 1.18e-04    -  5.14e-01 7.19e-01f  1
 165  2.1508488e+05 2.92e-08 3.38e+08 -12.0 5.29e-05    -  7.43e-01 7.63e-01h  1
In iteration 165, 1 Slack too small, adjusting variable bound
 166  2.1508488e+05 3.25e-07 5.79e+07 -12.0 5.82e-05    -  5.93e-01 9.37e-01h  1
In iteration 166, 1 Slack too small, adjusting variable bound
 167  2.1508488e+05 1.46e-07 1.04e+07 -12.0 1.51e-04    -  8.79e-01 9.81e-01h  1
 168  2.1508488e+05 4.81e-06 3.54e+04 -12.0 1.05e-03    -  9.92e-01 9.20e-01h  1
 169  2.1508488e+05 6.04e-06 3.93e+03 -12.0 8.94e-02    -  1.00e+00 9.21e-01f  1
iter    objective    inf_pr   inf_du lg(mu)  ||d||  lg(rg) alpha_du alpha_pr  ls
 170  2.1508488e+05 5.29e-06 3.20e+03 -12.0 2.41e-01    -  1.00e+00 1.25e-01h  4
 171  2.1508488e+05 4.10e-09 3.64e-12 -12.0 4.66e-01    -  1.00e+00 1.00e+00h  1
 172  2.1508488e+05 2.49e-13 3.64e-12 -12.0 9.34e-01    -  1.00e+00 1.00e+00h  1

Number of Iterations....: 172

                                   (scaled)                 (unscaled)
Objective...............:   2.1508488437270833e+05    2.1508488437270833e+05
Dual infeasibility......:   3.6379788070917130e-12    3.6379788070917130e-12
Constraint violation....:   2.4868995751603507e-13    2.4868995751603507e-13
Complementarity.........:   1.2242131427827683e-12    1.2242131427827683e-12
Overall NLP error.......:   3.2195869309641652e-13    3.6379788070917130e-12


Number of objective function evaluations             = 176
Number of objective gradient evaluations             = 173
Number of equality constraint evaluations            = 176
Number of inequality constraint evaluations          = 176
Number of equality constraint Jacobian evaluations   = 173
Number of inequality constraint Jacobian evaluations = 173
Number of Lagrangian Hessian evaluations             = 172
Total CPU secs in IPOPT (w/o function evaluations)   =      0.922
Total CPU secs in NLP function evaluations           =      0.009

EXIT: Optimal Solution Found.

