Solver command line: ['C:\\Users\\Alexander\\AppData\\Local\\idaes\\bin\\ipopt.exe', 'C:\\Users\\ALEXAN~1\\AppData\\Local\\Temp\\tmpqm6_78ld.pyomo.nl', '-AMPL', 'linear_solver=mumps', 'max_iter=3000', 'max_cpu_time=600.0', 'tol=1e-11', 'nlp_scaling_method=none', 'acceptable_tol=1e-10', 'bound_relax_factor=0.0', 'honor_original_bounds=yes', 'warm_start_init_point=no', 'print_level=5']

Ipopt 3.13.2: linear_solver=mumps
max_iter=3000
max_cpu_time=600.0
tol=1e-11
nlp_scaling_method=none
acceptable_tol=1e-10
bound_relax_factor=0.0
honor_original_bounds=yes
warm_start_init_point=no
print_level=5


******************************************************************************
This program contains Ipopt, a library for large-scale nonlinear optimization.
 Ipopt is released as open source code under the Eclipse Public License (EPL).
         For more information visit http://projects.coin-or.org/Ipopt

This version of Ipopt was compiled from source code available at
    https://github.com/IDAES/Ipopt as part of the Institute for the Design of
    Advanced Energy Systems Process Systems Engineering Framework (IDAES PSE
    Framework) Copyright (c) 2018-2019. See https://github.com/IDAES/idaes-pse.

This version of Ipopt was compiled using HSL, a collection of Fortran codes
    for large-scale scientific computation.  All technical papers, sales and
    publicity material resulting from use of the HSL codes within IPOPT must
    contain the following acknowledgement:
        HSL, a collection of Fortran codes for large-scale scientific
        computation. See http://www.hsl.rl.ac.uk.
******************************************************************************

This is Ipopt version 3.13.2, running with linear solver mumps.
NOTE: Other linear solvers might be more efficient (see Ipopt documentation).

Number of nonzeros in equality constraint Jacobian...:     4734
Number of nonzeros in inequality constraint Jacobian.:     4995
Number of nonzeros in Lagrangian Hessian.............:       72

Total number of variables............................:     2547
                     variables with only lower bounds:     2259
                variables with lower and upper bounds:        0
                     variables with only upper bounds:        0
Total number of equality constraints.................:      915
Total number of inequality constraints...............:     2691
        inequality constraints with only lower bounds:      216
   inequality constraints with lower and upper bounds:        0
        inequality constraints with only upper bounds:     2475

iter    objective    inf_pr   inf_du lg(mu)  ||d||  lg(rg) alpha_du alpha_pr  ls
   0  1.9512000e+02 5.62e+02 1.54e+01  -1.0 0.00e+00    -  0.00e+00 0.00e+00   0
   1  3.5475050e+02 5.62e+02 1.61e+01  -1.0 5.17e+02    -  2.28e-04 4.60e-04h  1
   2  1.4218276e+03 5.61e+02 1.71e+01  -1.0 5.62e+02    -  1.76e-04 2.67e-03h  1
   3  1.4447105e+03 5.60e+02 1.71e+01  -1.0 1.33e+03    -  3.40e-04 5.57e-04h  1
   4  1.4368476e+03 5.60e+02 1.71e+01  -1.0 1.22e+03    -  7.81e-04 8.66e-04f  1
   5  1.2175600e+03 5.59e+02 1.71e+01  -1.0 1.12e+03    -  8.71e-04 1.44e-03f  1
   6  8.4742828e+02 5.58e+02 1.71e+01  -1.0 9.40e+02    -  1.10e-03 1.92e-03f  1
   7  4.9282983e+02 5.57e+02 1.71e+01  -1.0 7.73e+02    -  1.73e-03 2.39e-03f  1
   8  1.6195603e+02 5.54e+02 1.70e+01  -1.0 6.26e+02    -  7.60e-03 5.24e-03f  1
   9  1.1149154e+02 5.47e+02 1.68e+01  -1.0 6.26e+02    -  2.25e-02 1.22e-02f  1
iter    objective    inf_pr   inf_du lg(mu)  ||d||  lg(rg) alpha_du alpha_pr  ls
  10  1.1142574e+02 4.98e+02 1.53e+01  -1.0 6.17e+02    -  6.96e-02 9.05e-02f  1
  11  1.1714063e+02 4.84e+02 1.49e+01  -1.0 5.80e+02    -  1.43e-02 2.75e-02h  1
  12  2.9499572e+02 4.80e+02 1.67e+01  -1.0 5.28e+02    -  1.12e-04 7.37e-03h  1
  13  7.3334513e+02 4.72e+02 1.67e+01  -1.0 5.71e+02    -  6.01e-03 1.69e-02h  1
  14  1.4241116e+03 4.63e+02 1.69e+01  -1.0 5.61e+02    -  3.24e-04 1.89e-02h  1
  15  1.4963840e+03 4.62e+02 1.72e+01  -1.0 5.52e+02    -  6.74e-04 1.75e-03h  1
  16  1.9171543e+03 4.58e+02 1.74e+01  -1.0 5.52e+02    -  5.89e-04 8.98e-03h  1
  17  2.1097156e+03 4.57e+02 1.87e+01  -1.0 5.56e+02    -  9.84e-04 3.52e-03h  1
  18  3.0145992e+03 4.49e+02 1.87e+01  -1.0 5.44e+02    -  3.29e-03 1.63e-02h  1
  19  3.1192080e+03 4.48e+02 1.87e+01  -1.0 5.95e+02    -  6.77e-04 1.60e-03h  1
iter    objective    inf_pr   inf_du lg(mu)  ||d||  lg(rg) alpha_du alpha_pr  ls
  20  3.6357191e+03 4.45e+02 1.88e+01  -1.0 5.35e+02    -  3.78e-04 6.80e-03h  1
  21  4.2234333e+03 4.42e+02 1.92e+01  -1.0 5.33e+02    -  1.86e-03 7.00e-03h  1
  22  5.0274614e+03 4.38e+02 1.94e+01  -1.0 5.29e+02    -  1.35e-03 8.90e-03h  1
  23  5.5777019e+03 4.36e+02 1.94e+01  -1.0 5.23e+02    -  3.62e-03 6.08e-03h  1
  24  6.5375056e+03 4.32e+02 1.94e+01  -1.0 5.20e+02    -  2.50e-04 9.51e-03h  1
  25  7.1210380e+03 4.29e+02 1.94e+01  -1.0 5.16e+02    -  1.45e-03 5.49e-03h  1
  26  8.2986174e+03 4.24e+02 1.93e+01  -1.0 5.12e+02    -  5.69e-03 1.11e-02h  1
  27  9.0907267e+03 4.21e+02 1.94e+01  -1.0 5.06e+02    -  6.49e-04 6.93e-03h  1
  28  1.0503398e+04 4.16e+02 1.94e+01  -1.0 5.03e+02    -  2.04e-03 1.19e-02h  1
  29  1.0865269e+04 4.15e+02 1.94e+01  -1.0 4.97e+02    -  9.70e-04 2.95e-03h  1
iter    objective    inf_pr   inf_du lg(mu)  ||d||  lg(rg) alpha_du alpha_pr  ls
  30  1.8296368e+04 3.90e+02 1.97e+01  -1.0 4.95e+02    -  2.45e-03 6.03e-02h  1
  31  1.8711082e+04 3.89e+02 1.96e+01  -1.0 5.42e+02    -  2.69e-03 3.58e-03h  1
  32  1.9874946e+04 3.85e+02 1.97e+01  -1.0 4.63e+02    -  1.56e-03 9.89e-03h  1
  33  2.0566788e+04 3.83e+02 1.97e+01  -1.0 4.91e+02    -  1.78e-03 5.85e-03h  1
  34  2.6219879e+04 3.64e+02 2.07e+01  -1.0 4.49e+02    -  5.29e-03 4.80e-02h  1
  35  2.6467399e+04 3.64e+02 2.07e+01  -1.0 4.48e+02    -  1.50e-03 2.18e-03h  1
  36  2.9133512e+04 3.55e+02 2.13e+01  -1.0 4.29e+02    -  1.66e-03 2.34e-02h  1
  37  3.0162702e+04 3.52e+02 2.13e+01  -1.0 4.88e+02    -  4.50e-03 9.18e-03h  1
  38  3.1857938e+04 3.46e+02 2.14e+01  -1.0 4.07e+02    -  5.90e-03 1.50e-02h  1
  39  3.3438061e+04 3.42e+02 2.15e+01  -1.0 4.07e+02    -  5.74e-03 1.40e-02h  1
iter    objective    inf_pr   inf_du lg(mu)  ||d||  lg(rg) alpha_du alpha_pr  ls
  40  3.3572936e+04 3.41e+02 2.15e+01  -1.0 4.04e+02    -  6.45e-04 1.17e-03h  1
  41  3.6564199e+04 3.33e+02 2.23e+01  -1.0 4.02e+02    -  1.70e-04 2.48e-02h  1
  42  3.8222811e+04 3.28e+02 2.24e+01  -1.0 3.87e+02    -  7.02e-03 1.39e-02h  1
  43  3.8939982e+04 3.26e+02 2.20e+01  -1.0 3.67e+02    -  9.53e-03 6.06e-03h  1
  44  4.1032121e+04 3.21e+02 2.26e+01  -1.0 3.64e+02    -  8.91e-05 1.68e-02h  1
  45  4.5271617e+04 3.10e+02 2.31e+01  -1.0 3.62e+02    -  1.13e-02 3.39e-02h  1
  46  4.8974162e+04 3.00e+02 2.35e+01  -1.0 3.50e+02    -  8.30e-03 3.01e-02h  1
  47  5.4961063e+04 2.85e+02 2.45e+01  -1.0 3.39e+02    -  1.07e-02 5.00e-02h  1
  48  5.6486957e+04 2.82e+02 2.46e+01  -1.0 3.23e+02    -  4.27e-03 1.33e-02h  1
  49  5.9085271e+04 2.75e+02 2.48e+01  -1.0 3.20e+02    -  9.69e-03 2.29e-02h  1
iter    objective    inf_pr   inf_du lg(mu)  ||d||  lg(rg) alpha_du alpha_pr  ls
  50  6.2408654e+04 2.67e+02 2.53e+01  -1.0 3.10e+02    -  5.82e-03 2.97e-02h  1
  51  6.5006465e+04 2.61e+02 2.55e+01  -1.0 3.19e+02    -  9.13e-03 2.38e-02h  1
  52  6.9652211e+04 2.49e+02 2.60e+01  -1.0 3.71e+02    -  1.10e-02 4.33e-02h  1
  53  7.1935421e+04 2.44e+02 2.63e+01  -1.0 4.45e+02    -  4.84e-03 2.19e-02h  1
  54  7.5448226e+04 2.36e+02 2.68e+01  -1.0 4.65e+02    -  8.00e-03 3.42e-02h  1
  55  7.9474245e+04 2.26e+02 2.65e+01  -1.0 4.74e+02    -  2.46e-02 4.05e-02h  1
  56  8.3497062e+04 2.16e+02 2.73e+01  -1.0 4.28e+02    -  3.07e-03 4.21e-02h  1
  57  8.3710866e+04 2.16e+02 2.71e+01  -1.0 4.09e+02    -  4.61e-03 2.33e-03h  1
  58  8.4884446e+04 2.13e+02 2.74e+01  -1.0 4.16e+02    -  8.12e-05 1.22e-02h  1
  59  8.9403181e+04 2.03e+02 2.76e+01  -1.0 4.29e+02    -  1.71e-02 4.76e-02h  1
iter    objective    inf_pr   inf_du lg(mu)  ||d||  lg(rg) alpha_du alpha_pr  ls
  60  9.2599819e+04 1.96e+02 2.78e+01  -1.0 4.66e+02    -  9.86e-03 3.51e-02h  1
  61  9.6257274e+04 1.88e+02 2.77e+01  -1.0 4.51e+02    -  1.96e-02 4.14e-02h  1
  62  9.9397141e+04 1.81e+02 2.78e+01  -1.0 4.06e+02    -  1.24e-02 3.70e-02h  1
  63  9.9986922e+04 1.80e+02 2.62e+01  -1.0 3.53e+02    -  3.77e-02 7.23e-03h  1
  64  1.0035919e+05 1.79e+02 2.62e+01  -1.0 3.77e+02    -  2.92e-03 4.60e-03h  1
  65  1.0423478e+05 1.71e+02 2.70e+01  -1.0 3.72e+02    -  1.93e-04 4.61e-02h  1
  66  1.0657544e+05 1.66e+02 2.69e+01  -1.0 3.64e+02    -  1.29e-02 2.89e-02h  1
  67  1.0863625e+05 1.61e+02 2.71e+01  -1.0 3.52e+02    -  3.51e-03 2.57e-02h  1
  68  1.0954152e+05 1.60e+02 2.72e+01  -1.0 3.36e+02    -  3.96e-03 1.13e-02h  1
  69  1.1263447e+05 1.53e+02 2.75e+01  -1.0 3.28e+02    -  6.32e-03 3.88e-02h  1
iter    objective    inf_pr   inf_du lg(mu)  ||d||  lg(rg) alpha_du alpha_pr  ls
  70  1.1557282e+05 1.48e+02 2.74e+01  -1.0 3.05e+02    -  1.50e-02 3.80e-02h  1
  71  1.1995570e+05 1.39e+02 2.79e+01  -1.0 2.82e+02    -  9.57e-03 5.84e-02h  1
  72  1.2078639e+05 1.37e+02 2.78e+01  -1.0 2.79e+02    -  5.98e-03 1.17e-02h  1
  73  1.2430996e+05 1.30e+02 3.02e+01  -1.0 2.78e+02    -  8.67e-03 4.99e-02h  1
  74  1.3067277e+05 1.18e+02 3.26e+01  -1.0 2.60e+02    -  1.92e-02 9.27e-02h  1
  75  1.3329046e+05 1.14e+02 3.19e+01  -1.0 3.46e+02    -  3.12e-02 3.93e-02h  1
  76  1.3401534e+05 1.12e+02 3.21e+01  -1.0 2.61e+02    -  2.00e-03 1.09e-02h  1
  77  1.3677508e+05 1.08e+02 3.25e+01  -1.0 2.40e+02    -  1.41e-02 4.17e-02h  1
  78  1.3985713e+05 1.03e+02 3.26e+01  -1.0 1.94e+02    -  2.35e-02 4.79e-02h  1
  79  1.4026007e+05 1.02e+02 3.25e+01  -1.0 2.61e+02    -  4.41e-03 6.51e-03h  1
iter    objective    inf_pr   inf_du lg(mu)  ||d||  lg(rg) alpha_du alpha_pr  ls
  80  1.4690281e+05 9.10e+01 3.60e+01  -1.0 2.51e+02    -  2.73e-03 1.08e-01h  1
  81  1.4708550e+05 9.07e+01 3.57e+01  -1.0 2.04e+02    -  5.88e-03 3.25e-03h  1
  82  1.4947758e+05 8.68e+01 3.72e+01  -1.0 2.03e+02    -  1.20e-03 4.24e-02h  1
  83  1.5065029e+05 8.50e+01 3.29e+01  -1.0 2.02e+02    -  6.82e-02 2.14e-02h  1
  84  1.5082226e+05 8.47e+01 3.28e+01  -1.0 1.84e+02    -  2.88e-03 3.15e-03h  1
  85  1.5323359e+05 8.10e+01 3.47e+01  -1.0 1.61e+02    -  2.85e-04 4.39e-02h  1
  86  1.5352819e+05 8.06e+01 3.46e+01  -1.0 1.49e+02    -  4.85e-03 5.55e-03h  1
  87  1.5626618e+05 7.64e+01 3.67e+01  -1.0 1.46e+02    -  2.79e-03 5.17e-02h  1
  88  1.5654074e+05 7.60e+01 3.64e+01  -1.0 1.34e+02    -  6.39e-03 5.42e-03h  1
  89  1.5754853e+05 7.45e+01 3.72e+01  -1.0 1.31e+02    -  2.46e-03 1.99e-02h  1
iter    objective    inf_pr   inf_du lg(mu)  ||d||  lg(rg) alpha_du alpha_pr  ls
  90  1.5846824e+05 7.31e+01 3.74e+01  -1.0 1.29e+02    -  7.08e-03 1.84e-02h  1
  91  1.6086983e+05 6.95e+01 3.81e+01  -1.0 1.17e+02    -  2.04e-02 4.89e-02h  1
  92  1.6254579e+05 6.70e+01 3.67e+01  -1.0 1.10e+02    -  3.65e-02 3.57e-02h  1
  93  1.6322161e+05 6.61e+01 3.69e+01  -1.0 9.81e+01    -  6.44e-03 1.47e-02h  1
  94  1.6332870e+05 6.59e+01 3.69e+01  -1.0 9.31e+01    -  1.07e-03 2.32e-03h  1
  95  1.6684702e+05 6.09e+01 4.12e+01  -1.0 9.25e+01    -  1.76e-03 7.63e-02h  1
  96  1.6790174e+05 5.94e+01 3.27e+01  -1.0 8.94e+01    -  9.73e-02 2.46e-02h  1
  97  1.6981935e+05 5.67e+01 3.58e+01  -1.0 1.15e+02    -  6.95e-04 4.48e-02h  1
  98  1.7064154e+05 5.56e+01 3.51e+01  -1.0 1.07e+02    -  1.98e-02 1.96e-02h  1
  99  1.7251774e+05 5.31e+01 3.80e+01  -1.0 1.11e+02    -  4.88e-03 4.54e-02h  1
iter    objective    inf_pr   inf_du lg(mu)  ||d||  lg(rg) alpha_du alpha_pr  ls
 100  1.7336957e+05 5.19e+01 3.45e+01  -1.0 1.40e+02    -  4.48e-02 2.15e-02h  1
 101  1.7497955e+05 4.98e+01 3.77e+01  -1.0 1.16e+02    -  1.14e-03 4.13e-02h  1
 102  1.7558676e+05 4.90e+01 3.66e+01  -1.0 1.19e+02    -  2.07e-02 1.61e-02h  1
 103  1.7680795e+05 4.74e+01 3.96e+01  -1.0 1.22e+02    -  1.10e-03 3.25e-02h  1
 104  1.7849794e+05 4.52e+01 4.42e+01  -1.0 1.24e+02    -  1.16e-02 4.63e-02h  1
 105  1.8641456e+05 3.49e+01 5.74e+01  -1.0 1.27e+02    -  4.84e-02 2.27e-01h  1
 106  1.8653708e+05 3.48e+01 5.49e+01  -1.0 1.53e+02    -  1.80e-02 4.52e-03h  1
 107  1.8886392e+05 3.18e+01 6.42e+01  -1.0 1.55e+02    -  1.59e-03 8.55e-02h  1
 108  1.8938765e+05 3.11e+01 5.29e+01  -1.0 1.28e+02    -  7.54e-02 2.09e-02h  1
 109  1.9001458e+05 3.03e+01 5.51e+01  -1.0 1.44e+02    -  6.77e-03 2.57e-02h  1
iter    objective    inf_pr   inf_du lg(mu)  ||d||  lg(rg) alpha_du alpha_pr  ls
 110  1.9070938e+05 2.94e+01 5.81e+01  -1.0 1.58e+02    -  4.84e-03 2.91e-02h  1
 111  1.9336028e+05 2.61e+01 6.53e+01  -1.0 1.55e+02    -  4.42e-02 1.14e-01h  1
 112  1.9353979e+05 2.59e+01 6.34e+01  -1.0 1.34e+02    -  1.47e-02 8.65e-03h  1
 113  1.9710383e+05 2.14e+01 9.01e+01  -1.0 1.29e+02    -  3.38e-03 1.72e-01h  1
 114  1.9845412e+05 1.98e+01 6.46e+01  -1.0 8.47e+01    -  1.46e-01 7.68e-02h  1
 115  2.0038635e+05 1.74e+01 7.10e+01  -1.0 9.36e+01    -  6.95e-02 1.18e-01h  1
 116  2.0115943e+05 1.65e+01 7.30e+01  -1.0 6.16e+01    -  3.60e-02 5.33e-02h  1
 117  2.0357550e+05 1.36e+01 1.19e+02  -1.0 7.46e+01    -  6.48e-03 1.76e-01h  1
 118  2.0371139e+05 1.34e+01 1.08e+02  -1.0 5.10e+01    -  3.48e-02 1.20e-02h  1
 119  2.0613840e+05 1.05e+01 1.74e+02  -1.0 4.35e+01    -  5.10e-03 2.15e-01h  1
iter    objective    inf_pr   inf_du lg(mu)  ||d||  lg(rg) alpha_du alpha_pr  ls
 120  2.0962891e+05 6.38e+00 2.07e+02  -1.0 2.49e+01    -  2.06e-01 3.95e-01h  1
 121  2.1182223e+05 3.76e+00 6.47e+01  -1.0 1.60e+01    -  4.75e-01 4.10e-01h  1
 122  2.1338121e+05 1.91e+00 1.73e+02  -1.0 1.06e+01    -  3.99e-01 4.93e-01h  1
 123  2.1422298e+05 9.08e-01 7.23e+02  -1.0 1.07e+01    -  3.07e-01 5.24e-01h  1
 124  2.1452031e+05 5.57e-01 1.35e+03  -1.0 1.07e+01    -  6.77e-01 3.87e-01h  1
 125  2.1479038e+05 2.42e-01 7.73e+02  -1.0 2.40e+01    -  5.84e-01 5.66e-01h  1
 126  2.1498687e+05 1.53e-02 7.92e+02  -1.0 3.64e+01    -  9.01e-01 9.37e-01h  1
 127  2.1498987e+05 1.19e-02 2.86e+05  -1.0 3.79e+01    -  1.00e+00 2.19e-01h  1
 128  2.1499658e+05 4.47e-03 2.83e+05  -1.0 1.27e+01    -  1.00e+00 6.26e-01h  1
 129  2.1499891e+05 1.87e-03 6.45e+05  -1.0 6.93e+00    -  1.00e+00 5.82e-01h  1
iter    objective    inf_pr   inf_du lg(mu)  ||d||  lg(rg) alpha_du alpha_pr  ls
 130  2.1499989e+05 7.74e-04 1.51e+06  -1.0 2.77e+00    -  1.00e+00 5.86e-01h  1
 131  2.1500030e+05 3.20e-04 3.64e+06  -1.0 1.14e+00    -  1.00e+00 5.86e-01h  1
 132  2.1500047e+05 1.33e-04 8.78e+06  -1.0 4.72e-01    -  1.00e+00 5.86e-01h  1
 133  2.1500054e+05 5.50e-05 2.12e+07  -1.0 1.95e-01    -  1.00e+00 5.86e-01h  1
 134  2.1500057e+05 2.28e-05 5.11e+07  -1.0 8.09e-02    -  1.00e+00 5.86e-01h  1
 135  2.1500058e+05 9.43e-06 1.23e+08  -1.0 3.35e-02    -  1.00e+00 5.86e-01h  1
 136  2.1500059e+05 3.91e-06 2.98e+08  -1.0 1.39e-02    -  1.00e+00 5.86e-01h  1
 137  2.1500059e+05 1.62e-06 7.20e+08  -1.0 5.75e-03    -  1.00e+00 5.86e-01h  1
 138  2.1500059e+05 6.70e-07 1.74e+09  -1.0 2.38e-03    -  1.00e+00 5.86e-01h  1
 139  2.1500059e+05 2.17e-11 1.43e-06  -1.0 9.86e-04    -  1.00e+00 1.00e+00f  1
In iteration 139, 1 Slack too small, adjusting variable bound
iter    objective    inf_pr   inf_du lg(mu)  ||d||  lg(rg) alpha_du alpha_pr  ls
 140  2.1496452e+05 1.42e-08 3.42e+09 -12.0 5.79e-01    -  8.62e-01 5.04e-01f  1
 141  2.1493880e+05 2.72e-08 1.79e+09 -12.0 1.52e+00    -  5.80e-01 1.42e-01f  1
 142  2.1493158e+05 6.21e-08 8.28e+08 -12.0 1.76e-01    -  5.38e-01 4.65e-01f  1
In iteration 142, 1 Slack too small, adjusting variable bound
 143  2.1493110e+05 6.61e-08 3.21e+08 -12.0 1.66e-01    -  6.12e-01 1.19e-01f  1
In iteration 143, 1 Slack too small, adjusting variable bound
 144  2.1493110e+05 6.61e-08 1.28e+08 -12.0 1.50e-01    -  6.02e-01 5.51e-08h  1
In iteration 144, 1 Slack too small, adjusting variable bound
 145  2.1493042e+05 7.08e-08 5.11e+07 -12.0 1.65e-01    -  6.00e-01 2.27e-01f  1
In iteration 145, 1 Slack too small, adjusting variable bound
 146  2.1493035e+05 7.07e-08 1.98e+07 -12.0 7.45e-02    -  6.13e-01 2.83e-02f  1
 147  2.1492869e+05 6.71e-08 1.27e+07 -12.0 1.36e-01    -  3.56e-01 8.62e-01f  1
 148  2.1492852e+05 2.40e-08 5.66e+06 -12.0 2.86e-02    -  5.55e-01 7.44e-01f  1
 149  2.1492848e+05 9.83e-09 2.38e+06 -12.0 1.28e-02    -  5.80e-01 6.51e-01f  1
iter    objective    inf_pr   inf_du lg(mu)  ||d||  lg(rg) alpha_du alpha_pr  ls
 150  2.1492847e+05 3.84e-09 1.10e+06 -12.0 7.50e-03    -  5.39e-01 6.63e-01f  1
 151  2.1492847e+05 3.44e-09 3.89e+05 -12.0 4.74e-03    -  6.45e-01 1.12e-01h  1
 152  2.1492846e+05 8.71e-10 2.51e+05 -12.0 5.22e-03    -  3.55e-01 8.15e-01h  1
 153  2.1492846e+05 9.74e-10 2.51e+05 -12.0 2.15e-03    -  2.42e-05 7.12e-01h  1
 154  2.1492846e+05 2.85e-08 2.45e+05 -12.0 1.19e-03    -  2.16e-02 8.32e-01h  1
In iteration 154, 1 Slack too small, adjusting variable bound
 155  2.1492846e+05 5.22e-08 2.44e+05 -12.0 6.87e-04    -  4.26e-03 3.86e-02h  1
In iteration 155, 1 Slack too small, adjusting variable bound
 156  2.1492846e+05 5.96e-08 2.44e+05 -12.0 6.76e-04    -  2.00e-03 1.20e-02h  1
 157  2.1492846e+05 6.21e-07 2.43e+05 -12.0 6.73e-04    -  2.07e-03 9.21e-01h  1
In iteration 157, 1 Slack too small, adjusting variable bound
 158  2.1492846e+05 6.16e-07 2.43e+05 -12.0 3.94e-04    -  1.47e-04 1.74e-02h  1
In iteration 158, 1 Slack too small, adjusting variable bound
 159  2.1492846e+05 5.99e-07 2.39e+05 -12.0 3.91e-04    -  1.88e-02 6.34e-02h  1
In iteration 159, 1 Slack too small, adjusting variable bound
iter    objective    inf_pr   inf_du lg(mu)  ||d||  lg(rg) alpha_du alpha_pr  ls
 160  2.1492846e+05 5.86e-07 1.42e+05 -12.0 3.85e-04    -  4.06e-01 5.04e-02h  1
 161  2.1492846e+05 5.64e-07 1.42e+05 -12.0 4.95e-04    -  1.79e-06 2.49e-02h  1
 162  2.1492846e+05 5.71e-07 1.42e+05 -12.0 4.89e-04    -  1.39e-05 7.85e-01h  1
In iteration 162, 1 Slack too small, adjusting variable bound
 163  2.1492846e+05 5.64e-07 1.39e+05 -12.0 2.76e-04    -  2.22e-02 2.41e-02h  1
In iteration 163, 1 Slack too small, adjusting variable bound
 164  2.1492846e+05 5.51e-07 1.39e+05 -12.0 2.71e-04    -  2.67e-04 2.44e-02h  1
In iteration 164, 1 Slack too small, adjusting variable bound
 165  2.1492846e+05 5.43e-07 1.37e+05 -12.0 2.64e-04    -  1.43e-02 1.20e-02h  1
 166  2.1492846e+05 5.35e-07 1.36e+05 -12.0 2.62e-04    -  3.14e-03 8.26e-03h  1
 167  2.1492846e+05 5.35e-07 1.34e+05 -12.0 2.60e-04    -  1.43e-02 1.71e-04h  1
 168  2.1492846e+05 5.35e-07 1.34e+05 -12.0 2.60e-04    -  4.54e-03 1.28e-05h  1
In iteration 168, 1 Slack too small, adjusting variable bound
 169  2.1492846e+05 5.35e-07 1.33e+05 -12.0 2.60e-04    -  4.40e-04 3.34e-05h  1
In iteration 169, 1 Slack too small, adjusting variable bound
iter    objective    inf_pr   inf_du lg(mu)  ||d||  lg(rg) alpha_du alpha_pr  ls
 170  2.1492846e+05 5.35e-07 1.33e+05 -12.0 2.60e-04    -  4.62e-04 1.57e-05h  1
In iteration 170, 1 Slack too small, adjusting variable bound
 171  2.1492846e+05 5.28e-07 1.33e+05 -12.0 2.60e-04    -  3.23e-04 6.65e-03h  1
In iteration 171, 1 Slack too small, adjusting variable bound
 172  2.1492846e+05 5.23e-07 1.32e+05 -12.0 2.58e-04    -  1.01e-02 5.32e-03h  1
In iteration 172, 1 Slack too small, adjusting variable bound
 173  2.1492846e+05 5.06e-07 1.32e+05 -12.0 2.56e-04    -  6.35e-04 1.74e-02h  1
 174  2.1492846e+05 4.92e-07 1.31e+05 -12.0 2.50e-04    -  9.95e-03 1.55e-02h  1
 175  2.1492846e+05 4.79e-07 1.30e+05 -12.0 2.44e-04    -  3.18e-03 1.37e-02h  1
 176  2.1492846e+05 4.78e-07 1.30e+05 -12.0 2.38e-04    -  5.22e-03 1.21e-03h  1
In iteration 176, 1 Slack too small, adjusting variable bound
 177  2.1492846e+05 5.66e-07 1.29e+05 -12.0 2.37e-04    -  5.57e-03 6.45e-03h  1
 178  2.1492846e+05 6.76e-07 1.28e+05 -12.0 2.33e-04    -  7.89e-03 7.32e-03h  1
 179  2.1492846e+05 7.56e-07 1.27e+05 -12.0 2.29e-04    -  3.78e-03 5.57e-03h  1
iter    objective    inf_pr   inf_du lg(mu)  ||d||  lg(rg) alpha_du alpha_pr  ls
 180  2.1492846e+05 7.57e-07 1.27e+05 -12.0 2.26e-04    -  2.37e-03 2.56e-04h  1
In iteration 180, 1 Slack too small, adjusting variable bound
 181  2.1492846e+05 7.62e-07 1.27e+05 -12.0 2.25e-04    -  3.63e-03 3.16e-03h  1
In iteration 181, 1 Slack too small, adjusting variable bound
 182  2.1492846e+05 7.79e-07 1.26e+05 -12.0 2.23e-04    -  4.34e-03 1.05e-02h  1
 183  2.1492846e+05 7.84e-07 1.24e+05 -12.0 2.18e-04    -  1.38e-02 3.35e-03h  1
 184  2.1492846e+05 7.88e-07 1.24e+05 -12.0 2.14e-04    -  1.16e-03 2.45e-03h  1
 185  2.1492846e+05 7.90e-07 1.23e+05 -12.0 2.12e-04    -  7.39e-03 1.60e-03h  1
In iteration 185, 1 Slack too small, adjusting variable bound
 186  2.1492846e+05 8.14e-07 1.23e+05 -12.0 2.10e-04    -  2.16e-03 1.52e-02h  1
 187  2.1492846e+05 8.23e-07 1.21e+05 -12.0 2.02e-04    -  1.56e-02 6.20e-03h  1
 188  2.1492846e+05 8.23e-07 1.21e+05 -12.0 1.96e-04    -  8.46e-04 1.64e-04h  1
 189  2.1492846e+05 8.24e-07 1.21e+05 -12.0 1.95e-04    -  3.32e-04 3.68e-04h  1
In iteration 189, 1 Slack too small, adjusting variable bound
iter    objective    inf_pr   inf_du lg(mu)  ||d||  lg(rg) alpha_du alpha_pr  ls
 190  2.1492846e+05 8.24e-07 1.20e+05 -12.0 1.95e-04    -  3.14e-03 5.49e-08h  1
In iteration 190, 1 Slack too small, adjusting variable bound
 191  2.1492846e+05 8.23e-07 1.20e+05 -12.0 1.94e-04    -  4.57e-04 3.35e-04h  1
In iteration 191, 1 Slack too small, adjusting variable bound
 192  2.1492846e+05 8.23e-07 1.20e+05 -12.0 1.94e-04    -  3.62e-04 8.15e-04h  1
In iteration 192, 1 Slack too small, adjusting variable bound
 193  2.1492846e+05 8.23e-07 1.20e+05 -12.0 1.94e-04    -  2.11e-03 1.23e-03h  1
 194  2.1492846e+05 8.14e-07 1.20e+05 -12.0 1.92e-04    -  5.06e-03 1.46e-02h  1
In iteration 194, 1 Slack too small, adjusting variable bound
 195  2.1492846e+05 8.10e-07 1.19e+05 -12.0 1.84e-04    -  3.25e-03 6.91e-03h  1
 196  2.1492846e+05 8.06e-07 1.19e+05 -12.0 1.80e-04    -  2.81e-03 6.62e-03h  1
In iteration 196, 1 Slack too small, adjusting variable bound
 197  2.1492846e+05 7.97e-07 1.18e+05 -12.0 1.76e-04    -  7.34e-03 1.61e-02h  1
In iteration 197, 1 Slack too small, adjusting variable bound
 198  2.1492846e+05 7.78e-07 1.16e+05 -12.0 1.66e-04    -  1.71e-02 3.19e-02h  1
 199  2.1492846e+05 7.67e-07 1.13e+05 -12.0 1.44e-04    -  2.49e-02 1.91e-02h  1
iter    objective    inf_pr   inf_du lg(mu)  ||d||  lg(rg) alpha_du alpha_pr  ls
 200  2.1492846e+05 7.55e-07 1.11e+05 -12.0 1.28e-04    -  1.81e-02 2.23e-02h  1
 201  2.1492846e+05 7.31e-07 1.11e+05 -12.0 1.14e-04    -  2.42e-03 4.28e-02h  1
 202  2.1492846e+05 7.25e-07 1.06e+05 -12.0 9.73e-05    -  4.01e-02 1.28e-02h  1
 203  2.1492846e+05 6.97e-07 1.04e+05 -12.0 8.51e-05    -  1.75e-02 5.25e-02h  1
 204  2.1492846e+05 6.74e-07 1.02e+05 -12.0 8.01e-05    -  2.78e-02 4.60e-02h  1
In iteration 204, 1 Slack too small, adjusting variable bound
 205  2.1492846e+05 6.61e-07 1.01e+05 -12.0 7.94e-05    -  2.29e-03 2.46e-02h  1
 206  2.1492846e+05 6.60e-07 1.01e+05 -12.0 7.82e-05    -  2.85e-03 3.15e-03h  1
 207  2.1492846e+05 6.56e-07 1.01e+05 -12.0 7.82e-05    -  3.21e-03 8.72e-03h  1
In iteration 207, 1 Slack too small, adjusting variable bound
 208  2.1492846e+05 6.48e-07 9.98e+04 -12.0 7.80e-05    -  9.00e-03 1.66e-02h  1
In iteration 208, 1 Slack too small, adjusting variable bound
 209  2.1492846e+05 6.44e-07 9.66e+04 -12.0 7.76e-05    -  3.20e-02 6.98e-03h  1
iter    objective    inf_pr   inf_du lg(mu)  ||d||  lg(rg) alpha_du alpha_pr  ls
 210  2.1492846e+05 6.35e-07 9.49e+04 -12.0 7.89e-05    -  1.73e-02 1.92e-02h  1
In iteration 210, 1 Slack too small, adjusting variable bound
 211  2.1492846e+05 6.18e-07 9.46e+04 -12.0 7.89e-05    -  2.80e-03 3.58e-02h  1
In iteration 211, 1 Slack too small, adjusting variable bound
 212  2.1492846e+05 6.07e-07 9.35e+04 -12.0 8.23e-05    -  1.23e-02 2.53e-02h  1
In iteration 212, 1 Slack too small, adjusting variable bound
 213  2.1492846e+05 6.01e-07 9.24e+04 -12.0 7.95e-05    -  1.16e-02 1.28e-02h  1
In iteration 213, 1 Slack too small, adjusting variable bound
 214  2.1492846e+05 5.99e-07 9.19e+04 -12.0 8.06e-05    -  5.69e-03 3.15e-03h  1
In iteration 214, 1 Slack too small, adjusting variable bound
 215  2.1492846e+05 5.99e-07 9.14e+04 -12.0 8.04e-05    -  5.54e-03 1.62e-03h  1
In iteration 215, 1 Slack too small, adjusting variable bound
 216  2.1492846e+05 5.96e-07 9.10e+04 -12.0 8.08e-05    -  3.80e-03 6.40e-03h  1
In iteration 216, 1 Slack too small, adjusting variable bound
 217  2.1492846e+05 5.90e-07 8.97e+04 -12.0 8.13e-05    -  1.43e-02 1.16e-02h  1
In iteration 217, 1 Slack too small, adjusting variable bound
 218  2.1492846e+05 5.74e-07 8.44e+04 -12.0 8.29e-05    -  5.89e-02 3.71e-02h  1
 219  2.1492846e+05 4.86e-07 7.90e+04 -12.0 8.96e-05    -  6.37e-02 2.03e-01h  1
iter    objective    inf_pr   inf_du lg(mu)  ||d||  lg(rg) alpha_du alpha_pr  ls
 220  2.1492846e+05 4.70e-07 6.62e+04 -12.0 9.93e-05    -  1.62e-01 4.09e-02h  1
 221  2.1492846e+05 3.32e-07 6.52e+04 -12.0 1.20e-04    -  1.51e-02 3.79e-01h  1
In iteration 221, 1 Slack too small, adjusting variable bound
 222  2.1492846e+05 2.11e-07 2.86e+04 -12.0 1.22e-04    -  5.62e-01 4.54e-01h  1
 223  2.1492846e+05 1.20e-07 1.13e+04 -12.0 2.27e-04    -  6.04e-01 5.12e-01h  1
In iteration 223, 1 Slack too small, adjusting variable bound
 224  2.1492846e+05 1.20e-07 1.06e+04 -12.0 2.61e-04    -  6.53e-02 7.16e-04h  1
 225  2.1492846e+05 1.15e-07 9.81e+03 -12.0 2.67e-04    -  7.37e-02 5.45e-02h  1
 226  2.1492846e+05 1.09e-07 9.67e+03 -12.0 2.60e-04    -  1.45e-02 6.10e-02h  1
 227  2.1492846e+05 1.03e-07 9.66e+03 -12.0 2.48e-04    -  8.19e-04 7.88e-02h  1
 228  2.1492846e+05 9.97e-08 9.11e+03 -12.0 2.33e-04    -  5.68e-02 6.45e-02h  1
 229  2.1492846e+05 9.97e-08 9.11e+03 -12.0 2.24e-04    -  2.18e-04 1.03e-03h  1
iter    objective    inf_pr   inf_du lg(mu)  ||d||  lg(rg) alpha_du alpha_pr  ls
 230  2.1492846e+05 9.73e-08 9.10e+03 -12.0 2.22e-04    -  1.26e-03 4.42e-02h  1
 231  2.1492846e+05 9.48e-08 7.75e+03 -12.0 2.15e-04    -  1.49e-01 4.64e-02h  1
 232  2.1492846e+05 9.44e-08 7.56e+03 -12.0 2.14e-04    -  2.39e-02 7.09e-03h  1
In iteration 232, 1 Slack too small, adjusting variable bound
 233  2.1492846e+05 9.37e-08 7.50e+03 -12.0 2.16e-04    -  8.00e-03 1.27e-02h  1
In iteration 233, 1 Slack too small, adjusting variable bound
 234  2.1492846e+05 9.24e-08 7.42e+03 -12.0 2.14e-04    -  1.04e-02 2.09e-02h  1
In iteration 234, 1 Slack too small, adjusting variable bound
 235  2.1492846e+05 9.06e-08 7.40e+03 -12.0 2.12e-04    -  3.17e-03 3.14e-02h  1
In iteration 235, 1 Slack too small, adjusting variable bound
 236  2.1492846e+05 8.89e-08 7.38e+03 -12.0 2.07e-04    -  2.25e-03 3.50e-02h  1
In iteration 236, 1 Slack too small, adjusting variable bound
 237  2.1492846e+05 8.76e-08 7.35e+03 -12.0 2.02e-04    -  3.80e-03 3.76e-02h  1
 238  2.1492846e+05 8.75e-08 7.28e+03 -12.0 1.96e-04    -  9.77e-03 5.88e-03h  1
In iteration 238, 1 Slack too small, adjusting variable bound
 239  2.1492846e+05 8.48e-08 6.78e+03 -12.0 1.95e-04    -  6.86e-02 8.69e-02h  1
iter    objective    inf_pr   inf_du lg(mu)  ||d||  lg(rg) alpha_du alpha_pr  ls
 240  2.1492846e+05 8.36e-08 6.43e+03 -12.0 1.83e-04    -  5.17e-02 2.19e-02h  1
 241  2.1492846e+05 8.22e-08 5.95e+03 -12.0 1.79e-04    -  7.54e-02 3.56e-02h  1
 242  2.1492846e+05 8.01e-08 5.77e+03 -12.0 1.76e-04    -  3.00e-02 3.38e-02h  1
 243  2.1492846e+05 7.96e-08 5.38e+03 -12.0 1.72e-04    -  6.79e-02 8.77e-03h  1
 244  2.1492846e+05 7.68e-08 5.22e+03 -12.0 1.72e-04    -  2.93e-02 4.63e-02h  1
In iteration 244, 1 Slack too small, adjusting variable bound
 245  2.1492846e+05 7.66e-08 5.18e+03 -12.0 1.66e-04    -  6.68e-03 2.01e-03h  1
 246  2.1492846e+05 7.46e-08 5.17e+03 -12.0 1.66e-04    -  2.10e-03 3.56e-02h  1
 247  2.1492846e+05 7.24e-08 5.09e+03 -12.0 1.61e-04    -  1.57e-02 3.78e-02h  1
 248  2.1492846e+05 6.95e-08 5.09e+03 -12.0 1.56e-04    -  4.15e-04 5.23e-02h  1
 249  2.1492846e+05 6.91e-08 5.08e+03 -12.0 1.49e-04    -  2.86e-03 7.49e-03h  1
In iteration 249, 1 Slack too small, adjusting variable bound
iter    objective    inf_pr   inf_du lg(mu)  ||d||  lg(rg) alpha_du alpha_pr  ls
 250  2.1492846e+05 6.88e-08 5.05e+03 -12.0 1.48e-04    -  4.81e-03 4.69e-03h  1
In iteration 250, 1 Slack too small, adjusting variable bound
 251  2.1492846e+05 6.84e-08 5.02e+03 -12.0 1.47e-04    -  5.42e-03 8.16e-03h  1
In iteration 251, 1 Slack too small, adjusting variable bound
 252  2.1492846e+05 6.77e-08 5.01e+03 -12.0 1.46e-04    -  2.25e-03 1.37e-02h  1
In iteration 252, 1 Slack too small, adjusting variable bound
 253  2.1492846e+05 6.68e-08 4.98e+03 -12.0 1.44e-04    -  5.90e-03 1.60e-02h  1
In iteration 253, 1 Slack too small, adjusting variable bound
 254  2.1492846e+05 6.57e-08 4.94e+03 -12.0 1.43e-04    -  8.12e-03 2.20e-02h  1
In iteration 254, 1 Slack too small, adjusting variable bound
 255  2.1492846e+05 6.41e-08 4.84e+03 -12.0 1.40e-04    -  2.09e-02 3.04e-02h  1
In iteration 255, 1 Slack too small, adjusting variable bound
 256  2.1492846e+05 6.01e-08 4.62e+03 -12.0 1.37e-04    -  4.48e-02 5.22e-02h  1
In iteration 256, 1 Slack too small, adjusting variable bound
 257  2.1492846e+05 5.41e-08 4.38e+03 -12.0 1.31e-04    -  5.25e-02 1.01e-01h  1
 258  2.1492846e+05 5.27e-08 4.26e+03 -12.0 1.20e-04    -  2.67e-02 1.86e-02h  1
 259  2.1492846e+05 5.18e-08 4.15e+03 -12.0 1.18e-04    -  2.69e-02 7.59e-03h  1
In iteration 259, 1 Slack too small, adjusting variable bound
iter    objective    inf_pr   inf_du lg(mu)  ||d||  lg(rg) alpha_du alpha_pr  ls
 260  2.1492846e+05 5.06e-08 4.05e+03 -12.0 1.17e-04    -  2.37e-02 1.37e-02h  1
 261  2.1492846e+05 4.90e-08 4.04e+03 -12.0 1.16e-04    -  1.53e-03 3.21e-02h  1
 262  2.1492846e+05 4.79e-08 4.01e+03 -12.0 1.12e-04    -  8.19e-03 2.49e-02h  1
 263  2.1492846e+05 4.70e-08 3.95e+03 -12.0 1.10e-04    -  1.60e-02 1.99e-02h  1
 264  2.1492846e+05 4.66e-08 3.82e+03 -12.0 1.08e-04    -  3.25e-02 8.48e-03h  1
 265  2.1492846e+05 4.50e-08 3.75e+03 -12.0 1.07e-04    -  1.83e-02 3.51e-02h  1
 266  2.1492846e+05 4.50e-08 3.58e+03 -12.0 1.04e-04    -  4.50e-02 1.13e-03h  1
 267  2.1492846e+05 4.44e-08 3.56e+03 -12.0 1.04e-04    -  5.12e-03 1.34e-02h  1
 268  2.1492846e+05 4.40e-08 3.31e+03 -12.0 1.03e-04    -  6.91e-02 7.93e-03h  1
 269  2.1492846e+05 4.39e-08 3.27e+03 -12.0 1.03e-04    -  1.34e-02 1.99e-03h  1
iter    objective    inf_pr   inf_du lg(mu)  ||d||  lg(rg) alpha_du alpha_pr  ls
 270  2.1492846e+05 4.12e-08 3.19e+03 -12.0 1.03e-04    -  2.57e-02 6.97e-02h  1
 271  2.1492846e+05 4.09e-08 3.16e+03 -12.0 9.61e-05    -  8.78e-03 5.31e-03h  1
In iteration 271, 1 Slack too small, adjusting variable bound
 272  2.1492846e+05 3.91e-08 2.77e+03 -12.0 9.57e-05    -  1.21e-01 4.05e-02h  1
 273  2.1492846e+05 3.89e-08 2.69e+03 -12.0 9.29e-05    -  3.06e-02 4.70e-03h  1
 274  2.1492846e+05 3.86e-08 2.69e+03 -12.0 9.27e-05    -  5.18e-04 4.39e-03h  1
 275  2.1492846e+05 2.97e-08 2.64e+03 -12.0 9.23e-05    -  1.63e-02 1.75e-01h  1
 276  2.1492846e+05 2.87e-08 2.27e+03 -12.0 7.80e-05    -  1.41e-01 1.92e-02h  1
 277  2.1492846e+05 2.31e-08 2.22e+03 -12.0 9.02e-05    -  2.27e-02 1.95e-01f  1
 278  2.1492846e+05 2.22e-08 2.13e+03 -12.0 6.28e-05    -  4.27e-02 4.32e-02h  1
 279  2.1492846e+05 2.15e-08 2.10e+03 -12.0 6.05e-05    -  1.33e-02 3.70e-02h  1
iter    objective    inf_pr   inf_du lg(mu)  ||d||  lg(rg) alpha_du alpha_pr  ls
 280  2.1492846e+05 2.09e-08 2.05e+03 -12.0 5.96e-05    -  2.47e-02 3.21e-02h  1
In iteration 280, 1 Slack too small, adjusting variable bound
 281  2.1492846e+05 2.04e-08 1.97e+03 -12.0 9.80e-05    -  3.81e-02 2.77e-02h  1
 282  2.1492846e+05 2.01e-08 1.90e+03 -12.0 1.42e-04    -  3.58e-02 1.64e-02h  1
 283  2.1492846e+05 1.87e-08 1.87e+03 -12.0 5.57e-05    -  1.27e-02 7.76e-02h  1
 284  2.1492846e+05 1.78e-08 1.80e+03 -12.0 1.46e-04    -  3.77e-02 5.56e-02h  1
 285  2.1492846e+05 1.76e-08 1.64e+03 -12.0 6.80e-05    -  8.82e-02 8.43e-03h  1
 286  2.1492846e+05 1.73e-08 1.63e+03 -12.0 1.24e-04    -  7.68e-03 2.40e-02h  1
 287  2.1492846e+05 1.72e-08 1.60e+03 -12.0 1.32e-04    -  1.81e-02 4.08e-03h  1
 288  2.1492846e+05 1.68e-08 1.58e+03 -12.0 7.45e-05    -  1.27e-02 2.55e-02h  1
 289  2.1492846e+05 1.61e-08 1.56e+03 -12.0 1.17e-04    -  1.31e-02 4.95e-02h  1
iter    objective    inf_pr   inf_du lg(mu)  ||d||  lg(rg) alpha_du alpha_pr  ls
 290  2.1492846e+05 1.48e-08 1.46e+03 -12.0 7.80e-05    -  6.65e-02 8.88e-02f  1
 291  2.1492846e+05 1.45e-08 1.35e+03 -12.0 1.32e-04    -  7.62e-02 2.41e-02h  1
 292  2.1492846e+05 1.31e-08 1.32e+03 -12.0 1.02e-04    -  1.81e-02 1.03e-01f  1
 293  2.1492846e+05 1.28e-08 1.28e+03 -12.0 1.18e-04    -  3.17e-02 2.78e-02h  1
 294  2.1492846e+05 1.25e-08 1.24e+03 -12.0 1.21e-04    -  3.00e-02 2.57e-02h  1
 295  2.1492846e+05 1.25e-08 1.23e+03 -12.0 1.78e-04    -  8.52e-03 4.03e-03h  1
 296  2.1492846e+05 1.21e-08 1.21e+03 -12.0 1.84e-04    -  1.52e-02 3.00e-02h  1
 297  2.1492846e+05 1.16e-08 1.18e+03 -12.0 2.12e-04    -  2.25e-02 4.75e-02h  1
 298  2.1492846e+05 1.15e-08 1.15e+03 -12.0 8.66e-05    -  2.82e-02 1.03e-02h  1
In iteration 298, 1 Slack too small, adjusting variable bound
 299  2.1492846e+05 1.11e-08 1.14e+03 -12.0 2.00e-04    -  1.06e-02 3.65e-02h  1
iter    objective    inf_pr   inf_du lg(mu)  ||d||  lg(rg) alpha_du alpha_pr  ls
 300  2.1492846e+05 1.10e-08 1.11e+03 -12.0 1.49e-04    -  2.81e-02 1.10e-02h  1
 301  2.1492846e+05 1.09e-08 1.05e+03 -12.0 2.54e-04    -  4.77e-02 1.87e-02h  1
 302  2.1492846e+05 1.03e-08 1.05e+03 -12.0 1.18e-04    -  6.88e-03 6.54e-02f  1
 303  2.1492846e+05 9.86e-09 1.04e+03 -12.0 3.05e-04    -  3.64e-03 5.18e-02h  1
 304  2.1492846e+05 9.06e-09 9.91e+02 -12.0 2.76e-04    -  5.05e-02 1.01e-01f  1
 305  2.1492846e+05 8.76e-09 8.91e+02 -12.0 2.22e-04    -  1.00e-01 4.07e-02h  1
 306  2.1492846e+05 8.46e-09 8.72e+02 -12.0 1.67e-04    -  2.17e-02 4.31e-02h  1
 307  2.1492846e+05 8.13e-09 8.72e+02 -12.0 1.99e-04    -  2.00e-04 4.70e-02f  1
 308  2.1492846e+05 7.75e-09 8.29e+02 -12.0 7.60e-05    -  4.87e-02 5.74e-02f  1
 309  2.1492846e+05 6.85e-09 7.81e+02 -12.0 1.08e-04    -  5.79e-02 1.42e-01f  1
iter    objective    inf_pr   inf_du lg(mu)  ||d||  lg(rg) alpha_du alpha_pr  ls
 310  2.1492846e+05 6.84e-09 7.68e+02 -12.0 2.02e-04    -  1.65e-02 1.99e-03h  1
 311  2.1492846e+05 6.67e-09 7.68e+02 -12.0 2.03e-04    -  5.36e-04 3.05e-02h  1
 312  2.1492846e+05 6.52e-09 7.49e+02 -12.0 2.25e-05  -4.0 2.40e-02 2.59e-02h  1
 313  2.1492846e+05 6.31e-09 6.90e+02 -12.0 2.19e-05  -4.5 7.91e-02 3.92e-02h  1
 314  2.1492846e+05 6.29e-09 5.79e+02 -12.0 2.23e-05  -5.0 1.61e-01 4.41e-03h  1
 315  2.1492846e+05 6.18e-09 5.73e+02 -12.0 2.30e-05  -4.5 1.10e-02 2.24e-02h  1
 316  2.1492846e+05 6.14e-09 4.62e+02 -12.0 2.30e-05  -5.0 1.93e-01 6.09e-03h  1
 317  2.1492846e+05 5.98e-09 4.45e+02 -12.0 2.39e-05  -4.6 3.83e-02 3.22e-02h  1
 318  2.1492846e+05 5.98e-09 4.40e+02 -12.0 2.33e-05  -5.1 1.10e-02 3.69e-04h  1
 319  2.1492846e+05 5.90e-09 8.64e+02 -12.0 2.34e-05  -4.6 4.12e-02 1.60e-02h  1
iter    objective    inf_pr   inf_du lg(mu)  ||d||  lg(rg) alpha_du alpha_pr  ls
 320  2.1492846e+05 5.59e-09 8.32e+02 -12.0 2.33e-05  -5.1 3.18e-02 6.30e-02f  1
 321  2.1492846e+05 5.17e-09 7.95e+02 -12.0 2.23e-05  -4.7 3.62e-02 9.08e-02f  1
 322  2.1492846e+05 4.56e-09 7.02e+02 -12.0 2.09e-05  -4.3 1.12e-01 1.42e-01f  1
 323  2.1492846e+05 4.47e-09 6.68e+02 -12.0 1.95e-05  -4.7 5.24e-02 2.46e-02h  1
 324  2.1492846e+05 2.84e-09 5.66e+02 -12.0 1.12e+00    -  1.06e-01 4.35e-01h  1
 325  2.1492846e+05 2.80e-09 5.54e+02 -12.0 8.72e-04    -  2.14e-02 1.68e-02f  1
 326  2.1492846e+05 2.59e-09 4.95e+02 -12.0 4.68e-03    -  1.07e-01 8.82e-02h  1
 327  2.1492846e+05 2.17e-09 4.78e+02 -12.0 9.66e-03    -  1.90e-02 1.90e-01f  1
 328  2.1492846e+05 1.82e-09 4.64e+02 -12.0 1.12e-05  -4.3 1.57e-02 1.87e-01f  1
 329  2.1492846e+05 1.64e-09 4.57e+02 -12.0 8.69e-04    -  9.42e-03 1.13e-01h  1
iter    objective    inf_pr   inf_du lg(mu)  ||d||  lg(rg) alpha_du alpha_pr  ls
 330  2.1492846e+05 1.45e-09 4.17e+02 -12.0 1.09e-03    -  8.46e-02 1.33e-01f  1
In iteration 330, 1 Slack too small, adjusting variable bound
 331  2.1492846e+05 1.45e-09 4.06e+02 -12.0 8.63e-06  -4.8 2.81e-02 3.53e-03h  1
 332  2.1492846e+05 1.43e-09 4.00e+02 -12.0 8.65e-06  -4.4 1.36e-02 1.64e-02h  1
In iteration 332, 1 Slack too small, adjusting variable bound
 333  2.1492846e+05 1.37e-09 3.39e+02 -12.0 8.57e-06  -4.8 1.60e-01 4.77e-02f  1
 334  2.1492846e+05 1.36e-09 3.38e+02 -12.0 8.78e-06  -4.4 1.04e-03 4.77e-03h  1
 335  2.1492846e+05 1.32e-09 3.35e+02 -12.0 1.23e-03    -  6.98e-03 3.07e-02f  1
 336  2.1492846e+05 1.17e-09 3.18e+02 -12.0 8.60e-06  -4.9 4.57e-02 1.35e-01f  1
 337  2.1492846e+05 1.02e-09 2.55e+02 -12.0 7.91e-06  -4.5 2.02e-01 1.46e-01h  1
 338  2.1492846e+05 1.01e-09 2.52e+02 -12.0 1.85e-03    -  1.16e-02 1.40e-02h  1
 339  2.1492846e+05 9.95e-10 2.46e+02 -12.0 7.63e-06  -4.9 2.23e-02 1.31e-02h  1
iter    objective    inf_pr   inf_du lg(mu)  ||d||  lg(rg) alpha_du alpha_pr  ls
 340  2.1492846e+05 8.92e-10 1.50e+02 -12.0 1.87e-03    -  4.10e-01 1.19e-01f  1
 341  2.1492846e+05 8.87e-10 1.45e+02 -12.0 8.18e-06  -4.5 3.02e-02 5.54e-03f  1
 342  2.1492846e+05 7.40e-10 1.30e+02 -12.0 7.98e-06  -4.1 9.50e-02 1.89e-01f  1
 343  2.1492846e+05 7.39e-10 1.30e+02 -12.0 7.02e-06  -4.6 2.27e-03 1.37e-03h  1
 344  2.1492846e+05 6.51e-10 1.20e+02 -12.0 7.02e-06  -5.0 7.30e-02 1.35e-01f  1
 345  2.1492846e+05 6.50e-10 1.20e+02 -12.0 6.44e-06  -4.6 1.52e-03 2.56e-03f  1
 346  2.1492846e+05 6.48e-10 8.81e+01 -12.0 6.43e-06  -5.1 2.86e-01 3.68e-03f  1
 347  2.1492846e+05 4.48e-10 6.84e+01 -12.0 6.89e-06  -3.8 2.09e-01 3.49e-01f  1
 348  2.1492846e+05 4.45e-10 6.74e+01 -12.0 5.37e-06  -4.2 1.57e-02 7.19e-03f  1
 349  2.1492846e+05 1.10e-10 2.62e+01 -12.0 6.00e-03    -  5.83e-01 9.16e-01f  1
iter    objective    inf_pr   inf_du lg(mu)  ||d||  lg(rg) alpha_du alpha_pr  ls
 350  2.1492846e+05 1.10e-10 2.61e+01 -12.0 2.46e-06  -4.7 1.57e-03 2.32e-03f  1
 351  2.1492846e+05 1.10e-10 2.60e+01 -12.0 2.40e-06  -4.3 4.00e-03 1.69e-04h  1
 352  2.1492846e+05 1.10e-10 2.59e+01 -12.0 2.46e-06  -4.8 4.55e-03 2.85e-03f  1
 353  2.1492846e+05 6.54e-11 3.02e+00 -12.0 2.42e-06  -4.3 9.26e-01 6.20e-01f  1
In iteration 353, 1 Slack too small, adjusting variable bound
 354  2.1492846e+05 2.37e-11 5.28e-01 -12.0 6.50e-06  -4.8 8.15e-01 9.72e-01f  1
 355  2.1492846e+05 4.83e-12 5.57e+00 -12.0 4.28e-06  -4.4 6.06e-02 9.92e-01h  1
In iteration 355, 1 Slack too small, adjusting variable bound
 356  2.1492846e+05 6.76e-12 3.17e+00 -12.0 1.02e-05  -4.9 4.33e-01 4.68e-01f  1
 357  2.1492846e+05 3.82e-12 8.56e-01 -12.0 4.50e-06  -4.4 7.43e-01 1.00e+00h  1
In iteration 357, 1 Slack too small, adjusting variable bound
 358  2.1492846e+05 2.09e-12 5.66e-01 -12.0 1.19e-05  -4.9 3.37e-01 9.24e-01h  1
 359  2.1492846e+05 1.61e-12 1.07e-01 -12.0 4.38e-06  -4.5 8.11e-01 1.00e+00h  1
iter    objective    inf_pr   inf_du lg(mu)  ||d||  lg(rg) alpha_du alpha_pr  ls
 360  2.1492846e+05 1.41e-12 1.56e-01 -12.0 1.13e-05  -5.0 3.02e-01 1.00e+00h  1
 361  2.1492846e+05 1.39e-12 6.12e-02 -12.0 3.99e-06  -4.5 8.01e-01 1.00e+00h  1
 362  2.1492846e+05 1.32e-12 1.46e-01 -12.0 1.01e-05  -5.0 2.93e-01 1.00e+00h  1
 363  2.1492846e+05 1.29e-12 5.36e-02 -12.0 3.53e-06  -4.6 8.13e-01 1.00e+00h  1
 364  2.1492846e+05 1.25e-12 1.21e-01 -12.0 1.26e-06  -4.2 3.64e-01 1.00e+00h  1
 365  2.1492846e+05 1.22e-12 8.05e-11 -12.0 3.58e-06  -4.6 1.00e+00 1.00e+00h  1

Number of Iterations....: 365

                                   (scaled)                 (unscaled)
Objective...............:   2.1492846102765502e+05    2.1492846102765502e+05
Dual infeasibility......:   8.0467954258657080e-11    8.0467954258657080e-11
Constraint violation....:   1.2166098401809682e-12    1.2166098401809682e-12
Complementarity.........:   1.3072836107115537e-12    1.3072836107115537e-12
Overall NLP error.......:   1.2166098401809682e-12    8.0467954258657080e-11


Number of objective function evaluations             = 366
Number of objective gradient evaluations             = 366
Number of equality constraint evaluations            = 366
Number of inequality constraint evaluations          = 366
Number of equality constraint Jacobian evaluations   = 366
Number of inequality constraint Jacobian evaluations = 366
Number of Lagrangian Hessian evaluations             = 365
Total CPU secs in IPOPT (w/o function evaluations)   =      7.017
Total CPU secs in NLP function evaluations           =      0.016

EXIT: Optimal Solution Found.

