Solver command line: ['C:\\Users\\Alexander\\AppData\\Local\\idaes\\bin\\ipopt.exe', 'C:\\Users\\ALEXAN~1\\AppData\\Local\\Temp\\tmp_g8mncqq.pyomo.nl', '-AMPL', 'linear_solver=ma57', 'max_iter=3000', 'max_cpu_time=600.0', 'tol=1e-11', 'nlp_scaling_method=none', 'acceptable_tol=1e-10', 'bound_relax_factor=0.0', 'honor_original_bounds=yes', 'warm_start_init_point=no', 'print_level=5', 'bound_push=1e-10', 'bound_frac=1e-10', 'mu_init=1e-06']

Ipopt 3.13.2: linear_solver=ma57
max_iter=3000
max_cpu_time=600.0
tol=1e-11
nlp_scaling_method=none
acceptable_tol=1e-10
bound_relax_factor=0.0
honor_original_bounds=yes
warm_start_init_point=no
print_level=5
bound_push=1e-10
bound_frac=1e-10
mu_init=1e-06


******************************************************************************
This program contains Ipopt, a library for large-scale nonlinear optimization.
 Ipopt is released as open source code under the Eclipse Public License (EPL).
         For more information visit http://projects.coin-or.org/Ipopt

This version of Ipopt was compiled from source code available at
    https://github.com/IDAES/Ipopt as part of the Institute for the Design of
    Advanced Energy Systems Process Systems Engineering Framework (IDAES PSE
    Framework) Copyright (c) 2018-2019. See https://github.com/IDAES/idaes-pse.

This version of Ipopt was compiled using HSL, a collection of Fortran codes
    for large-scale scientific computation.  All technical papers, sales and
    publicity material resulting from use of the HSL codes within IPOPT must
    contain the following acknowledgement:
        HSL, a collection of Fortran codes for large-scale scientific
        computation. See http://www.hsl.rl.ac.uk.
******************************************************************************

This is Ipopt version 3.13.2, running with linear solver ma57.

Number of nonzeros in equality constraint Jacobian...:     4734
Number of nonzeros in inequality constraint Jacobian.:     4995
Number of nonzeros in Lagrangian Hessian.............:       72

Total number of variables............................:     2547
                     variables with only lower bounds:     2259
                variables with lower and upper bounds:        0
                     variables with only upper bounds:        0
Total number of equality constraints.................:      915
Total number of inequality constraints...............:     2691
        inequality constraints with only lower bounds:      216
   inequality constraints with lower and upper bounds:        0
        inequality constraints with only upper bounds:     2475

iter    objective    inf_pr   inf_du lg(mu)  ||d||  lg(rg) alpha_du alpha_pr  ls
   0  1.9512000e-06 5.62e+02 1.54e+01  -6.0 0.00e+00    -  0.00e+00 0.00e+00   0
   1  1.0989486e+00 5.62e+02 1.62e+01  -6.0 3.37e+02    -  4.43e-05 9.43e-05h  1
   2  2.8025470e+01 5.62e+02 2.47e+01  -6.0 3.40e+02    -  4.50e-11 3.82e-04h  1
   3  3.4068932e+01 5.62e+02 2.59e+01  -6.0 6.61e+02    -  4.53e-07 5.18e-05h  1
   4  4.0246670e+01 5.62e+02 2.64e+01  -6.0 6.62e+02    -  7.90e-08 5.14e-05h  1
   5  4.7680655e+01 5.62e+02 2.73e+01  -6.0 6.23e+02    -  2.66e-06 5.40e-05h  1
   6  5.6438687e+01 5.62e+02 2.76e+01  -6.0 6.98e+02    -  8.21e-07 5.47e-05h  1
   7  6.7813346e+01 5.62e+02 2.79e+01  -6.0 6.47e+02    -  5.95e-06 5.71e-05h  1
   8  8.0244159e+01 5.62e+02 2.79e+01  -6.0 7.18e+02    -  2.02e-06 6.26e-05h  1
   9  9.1955417e+01 5.62e+02 2.79e+01  -6.0 6.36e+02    -  8.61e-06 6.51e-05h  1
iter    objective    inf_pr   inf_du lg(mu)  ||d||  lg(rg) alpha_du alpha_pr  ls
  10  1.0221973e+02 5.62e+02 2.79e+01  -6.0 6.36e+02    -  1.27e-06 7.18e-05h  1
  11  1.1221791e+02 5.62e+02 2.79e+01  -6.0 6.35e+02    -  1.23e-05 7.41e-05h  1
  12  1.2052159e+02 5.62e+02 2.79e+01  -6.0 6.35e+02    -  2.75e-06 8.57e-05h  1
  13  1.2710111e+02 5.62e+02 2.79e+01  -6.0 6.35e+02    -  5.69e-05 8.85e-05h  1
  14  1.2829091e+02 5.62e+02 2.79e+01  -6.0 7.35e+02    -  4.21e-05 1.49e-04h  1
  15  1.2190701e+02 5.62e+02 2.79e+01  -6.0 6.35e+02    -  9.47e-05 1.89e-04f  1
  16  1.0103751e+02 5.61e+02 2.79e+01  -6.0 6.66e+02    -  1.47e-04 2.82e-04f  1
  17  7.8938045e+01 5.61e+02 2.79e+01  -6.0 7.11e+02    -  3.82e-04 4.28e-04f  1
  18  6.7065347e+01 5.61e+02 2.79e+01  -6.0 6.35e+02    -  1.05e-03 7.98e-04f  1
  19  6.4999604e+01 5.60e+02 2.79e+01  -6.0 6.34e+02    -  1.90e-03 1.68e-03h  1
iter    objective    inf_pr   inf_du lg(mu)  ||d||  lg(rg) alpha_du alpha_pr  ls
  20  6.4578886e+01 5.58e+02 2.78e+01  -6.0 6.33e+02    -  3.78e-03 3.61e-03h  1
  21  6.4057311e+01 5.54e+02 2.76e+01  -6.0 6.31e+02    -  7.53e-03 7.47e-03h  1
  22  6.2297822e+01 5.39e+02 1.34e+02  -6.0 6.26e+02    -  1.53e-02 2.67e-02h  1
  23  5.8581866e+01 5.02e+02 3.59e+02  -6.0 6.09e+02    -  4.52e-02 6.76e-02h  1
  24  5.8814998e+01 4.84e+02 5.47e+02  -6.0 5.79e+02    -  1.94e-02 3.73e-02h  1
  25  6.2235824e+01 4.84e+02 5.49e+02  -6.0 4.92e+02    -  1.47e-09 2.22e-04h  1
  26  6.6593565e+01 4.83e+02 5.52e+02  -6.0 5.39e+02    -  1.05e-06 1.96e-04h  1
  27  6.6928976e+02 4.72e+02 8.12e+02  -6.0 5.75e+02    -  3.57e-05 2.35e-02h  1
  28  6.7350989e+02 4.72e+02 8.14e+02  -6.0 5.62e+02    -  3.28e-05 1.26e-04h  1
  29  1.3494745e+03 4.63e+02 1.02e+03  -6.0 5.62e+02    -  1.08e-08 1.87e-02h  1
iter    objective    inf_pr   inf_du lg(mu)  ||d||  lg(rg) alpha_du alpha_pr  ls
  30  1.3615980e+03 4.63e+02 1.02e+03  -6.0 5.51e+02    -  1.55e-04 3.15e-04h  1
  31  1.8156790e+03 4.59e+02 1.13e+03  -6.0 5.51e+02    -  6.59e-09 9.90e-03h  1
  32  1.8223794e+03 4.58e+02 1.13e+03  -6.0 5.46e+02    -  6.00e-05 1.27e-04h  1
  33  2.9429374e+03 4.49e+02 1.36e+03  -6.0 5.45e+02    -  1.02e-08 2.04e-02h  1
  34  2.9720379e+03 4.49e+02 1.36e+03  -6.0 5.34e+02    -  3.99e-04 5.24e-04h  1
  35  3.1005285e+03 4.48e+02 1.38e+03  -6.0 5.34e+02    -  1.93e-09 1.93e-03h  1
  36  3.1115368e+03 4.48e+02 1.39e+03  -6.0 5.38e+02    -  6.09e-05 1.50e-04h  1
  37  3.3938591e+03 4.46e+02 1.43e+03  -6.0 5.38e+02    -  2.22e-08 3.76e-03h  1
  38  3.4053881e+03 4.46e+02 1.43e+03  -6.0 5.36e+02    -  7.70e-05 1.42e-04h  1
  39  4.0440378e+03 4.43e+02 1.51e+03  -6.0 5.36e+02    -  1.65e-08 7.70e-03h  1
iter    objective    inf_pr   inf_du lg(mu)  ||d||  lg(rg) alpha_du alpha_pr  ls
  40  4.0563528e+03 4.43e+02 1.51e+03  -6.0 5.32e+02    -  8.91e-05 1.39e-04h  1
  41  5.4642820e+03 4.36e+02 1.69e+03  -6.0 5.32e+02    -  9.25e-09 1.56e-02h  1
  42  5.4982603e+03 4.36e+02 1.69e+03  -6.0 5.24e+02    -  3.33e-04 3.74e-04h  1
  43  5.9048810e+03 4.34e+02 1.73e+03  -6.0 5.23e+02    -  1.95e-09 4.08e-03h  1
  44  6.3645375e+03 4.32e+02 1.74e+03  -6.0 5.21e+02    -  3.60e-03 4.62e-03h  1
  45  7.2801697e+03 4.28e+02 1.84e+03  -6.0 5.19e+02    -  3.90e-09 8.61e-03h  1
  46  8.1812056e+03 4.25e+02 1.86e+03  -6.0 5.14e+02    -  5.92e-03 8.53e-03h  1
  47  8.7887703e+03 4.22e+02 1.92e+03  -6.0 5.10e+02    -  3.29e-09 5.42e-03h  1
  48  8.8151188e+03 4.22e+02 1.92e+03  -6.0 5.07e+02    -  5.34e-05 2.25e-04h  1
  49  1.0446839e+04 4.16e+02 2.08e+03  -6.0 5.07e+02    -  4.34e-08 1.38e-02h  1
iter    objective    inf_pr   inf_du lg(mu)  ||d||  lg(rg) alpha_du alpha_pr  ls
  50  1.0469304e+04 4.16e+02 2.08e+03  -6.0 5.00e+02    -  1.03e-04 1.84e-04h  1
  51  1.2754538e+04 4.09e+02 2.29e+03  -6.0 5.00e+02    -  7.64e-09 1.85e-02h  1
  52  1.7955111e+04 3.91e+02 2.30e+03  -6.0 4.91e+02    -  3.49e-02 4.29e-02h  1
  53  1.9566984e+04 3.86e+02 2.47e+03  -6.0 4.70e+02    -  4.08e-08 1.36e-02h  1
  54  1.9580430e+04 3.86e+02 2.47e+03  -6.0 4.63e+02    -  1.78e-05 1.16e-04h  1
  55  2.6161245e+04 3.64e+02 3.14e+03  -6.0 4.63e+02    -  2.14e-07 5.53e-02h  1
  56  2.6172529e+04 3.64e+02 3.14e+03  -6.0 4.36e+02    -  4.48e-05 1.00e-04h  1
  57  2.8376513e+04 3.57e+02 3.38e+03  -6.0 4.36e+02    -  1.06e-07 1.93e-02h  1
  58  2.8385857e+04 3.57e+02 3.38e+03  -6.0 4.25e+02    -  2.87e-05 8.38e-05h  1
  59  3.1149919e+04 3.49e+02 3.68e+03  -6.0 4.29e+02    -  3.67e-07 2.42e-02h  1
iter    objective    inf_pr   inf_du lg(mu)  ||d||  lg(rg) alpha_du alpha_pr  ls
  60  3.1161439e+04 3.49e+02 3.68e+03  -6.0 4.19e+02    -  5.05e-05 1.03e-04h  1
  61  3.3456504e+04 3.41e+02 3.93e+03  -6.0 4.19e+02    -  3.46e-07 2.03e-02h  1
  62  3.3512929e+04 3.41e+02 3.92e+03  -6.0 4.10e+02    -  8.18e-04 5.04e-04h  1
  63  3.3682701e+04 3.41e+02 3.94e+03  -6.0 4.10e+02    -  8.78e-10 1.43e-03h  1
  64  3.4707388e+04 3.38e+02 3.98e+03  -6.0 4.10e+02    -  4.25e-03 8.58e-03h  1
  65  3.6159272e+04 3.34e+02 4.13e+03  -6.0 4.06e+02    -  3.27e-07 1.21e-02h  1
  66  3.6174708e+04 3.34e+02 4.13e+03  -6.0 4.01e+02    -  1.85e-05 1.29e-04h  1
  67  3.8635154e+04 3.27e+02 4.39e+03  -6.0 4.01e+02    -  1.93e-05 2.05e-02h  1
  68  3.9075033e+04 3.26e+02 4.28e+03  -6.0 3.93e+02    -  9.37e-03 3.73e-03h  1
  69  3.9368874e+04 3.25e+02 4.31e+03  -6.0 3.91e+02    -  1.85e-09 2.44e-03h  1
iter    objective    inf_pr   inf_du lg(mu)  ||d||  lg(rg) alpha_du alpha_pr  ls
  70  4.2384528e+04 3.17e+02 4.55e+03  -6.0 3.90e+02    -  4.55e-03 2.40e-02h  1
  71  4.2411050e+04 3.17e+02 4.55e+03  -6.0 3.81e+02    -  1.38e-06 2.11e-04h  1
  72  4.2775285e+04 3.16e+02 4.59e+03  -6.0 3.81e+02    -  2.03e-05 2.89e-03h  1
  73  4.4619985e+04 3.11e+02 4.73e+03  -6.0 3.80e+02    -  2.89e-03 1.47e-02h  1
  74  4.4649251e+04 3.11e+02 4.73e+03  -6.0 3.74e+02    -  6.38e-06 2.35e-04h  1
  75  4.6863381e+04 3.06e+02 4.97e+03  -6.0 3.74e+02    -  3.61e-05 1.77e-02h  1
  76  4.6899124e+04 3.06e+02 4.97e+03  -6.0 3.67e+02    -  2.43e-05 2.88e-04h  1
  77  4.7702604e+04 3.04e+02 5.06e+03  -6.0 3.67e+02    -  2.04e-04 6.44e-03h  1
  78  4.7725868e+04 3.04e+02 5.06e+03  -6.0 3.65e+02    -  4.47e-05 1.86e-04h  1
  79  5.4880230e+04 2.86e+02 5.83e+03  -6.0 3.65e+02    -  1.14e-05 5.71e-02h  1
iter    objective    inf_pr   inf_du lg(mu)  ||d||  lg(rg) alpha_du alpha_pr  ls
  80  5.4899230e+04 2.86e+02 5.83e+03  -6.0 3.42e+02    -  8.59e-05 1.60e-04h  1
  81  5.6602077e+04 2.82e+02 6.03e+03  -6.0 3.42e+02    -  2.33e-07 1.43e-02h  1
  82  5.6612595e+04 2.82e+02 6.03e+03  -6.0 3.31e+02    -  5.22e-05 8.97e-05h  1
  83  5.8968320e+04 2.77e+02 6.30e+03  -6.0 3.39e+02    -  3.80e-07 1.97e-02h  1
  84  5.8987054e+04 2.77e+02 6.30e+03  -6.0 3.32e+02    -  1.04e-04 1.59e-04h  1
  85  5.9225889e+04 2.76e+02 6.33e+03  -6.0 3.32e+02    -  2.22e-07 2.02e-03h  1
  86  5.9239861e+04 2.76e+02 6.33e+03  -6.0 3.32e+02    -  3.74e-05 1.18e-04h  1
  87  6.1019425e+04 2.72e+02 6.54e+03  -6.0 3.32e+02    -  1.11e-05 1.49e-02h  1
  88  6.1038789e+04 2.72e+02 6.54e+03  -6.0 3.27e+02    -  1.09e-04 1.63e-04h  1
  89  6.4719724e+04 2.63e+02 6.98e+03  -6.0 3.27e+02    -  4.52e-07 3.10e-02h  1
iter    objective    inf_pr   inf_du lg(mu)  ||d||  lg(rg) alpha_du alpha_pr  ls
  90  6.4739016e+04 2.63e+02 6.98e+03  -6.0 3.16e+02    -  1.18e-04 1.67e-04h  1
  91  6.8505941e+04 2.55e+02 7.44e+03  -6.0 3.16e+02    -  3.05e-07 3.25e-02h  1
  92  6.8519006e+04 2.55e+02 7.44e+03  -6.0 3.06e+02    -  6.49e-05 1.16e-04h  1
  93  7.0455292e+04 2.51e+02 7.69e+03  -6.0 3.06e+02    -  5.36e-07 1.70e-02h  1
  94  7.0466825e+04 2.51e+02 7.69e+03  -6.0 3.01e+02    -  8.40e-05 1.02e-04h  1
  95  7.3984472e+04 2.43e+02 8.15e+03  -6.0 3.01e+02    -  5.91e-07 3.10e-02h  1
  96  7.3995775e+04 2.43e+02 8.15e+03  -6.0 2.91e+02    -  7.92e-05 1.03e-04h  1
  97  7.5416462e+04 2.40e+02 8.34e+03  -6.0 2.91e+02    -  1.15e-07 1.28e-02h  1
  98  7.5428020e+04 2.40e+02 8.34e+03  -6.0 2.88e+02    -  1.15e-04 1.06e-04h  1
  99  7.5448917e+04 2.40e+02 8.34e+03  -6.0 2.92e+02    -  1.20e-05 1.90e-04h  1
iter    objective    inf_pr   inf_du lg(mu)  ||d||  lg(rg) alpha_du alpha_pr  ls
 100  7.5458219e+04 2.40e+02 8.35e+03  -6.0 3.20e+02    -  8.89e-06 8.45e-05h  1
 101  7.5577713e+04 2.39e+02 8.36e+03  -6.0 2.88e+02    -  3.74e-06 1.07e-03h  1
 102  7.5593910e+04 2.39e+02 8.36e+03  -6.0 2.87e+02    -  5.75e-05 1.44e-04h  1
 103  8.1083066e+04 2.28e+02 9.10e+03  -6.0 2.87e+02    -  7.24e-06 4.86e-02h  1
 104  8.1094562e+04 2.28e+02 9.10e+03  -6.0 2.73e+02    -  1.06e-04 1.07e-04h  1
 105  8.1786778e+04 2.26e+02 9.20e+03  -6.0 2.73e+02    -  3.43e-08 6.36e-03h  1
 106  8.1797824e+04 2.26e+02 9.20e+03  -6.0 2.71e+02    -  1.33e-04 1.02e-04h  1
 107  8.6656450e+04 2.16e+02 9.89e+03  -6.0 2.71e+02    -  8.71e-08 4.42e-02h  1
 108  8.6733065e+04 2.16e+02 9.85e+03  -6.0 2.59e+02    -  1.89e-03 7.26e-04h  1
 109  8.6883613e+04 2.16e+02 9.88e+03  -6.0 2.59e+02    -  9.82e-10 1.38e-03h  1
iter    objective    inf_pr   inf_du lg(mu)  ||d||  lg(rg) alpha_du alpha_pr  ls
 110  8.9802938e+04 2.10e+02 9.83e+03  -6.0 2.58e+02    -  1.84e-02 2.65e-02h  1
 111  8.9983896e+04 2.10e+02 9.85e+03  -6.0 2.56e+02    -  1.47e-06 1.67e-03h  1
 112  9.0033600e+04 2.09e+02 9.85e+03  -6.0 2.56e+02    -  2.49e-04 4.60e-04h  1
 113  9.0068686e+04 2.09e+02 9.86e+03  -6.0 2.98e+02    -  2.02e-06 3.24e-04h  1
 114  9.0100356e+04 2.09e+02 9.86e+03  -6.0 2.89e+02    -  1.69e-04 2.93e-04h  1
 115  9.0110301e+04 2.09e+02 9.83e+03  -6.0 2.56e+02    -  1.18e-03 9.23e-05h  1
 116  9.0223352e+04 2.09e+02 9.81e+03  -6.0 2.53e+02    -  1.25e-03 1.05e-03h  1
 117  9.0417425e+04 2.09e+02 9.82e+03  -6.0 2.49e+02    -  9.85e-04 1.82e-03h  1
 118  9.4134140e+04 2.01e+02 1.04e+04  -6.0 3.21e+02    -  4.15e-04 3.59e-02h  1
 119  9.4156735e+04 2.01e+02 1.04e+04  -6.0 2.93e+02    -  6.32e-05 2.25e-04h  1
iter    objective    inf_pr   inf_du lg(mu)  ||d||  lg(rg) alpha_du alpha_pr  ls
 120  9.6011806e+04 1.98e+02 1.07e+04  -6.0 2.93e+02    -  2.27e-06 1.84e-02h  1
 121  9.6039623e+04 1.97e+02 1.07e+04  -6.0 2.65e+02    -  2.03e-04 2.80e-04h  1
 122  9.6224106e+04 1.97e+02 1.07e+04  -6.0 2.64e+02    -  2.43e-03 1.86e-03h  1
 123  9.7016348e+04 1.96e+02 1.08e+04  -6.0 3.27e+02    -  5.76e-07 7.43e-03h  1
 124  9.9916089e+04 1.90e+02 1.10e+04  -6.0 3.36e+02    -  1.00e-02 2.73e-02h  1
 125  9.9945825e+04 1.90e+02 1.11e+04  -6.0 3.59e+02    -  2.56e-05 3.03e-04h  1
 126  1.0112655e+05 1.88e+02 1.13e+04  -6.0 4.46e+02    -  8.23e-06 1.23e-02h  1
 127  1.0114546e+05 1.88e+02 1.13e+04  -6.0 5.32e+02    -  1.20e-04 2.06e-04h  1
 128  1.0172892e+05 1.87e+02 1.14e+04  -6.0 5.34e+02    -  2.34e-07 6.33e-03h  1
 129  1.0240067e+05 1.85e+02 1.13e+04  -6.0 5.58e+02    -  6.61e-03 7.42e-03h  1
iter    objective    inf_pr   inf_du lg(mu)  ||d||  lg(rg) alpha_du alpha_pr  ls
 130  1.0307523e+05 1.84e+02 1.13e+04  -6.0 5.99e+02    -  4.97e-03 7.65e-03h  1
 131  1.0392127e+05 1.82e+02 1.12e+04  -6.0 5.99e+02    -  1.04e-02 9.67e-03h  1
 132  1.0483182e+05 1.80e+02 1.11e+04  -6.0 5.83e+02    -  8.89e-03 1.04e-02h  1
 133  1.0486935e+05 1.80e+02 1.11e+04  -6.0 5.63e+02    -  2.10e-03 4.32e-04h  1
 134  1.0508149e+05 1.80e+02 1.11e+04  -6.0 5.59e+02    -  3.30e-05 2.44e-03h  1
 135  1.0508533e+05 1.80e+02 1.11e+04  -6.0 5.56e+02    -  5.71e-04 4.43e-05h  1
 136  1.0514735e+05 1.80e+02 1.11e+04  -6.0 5.56e+02    -  6.67e-04 7.15e-04h  1
 137r 1.0514735e+05 1.80e+02 1.00e+03   2.3 0.00e+00    -  0.00e+00 7.84e-10R  2
 138r 1.0514854e+05 1.79e+02 1.00e+03   2.3 7.94e+07    -  7.97e-10 2.81e-09f  1
 139r 1.0523144e+05 1.80e+02 1.00e+03   0.9 6.55e+03    -  1.50e-07 7.56e-05f  1
iter    objective    inf_pr   inf_du lg(mu)  ||d||  lg(rg) alpha_du alpha_pr  ls
 140r 1.0549673e+05 1.79e+02 1.00e+03   0.9 2.10e+04    -  1.06e-04 7.42e-05f  1
 141r 1.0928100e+05 1.78e+02 1.00e+03   0.9 2.07e+04    -  3.74e-04 9.77e-04f  1
 142r 1.1911473e+05 1.73e+02 1.00e+03   0.9 1.88e+04    -  3.97e-04 2.17e-03f  1
 143r 1.2763561e+05 1.70e+02 1.00e+03   0.9 1.45e+04    -  4.72e-04 1.72e-03f  1
 144r 1.3786521e+05 1.67e+02 1.00e+03   0.9 1.06e+04    -  6.69e-04 1.77e-03f  1
 145r 1.5017602e+05 1.63e+02 1.00e+03   0.9 6.40e+03    -  7.86e-04 1.78e-03f  1
 146r 1.7001876e+05 1.57e+02 1.00e+03   0.9 5.59e+03    -  8.77e-04 2.34e-03f  1
 147  1.7009778e+05 1.56e+02 4.31e+02  -6.0 1.62e+02    -  6.01e-03 5.28e-03h  1
 148  1.7017758e+05 1.55e+02 4.29e+02  -6.0 2.52e+02    -  2.79e-03 6.38e-03h  1
 149  1.7030556e+05 1.54e+02 4.25e+02  -6.0 2.10e+02    -  6.23e-03 9.25e-03h  1
iter    objective    inf_pr   inf_du lg(mu)  ||d||  lg(rg) alpha_du alpha_pr  ls
 150  1.7052235e+05 1.51e+02 4.18e+02  -6.0 1.95e+02    -  6.66e-03 1.52e-02h  1
 151  1.7084412e+05 1.48e+02 4.09e+02  -6.0 1.88e+02    -  6.11e-03 2.18e-02h  1
 152  1.7114565e+05 1.45e+02 4.01e+02  -6.0 1.81e+02    -  7.96e-03 1.97e-02h  1
 153  1.7144813e+05 1.42e+02 3.93e+02  -6.0 1.76e+02    -  1.16e-02 1.98e-02h  1
 154  1.7214198e+05 1.36e+02 3.76e+02  -6.0 1.72e+02    -  6.71e-03 4.29e-02h  1
 155  1.7294474e+05 1.30e+02 3.58e+02  -6.0 1.66e+02    -  3.41e-02 4.73e-02h  1
 156  1.7422983e+05 1.20e+02 3.31e+02  -6.0 2.05e+02    -  2.64e-03 7.63e-02h  1
 157  1.7549405e+05 1.11e+02 3.07e+02  -6.0 2.05e+02    -  7.96e-02 7.17e-02h  1
 158  1.7619444e+05 1.06e+02 2.92e+02  -6.0 1.75e+02    -  1.40e-02 5.03e-02h  1
 159  1.7719839e+05 9.77e+01 2.70e+02  -6.0 2.25e+02    -  1.15e-02 7.47e-02h  1
iter    objective    inf_pr   inf_du lg(mu)  ||d||  lg(rg) alpha_du alpha_pr  ls
 160  1.7809480e+05 9.10e+01 2.52e+02  -6.0 2.51e+02    -  5.96e-02 6.81e-02h  1
 161  1.7902900e+05 8.43e+01 2.33e+02  -6.0 2.10e+02    -  3.05e-02 7.42e-02h  1
 162  1.7979593e+05 7.95e+01 2.20e+02  -6.0 1.83e+02    -  2.48e-02 5.67e-02h  1
 163  1.8125731e+05 7.15e+01 1.98e+02  -6.0 1.91e+02    -  6.61e-03 1.01e-01h  1
 164  1.8198526e+05 6.82e+01 1.89e+02  -6.0 1.53e+02    -  2.56e-05 4.57e-02h  1
 165  1.8237913e+05 6.66e+01 1.84e+02  -6.0 1.32e+02    -  6.39e-02 2.32e-02h  1
 166  1.8484097e+05 5.72e+01 1.58e+02  -6.0 1.19e+02    -  3.90e-02 1.41e-01h  1
 167  1.8610919e+05 5.35e+01 1.48e+02  -6.0 7.62e+01    -  3.58e-02 6.54e-02h  1
 168  1.8848695e+05 4.72e+01 1.31e+02  -6.0 6.32e+01    -  8.04e-02 1.17e-01h  1
 169  1.8960262e+05 4.46e+01 1.23e+02  -6.0 1.14e+02    -  1.11e-02 5.47e-02h  1
iter    objective    inf_pr   inf_du lg(mu)  ||d||  lg(rg) alpha_du alpha_pr  ls
 170  1.9157645e+05 4.03e+01 1.11e+02  -6.0 1.25e+02    -  4.37e-02 9.82e-02h  1
 171  1.9262319e+05 3.81e+01 1.05e+02  -6.0 1.43e+02    -  2.53e-02 5.43e-02h  1
 172  1.9381463e+05 3.57e+01 9.86e+01  -6.0 1.46e+02    -  1.05e-02 6.33e-02h  1
 173  1.9420844e+05 3.49e+01 9.64e+01  -6.0 1.46e+02    -  6.75e-03 2.16e-02h  1
 174  1.9606000e+05 3.13e+01 8.64e+01  -6.0 1.43e+02    -  2.53e-02 1.04e-01h  1
 175  1.9705042e+05 2.94e+01 8.12e+01  -6.0 9.63e+01    -  1.10e-02 6.05e-02h  1
 176  1.9774525e+05 2.80e+01 7.75e+01  -6.0 6.72e+01    -  2.55e-04 4.52e-02h  1
 177  1.9783805e+05 2.79e+01 7.71e+01  -6.0 9.84e+01    -  5.04e-03 5.91e-03h  1
 178  1.9993685e+05 2.40e+01 6.64e+01  -6.0 1.03e+02    -  5.20e-03 1.39e-01h  1
 179  2.0159479e+05 2.11e+01 5.83e+01  -6.0 1.14e+02    -  6.84e-02 1.23e-01h  1
iter    objective    inf_pr   inf_du lg(mu)  ||d||  lg(rg) alpha_du alpha_pr  ls
 180  2.0252861e+05 1.95e+01 5.38e+01  -6.0 9.27e+01    -  2.71e-05 7.59e-02h  1
 181  2.0324169e+05 1.83e+01 5.05e+01  -6.0 8.41e+01    -  2.33e-01 6.19e-02h  1
 182  2.0404700e+05 1.69e+01 4.68e+01  -6.0 6.48e+01    -  1.46e-02 7.29e-02h  1
 183  2.0487456e+05 1.56e+01 4.30e+01  -6.0 5.20e+01    -  9.28e-04 8.09e-02h  1
 184  2.0498777e+05 1.54e+01 4.25e+01  -6.0 5.07e+01    -  4.30e-03 1.16e-02h  1
 185  2.0570677e+05 1.42e+01 3.93e+01  -6.0 5.01e+01    -  4.51e-03 7.55e-02h  1
 186  2.0710900e+05 1.20e+01 3.30e+01  -6.0 4.80e+01    -  3.06e-02 1.60e-01h  1
 187  2.0882346e+05 9.21e+00 2.55e+01  -6.0 4.82e+01    -  1.43e-02 2.30e-01h  1
 188  2.1004891e+05 7.29e+00 2.02e+01  -6.0 2.87e+01    -  2.82e-01 2.08e-01h  1
 189  2.1162455e+05 4.89e+00 1.35e+01  -6.0 1.53e+01    -  1.46e-01 3.30e-01h  1
iter    objective    inf_pr   inf_du lg(mu)  ||d||  lg(rg) alpha_du alpha_pr  ls
 190  2.1226440e+05 3.92e+00 1.08e+01  -6.0 7.54e+00    -  2.29e-01 1.97e-01h  1
 191  2.1229918e+05 3.87e+00 1.07e+01  -6.0 6.12e+00    -  2.12e-01 1.33e-02h  1
 192  2.1265734e+05 3.34e+00 9.22e+00  -6.0 6.11e+00    -  1.97e-01 1.38e-01h  1
 193  2.1340047e+05 2.23e+00 6.16e+00  -6.0 5.33e+00    -  1.94e-06 3.31e-01h  1
 194  2.1375850e+05 1.70e+00 4.70e+00  -6.0 3.62e+00    -  3.47e-01 2.37e-01h  1
 195  2.1404908e+05 1.27e+00 3.52e+00  -6.0 2.85e+00    -  1.44e-01 2.51e-01h  1
 196  2.1410374e+05 1.19e+00 3.31e+00  -6.0 2.16e+00    -  1.74e-01 6.26e-02h  1
 197  2.1425540e+05 9.74e-01 2.69e+00  -6.0 2.04e+00    -  1.81e-01 1.85e-01h  1
 198  2.1445099e+05 6.90e-01 2.50e+00  -6.0 1.67e+00    -  5.79e-02 2.92e-01h  1
 199  2.1449092e+05 6.32e-01 1.75e+00  -6.0 1.19e+00    -  2.06e-01 8.39e-02h  1
iter    objective    inf_pr   inf_du lg(mu)  ||d||  lg(rg) alpha_du alpha_pr  ls
 200  2.1460265e+05 4.70e-01 1.81e+00  -6.0 1.09e+00    -  1.16e-01 2.56e-01h  1
 201  2.1470118e+05 3.28e-01 3.09e+00  -6.0 8.12e-01    -  3.78e-02 3.03e-01h  1
 202  2.1478520e+05 2.07e-01 4.29e+00  -6.0 5.64e-01    -  4.77e-02 3.70e-01h  1
 203  2.1482623e+05 1.47e-01 2.23e+00  -6.0 3.55e-01    -  3.99e-01 2.87e-01h  1
 204  2.1487835e+05 7.22e-02 4.23e+00  -6.0 2.52e-01    -  2.72e-01 5.10e-01h  1
 205  2.1491372e+05 2.13e-02 1.55e+01  -6.0 1.23e-01    -  1.94e-01 7.05e-01h  1
 206  2.1491607e+05 1.79e-02 1.35e+01  -6.0 3.69e-02    -  1.55e-01 1.60e-01h  1
 207  2.1491653e+05 1.72e-02 8.06e+00  -6.0 3.15e-02    -  1.85e-01 3.70e-02h  1
 208  2.1492360e+05 7.02e-03 5.13e+01  -6.0 3.12e-02    -  1.39e-01 5.92e-01h  1
 209  2.1492725e+05 1.76e-03 3.01e+01  -6.0 1.77e-02    -  6.90e-01 7.50e-01h  1
iter    objective    inf_pr   inf_du lg(mu)  ||d||  lg(rg) alpha_du alpha_pr  ls
 210  2.1492763e+05 1.21e-03 3.27e+02  -6.0 1.12e-02    -  5.91e-01 3.11e-01h  1
 211  2.1492809e+05 5.36e-04 6.96e+02  -6.0 2.23e-02    -  8.95e-01 5.57e-01h  1
 212  2.1492830e+05 2.32e-04 1.10e+03  -6.0 1.88e-01    -  1.94e-01 5.67e-01h  1
 213  2.1492830e+05 2.31e-04 4.12e+03  -6.0 2.27e-01    -  6.07e-01 6.68e-03h  7
 214  2.1492841e+05 7.80e-05 4.31e+02  -6.0 5.53e-01    -  4.54e-01 6.62e-01h  1
 215  2.1492841e+05 7.77e-05 1.89e+04  -6.0 9.38e-01    -  7.55e-01 3.82e-03h  8
 216  2.1492841e+05 7.36e-05 2.17e+04  -6.0 1.77e+01    -  1.97e-01 5.26e-02h  1
 217  2.1492841e+05 7.28e-05 2.11e+04  -6.0 3.84e+00    -  5.95e-04 1.15e-02h  7
 218  2.1492845e+05 1.93e-05 1.41e+04  -6.0 3.84e+00    -  2.25e-02 7.34e-01h  1
 219  2.1492845e+05 1.93e-05 4.01e+04  -6.0 3.47e+00    -  5.22e-01 1.64e-03f  9
Reallocating memory for MA57: lfact (140265)
iter    objective    inf_pr   inf_du lg(mu)  ||d||  lg(rg) alpha_du alpha_pr  ls
 220  2.1492846e+05 6.97e-06 2.07e+04  -6.0 6.26e+00    -  3.01e-01 6.39e-01h  1
 221  2.1492846e+05 6.92e-06 1.11e+05  -6.0 6.99e+00    -  4.62e-01 7.20e-03f  7
Reallocating memory for MA57: lfact (150986)
 222  2.1492846e+05 2.49e-06 5.89e+04  -6.0 1.18e+01    -  3.01e-01 6.40e-01h  1
 223  2.1492846e+05 2.42e-06 3.84e+05  -6.0 1.53e+01    -  5.75e-01 2.87e-02f  5
 224  2.1492846e+05 8.02e-07 2.73e+04  -6.0 2.97e+01    -  4.83e-01 6.68e-01h  1
Reallocating memory for MA57: lfact (159717)
 225  2.1492846e+05 7.52e-07 2.15e+06  -6.0 3.41e+01    -  9.28e-01 6.14e-02f  4
 226  2.1492846e+05 2.74e-07 1.76e+06  -6.0 6.71e+01    -  1.00e+00 6.35e-01h  1
 227  2.1492846e+05 2.73e-07 9.03e+06  -6.0 1.71e+01    -  1.00e+00 6.23e-03f  8
 228  2.1492846e+05 2.84e-08 1.71e+06  -6.0 1.62e+01    -  1.00e+00 8.96e-01h  1
Reallocating memory for MA57: lfact (321406)
Reallocating memory for MA57: lfact (429796)
 229  2.1492846e+05 9.17e-13 3.73e-09  -6.0 4.31e-01    -  1.00e+00 1.00e+00f  1
iter    objective    inf_pr   inf_du lg(mu)  ||d||  lg(rg) alpha_du alpha_pr  ls
 230  2.1492846e+05 2.26e-11 6.70e-01 -12.0 8.86e-04    -  7.92e-01 9.19e-01f  1
Reallocating memory for MA57: lfact (502198)
In iteration 230, 1 Slack too small, adjusting variable bound
 231  2.1492846e+05 1.68e-11 2.59e-01 -12.0 2.13e-04  -4.0 5.73e-01 3.68e-01h  1
Reallocating memory for MA57: lfact (614932)
 232  2.1492846e+05 3.79e-12 1.05e-01 -12.0 3.47e-04  -4.5 6.04e-01 8.01e-01h  1
Reallocating memory for MA57: lfact (686736)
 233  2.1492846e+05 6.65e-12 3.23e+01 -12.0 1.41e-04  -5.0 5.56e-01 4.32e-01h  1
In iteration 233, 1 Slack too small, adjusting variable bound
 234  2.1492846e+05 7.52e-12 1.57e+01 -12.0 1.07e-04  -5.4 5.10e-01 7.09e-01f  1
 235  2.1492846e+05 4.68e-12 4.63e+00 -12.0 5.77e-05  -5.9 7.07e-01 5.56e-01h  1
Reallocating memory for MA57: lfact (737746)
 236  2.1492846e+05 1.85e-12 1.64e+00 -12.0 4.61e-05  -6.4 6.42e-01 7.83e-01f  1
Reallocating memory for MA57: lfact (809106)
In iteration 236, 1 Slack too small, adjusting variable bound
 237  2.1492846e+05 3.77e-13 2.72e-01 -12.0 2.56e-05  -6.9 8.34e-01 9.08e-01f  1
Reallocating memory for MA57: lfact (932881)
 238  2.1492846e+05 3.18e-13 4.88e-02 -12.0 5.00e-05  -7.3 8.38e-01 9.88e-01h  1
 239  2.1492846e+05 3.32e-13 1.02e-02 -12.0 2.60e-05  -7.8 8.77e-01 1.00e+00f  1
iter    objective    inf_pr   inf_du lg(mu)  ||d||  lg(rg) alpha_du alpha_pr  ls
 240  2.1492846e+05 3.18e-13 3.73e-09 -12.0 2.19e-01    -  1.00e+00 1.00e+00h  1

Number of Iterations....: 240

                                   (scaled)                 (unscaled)
Objective...............:   2.1492846102765569e+05    2.1492846102765569e+05
Dual infeasibility......:   3.7252902984619141e-09    3.7252902984619141e-09
Constraint violation....:   3.1789313317020378e-13    3.1789313317020378e-13
Complementarity.........:   1.6193203620568339e-11    1.6193203620568339e-11
Overall NLP error.......:   3.1789313317020378e-13    3.7252902984619141e-09


Number of objective function evaluations             = 290
Number of objective gradient evaluations             = 233
Number of equality constraint evaluations            = 290
Number of inequality constraint evaluations          = 290
Number of equality constraint Jacobian evaluations   = 242
Number of inequality constraint Jacobian evaluations = 242
Number of Lagrangian Hessian evaluations             = 240
Total CPU secs in IPOPT (w/o function evaluations)   =      1.708
Total CPU secs in NLP function evaluations           =      0.014

EXIT: Optimal Solution Found.

