Solver command line: ['C:\\Users\\Alexander\\AppData\\Local\\idaes\\bin\\ipopt.exe', 'C:\\Users\\ALEXAN~1\\AppData\\Local\\Temp\\tmpby_3je08.pyomo.nl', '-AMPL', 'linear_solver=ma27', 'max_iter=3000', 'max_cpu_time=600.0', 'tol=1e-11', 'nlp_scaling_method=none', 'acceptable_tol=1e-10', 'bound_relax_factor=0.0', 'honor_original_bounds=yes', 'warm_start_init_point=no', 'print_level=5']

Ipopt 3.13.2: linear_solver=ma27
max_iter=3000
max_cpu_time=600.0
tol=1e-11
nlp_scaling_method=none
acceptable_tol=1e-10
bound_relax_factor=0.0
honor_original_bounds=yes
warm_start_init_point=no
print_level=5


******************************************************************************
This program contains Ipopt, a library for large-scale nonlinear optimization.
 Ipopt is released as open source code under the Eclipse Public License (EPL).
         For more information visit http://projects.coin-or.org/Ipopt

This version of Ipopt was compiled from source code available at
    https://github.com/IDAES/Ipopt as part of the Institute for the Design of
    Advanced Energy Systems Process Systems Engineering Framework (IDAES PSE
    Framework) Copyright (c) 2018-2019. See https://github.com/IDAES/idaes-pse.

This version of Ipopt was compiled using HSL, a collection of Fortran codes
    for large-scale scientific computation.  All technical papers, sales and
    publicity material resulting from use of the HSL codes within IPOPT must
    contain the following acknowledgement:
        HSL, a collection of Fortran codes for large-scale scientific
        computation. See http://www.hsl.rl.ac.uk.
******************************************************************************

This is Ipopt version 3.13.2, running with linear solver ma27.

Number of nonzeros in equality constraint Jacobian...:     4734
Number of nonzeros in inequality constraint Jacobian.:     4995
Number of nonzeros in Lagrangian Hessian.............:       72

Total number of variables............................:     2547
                     variables with only lower bounds:     2259
                variables with lower and upper bounds:        0
                     variables with only upper bounds:        0
Total number of equality constraints.................:      915
Total number of inequality constraints...............:     2691
        inequality constraints with only lower bounds:      216
   inequality constraints with lower and upper bounds:        0
        inequality constraints with only upper bounds:     2475

iter    objective    inf_pr   inf_du lg(mu)  ||d||  lg(rg) alpha_du alpha_pr  ls
   0  1.9512000e+02 5.62e+02 1.54e+01  -1.0 0.00e+00    -  0.00e+00 0.00e+00   0
   1  3.5475050e+02 5.62e+02 1.61e+01  -1.0 5.17e+02    -  2.28e-04 4.60e-04h  1
   2  1.4218276e+03 5.61e+02 1.71e+01  -1.0 5.62e+02    -  1.76e-04 2.67e-03h  1
   3  1.4447105e+03 5.60e+02 1.71e+01  -1.0 1.33e+03    -  3.40e-04 5.57e-04h  1
   4  1.4368476e+03 5.60e+02 1.71e+01  -1.0 1.22e+03    -  7.81e-04 8.66e-04f  1
   5  1.2175600e+03 5.59e+02 1.71e+01  -1.0 1.12e+03    -  8.71e-04 1.44e-03f  1
   6  8.4742828e+02 5.58e+02 1.71e+01  -1.0 9.40e+02    -  1.10e-03 1.92e-03f  1
   7  4.9282983e+02 5.57e+02 1.71e+01  -1.0 7.73e+02    -  1.73e-03 2.39e-03f  1
   8  1.6195603e+02 5.54e+02 1.70e+01  -1.0 6.26e+02    -  7.60e-03 5.24e-03f  1
   9  1.1149154e+02 5.47e+02 1.68e+01  -1.0 6.26e+02    -  2.25e-02 1.22e-02f  1
iter    objective    inf_pr   inf_du lg(mu)  ||d||  lg(rg) alpha_du alpha_pr  ls
  10  1.1142574e+02 4.98e+02 1.53e+01  -1.0 6.17e+02    -  6.96e-02 9.05e-02f  1
  11  1.1714063e+02 4.84e+02 1.49e+01  -1.0 5.80e+02    -  1.43e-02 2.75e-02h  1
  12  2.9499572e+02 4.80e+02 1.67e+01  -1.0 5.28e+02    -  1.12e-04 7.37e-03h  1
  13  7.3334513e+02 4.72e+02 1.67e+01  -1.0 5.71e+02    -  6.01e-03 1.69e-02h  1
  14  1.4241116e+03 4.63e+02 1.69e+01  -1.0 5.61e+02    -  3.24e-04 1.89e-02h  1
  15  1.4963840e+03 4.62e+02 1.72e+01  -1.0 5.52e+02    -  6.74e-04 1.75e-03h  1
  16  1.9171543e+03 4.58e+02 1.74e+01  -1.0 5.52e+02    -  5.89e-04 8.98e-03h  1
  17  2.1097156e+03 4.57e+02 1.87e+01  -1.0 5.56e+02    -  9.84e-04 3.52e-03h  1
  18  3.0145992e+03 4.49e+02 1.87e+01  -1.0 5.44e+02    -  3.29e-03 1.63e-02h  1
  19  3.1192080e+03 4.48e+02 1.87e+01  -1.0 5.95e+02    -  6.77e-04 1.60e-03h  1
iter    objective    inf_pr   inf_du lg(mu)  ||d||  lg(rg) alpha_du alpha_pr  ls
  20  3.6357191e+03 4.45e+02 1.88e+01  -1.0 5.35e+02    -  3.78e-04 6.80e-03h  1
  21  4.2234333e+03 4.42e+02 1.92e+01  -1.0 5.33e+02    -  1.86e-03 7.00e-03h  1
  22  5.0274614e+03 4.38e+02 1.94e+01  -1.0 5.29e+02    -  1.35e-03 8.90e-03h  1
  23  5.5777019e+03 4.36e+02 1.94e+01  -1.0 5.23e+02    -  3.62e-03 6.08e-03h  1
  24  6.5375056e+03 4.32e+02 1.94e+01  -1.0 5.20e+02    -  2.50e-04 9.51e-03h  1
  25  7.1210380e+03 4.29e+02 1.94e+01  -1.0 5.16e+02    -  1.45e-03 5.49e-03h  1
  26  8.2986174e+03 4.24e+02 1.93e+01  -1.0 5.12e+02    -  5.69e-03 1.11e-02h  1
  27  9.0907267e+03 4.21e+02 1.94e+01  -1.0 5.06e+02    -  6.49e-04 6.93e-03h  1
  28  1.0503398e+04 4.16e+02 1.94e+01  -1.0 5.03e+02    -  2.04e-03 1.19e-02h  1
  29  1.0865269e+04 4.15e+02 1.94e+01  -1.0 4.97e+02    -  9.70e-04 2.95e-03h  1
iter    objective    inf_pr   inf_du lg(mu)  ||d||  lg(rg) alpha_du alpha_pr  ls
  30  1.8296368e+04 3.90e+02 1.97e+01  -1.0 4.95e+02    -  2.45e-03 6.03e-02h  1
  31  1.8711082e+04 3.89e+02 1.96e+01  -1.0 5.42e+02    -  2.69e-03 3.58e-03h  1
  32  1.9874946e+04 3.85e+02 1.97e+01  -1.0 4.63e+02    -  1.56e-03 9.89e-03h  1
  33  2.0566788e+04 3.83e+02 1.97e+01  -1.0 4.91e+02    -  1.78e-03 5.85e-03h  1
  34  2.6219879e+04 3.64e+02 2.07e+01  -1.0 4.49e+02    -  5.29e-03 4.80e-02h  1
  35  2.6467399e+04 3.64e+02 2.07e+01  -1.0 4.48e+02    -  1.50e-03 2.18e-03h  1
  36  2.9133512e+04 3.55e+02 2.13e+01  -1.0 4.29e+02    -  1.66e-03 2.34e-02h  1
  37  3.0162702e+04 3.52e+02 2.13e+01  -1.0 4.88e+02    -  4.50e-03 9.18e-03h  1
  38  3.1857938e+04 3.46e+02 2.14e+01  -1.0 4.07e+02    -  5.90e-03 1.50e-02h  1
  39  3.3438061e+04 3.42e+02 2.15e+01  -1.0 4.07e+02    -  5.74e-03 1.40e-02h  1
iter    objective    inf_pr   inf_du lg(mu)  ||d||  lg(rg) alpha_du alpha_pr  ls
  40  3.3572936e+04 3.41e+02 2.15e+01  -1.0 4.04e+02    -  6.45e-04 1.17e-03h  1
  41  3.6564199e+04 3.33e+02 2.23e+01  -1.0 4.02e+02    -  1.70e-04 2.48e-02h  1
  42  3.8222811e+04 3.28e+02 2.24e+01  -1.0 3.87e+02    -  7.02e-03 1.39e-02h  1
  43  3.8939982e+04 3.26e+02 2.20e+01  -1.0 3.67e+02    -  9.53e-03 6.06e-03h  1
  44  4.1032121e+04 3.21e+02 2.26e+01  -1.0 3.64e+02    -  8.91e-05 1.68e-02h  1
  45  4.5271617e+04 3.10e+02 2.31e+01  -1.0 3.62e+02    -  1.13e-02 3.39e-02h  1
  46  4.8974162e+04 3.00e+02 2.35e+01  -1.0 3.50e+02    -  8.30e-03 3.01e-02h  1
  47  5.4961063e+04 2.85e+02 2.45e+01  -1.0 3.39e+02    -  1.07e-02 5.00e-02h  1
  48  5.6486957e+04 2.82e+02 2.46e+01  -1.0 3.23e+02    -  4.27e-03 1.33e-02h  1
  49  5.9085271e+04 2.75e+02 2.48e+01  -1.0 3.20e+02    -  9.69e-03 2.29e-02h  1
iter    objective    inf_pr   inf_du lg(mu)  ||d||  lg(rg) alpha_du alpha_pr  ls
  50  6.2408654e+04 2.67e+02 2.53e+01  -1.0 3.10e+02    -  5.82e-03 2.97e-02h  1
  51  6.5006465e+04 2.61e+02 2.55e+01  -1.0 3.19e+02    -  9.13e-03 2.38e-02h  1
  52  6.9652211e+04 2.49e+02 2.60e+01  -1.0 3.71e+02    -  1.10e-02 4.33e-02h  1
  53  7.1935421e+04 2.44e+02 2.63e+01  -1.0 4.45e+02    -  4.84e-03 2.19e-02h  1
  54  7.5448226e+04 2.36e+02 2.68e+01  -1.0 4.65e+02    -  8.00e-03 3.42e-02h  1
  55  7.9474245e+04 2.26e+02 2.65e+01  -1.0 4.74e+02    -  2.46e-02 4.05e-02h  1
  56  8.3497062e+04 2.16e+02 2.73e+01  -1.0 4.28e+02    -  3.07e-03 4.21e-02h  1
  57  8.3710866e+04 2.16e+02 2.71e+01  -1.0 4.09e+02    -  4.61e-03 2.33e-03h  1
  58  8.4884446e+04 2.13e+02 2.74e+01  -1.0 4.16e+02    -  8.12e-05 1.22e-02h  1
  59  8.9403181e+04 2.03e+02 2.76e+01  -1.0 4.29e+02    -  1.71e-02 4.76e-02h  1
iter    objective    inf_pr   inf_du lg(mu)  ||d||  lg(rg) alpha_du alpha_pr  ls
  60  9.2599819e+04 1.96e+02 2.78e+01  -1.0 4.66e+02    -  9.86e-03 3.51e-02h  1
  61  9.6257274e+04 1.88e+02 2.77e+01  -1.0 4.51e+02    -  1.96e-02 4.14e-02h  1
  62  9.9397141e+04 1.81e+02 2.78e+01  -1.0 4.06e+02    -  1.24e-02 3.70e-02h  1
  63  9.9986922e+04 1.80e+02 2.62e+01  -1.0 3.53e+02    -  3.77e-02 7.23e-03h  1
  64  1.0035919e+05 1.79e+02 2.62e+01  -1.0 3.77e+02    -  2.92e-03 4.60e-03h  1
  65  1.0423478e+05 1.71e+02 2.70e+01  -1.0 3.72e+02    -  1.93e-04 4.61e-02h  1
  66  1.0657544e+05 1.66e+02 2.69e+01  -1.0 3.64e+02    -  1.29e-02 2.89e-02h  1
  67  1.0863625e+05 1.61e+02 2.71e+01  -1.0 3.52e+02    -  3.51e-03 2.57e-02h  1
  68  1.0954152e+05 1.60e+02 2.72e+01  -1.0 3.36e+02    -  3.96e-03 1.13e-02h  1
  69  1.1263447e+05 1.53e+02 2.75e+01  -1.0 3.28e+02    -  6.32e-03 3.88e-02h  1
iter    objective    inf_pr   inf_du lg(mu)  ||d||  lg(rg) alpha_du alpha_pr  ls
  70  1.1557282e+05 1.48e+02 2.74e+01  -1.0 3.05e+02    -  1.50e-02 3.80e-02h  1
  71  1.1995570e+05 1.39e+02 2.79e+01  -1.0 2.82e+02    -  9.57e-03 5.84e-02h  1
  72  1.2078639e+05 1.37e+02 2.78e+01  -1.0 2.79e+02    -  5.98e-03 1.17e-02h  1
  73  1.2430996e+05 1.30e+02 3.02e+01  -1.0 2.78e+02    -  8.67e-03 4.99e-02h  1
  74  1.3067277e+05 1.18e+02 3.26e+01  -1.0 2.60e+02    -  1.92e-02 9.27e-02h  1
  75  1.3329046e+05 1.14e+02 3.19e+01  -1.0 3.46e+02    -  3.12e-02 3.93e-02h  1
  76  1.3401534e+05 1.12e+02 3.21e+01  -1.0 2.61e+02    -  2.00e-03 1.09e-02h  1
  77  1.3677508e+05 1.08e+02 3.25e+01  -1.0 2.40e+02    -  1.41e-02 4.17e-02h  1
  78  1.3985713e+05 1.03e+02 3.26e+01  -1.0 1.94e+02    -  2.35e-02 4.79e-02h  1
  79  1.4026007e+05 1.02e+02 3.25e+01  -1.0 2.61e+02    -  4.41e-03 6.51e-03h  1
iter    objective    inf_pr   inf_du lg(mu)  ||d||  lg(rg) alpha_du alpha_pr  ls
  80  1.4690281e+05 9.10e+01 3.60e+01  -1.0 2.51e+02    -  2.73e-03 1.08e-01h  1
  81  1.4708550e+05 9.07e+01 3.57e+01  -1.0 2.04e+02    -  5.88e-03 3.25e-03h  1
  82  1.4947758e+05 8.68e+01 3.72e+01  -1.0 2.03e+02    -  1.20e-03 4.24e-02h  1
  83  1.5065029e+05 8.50e+01 3.29e+01  -1.0 2.02e+02    -  6.82e-02 2.14e-02h  1
  84  1.5082226e+05 8.47e+01 3.28e+01  -1.0 1.84e+02    -  2.88e-03 3.15e-03h  1
  85  1.5323359e+05 8.10e+01 3.47e+01  -1.0 1.61e+02    -  2.85e-04 4.39e-02h  1
  86  1.5352819e+05 8.06e+01 3.46e+01  -1.0 1.49e+02    -  4.85e-03 5.55e-03h  1
  87  1.5626618e+05 7.64e+01 3.67e+01  -1.0 1.46e+02    -  2.79e-03 5.17e-02h  1
  88  1.5654074e+05 7.60e+01 3.64e+01  -1.0 1.34e+02    -  6.39e-03 5.42e-03h  1
  89  1.5754853e+05 7.45e+01 3.72e+01  -1.0 1.31e+02    -  2.46e-03 1.99e-02h  1
iter    objective    inf_pr   inf_du lg(mu)  ||d||  lg(rg) alpha_du alpha_pr  ls
  90  1.5846824e+05 7.31e+01 3.74e+01  -1.0 1.29e+02    -  7.08e-03 1.84e-02h  1
  91  1.6086983e+05 6.95e+01 3.81e+01  -1.0 1.17e+02    -  2.04e-02 4.89e-02h  1
  92  1.6254579e+05 6.70e+01 3.67e+01  -1.0 1.10e+02    -  3.65e-02 3.57e-02h  1
  93  1.6322161e+05 6.61e+01 3.69e+01  -1.0 9.81e+01    -  6.44e-03 1.47e-02h  1
  94  1.6332870e+05 6.59e+01 3.69e+01  -1.0 9.31e+01    -  1.07e-03 2.32e-03h  1
  95  1.6684702e+05 6.09e+01 4.12e+01  -1.0 9.25e+01    -  1.76e-03 7.63e-02h  1
  96  1.6790174e+05 5.94e+01 3.27e+01  -1.0 8.94e+01    -  9.73e-02 2.46e-02h  1
  97  1.6981935e+05 5.67e+01 3.58e+01  -1.0 1.15e+02    -  6.95e-04 4.48e-02h  1
  98  1.7064154e+05 5.56e+01 3.51e+01  -1.0 1.07e+02    -  1.98e-02 1.96e-02h  1
  99  1.7251774e+05 5.31e+01 3.80e+01  -1.0 1.11e+02    -  4.88e-03 4.54e-02h  1
iter    objective    inf_pr   inf_du lg(mu)  ||d||  lg(rg) alpha_du alpha_pr  ls
 100  1.7336957e+05 5.19e+01 3.45e+01  -1.0 1.40e+02    -  4.48e-02 2.15e-02h  1
 101  1.7497955e+05 4.98e+01 3.77e+01  -1.0 1.16e+02    -  1.14e-03 4.13e-02h  1
 102  1.7558676e+05 4.90e+01 3.66e+01  -1.0 1.19e+02    -  2.07e-02 1.61e-02h  1
 103  1.7680795e+05 4.74e+01 3.96e+01  -1.0 1.22e+02    -  1.10e-03 3.25e-02h  1
 104  1.7849794e+05 4.52e+01 4.42e+01  -1.0 1.24e+02    -  1.16e-02 4.63e-02h  1
 105  1.8641456e+05 3.49e+01 5.74e+01  -1.0 1.27e+02    -  4.84e-02 2.27e-01h  1
 106  1.8653708e+05 3.48e+01 5.49e+01  -1.0 1.53e+02    -  1.80e-02 4.52e-03h  1
 107  1.8886392e+05 3.18e+01 6.42e+01  -1.0 1.55e+02    -  1.59e-03 8.55e-02h  1
 108  1.8938765e+05 3.11e+01 5.29e+01  -1.0 1.28e+02    -  7.54e-02 2.09e-02h  1
 109  1.9001458e+05 3.03e+01 5.51e+01  -1.0 1.44e+02    -  6.77e-03 2.57e-02h  1
iter    objective    inf_pr   inf_du lg(mu)  ||d||  lg(rg) alpha_du alpha_pr  ls
 110  1.9070938e+05 2.94e+01 5.81e+01  -1.0 1.58e+02    -  4.84e-03 2.91e-02h  1
 111  1.9336028e+05 2.61e+01 6.53e+01  -1.0 1.55e+02    -  4.42e-02 1.14e-01h  1
 112  1.9353979e+05 2.59e+01 6.34e+01  -1.0 1.34e+02    -  1.47e-02 8.65e-03h  1
 113  1.9710383e+05 2.14e+01 9.01e+01  -1.0 1.29e+02    -  3.38e-03 1.72e-01h  1
 114  1.9845412e+05 1.98e+01 6.46e+01  -1.0 8.47e+01    -  1.46e-01 7.68e-02h  1
 115  2.0038635e+05 1.74e+01 7.10e+01  -1.0 9.36e+01    -  6.95e-02 1.18e-01h  1
 116  2.0115943e+05 1.65e+01 7.30e+01  -1.0 6.16e+01    -  3.60e-02 5.33e-02h  1
 117  2.0357550e+05 1.36e+01 1.19e+02  -1.0 7.46e+01    -  6.48e-03 1.76e-01h  1
 118  2.0371139e+05 1.34e+01 1.08e+02  -1.0 5.10e+01    -  3.48e-02 1.20e-02h  1
 119  2.0613840e+05 1.05e+01 1.74e+02  -1.0 4.35e+01    -  5.10e-03 2.15e-01h  1
iter    objective    inf_pr   inf_du lg(mu)  ||d||  lg(rg) alpha_du alpha_pr  ls
 120  2.0962891e+05 6.38e+00 2.07e+02  -1.0 2.49e+01    -  2.06e-01 3.95e-01h  1
 121  2.1182223e+05 3.76e+00 6.47e+01  -1.0 1.60e+01    -  4.75e-01 4.10e-01h  1
 122  2.1338121e+05 1.91e+00 1.73e+02  -1.0 1.06e+01    -  3.99e-01 4.93e-01h  1
 123  2.1422298e+05 9.08e-01 7.23e+02  -1.0 1.07e+01    -  3.07e-01 5.24e-01h  1
 124  2.1452031e+05 5.57e-01 1.35e+03  -1.0 1.07e+01    -  6.77e-01 3.87e-01h  1
 125  2.1479038e+05 2.42e-01 7.73e+02  -1.0 2.40e+01    -  5.84e-01 5.66e-01h  1
 126  2.1498687e+05 1.53e-02 7.92e+02  -1.0 3.64e+01    -  9.01e-01 9.37e-01h  1
 127  2.1498987e+05 1.19e-02 2.86e+05  -1.0 3.79e+01    -  1.00e+00 2.19e-01h  1
 128  2.1499658e+05 4.47e-03 2.83e+05  -1.0 1.27e+01    -  1.00e+00 6.26e-01h  1
 129  2.1499891e+05 1.87e-03 6.45e+05  -1.0 6.93e+00    -  1.00e+00 5.82e-01h  1
iter    objective    inf_pr   inf_du lg(mu)  ||d||  lg(rg) alpha_du alpha_pr  ls
 130  2.1499989e+05 7.74e-04 1.51e+06  -1.0 2.77e+00    -  1.00e+00 5.86e-01h  1
 131  2.1500030e+05 3.20e-04 3.64e+06  -1.0 1.14e+00    -  1.00e+00 5.86e-01h  1
 132  2.1500047e+05 1.33e-04 8.78e+06  -1.0 4.72e-01    -  1.00e+00 5.86e-01h  1
 133  2.1500054e+05 5.50e-05 2.12e+07  -1.0 1.95e-01    -  1.00e+00 5.86e-01h  1
 134  2.1500057e+05 2.28e-05 5.11e+07  -1.0 8.09e-02    -  1.00e+00 5.86e-01h  1
 135  2.1500058e+05 9.43e-06 1.23e+08  -1.0 3.35e-02    -  1.00e+00 5.86e-01h  1
 136  2.1500059e+05 3.91e-06 2.98e+08  -1.0 1.39e-02    -  1.00e+00 5.86e-01h  1
 137  2.1500059e+05 1.62e-06 7.20e+08  -1.0 5.75e-03    -  1.00e+00 5.86e-01h  1
 138  2.1500059e+05 6.70e-07 1.74e+09  -1.0 2.38e-03    -  1.00e+00 5.86e-01h  1
 139  2.1500059e+05 2.78e-07 4.19e+09  -1.0 9.86e-04    -  1.00e+00 5.86e-01h  1
iter    objective    inf_pr   inf_du lg(mu)  ||d||  lg(rg) alpha_du alpha_pr  ls
 140  2.1500059e+05 1.15e-07 1.01e+10  -1.0 4.09e-04    -  1.00e+00 5.86e-01h  1
 141  2.1500059e+05 4.76e-08 2.44e+10  -1.0 1.69e-04    -  1.00e+00 5.86e-01h  1
 142  2.1500059e+05 1.97e-08 5.90e+10  -1.0 7.01e-05    -  1.00e+00 5.86e-01h  1
 143  2.1500059e+05 8.18e-09 1.43e+11  -1.0 2.90e-05    -  1.00e+00 5.86e-01h  1
 144  2.1500059e+05 3.39e-09 3.44e+11  -1.0 1.20e-05    -  1.00e+00 5.86e-01h  1
 145  2.1500059e+05 1.40e-09 8.31e+11  -1.0 4.98e-06    -  1.00e+00 5.86e-01h  1
 146  2.1500059e+05 5.81e-10 2.01e+12  -1.0 2.06e-06    -  1.00e+00 5.86e-01h  1
 147  2.1500059e+05 2.41e-10 4.84e+12  -1.0 8.55e-07    -  1.00e+00 5.86e-01h  1
 148  2.1500059e+05 9.97e-11 1.17e+13  -1.0 3.54e-07    -  1.00e+00 5.86e-01h  1
 149  2.1500059e+05 4.13e-11 2.82e+13  -1.0 1.47e-07    -  1.00e+00 5.86e-01h  1
In iteration 149, 2 Slacks too small, adjusting variable bounds
iter    objective    inf_pr   inf_du lg(mu)  ||d||  lg(rg) alpha_du alpha_pr  ls
 150  2.1500059e+05 1.71e-11 6.81e+13  -1.0 6.08e-08    -  1.00e+00 5.86e-01h  1
In iteration 150, 6 Slacks too small, adjusting variable bounds
 151  2.1500059e+05 5.80e-12 1.32e+14  -1.0 2.52e-08    -  1.00e+00 6.66e-01h  1
In iteration 151, 24 Slacks too small, adjusting variable bounds
 152  2.1500059e+05 2.50e-12 4.83e+14  -1.0 8.40e-09    -  1.00e+00 5.68e-01h  1
In iteration 152, 518 Slacks too small, adjusting variable bounds
 153  2.1500059e+05 9.09e-13 1.51e+15  -1.0 3.62e-09    -  1.00e+00 6.37e-01h  1
 154  2.1500059e+05 7.89e-14 1.00e+00  -1.0 1.32e-09    -  1.00e+00 1.00e+00h  1
In iteration 154, 1 Slack too small, adjusting variable bound
 155  2.1496452e+05 2.17e-13 1.72e+15 -12.0 5.79e-01    -  8.62e-01 5.04e-01f  1
 156  2.1493880e+05 1.46e-13 1.65e+15 -12.0 1.52e+00    -  5.80e-01 1.42e-01f  1
 157  2.1493046e+05 1.14e-13 7.54e+14 -12.0 1.76e-01    -  5.38e-01 5.41e-01f  1
In iteration 157, 1 Slack too small, adjusting variable bound
 158  2.1493021e+05 1.74e-13 7.22e+14 -12.0 1.71e-01    -  6.30e-01 9.53e-02f  1
In iteration 158, 1 Slack too small, adjusting variable bound
 159  2.1493021e+05 1.56e-13 7.39e+14 -12.0 1.55e-01    -  6.08e-01 6.88e-08f  1
In iteration 159, 1 Slack too small, adjusting variable bound
iter    objective    inf_pr   inf_du lg(mu)  ||d||  lg(rg) alpha_du alpha_pr  ls
 160  2.1492975e+05 1.46e-13 5.75e+14 -12.0 1.67e-01    -  6.09e-01 2.27e-01f  1
In iteration 160, 1 Slack too small, adjusting variable bound
 161  2.1492971e+05 1.55e-13 5.62e+14 -12.0 8.03e-02    -  5.66e-01 2.68e-02f  1
 162  2.1492861e+05 1.39e-13 7.65e+13 -12.0 1.38e-01    -  3.48e-01 8.62e-01f  1
 163  2.1492850e+05 1.14e-13 1.82e+13 -12.0 2.68e-02    -  6.74e-01 7.61e-01f  1
 164  2.1492848e+05 1.63e-13 6.33e+12 -12.0 1.17e-02    -  5.45e-01 6.50e-01f  1
 165  2.1492847e+05 9.95e-14 3.78e+12 -12.0 6.64e-03    -  5.15e-01 4.06e-01f  1
 166  2.1492847e+05 1.61e-13 3.35e+12 -12.0 5.63e-03    -  5.98e-01 1.23e-01f  1
 167  2.1492846e+05 2.57e-11 6.12e+11 -12.0 5.79e-03    -  5.11e-01 8.14e-01f  1
 168  2.1492846e+05 1.77e-11 1.92e+11 -12.0 2.38e-03    -  6.35e-01 6.85e-01f  1
 169  2.1492846e+05 8.34e-11 1.09e+11 -12.0 1.64e-03    -  5.59e-01 4.34e-01f  1
In iteration 169, 1 Slack too small, adjusting variable bound
iter    objective    inf_pr   inf_du lg(mu)  ||d||  lg(rg) alpha_du alpha_pr  ls
 170  2.1492846e+05 4.11e-10 2.71e+10 -12.0 1.45e-03    -  6.12e-01 7.49e-01f  1
In iteration 170, 1 Slack too small, adjusting variable bound
 171  2.1492846e+05 2.86e-10 1.07e+10 -12.0 8.21e-04    -  6.45e-01 6.09e-01f  1
In iteration 171, 1 Slack too small, adjusting variable bound
 172  2.1492846e+05 5.38e-09 1.03e+10 -12.0 2.64e-04    -  5.85e-01 5.24e-02h  1
 173  2.1492846e+05 5.80e-07 1.18e+09 -12.0 5.25e-04    -  6.64e-01 8.82e-01h  1
 174  2.1492846e+05 2.02e-07 3.50e+08 -12.0 2.96e-04    -  7.05e-01 7.03e-01h  1
 175  2.1492846e+05 3.41e-06 2.20e+08 -12.0 1.60e-03    -  8.24e-01 3.89e-01f  1
In iteration 175, 2 Slacks too small, adjusting variable bounds
 176  2.1492846e+05 3.38e-06 8.30e+07 -12.0 2.78e-03    -  6.24e-01 8.88e-03h  1
In iteration 176, 2 Slacks too small, adjusting variable bounds
 177  2.1492846e+05 5.41e-05 3.16e+08 -12.0 8.74e-03    -  5.75e-02 2.67e-01h  1
In iteration 177, 1 Slack too small, adjusting variable bound
 178  2.1492846e+05 7.08e-06 1.88e+08 -12.0 7.12e-03    -  1.15e-01 8.69e-01h  1
In iteration 178, 1 Slack too small, adjusting variable bound
 179  2.1492846e+05 9.07e-07 2.37e+07 -12.0 3.17e-02    -  8.77e-01 8.72e-01h  1
iter    objective    inf_pr   inf_du lg(mu)  ||d||  lg(rg) alpha_du alpha_pr  ls
 180  2.1492846e+05 9.07e-07 1.97e+07 -12.0 9.80e-02    -  9.94e-01 7.54e-06h 18
In iteration 180, 2 Slacks too small, adjusting variable bounds
 181  2.1492846e+05 8.56e-07 1.86e+07 -12.0 3.66e-01    -  9.74e-02 5.61e-02h  1
 182  2.1492846e+05 3.06e-10 3.86e-09 -12.0 1.75e-01    -  1.00e+00 1.00e+00h  1
 183  2.1492846e+05 9.06e-14 7.28e-12 -12.0 2.62e-01    -  1.00e+00 1.00e+00h  1

Number of Iterations....: 183

                                   (scaled)                 (unscaled)
Objective...............:   2.1492846102765555e+05    2.1492846102765555e+05
Dual infeasibility......:   7.2759576141834259e-12    7.2759576141834259e-12
Constraint violation....:   9.0594198809412774e-14    9.0594198809412774e-14
Complementarity.........:   2.7001319142324208e-11    2.7001319142324208e-11
Overall NLP error.......:   1.1014608550042762e-12    2.7001319142324208e-11


Number of objective function evaluations             = 204
Number of objective gradient evaluations             = 184
Number of equality constraint evaluations            = 204
Number of inequality constraint evaluations          = 204
Number of equality constraint Jacobian evaluations   = 184
Number of inequality constraint Jacobian evaluations = 184
Number of Lagrangian Hessian evaluations             = 183
Total CPU secs in IPOPT (w/o function evaluations)   =      1.042
Total CPU secs in NLP function evaluations           =      0.014

EXIT: Optimal Solution Found.

