Solver command line: ['C:\\Users\\Alexander\\AppData\\Local\\idaes\\bin\\ipopt.exe', 'C:\\Users\\ALEXAN~1\\AppData\\Local\\Temp\\tmpyg89iw6q.pyomo.nl', '-AMPL', 'linear_solver=ma57', 'max_iter=3000', 'max_cpu_time=600.0', 'tol=1e-11', 'nlp_scaling_method=none', 'acceptable_tol=1e-10', 'bound_relax_factor=0.0', 'honor_original_bounds=yes', 'warm_start_init_point=no', 'print_level=5', 'bound_push=1e-10', 'bound_frac=1e-10', 'mu_init=1e-06']

Ipopt 3.13.2: linear_solver=ma57
max_iter=3000
max_cpu_time=600.0
tol=1e-11
nlp_scaling_method=none
acceptable_tol=1e-10
bound_relax_factor=0.0
honor_original_bounds=yes
warm_start_init_point=no
print_level=5
bound_push=1e-10
bound_frac=1e-10
mu_init=1e-06


******************************************************************************
This program contains Ipopt, a library for large-scale nonlinear optimization.
 Ipopt is released as open source code under the Eclipse Public License (EPL).
         For more information visit http://projects.coin-or.org/Ipopt

This version of Ipopt was compiled from source code available at
    https://github.com/IDAES/Ipopt as part of the Institute for the Design of
    Advanced Energy Systems Process Systems Engineering Framework (IDAES PSE
    Framework) Copyright (c) 2018-2019. See https://github.com/IDAES/idaes-pse.

This version of Ipopt was compiled using HSL, a collection of Fortran codes
    for large-scale scientific computation.  All technical papers, sales and
    publicity material resulting from use of the HSL codes within IPOPT must
    contain the following acknowledgement:
        HSL, a collection of Fortran codes for large-scale scientific
        computation. See http://www.hsl.rl.ac.uk.
******************************************************************************

This is Ipopt version 3.13.2, running with linear solver ma57.

Number of nonzeros in equality constraint Jacobian...:     4734
Number of nonzeros in inequality constraint Jacobian.:     4995
Number of nonzeros in Lagrangian Hessian.............:       72

Total number of variables............................:     2547
                     variables with only lower bounds:     2259
                variables with lower and upper bounds:        0
                     variables with only upper bounds:        0
Total number of equality constraints.................:      915
Total number of inequality constraints...............:     2691
        inequality constraints with only lower bounds:      216
   inequality constraints with lower and upper bounds:        0
        inequality constraints with only upper bounds:     2475

iter    objective    inf_pr   inf_du lg(mu)  ||d||  lg(rg) alpha_du alpha_pr  ls
   0  1.9512000e-06 5.62e+02 1.54e+01  -6.0 0.00e+00    -  0.00e+00 0.00e+00   0
   1  1.0989486e+00 5.62e+02 1.62e+01  -6.0 3.37e+02    -  4.43e-05 9.43e-05h  1
   2  2.8025470e+01 5.62e+02 2.47e+01  -6.0 3.40e+02    -  4.50e-11 3.82e-04h  1
   3  3.4068932e+01 5.62e+02 2.59e+01  -6.0 6.61e+02    -  4.53e-07 5.18e-05h  1
   4  4.0246670e+01 5.62e+02 2.64e+01  -6.0 6.62e+02    -  7.90e-08 5.14e-05h  1
   5  4.7680655e+01 5.62e+02 2.73e+01  -6.0 6.23e+02    -  2.66e-06 5.40e-05h  1
   6  5.6438687e+01 5.62e+02 2.76e+01  -6.0 6.98e+02    -  8.21e-07 5.47e-05h  1
   7  6.7813346e+01 5.62e+02 2.79e+01  -6.0 6.47e+02    -  5.95e-06 5.71e-05h  1
   8  8.0244159e+01 5.62e+02 2.79e+01  -6.0 7.18e+02    -  2.02e-06 6.26e-05h  1
   9  9.1955417e+01 5.62e+02 2.79e+01  -6.0 6.36e+02    -  8.61e-06 6.51e-05h  1
iter    objective    inf_pr   inf_du lg(mu)  ||d||  lg(rg) alpha_du alpha_pr  ls
  10  1.0221973e+02 5.62e+02 2.79e+01  -6.0 6.36e+02    -  1.27e-06 7.18e-05h  1
  11  1.1221791e+02 5.62e+02 2.79e+01  -6.0 6.35e+02    -  1.23e-05 7.41e-05h  1
  12  1.2052159e+02 5.62e+02 2.79e+01  -6.0 6.35e+02    -  2.75e-06 8.57e-05h  1
  13  1.2710111e+02 5.62e+02 2.79e+01  -6.0 6.35e+02    -  5.69e-05 8.85e-05h  1
  14  1.2829091e+02 5.62e+02 2.79e+01  -6.0 7.35e+02    -  4.21e-05 1.49e-04h  1
  15  1.2190701e+02 5.62e+02 2.79e+01  -6.0 6.35e+02    -  9.47e-05 1.89e-04f  1
  16  1.0103751e+02 5.61e+02 2.79e+01  -6.0 6.66e+02    -  1.47e-04 2.82e-04f  1
  17  7.8938045e+01 5.61e+02 2.79e+01  -6.0 7.11e+02    -  3.82e-04 4.28e-04f  1
  18  6.7065347e+01 5.61e+02 2.79e+01  -6.0 6.35e+02    -  1.05e-03 7.98e-04f  1
  19  6.4999604e+01 5.60e+02 2.79e+01  -6.0 6.34e+02    -  1.90e-03 1.68e-03h  1
iter    objective    inf_pr   inf_du lg(mu)  ||d||  lg(rg) alpha_du alpha_pr  ls
  20  6.4578886e+01 5.58e+02 2.78e+01  -6.0 6.33e+02    -  3.78e-03 3.61e-03h  1
  21  6.4057311e+01 5.54e+02 2.76e+01  -6.0 6.31e+02    -  7.53e-03 7.47e-03h  1
  22  6.2297823e+01 5.39e+02 1.34e+02  -6.0 6.26e+02    -  1.53e-02 2.67e-02h  1
  23  5.8581869e+01 5.02e+02 3.59e+02  -6.0 6.09e+02    -  4.52e-02 6.76e-02h  1
  24  5.8815002e+01 4.84e+02 5.47e+02  -6.0 5.79e+02    -  1.94e-02 3.73e-02h  1
  25  6.2235830e+01 4.84e+02 5.49e+02  -6.0 4.92e+02    -  1.47e-09 2.22e-04h  1
  26  6.6593578e+01 4.83e+02 5.52e+02  -6.0 5.39e+02    -  1.05e-06 1.96e-04h  1
  27  6.6928976e+02 4.72e+02 8.12e+02  -6.0 5.75e+02    -  3.57e-05 2.35e-02h  1
  28  6.7350989e+02 4.72e+02 8.14e+02  -6.0 5.62e+02    -  3.28e-05 1.26e-04h  1
  29  1.3494745e+03 4.63e+02 1.02e+03  -6.0 5.62e+02    -  1.08e-08 1.87e-02h  1
iter    objective    inf_pr   inf_du lg(mu)  ||d||  lg(rg) alpha_du alpha_pr  ls
  30  1.3615980e+03 4.63e+02 1.02e+03  -6.0 5.51e+02    -  1.55e-04 3.15e-04h  1
  31  1.8156790e+03 4.59e+02 1.13e+03  -6.0 5.51e+02    -  6.59e-09 9.90e-03h  1
  32  1.8223794e+03 4.58e+02 1.13e+03  -6.0 5.46e+02    -  6.00e-05 1.27e-04h  1
  33  2.9429374e+03 4.49e+02 1.36e+03  -6.0 5.45e+02    -  1.02e-08 2.04e-02h  1
  34  2.9720379e+03 4.49e+02 1.36e+03  -6.0 5.34e+02    -  3.99e-04 5.24e-04h  1
  35  3.1005285e+03 4.48e+02 1.38e+03  -6.0 5.34e+02    -  1.93e-09 1.93e-03h  1
  36  3.1115368e+03 4.48e+02 1.39e+03  -6.0 5.38e+02    -  6.09e-05 1.50e-04h  1
  37  3.3938591e+03 4.46e+02 1.43e+03  -6.0 5.38e+02    -  2.22e-08 3.76e-03h  1
  38  3.4053881e+03 4.46e+02 1.43e+03  -6.0 5.36e+02    -  7.70e-05 1.42e-04h  1
  39  4.0440378e+03 4.43e+02 1.51e+03  -6.0 5.36e+02    -  1.65e-08 7.70e-03h  1
iter    objective    inf_pr   inf_du lg(mu)  ||d||  lg(rg) alpha_du alpha_pr  ls
  40  4.0563528e+03 4.43e+02 1.51e+03  -6.0 5.32e+02    -  8.91e-05 1.39e-04h  1
  41  5.4642820e+03 4.36e+02 1.69e+03  -6.0 5.32e+02    -  9.25e-09 1.56e-02h  1
  42  5.4982603e+03 4.36e+02 1.69e+03  -6.0 5.24e+02    -  3.33e-04 3.74e-04h  1
  43  5.9048810e+03 4.34e+02 1.73e+03  -6.0 5.23e+02    -  1.95e-09 4.08e-03h  1
  44  6.3645375e+03 4.32e+02 1.74e+03  -6.0 5.21e+02    -  3.60e-03 4.62e-03h  1
  45  7.2801698e+03 4.28e+02 1.84e+03  -6.0 5.19e+02    -  3.90e-09 8.61e-03h  1
  46  8.1812056e+03 4.25e+02 1.86e+03  -6.0 5.14e+02    -  5.92e-03 8.53e-03h  1
  47  8.7887703e+03 4.22e+02 1.92e+03  -6.0 5.10e+02    -  3.29e-09 5.42e-03h  1
  48  8.8151188e+03 4.22e+02 1.92e+03  -6.0 5.07e+02    -  5.34e-05 2.25e-04h  1
  49  1.0446839e+04 4.16e+02 2.08e+03  -6.0 5.07e+02    -  4.34e-08 1.38e-02h  1
iter    objective    inf_pr   inf_du lg(mu)  ||d||  lg(rg) alpha_du alpha_pr  ls
  50  1.0469304e+04 4.16e+02 2.08e+03  -6.0 5.00e+02    -  1.03e-04 1.84e-04h  1
  51  1.2754538e+04 4.09e+02 2.29e+03  -6.0 5.00e+02    -  7.64e-09 1.85e-02h  1
  52  1.7955111e+04 3.91e+02 2.30e+03  -6.0 4.91e+02    -  3.49e-02 4.29e-02h  1
  53  1.9566984e+04 3.86e+02 2.47e+03  -6.0 4.70e+02    -  4.08e-08 1.36e-02h  1
  54  1.9580430e+04 3.86e+02 2.47e+03  -6.0 4.63e+02    -  1.78e-05 1.16e-04h  1
  55  2.6161245e+04 3.64e+02 3.14e+03  -6.0 4.63e+02    -  2.14e-07 5.53e-02h  1
  56  2.6172529e+04 3.64e+02 3.14e+03  -6.0 4.36e+02    -  4.48e-05 1.00e-04h  1
  57  2.8376514e+04 3.57e+02 3.38e+03  -6.0 4.36e+02    -  1.06e-07 1.93e-02h  1
  58  2.8385858e+04 3.57e+02 3.38e+03  -6.0 4.25e+02    -  2.87e-05 8.38e-05h  1
  59  3.1149919e+04 3.49e+02 3.68e+03  -6.0 4.29e+02    -  3.67e-07 2.42e-02h  1
iter    objective    inf_pr   inf_du lg(mu)  ||d||  lg(rg) alpha_du alpha_pr  ls
  60  3.1161439e+04 3.49e+02 3.68e+03  -6.0 4.19e+02    -  5.05e-05 1.03e-04h  1
  61  3.3456504e+04 3.41e+02 3.93e+03  -6.0 4.19e+02    -  3.46e-07 2.03e-02h  1
  62  3.3512929e+04 3.41e+02 3.92e+03  -6.0 4.10e+02    -  8.18e-04 5.04e-04h  1
  63  3.3682700e+04 3.41e+02 3.94e+03  -6.0 4.10e+02    -  8.78e-10 1.43e-03h  1
  64  3.4707388e+04 3.38e+02 3.98e+03  -6.0 4.10e+02    -  4.25e-03 8.58e-03h  1
  65  3.6159272e+04 3.34e+02 4.13e+03  -6.0 4.06e+02    -  3.27e-07 1.21e-02h  1
  66  3.6174707e+04 3.34e+02 4.13e+03  -6.0 4.01e+02    -  1.85e-05 1.29e-04h  1
  67  3.8635154e+04 3.27e+02 4.39e+03  -6.0 4.01e+02    -  1.93e-05 2.05e-02h  1
  68  3.9075033e+04 3.26e+02 4.28e+03  -6.0 3.93e+02    -  9.37e-03 3.73e-03h  1
  69  3.9368874e+04 3.25e+02 4.31e+03  -6.0 3.91e+02    -  1.85e-09 2.44e-03h  1
iter    objective    inf_pr   inf_du lg(mu)  ||d||  lg(rg) alpha_du alpha_pr  ls
  70  4.2384528e+04 3.17e+02 4.55e+03  -6.0 3.90e+02    -  4.55e-03 2.40e-02h  1
  71  4.2411050e+04 3.17e+02 4.55e+03  -6.0 3.81e+02    -  1.38e-06 2.11e-04h  1
  72  4.2775290e+04 3.16e+02 4.59e+03  -6.0 3.81e+02    -  2.03e-05 2.89e-03h  1
  73  4.4619985e+04 3.11e+02 4.73e+03  -6.0 3.80e+02    -  2.89e-03 1.47e-02h  1
  74  4.4649251e+04 3.11e+02 4.73e+03  -6.0 3.74e+02    -  6.38e-06 2.35e-04h  1
  75  4.6863382e+04 3.06e+02 4.97e+03  -6.0 3.74e+02    -  3.61e-05 1.77e-02h  1
  76  4.6899126e+04 3.06e+02 4.97e+03  -6.0 3.67e+02    -  2.43e-05 2.88e-04h  1
  77  4.7702604e+04 3.04e+02 5.06e+03  -6.0 3.67e+02    -  2.04e-04 6.44e-03h  1
  78  4.7725868e+04 3.04e+02 5.06e+03  -6.0 3.65e+02    -  4.47e-05 1.86e-04h  1
  79  5.4880229e+04 2.86e+02 5.83e+03  -6.0 3.65e+02    -  1.14e-05 5.71e-02h  1
iter    objective    inf_pr   inf_du lg(mu)  ||d||  lg(rg) alpha_du alpha_pr  ls
  80  5.4899230e+04 2.86e+02 5.83e+03  -6.0 3.42e+02    -  8.59e-05 1.60e-04h  1
  81  5.6602087e+04 2.82e+02 6.03e+03  -6.0 3.42e+02    -  2.33e-07 1.43e-02h  1
  82  5.6612613e+04 2.82e+02 6.03e+03  -6.0 3.31e+02    -  5.23e-05 8.98e-05h  1
  83  5.8968319e+04 2.77e+02 6.30e+03  -6.0 3.39e+02    -  3.80e-07 1.97e-02h  1
  84  5.8987053e+04 2.77e+02 6.30e+03  -6.0 3.32e+02    -  1.04e-04 1.59e-04h  1
  85  5.9225888e+04 2.76e+02 6.33e+03  -6.0 3.32e+02    -  2.22e-07 2.02e-03h  1
  86  5.9239860e+04 2.76e+02 6.33e+03  -6.0 3.32e+02    -  3.74e-05 1.18e-04h  1
  87  6.1019424e+04 2.72e+02 6.54e+03  -6.0 3.32e+02    -  1.11e-05 1.49e-02h  1
  88  6.1038787e+04 2.72e+02 6.54e+03  -6.0 3.27e+02    -  1.09e-04 1.63e-04h  1
  89  6.4719721e+04 2.63e+02 6.98e+03  -6.0 3.27e+02    -  4.52e-07 3.10e-02h  1
iter    objective    inf_pr   inf_du lg(mu)  ||d||  lg(rg) alpha_du alpha_pr  ls
  90  6.4739014e+04 2.63e+02 6.98e+03  -6.0 3.16e+02    -  1.18e-04 1.67e-04h  1
  91  6.8505937e+04 2.55e+02 7.44e+03  -6.0 3.16e+02    -  3.05e-07 3.25e-02h  1
  92  6.8519002e+04 2.55e+02 7.44e+03  -6.0 3.06e+02    -  6.49e-05 1.16e-04h  1
  93  7.0455287e+04 2.51e+02 7.69e+03  -6.0 3.06e+02    -  5.36e-07 1.70e-02h  1
  94  7.0466821e+04 2.51e+02 7.69e+03  -6.0 3.01e+02    -  8.40e-05 1.02e-04h  1
  95  7.3984466e+04 2.43e+02 8.15e+03  -6.0 3.01e+02    -  5.91e-07 3.10e-02h  1
  96  7.3995768e+04 2.43e+02 8.15e+03  -6.0 2.91e+02    -  7.92e-05 1.03e-04h  1
  97  7.5416455e+04 2.40e+02 8.34e+03  -6.0 2.91e+02    -  1.15e-07 1.28e-02h  1
  98  7.5428014e+04 2.40e+02 8.34e+03  -6.0 2.88e+02    -  1.15e-04 1.06e-04h  1
  99  7.5448939e+04 2.40e+02 8.34e+03  -6.0 2.92e+02    -  1.21e-05 1.90e-04h  1
iter    objective    inf_pr   inf_du lg(mu)  ||d||  lg(rg) alpha_du alpha_pr  ls
 100  7.5458344e+04 2.40e+02 8.35e+03  -6.0 3.22e+02    -  8.99e-06 8.55e-05h  1
 101  7.5577719e+04 2.39e+02 8.36e+03  -6.0 2.88e+02    -  3.74e-06 1.07e-03h  1
 102  7.5593920e+04 2.39e+02 8.36e+03  -6.0 2.87e+02    -  5.75e-05 1.44e-04h  1
 103  8.1083039e+04 2.28e+02 9.10e+03  -6.0 2.87e+02    -  7.26e-06 4.86e-02h  1
 104  8.1094534e+04 2.28e+02 9.10e+03  -6.0 2.73e+02    -  1.06e-04 1.07e-04h  1
 105  8.1786747e+04 2.26e+02 9.20e+03  -6.0 2.73e+02    -  3.43e-08 6.36e-03h  1
 106  8.1797792e+04 2.26e+02 9.20e+03  -6.0 2.71e+02    -  1.33e-04 1.02e-04h  1
 107  8.6656387e+04 2.16e+02 9.89e+03  -6.0 2.71e+02    -  8.71e-08 4.42e-02h  1
 108  8.6733001e+04 2.16e+02 9.85e+03  -6.0 2.59e+02    -  1.89e-03 7.26e-04h  1
 109  8.6883547e+04 2.16e+02 9.88e+03  -6.0 2.59e+02    -  9.82e-10 1.38e-03h  1
iter    objective    inf_pr   inf_du lg(mu)  ||d||  lg(rg) alpha_du alpha_pr  ls
 110  8.9802834e+04 2.10e+02 9.83e+03  -6.0 2.58e+02    -  1.84e-02 2.65e-02h  1
 111  8.9984579e+04 2.10e+02 9.85e+03  -6.0 2.57e+02    -  1.47e-06 1.68e-03h  1
 112  9.0037672e+04 2.09e+02 9.86e+03  -6.0 2.58e+02    -  2.52e-04 4.91e-04h  1
 113  9.0072794e+04 2.09e+02 9.86e+03  -6.0 2.98e+02    -  2.17e-06 3.25e-04h  1
 114  9.0104896e+04 2.09e+02 9.86e+03  -6.0 2.92e+02    -  1.26e-04 2.97e-04h  1
 115  9.0119300e+04 2.09e+02 9.83e+03  -6.0 2.57e+02    -  1.21e-03 1.34e-04h  1
 116  9.0236119e+04 2.09e+02 9.82e+03  -6.0 2.53e+02    -  1.31e-03 1.09e-03h  1
 117  9.0285137e+04 2.09e+02 9.80e+03  -6.0 2.49e+02    -  9.69e-04 4.61e-04h  1
 118  9.4131736e+04 2.01e+02 1.04e+04  -6.0 3.20e+02    -  1.57e-04 3.71e-02h  1
 119  9.4154182e+04 2.01e+02 1.04e+04  -6.0 2.92e+02    -  6.44e-05 2.23e-04h  1
iter    objective    inf_pr   inf_du lg(mu)  ||d||  lg(rg) alpha_du alpha_pr  ls
 120  9.5043423e+04 1.99e+02 1.06e+04  -6.0 2.92e+02    -  2.05e-06 8.81e-03h  1
 121  9.6092662e+04 1.97e+02 1.06e+04  -6.0 2.82e+02    -  5.29e-03 1.05e-02h  1
 122  9.6141389e+04 1.97e+02 1.06e+04  -6.0 3.21e+02    -  4.26e-07 4.57e-04h  1
 123  9.9536130e+04 1.91e+02 1.10e+04  -6.0 3.23e+02    -  8.62e-03 3.18e-02h  1
 124  9.9679553e+04 1.91e+02 1.10e+04  -6.0 3.01e+02    -  1.07e-04 1.44e-03h  1
 125  9.9917035e+04 1.90e+02 1.10e+04  -6.0 5.49e+02    -  3.19e-04 2.57e-03h  1
 126  1.0091009e+05 1.88e+02 1.12e+04  -6.0 5.68e+02    -  1.38e-05 1.08e-02h  1
 127  1.0106095e+05 1.88e+02 1.12e+04  -6.0 5.98e+02    -  9.97e-04 1.69e-03h  1
 128  1.0154470e+05 1.87e+02 1.13e+04  -6.0 6.08e+02    -  2.59e-07 5.39e-03h  1
 129  1.0197618e+05 1.86e+02 1.12e+04  -6.0 6.15e+02    -  7.45e-03 4.86e-03h  1
iter    objective    inf_pr   inf_du lg(mu)  ||d||  lg(rg) alpha_du alpha_pr  ls
 130  1.0294194e+05 1.84e+02 1.12e+04  -6.0 6.24e+02    -  7.25e-03 1.10e-02h  1
 131  1.0374335e+05 1.82e+02 1.10e+04  -6.0 6.09e+02    -  1.26e-02 9.18e-03h  1
 132r 1.0374335e+05 1.82e+02 1.00e+03   2.3 0.00e+00    -  0.00e+00 1.69e-08R  2
 133r 1.0427158e+05 1.80e+02 1.00e+03   2.3 5.38e+06    -  2.81e-09 2.41e-06f  1
 134r 1.0433324e+05 1.80e+02 1.00e+03   0.9 6.56e+03    -  1.37e-04 5.81e-05f  1
 135r 1.0858331e+05 1.70e+02 1.00e+03   0.9 2.09e+04    -  1.75e-04 1.09e-03f  1
 136r 1.1738737e+05 1.65e+02 1.00e+03   0.9 1.91e+04    -  5.46e-04 1.94e-03f  1
 137r 1.2571189e+05 1.62e+02 1.00e+03   0.9 1.51e+04    -  4.07e-04 1.70e-03f  1
 138  1.2600197e+05 1.61e+02 2.09e+02  -6.0 2.69e+02    -  4.37e-03 3.80e-03h  1
 139  1.2635582e+05 1.60e+02 2.08e+02  -6.0 2.65e+02    -  2.27e-03 4.60e-03h  1
iter    objective    inf_pr   inf_du lg(mu)  ||d||  lg(rg) alpha_du alpha_pr  ls
 140  1.2689915e+05 1.59e+02 2.07e+02  -6.0 2.26e+02    -  1.04e-03 7.03e-03h  1
 141  1.2751713e+05 1.58e+02 2.05e+02  -6.0 2.34e+02    -  3.35e-03 8.17e-03h  1
 142  1.2841271e+05 1.56e+02 2.03e+02  -6.0 2.09e+02    -  1.36e-02 1.18e-02h  1
 143  1.3030427e+05 1.52e+02 1.98e+02  -6.0 1.93e+02    -  5.02e-03 2.50e-02h  1
 144  1.3256301e+05 1.48e+02 1.92e+02  -6.0 1.84e+02    -  1.38e-02 3.01e-02h  1
 145  1.3554626e+05 1.42e+02 1.84e+02  -6.0 1.76e+02    -  9.82e-03 4.01e-02h  1
 146  1.3845395e+05 1.36e+02 1.77e+02  -6.0 1.68e+02    -  4.72e-02 4.04e-02h  1
 147  1.4187299e+05 1.29e+02 1.68e+02  -6.0 2.10e+02    -  1.57e-02 5.08e-02h  1
 148  1.4541747e+05 1.22e+02 1.58e+02  -6.0 3.31e+02    -  3.17e-02 5.87e-02h  1
 149  1.4566421e+05 1.21e+02 1.57e+02  -6.0 3.79e+02    -  2.00e-03 4.45e-03h  1
iter    objective    inf_pr   inf_du lg(mu)  ||d||  lg(rg) alpha_du alpha_pr  ls
 150  1.4799899e+05 1.16e+02 1.51e+02  -6.0 3.77e+02    -  1.41e-04 4.18e-02h  1
 151  1.4805598e+05 1.16e+02 1.50e+02  -6.0 3.58e+02    -  1.50e-03 1.04e-03h  1
 152  1.5220976e+05 1.07e+02 1.39e+02  -6.0 3.56e+02    -  2.97e-05 7.68e-02h  1
 153  1.5357191e+05 1.04e+02 1.35e+02  -6.0 2.84e+02    -  3.04e-02 2.78e-02h  1
 154  1.5361236e+05 1.04e+02 1.35e+02  -6.0 2.72e+02    -  8.02e-03 8.36e-04h  1
 155  1.5622662e+05 9.82e+01 1.28e+02  -6.0 2.87e+02    -  2.15e-02 5.44e-02h  1
 156  1.5672124e+05 9.71e+01 1.26e+02  -6.0 3.62e+02    -  1.09e-02 1.15e-02h  1
 157  1.5676958e+05 9.70e+01 1.26e+02  -6.0 3.62e+02    -  3.74e-04 1.08e-03h  1
 158  1.5953100e+05 9.07e+01 1.18e+02  -6.0 3.61e+02    -  3.28e-05 6.46e-02h  1
 159  1.6177460e+05 8.56e+01 1.11e+02  -6.0 3.19e+02    -  1.96e-02 5.63e-02h  1
iter    objective    inf_pr   inf_du lg(mu)  ||d||  lg(rg) alpha_du alpha_pr  ls
 160  1.6282519e+05 8.32e+01 1.08e+02  -6.0 2.40e+02    -  1.97e-03 2.82e-02h  1
 161  1.6308000e+05 8.26e+01 1.07e+02  -6.0 2.05e+02    -  2.43e-06 7.01e-03h  1
 162  1.6451120e+05 7.93e+01 1.03e+02  -6.0 2.06e+02    -  8.66e-03 3.96e-02h  1
 163  1.6467920e+05 7.89e+01 1.03e+02  -6.0 2.42e+02    -  1.73e-02 4.85e-03h  1
 164r 1.6467920e+05 7.89e+01 9.99e+02   1.9 0.00e+00    -  0.00e+00 6.84e-09R  2
 165r 1.6622035e+05 7.85e+01 9.99e+02   1.9 9.17e+06    -  5.67e-06 3.67e-06f  1
 166r 1.6640556e+05 7.83e+01 9.99e+02   1.9 4.09e+03    -  2.09e-04 7.48e-05f  1
 167r 1.6880167e+05 7.55e+01 9.98e+02   1.9 3.89e+03    -  1.49e-04 9.84e-04f  1
 168r 1.7166813e+05 7.20e+01 9.97e+02   1.9 3.66e+03    -  3.32e-03 1.18e-03f  1
 169r 1.8462461e+05 6.37e+01 9.92e+02   1.9 3.37e+03    -  3.40e-03 5.02e-03f  1
iter    objective    inf_pr   inf_du lg(mu)  ||d||  lg(rg) alpha_du alpha_pr  ls
 170  1.8485561e+05 6.20e+01 2.24e+02  -6.0 2.60e+02    -  1.00e-02 2.70e-02h  1
 171  1.8509442e+05 6.04e+01 2.18e+02  -6.0 2.52e+02    -  2.75e-02 2.57e-02h  1
 172  1.8573558e+05 5.60e+01 2.02e+02  -6.0 2.31e+02    -  1.82e-02 7.34e-02h  1
 173  1.8639758e+05 5.23e+01 1.89e+02  -6.0 1.80e+02    -  3.48e-02 6.61e-02h  1
 174  1.8664596e+05 5.11e+01 1.85e+02  -6.0 1.72e+02    -  5.07e-02 2.17e-02h  1
 175r 1.8664596e+05 5.11e+01 9.99e+02   1.7 0.00e+00    -  0.00e+00 1.89e-08R  2
 176r 1.8770247e+05 4.98e+01 9.99e+02   1.7 2.93e+06    -  1.30e-05 8.72e-06f  1
 177r 1.8820868e+05 4.96e+01 9.99e+02   1.7 4.58e+03    -  2.76e-03 1.48e-04f  1
 178r 2.0501643e+05 4.30e+01 9.94e+02   1.7 4.30e+03    -  2.61e-03 4.52e-03f  1
 179  2.0500771e+05 4.29e+01 3.14e+02  -6.0 1.64e+02    -  5.09e-02 6.03e-04f  1
iter    objective    inf_pr   inf_du lg(mu)  ||d||  lg(rg) alpha_du alpha_pr  ls
 180  2.0351030e+05 3.70e+01 2.70e+02  -6.0 1.35e+02    -  5.28e-02 1.38e-01f  1
 181  2.0336395e+05 3.49e+01 2.55e+02  -6.0 8.88e+01    -  3.19e-02 5.66e-02f  1
 182  2.0340223e+05 2.98e+01 2.17e+02  -6.0 7.60e+01    -  5.16e-02 1.47e-01h  1
 183  2.0365384e+05 2.79e+01 2.04e+02  -6.0 6.84e+01    -  4.74e-02 6.39e-02h  1
 184  2.0406694e+05 2.54e+01 1.86e+02  -6.0 5.38e+01    -  1.61e-02 8.78e-02h  1
 185  2.0464548e+05 2.29e+01 1.67e+02  -6.0 6.71e+01    -  1.06e-04 9.82e-02h  1
 186  2.0517576e+05 2.10e+01 1.53e+02  -6.0 1.03e+02    -  1.01e-01 8.35e-02h  1
 187  2.0562506e+05 1.95e+01 1.42e+02  -6.0 1.54e+02    -  6.68e-02 7.27e-02h  1
 188  2.0600128e+05 1.83e+01 1.34e+02  -6.0 1.40e+02    -  6.59e-02 6.16e-02h  1
 189  2.0609548e+05 1.80e+01 1.31e+02  -6.0 1.12e+02    -  3.49e-02 1.57e-02h  1
iter    objective    inf_pr   inf_du lg(mu)  ||d||  lg(rg) alpha_du alpha_pr  ls
 190  2.0645689e+05 1.69e+01 1.24e+02  -6.0 1.07e+02    -  7.35e-02 5.98e-02h  1
 191  2.0669072e+05 1.62e+01 1.19e+02  -6.0 9.58e+01    -  8.39e-02 4.03e-02h  1
 192  2.0720212e+05 1.48e+01 1.08e+02  -6.0 1.04e+02    -  5.22e-02 8.98e-02h  1
 193  2.0733832e+05 1.44e+01 1.05e+02  -6.0 8.69e+01    -  1.46e-01 2.50e-02h  1
 194r 2.0733832e+05 1.44e+01 9.99e+02   1.2 0.00e+00    -  0.00e+00 2.98e-07R  2
 195r 2.0733753e+05 1.47e+01 9.99e+02   1.2 2.49e+06    -  4.44e-06 1.01e-06f  2
 196r 2.0856166e+05 1.39e+01 9.99e+02   1.2 4.69e+03    -  2.86e-04 4.98e-04f  1
 197r 2.1276952e+05 1.11e+01 9.97e+02   1.2 3.81e+03    -  1.06e-03 1.81e-03f  1
 198  2.1270203e+05 1.06e+01 1.99e+02  -6.0 6.33e+01    -  6.70e-02 4.59e-02f  1
 199  2.1269485e+05 1.06e+01 1.98e+02  -6.0 5.08e+01    -  1.33e-02 5.77e-03f  1
iter    objective    inf_pr   inf_du lg(mu)  ||d||  lg(rg) alpha_du alpha_pr  ls
 200  2.1260537e+05 9.30e+00 1.74e+02  -6.0 7.04e+01    -  1.30e-01 1.19e-01f  1
 201  2.1260377e+05 9.26e+00 1.73e+02  -6.0 8.83e+01    -  2.87e-02 4.22e-03f  1
 202  2.1260404e+05 7.88e+00 1.48e+02  -6.0 9.39e+01    -  5.36e-02 1.49e-01h  1
 203r 2.1260404e+05 7.88e+00 9.99e+02   0.9 0.00e+00    -  0.00e+00 4.57e-07R  4
 204r 2.1263975e+05 6.28e+00 9.99e+02   0.9 1.04e+06    -  9.18e-06 5.88e-06f  1
 205  2.1266281e+05 5.94e+00 1.46e+02  -6.0 8.10e+01    -  6.90e-02 5.40e-02h  1
 206  2.1283018e+05 4.62e+00 1.14e+02  -6.0 7.58e+01    -  1.41e-01 2.23e-01h  1
 207  2.1288082e+05 4.27e+00 1.05e+02  -6.0 7.26e+01    -  1.61e-02 7.61e-02h  1
 208  2.1288461e+05 4.25e+00 1.04e+02  -6.0 4.79e+01    -  1.57e-01 4.65e-03h  1
 209  2.1298116e+05 3.78e+00 9.29e+01  -6.0 5.38e+01    -  6.30e-02 1.10e-01h  1
iter    objective    inf_pr   inf_du lg(mu)  ||d||  lg(rg) alpha_du alpha_pr  ls
 210  2.1321083e+05 2.88e+00 7.07e+01  -6.0 4.76e+01    -  1.21e-01 2.39e-01h  1
 211  2.1353650e+05 1.88e+00 4.61e+01  -6.0 2.75e+01    -  1.96e-01 3.48e-01h  1
 212  2.1364224e+05 1.58e+00 3.88e+01  -6.0 3.46e+01    -  5.04e-03 1.58e-01h  1
 213  2.1371705e+05 1.38e+00 3.40e+01  -6.0 2.51e+01    -  2.06e-01 1.24e-01h  1
 214  2.1383259e+05 1.11e+00 2.72e+01  -6.0 1.81e+01    -  1.73e-02 2.02e-01h  1
 215  2.1395836e+05 8.21e-01 2.02e+01  -6.0 1.27e+01    -  1.25e-01 2.57e-01h  1
 216  2.1398550e+05 7.63e-01 1.88e+01  -6.0 7.66e+00    -  1.61e-01 7.06e-02h  1
 217  2.1402361e+05 6.83e-01 1.68e+01  -6.0 6.63e+00    -  2.31e-01 1.05e-01h  1
 218  2.1404572e+05 6.37e-01 1.57e+01  -6.0 4.46e+00    -  2.83e-01 6.73e-02h  1
 219  2.1405692e+05 6.14e-01 1.51e+01  -6.0 3.78e+00    -  1.30e-01 3.61e-02h  1
iter    objective    inf_pr   inf_du lg(mu)  ||d||  lg(rg) alpha_du alpha_pr  ls
 220  2.1409300e+05 5.41e-01 1.33e+01  -6.0 3.56e+00    -  2.71e-01 1.19e-01h  1
 221  2.1424025e+05 2.50e-01 6.15e+00  -6.0 2.63e+00    -  4.74e-01 5.37e-01h  1
 222  2.1434644e+05 5.04e-02 1.24e+00  -6.0 9.75e-01    -  6.85e-01 7.99e-01h  1
 223  2.1434739e+05 4.87e-02 1.82e+00  -6.0 1.67e-01    -  7.08e-01 3.44e-02h  1
 224  2.1435706e+05 3.11e-02 1.49e+00  -6.0 1.39e-01    -  5.01e-01 3.61e-01h  1
 225  2.1436116e+05 2.37e-02 2.04e+00  -6.0 6.44e-02    -  5.59e-01 2.38e-01h  1
 226  2.1436845e+05 1.06e-02 2.94e-01  -6.0 8.72e-02    -  2.23e-01 5.52e-01h  1
 227  2.1437164e+05 4.93e-03 7.51e-01  -6.0 8.59e-02    -  7.37e-01 5.37e-01h  1
 228  2.1437260e+05 3.21e-03 8.87e-01  -6.0 2.72e-01    -  4.89e-01 3.48e-01h  1
 229  2.1437414e+05 4.68e-04 1.01e+00  -6.0 5.00e-01    -  4.63e-01 8.54e-01h  1
iter    objective    inf_pr   inf_du lg(mu)  ||d||  lg(rg) alpha_du alpha_pr  ls
 230  2.1437429e+05 1.93e-04 4.60e-01  -6.0 8.48e-01    -  5.82e-01 5.88e-01h  1
 231  2.1437429e+05 1.93e-04 1.26e+01  -6.0 1.82e+00    -  5.25e-01 4.09e-04h 11
 232  2.1437436e+05 6.75e-05 3.41e+00  -6.0 3.51e+00    -  3.52e-01 6.50e-01h  1
Reallocating memory for MA57: lfact (139238)
 233  2.1437436e+05 6.74e-05 3.02e+01  -6.0 4.84e+00    -  5.78e-01 9.10e-04h 10
 234  2.1437438e+05 2.18e-05 6.54e+00  -6.0 1.00e+01    -  3.99e-01 6.76e-01h  1
Reallocating memory for MA57: lfact (155313)
 235  2.1437438e+05 2.18e-05 1.05e+02  -6.0 1.41e+01    -  6.83e-01 9.51e-04f 10
 236  2.1437439e+05 6.65e-06 6.94e+00  -6.0 3.43e+01    -  5.36e-01 6.95e-01h  1
 237  2.1437439e+05 6.63e-06 4.92e+02  -6.0 4.61e+01    -  9.12e-01 1.97e-03f  9
 238  2.1437439e+05 4.23e-06 6.54e+02  -6.0 8.09e+01    -  1.00e+00 3.63e-01h  1
 239  2.1437439e+05 4.22e-06 1.49e+03  -6.0 1.10e+01    -  1.00e+00 2.23e-03h  9
iter    objective    inf_pr   inf_du lg(mu)  ||d||  lg(rg) alpha_du alpha_pr  ls
 240  2.1437439e+05 5.45e-07 3.01e+02  -6.0 1.04e+01    -  1.00e+00 8.71e-01h  1
 241  2.1437439e+05 5.37e-07 6.71e+03  -6.0 1.45e+00    -  1.00e+00 1.50e-02f  6
 242  2.1437439e+05 1.36e-07 3.38e+03  -6.0 1.44e+00    -  1.00e+00 7.46e-01h  1
 243  2.1437439e+05 1.32e-07 2.84e+04  -6.0 3.65e-01    -  1.00e+00 3.45e-02f  5
 244  2.1437439e+05 3.13e-08 1.32e+04  -6.0 3.53e-01    -  1.00e+00 7.62e-01h  1
 245  2.1437439e+05 3.03e-08 1.22e+05  -6.0 8.40e-02    -  1.00e+00 3.45e-02f  5
 246  2.1437439e+05 7.16e-09 5.66e+04  -6.0 8.11e-02    -  1.00e+00 7.63e-01h  1
 247  2.1437439e+05 6.91e-09 5.34e+05  -6.0 1.92e-02    -  1.00e+00 3.41e-02f  5
 248  2.1437439e+05 1.66e-09 2.51e+05  -6.0 1.85e-02    -  1.00e+00 7.60e-01h  1
 249  2.1437439e+05 1.60e-09 2.31e+06  -6.0 4.44e-03    -  1.00e+00 3.45e-02f  5
iter    objective    inf_pr   inf_du lg(mu)  ||d||  lg(rg) alpha_du alpha_pr  ls
 250  2.1437439e+05 3.78e-10 1.07e+06  -6.0 4.29e-03    -  1.00e+00 7.64e-01h  1
 251  2.1437439e+05 3.65e-10 1.01e+07  -6.0 1.01e-03    -  1.00e+00 3.41e-02f  5
Reallocating memory for MA57: lfact (163519)
 252  2.1437439e+05 2.19e-13 1.86e-09  -6.0 9.80e-04    -  1.00e+00 1.00e+00f  1
 253  2.1437439e+05 1.14e-13 8.05e-01 -12.0 1.16e-04    -  7.94e-01 9.14e-01f  1
Reallocating memory for MA57: lfact (389865)
Reallocating memory for MA57: lfact (426060)
 254  2.1437439e+05 6.81e-12 4.17e-01 -12.0 4.25e-05  -4.0 6.38e-01 8.30e-01f  1
Reallocating memory for MA57: lfact (698881)
 255  2.1437439e+05 1.19e-11 5.30e-01 -12.0 1.32e-05  -4.5 8.97e-01 5.89e-01h  1
Reallocating memory for MA57: lfact (795504)
 256  2.1437439e+05 6.09e-12 8.04e-02 -12.0 1.71e-04    -  1.71e-01 8.84e-01f  1
 257  2.1437439e+05 2.36e-12 2.11e-02 -12.0 7.92e-07  -5.0 9.71e-01 6.57e-01f  1
Reallocating memory for MA57: lfact (907553)
 258  2.1437439e+05 2.47e-13 9.99e-06 -12.0 2.78e-07  -5.4 9.98e-01 1.00e+00f  1
Reallocating memory for MA57: lfact (958102)
 259  2.1437439e+05 1.47e-13 9.31e-10 -12.0 2.83e-01    -  1.00e+00 1.00e+00h  1

Number of Iterations....: 259

                                   (scaled)                 (unscaled)
Objective...............:   2.1437439157491011e+05    2.1437439157491011e+05
Dual infeasibility......:   9.3132257461547852e-10    9.3132257461547852e-10
Constraint violation....:   1.4658143422603730e-13    1.4658143422603730e-13
Complementarity.........:   1.5261550752283705e-12    1.5261550752283705e-12
Overall NLP error.......:   1.8296578182647801e-13    9.3132257461547852e-10


Number of objective function evaluations             = 343
Number of objective gradient evaluations             = 248
Number of equality constraint evaluations            = 343
Number of inequality constraint evaluations          = 343
Number of equality constraint Jacobian evaluations   = 265
Number of inequality constraint Jacobian evaluations = 265
Number of Lagrangian Hessian evaluations             = 259
Total CPU secs in IPOPT (w/o function evaluations)   =      1.558
Total CPU secs in NLP function evaluations           =      0.019

EXIT: Optimal Solution Found.

