Solver command line: ['C:\\Users\\Alexander\\AppData\\Local\\idaes\\bin\\ipopt.exe', 'C:\\Users\\ALEXAN~1\\AppData\\Local\\Temp\\tmpun5wyoy5.pyomo.nl', '-AMPL', 'linear_solver=ma27', 'max_iter=3000', 'max_cpu_time=600.0', 'tol=1e-11', 'nlp_scaling_method=none', 'acceptable_tol=1e-10', 'bound_relax_factor=0.0', 'honor_original_bounds=yes', 'warm_start_init_point=no', 'print_level=5']

Ipopt 3.13.2: linear_solver=ma27
max_iter=3000
max_cpu_time=600.0
tol=1e-11
nlp_scaling_method=none
acceptable_tol=1e-10
bound_relax_factor=0.0
honor_original_bounds=yes
warm_start_init_point=no
print_level=5


******************************************************************************
This program contains Ipopt, a library for large-scale nonlinear optimization.
 Ipopt is released as open source code under the Eclipse Public License (EPL).
         For more information visit http://projects.coin-or.org/Ipopt

This version of Ipopt was compiled from source code available at
    https://github.com/IDAES/Ipopt as part of the Institute for the Design of
    Advanced Energy Systems Process Systems Engineering Framework (IDAES PSE
    Framework) Copyright (c) 2018-2019. See https://github.com/IDAES/idaes-pse.

This version of Ipopt was compiled using HSL, a collection of Fortran codes
    for large-scale scientific computation.  All technical papers, sales and
    publicity material resulting from use of the HSL codes within IPOPT must
    contain the following acknowledgement:
        HSL, a collection of Fortran codes for large-scale scientific
        computation. See http://www.hsl.rl.ac.uk.
******************************************************************************

This is Ipopt version 3.13.2, running with linear solver ma27.

Number of nonzeros in equality constraint Jacobian...:     4734
Number of nonzeros in inequality constraint Jacobian.:     4995
Number of nonzeros in Lagrangian Hessian.............:       72

Total number of variables............................:     2547
                     variables with only lower bounds:     2259
                variables with lower and upper bounds:        0
                     variables with only upper bounds:        0
Total number of equality constraints.................:      915
Total number of inequality constraints...............:     2691
        inequality constraints with only lower bounds:      216
   inequality constraints with lower and upper bounds:        0
        inequality constraints with only upper bounds:     2475

iter    objective    inf_pr   inf_du lg(mu)  ||d||  lg(rg) alpha_du alpha_pr  ls
   0  1.9512000e+02 5.62e+02 1.54e+01  -1.0 0.00e+00    -  0.00e+00 0.00e+00   0
   1  3.5468596e+02 5.62e+02 1.61e+01  -1.0 5.17e+02    -  2.28e-04 4.60e-04h  1
   2  1.4232489e+03 5.61e+02 1.71e+01  -1.0 5.62e+02    -  1.76e-04 2.67e-03h  1
   3  1.4457800e+03 5.60e+02 1.71e+01  -1.0 1.33e+03    -  3.41e-04 5.58e-04h  1
   4  1.4365222e+03 5.60e+02 1.71e+01  -1.0 1.22e+03    -  7.79e-04 8.68e-04f  1
   5  1.2161208e+03 5.59e+02 1.71e+01  -1.0 1.12e+03    -  8.70e-04 1.44e-03f  1
   6  8.4633228e+02 5.58e+02 1.71e+01  -1.0 9.40e+02    -  1.10e-03 1.92e-03f  1
   7  4.9367629e+02 5.57e+02 1.71e+01  -1.0 7.73e+02    -  1.73e-03 2.38e-03f  1
   8  1.6224211e+02 5.54e+02 1.70e+01  -1.0 6.26e+02    -  7.62e-03 5.24e-03f  1
   9  1.1183698e+02 5.47e+02 1.68e+01  -1.0 6.26e+02    -  2.25e-02 1.23e-02f  1
iter    objective    inf_pr   inf_du lg(mu)  ||d||  lg(rg) alpha_du alpha_pr  ls
  10  1.1312794e+02 4.98e+02 1.53e+01  -1.0 6.17e+02    -  6.86e-02 9.05e-02f  1
  11  1.1901927e+02 4.84e+02 1.49e+01  -1.0 5.79e+02    -  1.43e-02 2.75e-02h  1
  12  2.9740696e+02 4.80e+02 1.66e+01  -1.0 5.28e+02    -  1.13e-04 7.41e-03h  1
  13  7.3520978e+02 4.72e+02 1.67e+01  -1.0 5.71e+02    -  5.98e-03 1.69e-02h  1
  14  1.4269316e+03 4.63e+02 1.69e+01  -1.0 5.61e+02    -  3.26e-04 1.90e-02h  1
  15  1.5010878e+03 4.62e+02 1.72e+01  -1.0 5.52e+02    -  6.90e-04 1.80e-03h  1
  16  1.9201490e+03 4.58e+02 1.74e+01  -1.0 5.52e+02    -  5.93e-04 8.93e-03h  1
  17  2.1198251e+03 4.57e+02 1.87e+01  -1.0 5.56e+02    -  1.01e-03 3.65e-03h  1
  18  3.0173525e+03 4.49e+02 1.87e+01  -1.0 5.44e+02    -  3.40e-03 1.62e-02h  1
  19  3.1262430e+03 4.48e+02 1.87e+01  -1.0 5.97e+02    -  6.78e-04 1.66e-03h  1
iter    objective    inf_pr   inf_du lg(mu)  ||d||  lg(rg) alpha_du alpha_pr  ls
  20  3.6505951e+03 4.45e+02 1.88e+01  -1.0 5.34e+02    -  3.94e-04 6.87e-03h  1
  21  4.2342753e+03 4.42e+02 1.91e+01  -1.0 5.33e+02    -  1.95e-03 6.95e-03h  1
  22  5.1983561e+03 4.38e+02 1.95e+01  -1.0 5.29e+02    -  1.39e-03 1.07e-02h  1
  23  5.5962635e+03 4.36e+02 1.95e+01  -1.0 5.22e+02    -  2.48e-03 4.38e-03h  1
  24  6.5269058e+03 4.32e+02 1.95e+01  -1.0 5.20e+02    -  2.88e-04 9.23e-03h  1
  25  7.0297678e+03 4.30e+02 1.95e+01  -1.0 5.15e+02    -  1.40e-03 4.73e-03h  1
  26  8.2832344e+03 4.24e+02 1.94e+01  -1.0 5.12e+02    -  4.83e-03 1.18e-02h  1
  27  9.0006498e+03 4.22e+02 1.95e+01  -1.0 5.06e+02    -  7.10e-04 6.32e-03h  1
  28  1.0179484e+04 4.18e+02 1.97e+01  -1.0 5.03e+02    -  1.56e-03 9.94e-03h  1
  29  1.0743837e+04 4.16e+02 1.97e+01  -1.0 4.98e+02    -  1.75e-03 4.70e-03h  1
iter    objective    inf_pr   inf_du lg(mu)  ||d||  lg(rg) alpha_du alpha_pr  ls
  30  1.8304977e+04 3.90e+02 2.00e+01  -1.0 4.95e+02    -  1.70e-03 6.13e-02h  1
  31  1.8715624e+04 3.89e+02 1.99e+01  -1.0 5.44e+02    -  2.79e-03 3.55e-03h  1
  32  1.9875117e+04 3.85e+02 2.00e+01  -1.0 4.63e+02    -  1.50e-03 9.86e-03h  1
  33  2.0527659e+04 3.83e+02 1.99e+01  -1.0 4.94e+02    -  1.77e-03 5.52e-03h  1
  34  2.6219102e+04 3.64e+02 2.09e+01  -1.0 4.49e+02    -  4.88e-03 4.83e-02h  1
  35  2.6462594e+04 3.64e+02 2.08e+01  -1.0 4.49e+02    -  1.54e-03 2.15e-03h  1
  36  2.9156148e+04 3.55e+02 2.15e+01  -1.0 4.29e+02    -  1.60e-03 2.36e-02h  1
  37  3.0149112e+04 3.52e+02 2.15e+01  -1.0 4.90e+02    -  4.56e-03 8.86e-03h  1
  38  3.1830024e+04 3.47e+02 2.16e+01  -1.0 4.07e+02    -  5.67e-03 1.49e-02h  1
  39  3.3432761e+04 3.42e+02 2.17e+01  -1.0 4.07e+02    -  5.29e-03 1.42e-02h  1
iter    objective    inf_pr   inf_du lg(mu)  ||d||  lg(rg) alpha_du alpha_pr  ls
  40  3.3566323e+04 3.41e+02 2.17e+01  -1.0 4.05e+02    -  6.92e-04 1.16e-03h  1
  41  3.6412022e+04 3.33e+02 2.25e+01  -1.0 4.03e+02    -  1.61e-04 2.36e-02h  1
  42  3.8230862e+04 3.28e+02 2.26e+01  -1.0 3.90e+02    -  7.07e-03 1.52e-02h  1
  43  3.8884459e+04 3.26e+02 2.22e+01  -1.0 3.67e+02    -  9.75e-03 5.52e-03h  1
  44  4.0583631e+04 3.22e+02 2.27e+01  -1.0 3.65e+02    -  8.89e-05 1.36e-02h  1
  45  4.4793206e+04 3.11e+02 2.31e+01  -1.0 3.62e+02    -  1.14e-02 3.36e-02h  1
  46  4.8844799e+04 3.01e+02 2.38e+01  -1.0 3.50e+02    -  7.40e-03 3.28e-02h  1
  47  5.4941081e+04 2.86e+02 2.48e+01  -1.0 3.39e+02    -  9.70e-03 5.07e-02h  1
  48  5.6228926e+04 2.82e+02 2.49e+01  -1.0 3.22e+02    -  4.05e-03 1.12e-02h  1
  49  5.9289772e+04 2.75e+02 2.50e+01  -1.0 3.21e+02    -  1.27e-02 2.69e-02h  1
iter    objective    inf_pr   inf_du lg(mu)  ||d||  lg(rg) alpha_du alpha_pr  ls
  50  6.2760134e+04 2.66e+02 2.55e+01  -1.0 3.09e+02    -  7.21e-03 3.10e-02h  1
  51  6.5286917e+04 2.60e+02 2.57e+01  -1.0 3.20e+02    -  7.31e-03 2.32e-02h  1
  52  6.9775337e+04 2.49e+02 2.62e+01  -1.0 3.72e+02    -  1.20e-02 4.19e-02h  1
  53  7.2898668e+04 2.42e+02 2.66e+01  -1.0 4.56e+02    -  5.49e-03 3.00e-02h  1
  54  7.7458051e+04 2.31e+02 2.73e+01  -1.0 4.86e+02    -  8.74e-03 4.48e-02h  1
  55  7.9722456e+04 2.25e+02 2.72e+01  -1.0 4.90e+02    -  1.19e-02 2.34e-02h  1
  56  8.3500287e+04 2.16e+02 2.79e+01  -1.0 4.48e+02    -  4.19e-03 3.97e-02h  1
  57  8.3711139e+04 2.16e+02 2.77e+01  -1.0 3.98e+02    -  4.57e-03 2.30e-03h  1
  58  8.4894821e+04 2.13e+02 2.80e+01  -1.0 4.08e+02    -  8.20e-05 1.24e-02h  1
  59  8.9090527e+04 2.04e+02 2.81e+01  -1.0 4.26e+02    -  1.67e-02 4.42e-02h  1
iter    objective    inf_pr   inf_du lg(mu)  ||d||  lg(rg) alpha_du alpha_pr  ls
  60  9.2357689e+04 1.97e+02 2.83e+01  -1.0 4.87e+02    -  1.10e-02 3.59e-02h  1
  61  9.6360112e+04 1.88e+02 2.82e+01  -1.0 4.82e+02    -  2.23e-02 4.54e-02h  1
  62  9.9239608e+04 1.81e+02 2.81e+01  -1.0 4.27e+02    -  1.39e-02 3.42e-02h  1
  63  9.9896763e+04 1.80e+02 2.68e+01  -1.0 3.96e+02    -  3.23e-02 8.14e-03h  1
  64  1.0029399e+05 1.79e+02 2.67e+01  -1.0 4.42e+02    -  4.88e-03 4.98e-03h  1
  65  1.0249531e+05 1.74e+02 2.71e+01  -1.0 4.34e+02    -  1.60e-04 2.67e-02h  1
  66  1.0630947e+05 1.66e+02 2.74e+01  -1.0 4.26e+02    -  1.35e-02 4.72e-02h  1
  67  1.0736042e+05 1.64e+02 2.74e+01  -1.0 3.92e+02    -  3.68e-03 1.34e-02h  1
  68  1.0880494e+05 1.61e+02 2.74e+01  -1.0 3.75e+02    -  7.90e-03 1.84e-02h  1
  69  1.1155116e+05 1.55e+02 2.77e+01  -1.0 3.53e+02    -  4.06e-03 3.49e-02h  1
iter    objective    inf_pr   inf_du lg(mu)  ||d||  lg(rg) alpha_du alpha_pr  ls
  70  1.1507817e+05 1.48e+02 2.79e+01  -1.0 3.20e+02    -  1.30e-02 4.61e-02h  1
  71  1.1758245e+05 1.43e+02 2.80e+01  -1.0 3.29e+02    -  7.74e-03 3.40e-02h  1
  72  1.2011348e+05 1.38e+02 2.76e+01  -1.0 3.35e+02    -  2.24e-02 3.56e-02h  1
  73  1.2471614e+05 1.29e+02 2.97e+01  -1.0 3.34e+02    -  5.71e-03 6.68e-02h  1
  74  1.3166787e+05 1.15e+02 2.98e+01  -1.0 2.89e+02    -  5.85e-02 1.08e-01h  1
  75  1.3233004e+05 1.13e+02 2.98e+01  -1.0 3.42e+02    -  6.19e-03 1.12e-02h  1
  76  1.3760014e+05 1.04e+02 3.28e+01  -1.0 3.22e+02    -  3.52e-03 8.77e-02h  1
  77  1.3826857e+05 1.02e+02 3.21e+01  -1.0 2.53e+02    -  1.61e-02 1.14e-02h  1
  78  1.4058213e+05 9.84e+01 3.32e+01  -1.0 2.73e+02    -  3.83e-03 3.88e-02h  1
  79  1.4190669e+05 9.61e+01 3.30e+01  -1.0 2.22e+02    -  1.53e-02 2.26e-02h  1
iter    objective    inf_pr   inf_du lg(mu)  ||d||  lg(rg) alpha_du alpha_pr  ls
  80  1.4450820e+05 9.18e+01 3.31e+01  -1.0 1.67e+02    -  2.21e-02 4.46e-02h  1
  81  1.4541569e+05 9.04e+01 3.27e+01  -1.0 2.93e+02    -  1.38e-02 1.59e-02h  1
  82  1.4826226e+05 8.59e+01 3.46e+01  -1.0 2.91e+02    -  2.12e-03 4.98e-02h  1
  83  1.4865659e+05 8.53e+01 3.08e+01  -1.0 2.87e+02    -  5.28e-02 7.14e-03h  1
  84  1.4944574e+05 8.41e+01 3.15e+01  -1.0 2.68e+02    -  2.31e-04 1.41e-02h  1
  85  1.5161422e+05 8.08e+01 3.10e+01  -1.0 2.67e+02    -  2.88e-02 3.87e-02h  1
  86  1.5445135e+05 7.67e+01 3.33e+01  -1.0 2.75e+02    -  1.88e-03 5.06e-02h  1
  87  1.5527925e+05 7.56e+01 3.31e+01  -1.0 2.42e+02    -  1.21e-02 1.53e-02h  1
  88  1.5728220e+05 7.27e+01 3.47e+01  -1.0 2.19e+02    -  3.77e-03 3.72e-02h  1
  89  1.5834192e+05 7.13e+01 3.33e+01  -1.0 1.68e+02    -  2.80e-02 2.03e-02h  1
iter    objective    inf_pr   inf_du lg(mu)  ||d||  lg(rg) alpha_du alpha_pr  ls
  90  1.6232264e+05 6.57e+01 3.70e+01  -1.0 1.28e+02    -  6.28e-03 7.80e-02h  1
  91  1.6526837e+05 6.15e+01 3.74e+01  -1.0 1.08e+02    -  3.52e-02 6.37e-02h  1
  92  1.6605472e+05 6.04e+01 3.31e+01  -1.0 9.10e+01    -  5.36e-02 1.81e-02h  1
  93  1.6799729e+05 5.77e+01 3.60e+01  -1.0 1.36e+02    -  1.89e-03 4.46e-02h  1
  94  1.6939757e+05 5.58e+01 3.75e+01  -1.0 8.62e+01    -  8.09e-03 3.32e-02h  1
  95  1.7186205e+05 5.24e+01 3.99e+01  -1.0 8.65e+01    -  1.75e-02 6.02e-02h  1
  96  1.7326661e+05 5.05e+01 3.50e+01  -1.0 8.75e+01    -  6.62e-02 3.64e-02h  1
  97  1.7386145e+05 4.97e+01 3.48e+01  -1.0 1.10e+02    -  1.30e-02 1.60e-02h  1
  98  1.7485039e+05 4.84e+01 3.70e+01  -1.0 1.08e+02    -  6.76e-04 2.65e-02h  1
  99  1.7584972e+05 4.71e+01 3.87e+01  -1.0 9.81e+01    -  1.01e-02 2.72e-02h  1
iter    objective    inf_pr   inf_du lg(mu)  ||d||  lg(rg) alpha_du alpha_pr  ls
 100  1.8049803e+05 4.11e+01 5.02e+01  -1.0 1.03e+02    -  8.49e-03 1.27e-01h  1
 101  1.8171713e+05 3.95e+01 4.37e+01  -1.0 1.19e+02    -  7.00e-02 3.78e-02h  1
 102  1.8408966e+05 3.66e+01 4.99e+01  -1.0 1.43e+02    -  1.10e-02 7.54e-02h  1
 103  1.8563227e+05 3.46e+01 4.72e+01  -1.0 1.58e+02    -  5.33e-02 5.27e-02h  1
 104  1.8600698e+05 3.42e+01 4.77e+01  -1.0 1.70e+02    -  6.83e-03 1.34e-02h  1
 105  1.8835227e+05 3.13e+01 5.68e+01  -1.0 1.67e+02    -  6.95e-03 8.50e-02h  1
 106  1.8895832e+05 3.05e+01 5.19e+01  -1.0 1.41e+02    -  4.33e-02 2.39e-02h  1
 107  1.8969339e+05 2.96e+01 5.55e+01  -1.0 2.08e+02    -  2.54e-03 2.98e-02h  1
 108  1.9085839e+05 2.82e+01 5.28e+01  -1.0 2.09e+02    -  4.85e-02 4.88e-02h  1
 109  1.9175853e+05 2.71e+01 4.09e+01  -1.0 1.95e+02    -  8.79e-02 3.95e-02h  1
iter    objective    inf_pr   inf_du lg(mu)  ||d||  lg(rg) alpha_du alpha_pr  ls
 110  1.9301613e+05 2.55e+01 4.63e+01  -1.0 1.87e+02    -  2.05e-02 5.72e-02h  1
 111  1.9359606e+05 2.48e+01 4.84e+01  -1.0 1.33e+02    -  1.24e-02 2.76e-02h  1
 112  1.9460480e+05 2.36e+01 3.48e+01  -1.0 1.18e+02    -  9.79e-02 4.91e-02h  1
 113  1.9586687e+05 2.21e+01 2.98e+01  -1.0 6.93e+01    -  7.54e-02 6.38e-02h  1
 114  1.9691539e+05 2.08e+01 2.65e+01  -1.0 6.78e+01    -  6.23e-02 5.61e-02h  1
 115  1.9866636e+05 1.87e+01 3.88e+01  -1.0 1.42e+02    -  4.62e-02 1.01e-01h  1
 116  2.0037886e+05 1.67e+01 4.31e+01  -1.0 1.52e+02    -  8.19e-02 1.10e-01h  1
 117  2.0209482e+05 1.46e+01 5.83e+01  -1.0 1.18e+02    -  6.46e-02 1.25e-01h  1
 118  2.0309114e+05 1.34e+01 1.98e+01  -1.0 9.80e+01    -  1.69e-01 8.29e-02h  1
 119  2.0657611e+05 9.19e+00 1.44e+02  -1.0 7.77e+01    -  5.81e-03 3.13e-01h  1
iter    objective    inf_pr   inf_du lg(mu)  ||d||  lg(rg) alpha_du alpha_pr  ls
 120  2.0847819e+05 6.94e+00 8.53e+01  -1.0 3.39e+01    -  2.82e-01 2.45e-01h  1
 121  2.1051588e+05 4.56e+00 1.91e+02  -1.0 2.34e+01    -  1.76e-01 3.43e-01h  1
 122  2.1240445e+05 2.36e+00 4.87e+02  -1.0 1.45e+01    -  1.69e-01 4.82e-01h  1
 123  2.1353451e+05 1.05e+00 8.82e+02  -1.0 1.16e+01    -  2.75e-01 5.53e-01h  1
 124  2.1398256e+05 5.38e-01 7.27e+02  -1.0 1.30e+01    -  7.10e-01 4.90e-01h  1
 125  2.1443354e+05 2.27e-02 4.76e+03  -1.0 2.40e+01    -  4.99e-01 9.58e-01h  1
 126  2.1443660e+05 1.93e-02 1.79e+05  -1.0 3.20e+01    -  8.91e-01 1.51e-01h  1
 127  2.1444174e+05 1.36e-02 2.02e+05  -1.0 6.11e+01    -  5.53e-01 2.94e-01h  1
 128  2.1444929e+05 5.34e-03 2.41e+05  -1.0 1.32e+01    -  1.00e+00 6.08e-01h  1
 129  2.1445301e+05 1.27e-03 3.08e+05  -1.0 2.24e+00    -  1.00e+00 7.62e-01h  1
iter    objective    inf_pr   inf_du lg(mu)  ||d||  lg(rg) alpha_du alpha_pr  ls
 130  2.1445355e+05 6.87e-04 2.56e+06  -1.0 6.71e-01    -  1.00e+00 4.59e-01h  1
 131  2.1445393e+05 2.72e-04 4.25e+06  -1.0 3.64e-01    -  1.00e+00 6.04e-01h  1
 132  2.1445407e+05 1.13e-04 1.04e+07  -1.0 1.44e-01    -  1.00e+00 5.84e-01h  1
 133  2.1445413e+05 4.69e-05 2.49e+07  -1.0 5.99e-02    -  1.00e+00 5.86e-01h  1
 134  2.1445416e+05 1.94e-05 6.00e+07  -1.0 2.48e-02    -  1.00e+00 5.86e-01h  1
 135  2.1445417e+05 8.05e-06 1.45e+08  -1.0 1.03e-02    -  1.00e+00 5.86e-01h  1
 136  2.1445417e+05 3.33e-06 3.49e+08  -1.0 4.26e-03    -  1.00e+00 5.86e-01h  1
 137  2.1445418e+05 1.38e-06 8.44e+08  -1.0 1.76e-03    -  1.00e+00 5.86e-01h  1
 138  2.1445418e+05 5.72e-07 2.04e+09  -1.0 7.30e-04    -  1.00e+00 5.86e-01h  1
 139  2.1445418e+05 2.37e-07 4.92e+09  -1.0 3.03e-04    -  1.00e+00 5.86e-01h  1
iter    objective    inf_pr   inf_du lg(mu)  ||d||  lg(rg) alpha_du alpha_pr  ls
 140  2.1445418e+05 9.81e-08 1.19e+10  -1.0 1.25e-04    -  1.00e+00 5.86e-01h  1
 141  2.1445418e+05 4.06e-08 2.87e+10  -1.0 5.19e-05    -  1.00e+00 5.86e-01h  1
 142  2.1445418e+05 1.68e-08 6.92e+10  -1.0 2.15e-05    -  1.00e+00 5.86e-01h  1
 143  2.1445418e+05 6.97e-09 1.67e+11  -1.0 8.91e-06    -  1.00e+00 5.86e-01h  1
 144  2.1445418e+05 2.89e-09 4.03e+11  -1.0 3.69e-06    -  1.00e+00 5.86e-01h  1
 145  2.1445418e+05 1.20e-09 9.74e+11  -1.0 1.53e-06    -  1.00e+00 5.86e-01h  1
 146  2.1445418e+05 4.96e-10 2.35e+12  -1.0 6.33e-07    -  1.00e+00 5.86e-01h  1
 147  2.1445418e+05 2.05e-10 5.67e+12  -1.0 2.62e-07    -  1.00e+00 5.86e-01h  1
 148  2.1445418e+05 8.50e-11 1.37e+13  -1.0 1.09e-07    -  1.00e+00 5.86e-01h  1
 149  2.1445418e+05 3.52e-11 3.31e+13  -1.0 4.50e-08    -  1.00e+00 5.86e-01h  1
In iteration 149, 6 Slacks too small, adjusting variable bounds
iter    objective    inf_pr   inf_du lg(mu)  ||d||  lg(rg) alpha_du alpha_pr  ls
 150  2.1445418e+05 1.46e-11 7.99e+13  -1.0 1.86e-08    -  1.00e+00 5.86e-01h  1
In iteration 150, 8 Slacks too small, adjusting variable bounds
 151  2.1445418e+05 5.80e-12 1.87e+14  -1.0 7.72e-09    -  1.00e+00 5.97e-01h  1
In iteration 151, 6 Slacks too small, adjusting variable bounds
 152  2.1445418e+05 2.39e-12 4.51e+14  -1.0 3.11e-09    -  1.00e+00 6.06e-01h  1
In iteration 152, 568 Slacks too small, adjusting variable bounds
 153  2.1445418e+05 6.82e-13 8.56e+14  -1.0 1.23e-09    -  1.00e+00 7.03e-01h  1
 154  2.1445418e+05 9.77e-14 1.00e+00  -1.0 3.62e-10    -  1.00e+00 1.00e+00h  1
In iteration 154, 1 Slack too small, adjusting variable bound
 155  2.1439797e+05 1.23e-13 8.14e+14 -12.0 2.32e+00    -  7.53e-01 7.15e-01f  1
 156  2.1438361e+05 1.14e-13 7.46e+14 -12.0 2.58e+00    -  4.34e-01 1.95e-01f  1
 157  2.1437730e+05 1.23e-13 4.63e+14 -12.0 3.59e-01    -  6.18e-01 4.33e-01f  1
 158  2.1437553e+05 1.14e-13 2.26e+14 -12.0 5.44e-02    -  5.86e-01 5.22e-01f  1
 159  2.1437471e+05 1.19e-13 7.42e+13 -12.0 2.34e-02    -  7.11e-01 6.78e-01f  1
iter    objective    inf_pr   inf_du lg(mu)  ||d||  lg(rg) alpha_du alpha_pr  ls
 160  2.1437451e+05 9.24e-14 2.71e+13 -12.0 9.90e-03    -  6.88e-01 6.41e-01f  1
 161  2.1437441e+05 1.15e-13 2.80e+12 -12.0 5.79e-03    -  5.61e-01 8.63e-01f  1
 162  2.1437440e+05 1.14e-13 3.70e+11 -12.0 2.22e-03    -  7.18e-01 8.19e-01f  1
 163  2.1437439e+05 3.47e-12 1.52e+11 -12.0 1.08e-03    -  6.84e-01 6.38e-01f  1
 164  2.1437439e+05 5.48e-12 3.00e+10 -12.0 6.41e-04    -  6.05e-01 7.15e-01f  1
 165  2.1437439e+05 1.58e-12 6.94e+09 -12.0 3.75e-04    -  6.20e-01 6.91e-01f  1
 166  2.1437439e+05 5.73e-11 1.35e+09 -12.0 2.43e-04    -  6.18e-01 7.69e-01f  1
 167  2.1437439e+05 4.21e-11 7.03e+08 -12.0 1.35e-04    -  6.37e-01 6.76e-01f  1
 168  2.1437439e+05 1.63e-10 4.02e+08 -12.0 7.95e-05    -  8.54e-01 5.71e-01f  1
 169  2.1437439e+05 1.48e-08 1.80e+08 -12.0 5.04e-05    -  3.69e-01 9.36e-01f  1
iter    objective    inf_pr   inf_du lg(mu)  ||d||  lg(rg) alpha_du alpha_pr  ls
 170  2.1437439e+05 3.28e-09 1.11e+08 -12.0 5.80e-05    -  4.83e-01 8.43e-01f  1
 171  2.1437439e+05 1.13e-09 1.04e+05 -12.0 1.54e-04    -  9.92e-01 8.80e-01h  1
 172  2.1437439e+05 1.12e-09 6.01e+05 -12.0 7.32e-03    -  6.58e-01 9.77e-04f 11
 173  2.1437439e+05 1.12e-09 6.01e+05 -12.0 1.68e-02    -  5.57e-04 1.12e-04h  8
In iteration 173, 2 Slacks too small, adjusting variable bounds
 174  2.1437439e+05 7.63e-10 1.97e+05 -12.0 1.42e-02    -  6.72e-01 3.20e-01h  1
 175  2.1437439e+05 8.01e-10 6.17e+05 -12.0 3.45e-02    -  6.88e-03 2.61e-04h  7
 176r 2.1437439e+05 8.01e-10 1.00e+03  -9.1 0.00e+00    -  0.00e+00 4.65e-14R 32
 177r 2.1437439e+05 5.63e-10 1.00e+03  -9.1 4.83e-04  -2.0 2.98e-04 2.98e-04f  1
 178  2.1437439e+05 5.62e-10 4.17e+05 -12.0 1.10e-07    -  6.36e-01 1.26e-03h  1
 179  2.1437439e+05 1.78e-10 2.14e+03 -12.0 1.11e-07    -  1.00e+00 6.83e-01f  1
In iteration 179, 1 Slack too small, adjusting variable bound
iter    objective    inf_pr   inf_du lg(mu)  ||d||  lg(rg) alpha_du alpha_pr  ls
 180  2.1437439e+05 1.30e-08 4.69e+03 -12.0 4.03e-07    -  1.00e+00 6.84e-01f  1
 181  2.1437439e+05 1.30e-08 1.01e+04 -12.0 8.40e-01    -  3.82e-01 2.29e-03h  1
 182  2.1437439e+05 1.29e-08 1.84e+04 -12.0 2.40e-01    -  1.00e+00 7.81e-03f  8
 183  2.1437439e+05 1.00e-10 7.28e-12 -12.0 5.41e-01    -  1.00e+00 1.00e+00h  1
In iteration 183, 1 Slack too small, adjusting variable bound
 184  2.1437439e+05 1.70e-11 7.87e+03 -12.0 5.70e-01    -  9.52e-01 8.31e-01h  1
 185  2.1437439e+05 1.07e-13 7.28e-12 -12.0 1.40e-01    -  1.00e+00 1.00e+00h  1

Number of Iterations....: 185

                                   (scaled)                 (unscaled)
Objective...............:   2.1437439157491023e+05    2.1437439157491023e+05
Dual infeasibility......:   7.2759576141834259e-12    7.2759576141834259e-12
Constraint violation....:   1.0658141036401503e-13    1.0658141036401503e-13
Complementarity.........:   1.8913894959919014e-12    1.8913894959919014e-12
Overall NLP error.......:   3.6216886980082898e-13    7.2759576141834259e-12


Number of objective function evaluations             = 252
Number of objective gradient evaluations             = 186
Number of equality constraint evaluations            = 252
Number of inequality constraint evaluations          = 252
Number of equality constraint Jacobian evaluations   = 187
Number of inequality constraint Jacobian evaluations = 187
Number of Lagrangian Hessian evaluations             = 185
Total CPU secs in IPOPT (w/o function evaluations)   =      1.129
Total CPU secs in NLP function evaluations           =      0.012

EXIT: Optimal Solution Found.

