Solver command line: ['C:\\Users\\Alexander\\AppData\\Local\\idaes\\bin\\ipopt.exe', 'C:\\Users\\ALEXAN~1\\AppData\\Local\\Temp\\tmp8eu78oid.pyomo.nl', '-AMPL', 'linear_solver=ma27', 'max_iter=3000', 'max_cpu_time=600.0', 'tol=1e-11', 'nlp_scaling_method=none', 'acceptable_tol=1e-10', 'bound_relax_factor=0.0', 'honor_original_bounds=yes', 'warm_start_init_point=no', 'print_level=5']

Ipopt 3.13.2: linear_solver=ma27
max_iter=3000
max_cpu_time=600.0
tol=1e-11
nlp_scaling_method=none
acceptable_tol=1e-10
bound_relax_factor=0.0
honor_original_bounds=yes
warm_start_init_point=no
print_level=5


******************************************************************************
This program contains Ipopt, a library for large-scale nonlinear optimization.
 Ipopt is released as open source code under the Eclipse Public License (EPL).
         For more information visit http://projects.coin-or.org/Ipopt

This version of Ipopt was compiled from source code available at
    https://github.com/IDAES/Ipopt as part of the Institute for the Design of
    Advanced Energy Systems Process Systems Engineering Framework (IDAES PSE
    Framework) Copyright (c) 2018-2019. See https://github.com/IDAES/idaes-pse.

This version of Ipopt was compiled using HSL, a collection of Fortran codes
    for large-scale scientific computation.  All technical papers, sales and
    publicity material resulting from use of the HSL codes within IPOPT must
    contain the following acknowledgement:
        HSL, a collection of Fortran codes for large-scale scientific
        computation. See http://www.hsl.rl.ac.uk.
******************************************************************************

This is Ipopt version 3.13.2, running with linear solver ma27.

Number of nonzeros in equality constraint Jacobian...:     4734
Number of nonzeros in inequality constraint Jacobian.:     4995
Number of nonzeros in Lagrangian Hessian.............:       72

Total number of variables............................:     2547
                     variables with only lower bounds:     2259
                variables with lower and upper bounds:        0
                     variables with only upper bounds:        0
Total number of equality constraints.................:      915
Total number of inequality constraints...............:     2691
        inequality constraints with only lower bounds:      216
   inequality constraints with lower and upper bounds:        0
        inequality constraints with only upper bounds:     2475

iter    objective    inf_pr   inf_du lg(mu)  ||d||  lg(rg) alpha_du alpha_pr  ls
   0  1.9512000e+02 5.62e+02 1.54e+01  -1.0 0.00e+00    -  0.00e+00 0.00e+00   0
   1  3.5475035e+02 5.62e+02 1.61e+01  -1.0 5.17e+02    -  2.28e-04 4.60e-04h  1
   2  1.4218277e+03 5.61e+02 1.71e+01  -1.0 5.62e+02    -  1.76e-04 2.67e-03h  1
   3  1.4447111e+03 5.60e+02 1.71e+01  -1.0 1.33e+03    -  3.40e-04 5.57e-04h  1
   4  1.4368481e+03 5.60e+02 1.71e+01  -1.0 1.22e+03    -  7.81e-04 8.66e-04f  1
   5  1.2175603e+03 5.59e+02 1.71e+01  -1.0 1.12e+03    -  8.71e-04 1.44e-03f  1
   6  8.4742877e+02 5.58e+02 1.71e+01  -1.0 9.40e+02    -  1.10e-03 1.92e-03f  1
   7  4.9283099e+02 5.57e+02 1.71e+01  -1.0 7.73e+02    -  1.73e-03 2.39e-03f  1
   8  1.6195639e+02 5.54e+02 1.70e+01  -1.0 6.26e+02    -  7.60e-03 5.24e-03f  1
   9  1.1149229e+02 5.47e+02 1.68e+01  -1.0 6.26e+02    -  2.25e-02 1.22e-02f  1
iter    objective    inf_pr   inf_du lg(mu)  ||d||  lg(rg) alpha_du alpha_pr  ls
  10  1.1142909e+02 4.98e+02 1.53e+01  -1.0 6.17e+02    -  6.96e-02 9.05e-02f  1
  11  1.1714442e+02 4.84e+02 1.49e+01  -1.0 5.80e+02    -  1.43e-02 2.75e-02h  1
  12  2.9500003e+02 4.80e+02 1.67e+01  -1.0 5.28e+02    -  1.12e-04 7.37e-03h  1
  13  7.3334861e+02 4.72e+02 1.67e+01  -1.0 5.71e+02    -  6.01e-03 1.69e-02h  1
  14  1.4241175e+03 4.63e+02 1.69e+01  -1.0 5.61e+02    -  3.24e-04 1.89e-02h  1
  15  1.4963935e+03 4.62e+02 1.72e+01  -1.0 5.52e+02    -  6.74e-04 1.75e-03h  1
  16  1.9171595e+03 4.58e+02 1.74e+01  -1.0 5.52e+02    -  5.89e-04 8.98e-03h  1
  17  2.1097311e+03 4.57e+02 1.87e+01  -1.0 5.56e+02    -  9.84e-04 3.52e-03h  1
  18  3.0146041e+03 4.49e+02 1.87e+01  -1.0 5.44e+02    -  3.29e-03 1.63e-02h  1
  19  3.1192207e+03 4.48e+02 1.87e+01  -1.0 5.95e+02    -  6.77e-04 1.60e-03h  1
iter    objective    inf_pr   inf_du lg(mu)  ||d||  lg(rg) alpha_du alpha_pr  ls
  20  3.6357420e+03 4.45e+02 1.88e+01  -1.0 5.35e+02    -  3.78e-04 6.80e-03h  1
  21  4.2234495e+03 4.42e+02 1.92e+01  -1.0 5.33e+02    -  1.86e-03 7.00e-03h  1
  22  5.0276749e+03 4.38e+02 1.94e+01  -1.0 5.29e+02    -  1.35e-03 8.90e-03h  1
  23  5.5777257e+03 4.36e+02 1.94e+01  -1.0 5.23e+02    -  3.62e-03 6.07e-03h  1
  24  6.5374964e+03 4.32e+02 1.94e+01  -1.0 5.20e+02    -  2.50e-04 9.51e-03h  1
  25  7.1209370e+03 4.29e+02 1.94e+01  -1.0 5.16e+02    -  1.45e-03 5.49e-03h  1
  26  8.2986033e+03 4.24e+02 1.93e+01  -1.0 5.12e+02    -  5.69e-03 1.11e-02h  1
  27  9.0905922e+03 4.21e+02 1.94e+01  -1.0 5.06e+02    -  6.49e-04 6.93e-03h  1
  28  1.0503332e+04 4.16e+02 1.94e+01  -1.0 5.03e+02    -  2.04e-03 1.19e-02h  1
  29  1.0865113e+04 4.15e+02 1.94e+01  -1.0 4.97e+02    -  9.70e-04 2.95e-03h  1
iter    objective    inf_pr   inf_du lg(mu)  ||d||  lg(rg) alpha_du alpha_pr  ls
  30  1.8296465e+04 3.90e+02 1.97e+01  -1.0 4.95e+02    -  2.45e-03 6.03e-02h  1
  31  1.8711307e+04 3.89e+02 1.96e+01  -1.0 5.42e+02    -  2.70e-03 3.59e-03h  1
  32  1.9874990e+04 3.85e+02 1.97e+01  -1.0 4.63e+02    -  1.56e-03 9.89e-03h  1
  33  2.0567090e+04 3.83e+02 1.97e+01  -1.0 4.91e+02    -  1.78e-03 5.85e-03h  1
  34  2.6219855e+04 3.64e+02 2.07e+01  -1.0 4.49e+02    -  5.29e-03 4.80e-02h  1
  35  2.6467393e+04 3.64e+02 2.07e+01  -1.0 4.48e+02    -  1.50e-03 2.18e-03h  1
  36  2.9133808e+04 3.55e+02 2.13e+01  -1.0 4.29e+02    -  1.66e-03 2.34e-02h  1
  37  3.0163890e+04 3.52e+02 2.13e+01  -1.0 4.89e+02    -  4.50e-03 9.19e-03h  1
  38  3.1858541e+04 3.46e+02 2.14e+01  -1.0 4.07e+02    -  5.90e-03 1.50e-02h  1
  39  3.3438009e+04 3.42e+02 2.15e+01  -1.0 4.07e+02    -  5.75e-03 1.40e-02h  1
iter    objective    inf_pr   inf_du lg(mu)  ||d||  lg(rg) alpha_du alpha_pr  ls
  40  3.3572917e+04 3.41e+02 2.15e+01  -1.0 4.04e+02    -  6.45e-04 1.17e-03h  1
  41  3.6565302e+04 3.33e+02 2.23e+01  -1.0 4.02e+02    -  1.70e-04 2.49e-02h  1
  42  3.8222875e+04 3.28e+02 2.24e+01  -1.0 3.87e+02    -  7.02e-03 1.39e-02h  1
  43  3.8963364e+04 3.26e+02 2.20e+01  -1.0 3.67e+02    -  9.52e-03 6.26e-03h  1
  44  4.1054838e+04 3.21e+02 2.26e+01  -1.0 3.64e+02    -  8.90e-05 1.68e-02h  1
  45  4.5291381e+04 3.10e+02 2.31e+01  -1.0 3.62e+02    -  1.13e-02 3.39e-02h  1
  46  4.8980744e+04 3.00e+02 2.35e+01  -1.0 3.50e+02    -  8.34e-03 3.00e-02h  1
  47  5.4958793e+04 2.85e+02 2.45e+01  -1.0 3.39e+02    -  1.07e-02 4.99e-02h  1
  48  5.6497855e+04 2.82e+02 2.46e+01  -1.0 3.25e+02    -  4.28e-03 1.34e-02h  1
  49  5.9086595e+04 2.75e+02 2.48e+01  -1.0 3.22e+02    -  9.62e-03 2.29e-02h  1
iter    objective    inf_pr   inf_du lg(mu)  ||d||  lg(rg) alpha_du alpha_pr  ls
  50  6.2412092e+04 2.67e+02 2.53e+01  -1.0 3.10e+02    -  5.89e-03 2.97e-02h  1
  51  6.5006574e+04 2.61e+02 2.55e+01  -1.0 3.22e+02    -  9.08e-03 2.38e-02h  1
  52  6.9642083e+04 2.49e+02 2.60e+01  -1.0 3.77e+02    -  1.10e-02 4.33e-02h  1
  53  7.1937194e+04 2.44e+02 2.63e+01  -1.0 4.52e+02    -  4.85e-03 2.20e-02h  1
  54  7.5457667e+04 2.35e+02 2.68e+01  -1.0 4.71e+02    -  8.00e-03 3.43e-02h  1
  55  7.9467439e+04 2.26e+02 2.65e+01  -1.0 4.78e+02    -  2.45e-02 4.04e-02h  1
  56  8.3478559e+04 2.16e+02 2.73e+01  -1.0 4.28e+02    -  3.11e-03 4.20e-02h  1
  57  8.3691974e+04 2.16e+02 2.71e+01  -1.0 4.15e+02    -  4.60e-03 2.33e-03h  1
  58  8.4867061e+04 2.13e+02 2.74e+01  -1.0 4.22e+02    -  8.13e-05 1.23e-02h  1
  59  8.9395144e+04 2.03e+02 2.76e+01  -1.0 4.35e+02    -  1.72e-02 4.77e-02h  1
iter    objective    inf_pr   inf_du lg(mu)  ||d||  lg(rg) alpha_du alpha_pr  ls
  60  9.2589797e+04 1.96e+02 2.78e+01  -1.0 4.73e+02    -  9.82e-03 3.50e-02h  1
  61  9.6232304e+04 1.88e+02 2.77e+01  -1.0 4.57e+02    -  1.95e-02 4.12e-02h  1
  62  9.9445903e+04 1.81e+02 2.78e+01  -1.0 4.09e+02    -  1.23e-02 3.78e-02h  1
  63  9.9940318e+04 1.80e+02 2.61e+01  -1.0 3.59e+02    -  3.97e-02 6.07e-03h  1
  64  1.0035430e+05 1.79e+02 2.61e+01  -1.0 3.88e+02    -  2.22e-03 5.10e-03h  1
  65  1.0623777e+05 1.66e+02 2.73e+01  -1.0 3.82e+02    -  2.39e-04 7.00e-02h  1
  66  1.0675989e+05 1.65e+02 2.73e+01  -1.0 3.66e+02    -  3.72e-03 6.56e-03h  1
  67  1.0857919e+05 1.61e+02 2.75e+01  -1.0 3.59e+02    -  4.06e-03 2.27e-02h  1
  68  1.0927706e+05 1.60e+02 2.75e+01  -1.0 3.46e+02    -  3.48e-03 8.74e-03h  1
  69  1.1179036e+05 1.55e+02 2.77e+01  -1.0 3.39e+02    -  5.06e-03 3.15e-02h  1
iter    objective    inf_pr   inf_du lg(mu)  ||d||  lg(rg) alpha_du alpha_pr  ls
  70  1.1502998e+05 1.49e+02 2.79e+01  -1.0 3.18e+02    -  9.82e-03 4.15e-02h  1
  71  1.1674276e+05 1.45e+02 2.79e+01  -1.0 2.92e+02    -  8.11e-03 2.27e-02h  1
  72  1.2013567e+05 1.39e+02 2.74e+01  -1.0 2.77e+02    -  2.76e-02 4.58e-02h  1
  73  1.2231817e+05 1.34e+02 2.85e+01  -1.0 2.87e+02    -  3.95e-03 3.06e-02h  1
  74  1.3004433e+05 1.19e+02 3.23e+01  -1.0 2.78e+02    -  1.93e-02 1.10e-01h  1
  75  1.3325898e+05 1.14e+02 3.22e+01  -1.0 3.58e+02    -  2.65e-02 4.80e-02h  1
  76  1.3362211e+05 1.13e+02 3.22e+01  -1.0 2.82e+02    -  2.11e-03 5.46e-03h  1
  77  1.3582537e+05 1.09e+02 3.29e+01  -1.0 2.73e+02    -  6.26e-03 3.32e-02h  1
  78  1.3820813e+05 1.05e+02 3.22e+01  -1.0 2.23e+02    -  2.88e-02 3.67e-02h  1
  79  1.3997338e+05 1.02e+02 3.22e+01  -1.0 2.60e+02    -  1.32e-02 2.80e-02h  1
iter    objective    inf_pr   inf_du lg(mu)  ||d||  lg(rg) alpha_du alpha_pr  ls
  80  1.4082994e+05 1.01e+02 3.24e+01  -1.0 2.49e+02    -  4.42e-03 1.38e-02h  1
  81  1.4693149e+05 9.09e+01 3.54e+01  -1.0 2.34e+02    -  6.98e-03 9.95e-02h  1
  82  1.4712493e+05 9.06e+01 3.52e+01  -1.0 1.89e+02    -  5.55e-03 3.45e-03h  1
  83  1.5000106e+05 8.60e+01 3.70e+01  -1.0 1.87e+02    -  1.34e-03 5.12e-02h  1
  84  1.5042714e+05 8.53e+01 3.31e+01  -1.0 1.68e+02    -  5.47e-02 7.96e-03h  1
  85  1.5143399e+05 8.37e+01 3.39e+01  -1.0 1.57e+02    -  2.02e-04 1.84e-02h  1
  86  1.5327645e+05 8.09e+01 3.28e+01  -1.0 1.52e+02    -  3.41e-02 3.39e-02h  1
  87  1.5627759e+05 7.63e+01 3.53e+01  -1.0 1.39e+02    -  1.60e-03 5.64e-02h  1
  88  1.5664224e+05 7.58e+01 3.51e+01  -1.0 1.28e+02    -  6.29e-03 7.19e-03h  1
  89  1.5777967e+05 7.41e+01 3.59e+01  -1.0 1.26e+02    -  3.22e-03 2.25e-02h  1
iter    objective    inf_pr   inf_du lg(mu)  ||d||  lg(rg) alpha_du alpha_pr  ls
  90  1.6011648e+05 7.06e+01 3.74e+01  -1.0 1.20e+02    -  9.90e-03 4.70e-02h  1
  91  1.6189046e+05 6.80e+01 3.56e+01  -1.0 1.10e+02    -  4.19e-02 3.73e-02h  1
  92  1.6317578e+05 6.61e+01 3.67e+01  -1.0 9.66e+01    -  5.10e-03 2.76e-02h  1
  93  1.6323608e+05 6.60e+01 3.66e+01  -1.0 9.17e+01    -  1.82e-03 1.31e-03h  1
  94  1.6667458e+05 6.11e+01 4.08e+01  -1.0 9.09e+01    -  7.03e-04 7.44e-02h  1
  95  1.6768098e+05 5.97e+01 3.22e+01  -1.0 8.82e+01    -  9.93e-02 2.33e-02h  1
  96  1.6975318e+05 5.68e+01 3.55e+01  -1.0 1.21e+02    -  6.94e-04 4.78e-02h  1
  97  1.7103069e+05 5.51e+01 3.60e+01  -1.0 1.06e+02    -  1.61e-02 3.04e-02h  1
  98  1.7251073e+05 5.31e+01 3.77e+01  -1.0 1.04e+02    -  8.70e-03 3.64e-02h  1
  99  1.7341469e+05 5.19e+01 3.45e+01  -1.0 1.32e+02    -  4.37e-02 2.28e-02h  1
iter    objective    inf_pr   inf_du lg(mu)  ||d||  lg(rg) alpha_du alpha_pr  ls
 100  1.7509366e+05 4.96e+01 3.79e+01  -1.0 1.15e+02    -  1.22e-03 4.32e-02h  1
 101  1.7564494e+05 4.89e+01 3.65e+01  -1.0 1.18e+02    -  2.17e-02 1.47e-02h  1
 102  1.7688848e+05 4.73e+01 3.98e+01  -1.0 1.23e+02    -  9.86e-04 3.32e-02h  1
 103  1.7896495e+05 4.46e+01 4.53e+01  -1.0 1.26e+02    -  1.26e-02 5.70e-02h  1
 104  1.8643336e+05 3.49e+01 5.58e+01  -1.0 1.31e+02    -  6.22e-02 2.17e-01h  1
 105  1.8661247e+05 3.47e+01 5.38e+01  -1.0 1.60e+02    -  1.68e-02 6.60e-03h  1
 106  1.8979310e+05 3.06e+01 6.68e+01  -1.0 1.57e+02    -  1.80e-03 1.17e-01h  1
 107  1.8988034e+05 3.05e+01 6.53e+01  -1.0 9.31e+01    -  1.05e-02 3.58e-03h  1
 108  1.9165579e+05 2.83e+01 7.40e+01  -1.0 8.25e+01    -  1.62e-03 7.25e-02h  1
 109  1.9295581e+05 2.67e+01 7.38e+01  -1.0 9.71e+01    -  3.70e-02 5.65e-02h  1
iter    objective    inf_pr   inf_du lg(mu)  ||d||  lg(rg) alpha_du alpha_pr  ls
 110  1.9352707e+05 2.60e+01 6.95e+01  -1.0 1.80e+02    -  3.78e-02 2.70e-02h  1
 111  1.9398468e+05 2.54e+01 7.12e+01  -1.0 1.74e+02    -  7.41e-03 2.21e-02h  1
 112  1.9529043e+05 2.38e+01 7.81e+01  -1.0 1.66e+02    -  1.40e-02 6.44e-02h  1
 113  1.9626322e+05 2.25e+01 7.18e+01  -1.0 1.47e+02    -  6.04e-02 5.10e-02h  1
 114  1.9940662e+05 1.87e+01 8.95e+01  -1.0 1.22e+02    -  5.58e-02 1.73e-01h  1
 115  2.0046198e+05 1.74e+01 5.50e+01  -1.0 8.05e+01    -  1.60e-01 6.84e-02h  1
 116  2.0321980e+05 1.41e+01 1.07e+02  -1.0 5.05e+01    -  3.01e-03 1.91e-01h  1
 117  2.0370304e+05 1.35e+01 7.49e+01  -1.0 5.42e+01    -  1.08e-01 4.12e-02h  1
 118  2.0448686e+05 1.26e+01 9.59e+01  -1.0 3.15e+01    -  8.65e-03 6.93e-02h  1
 119  2.0931273e+05 6.80e+00 1.85e+02  -1.0 2.83e+01    -  1.64e-01 4.58e-01h  1
iter    objective    inf_pr   inf_du lg(mu)  ||d||  lg(rg) alpha_du alpha_pr  ls
 120  2.1192558e+05 3.68e+00 1.17e+02  -1.0 1.51e+01    -  4.38e-01 4.58e-01h  1
 121  2.1210653e+05 3.47e+00 6.06e+02  -1.0 9.27e+00    -  5.25e-01 5.85e-02h  1
 122  2.1402488e+05 1.18e+00 1.71e+02  -1.0 1.76e+01    -  4.26e-01 6.58e-01h  1
 123  2.1440712e+05 7.31e-01 9.56e+02  -1.0 1.39e+01    -  6.06e-01 3.83e-01h  1
 124  2.1468681e+05 4.00e-01 2.90e+02  -1.0 2.76e+01    -  4.22e-01 4.53e-01h  1
 125  2.1482837e+05 2.34e-01 4.85e+03  -1.0 3.43e+01    -  7.48e-01 4.15e-01h  1
 126  2.1495731e+05 8.53e-02 2.26e+03  -1.0 4.92e+01    -  4.68e-01 6.35e-01h  1
 127  2.1503057e+05 1.02e-03 7.58e+02  -1.0 1.54e+01    -  1.00e+00 9.88e-01h  1
 128  2.1503067e+05 9.04e-04 4.92e+06  -1.0 1.01e+01    -  1.00e+00 1.11e-01h  1
 129  2.1503118e+05 3.26e-04 4.02e+06  -1.0 1.07e+01    -  1.00e+00 6.39e-01h  1
iter    objective    inf_pr   inf_du lg(mu)  ||d||  lg(rg) alpha_du alpha_pr  ls
 130  2.1503135e+05 1.37e-04 8.93e+06  -1.0 4.16e+00    -  1.00e+00 5.80e-01h  1
 131  2.1503142e+05 5.67e-05 2.07e+07  -1.0 1.77e+00    -  1.00e+00 5.86e-01h  1
 132  2.1503145e+05 2.35e-05 4.97e+07  -1.0 7.33e-01    -  1.00e+00 5.86e-01h  1
 133  2.1503146e+05 9.72e-06 1.20e+08  -1.0 3.04e-01    -  1.00e+00 5.86e-01h  1
 134  2.1503147e+05 4.03e-06 2.89e+08  -1.0 1.26e-01    -  1.00e+00 5.86e-01h  1
 135  2.1503147e+05 1.67e-06 6.98e+08  -1.0 5.21e-02    -  1.00e+00 5.86e-01h  1
 136  2.1503147e+05 6.91e-07 1.69e+09  -1.0 2.16e-02    -  1.00e+00 5.86e-01h  1
 137  2.1503147e+05 2.86e-07 4.07e+09  -1.0 8.94e-03    -  1.00e+00 5.86e-01h  1
 138  2.1503147e+05 1.19e-07 9.82e+09  -1.0 3.70e-03    -  1.00e+00 5.86e-01h  1
 139  2.1503147e+05 4.91e-08 2.37e+10  -1.0 1.53e-03    -  1.00e+00 5.86e-01h  1
iter    objective    inf_pr   inf_du lg(mu)  ||d||  lg(rg) alpha_du alpha_pr  ls
 140  2.1503147e+05 2.03e-08 5.73e+10  -1.0 6.35e-04    -  1.00e+00 5.86e-01h  1
 141  2.1503147e+05 8.43e-09 1.38e+11  -1.0 2.63e-04    -  1.00e+00 5.86e-01h  1
 142  2.1503147e+05 3.49e-09 3.34e+11  -1.0 1.09e-04    -  1.00e+00 5.86e-01h  1
 143  2.1503147e+05 1.45e-09 8.06e+11  -1.0 4.51e-05    -  1.00e+00 5.86e-01h  1
 144  2.1503147e+05 5.99e-10 1.95e+12  -1.0 1.87e-05    -  1.00e+00 5.86e-01h  1
 145  2.1503147e+05 2.48e-10 4.70e+12  -1.0 7.75e-06    -  1.00e+00 5.86e-01h  1
 146  2.1503147e+05 1.03e-10 1.13e+13  -1.0 3.21e-06    -  1.00e+00 5.86e-01h  1
 147  2.1503147e+05 4.26e-11 2.74e+13  -1.0 1.33e-06    -  1.00e+00 5.86e-01h  1
In iteration 147, 2 Slacks too small, adjusting variable bounds
 148  2.1503147e+05 1.76e-11 6.61e+13  -1.0 5.51e-07    -  1.00e+00 5.86e-01h  1
In iteration 148, 6 Slacks too small, adjusting variable bounds
 149  2.1503147e+05 5.91e-12 1.31e+14  -1.0 2.28e-07    -  1.00e+00 6.60e-01h  1
In iteration 149, 18 Slacks too small, adjusting variable bounds
iter    objective    inf_pr   inf_du lg(mu)  ||d||  lg(rg) alpha_du alpha_pr  ls
 150  2.1503147e+05 2.50e-12 4.46e+14  -1.0 7.75e-08    -  1.00e+00 5.83e-01h  1
In iteration 150, 250 Slacks too small, adjusting variable bounds
 151  2.1503147e+05 9.09e-13 1.50e+15  -1.0 3.23e-08    -  1.00e+00 6.32e-01h  1
 152  2.1503147e+05 1.15e-13 1.00e+00  -1.0 1.19e-08    -  1.00e+00 1.00e+00h  1
 153  2.1497933e+05 1.14e-13 9.95e+14 -12.0 5.80e-01    -  6.19e-01 6.84e-01f  1
In iteration 153, 1 Slack too small, adjusting variable bound
 154  2.1496405e+05 1.14e-13 9.41e+14 -12.0 6.46e-01    -  5.23e-01 1.85e-01f  1
 155  2.1495705e+05 1.14e-13 4.53e+14 -12.0 1.06e-01    -  5.82e-01 5.29e-01f  1
In iteration 155, 1 Slack too small, adjusting variable bound
 156  2.1495631e+05 1.46e-13 3.35e+14 -12.0 5.84e-02    -  6.25e-01 3.15e-01f  1
 157  2.1495531e+05 1.14e-13 9.07e+13 -12.0 4.44e-02    -  6.19e-01 7.20e-01f  1
 158  2.1495511e+05 1.83e-13 3.25e+13 -12.0 1.87e-02    -  6.56e-01 6.43e-01f  1
 159  2.1495503e+05 3.48e-13 9.76e+12 -12.0 1.10e-02    -  7.13e-01 7.02e-01f  1
iter    objective    inf_pr   inf_du lg(mu)  ||d||  lg(rg) alpha_du alpha_pr  ls
 160  2.1495501e+05 1.54e-13 2.99e+12 -12.0 6.92e-03    -  5.39e-01 6.77e-01f  1
 161  2.1495500e+05 4.85e-12 6.97e+11 -12.0 4.29e-03    -  6.10e-01 7.44e-01f  1
 162  2.1495499e+05 3.77e-11 2.37e+11 -12.0 2.18e-03    -  7.00e-01 6.68e-01f  1
 163  2.1495499e+05 1.40e-10 6.60e+10 -12.0 1.26e-03    -  6.46e-01 7.07e-01f  1
 164  2.1495499e+05 4.27e-11 1.46e+10 -12.0 6.28e-04    -  6.12e-01 7.46e-01f  1
 165  2.1495499e+05 3.01e-10 1.46e+09 -12.0 3.13e-04    -  4.41e-01 8.56e-01f  1
 166  2.1495499e+05 5.55e-10 3.75e+08 -12.0 1.23e-04    -  6.82e-01 5.22e-01f  1
 167  2.1495499e+05 1.05e-09 5.22e+08 -12.0 8.68e-05    -  4.30e-01 2.12e-01h  1
 168  2.1495499e+05 9.22e-10 3.54e+08 -12.0 7.99e-05    -  6.74e-01 5.08e-01h  1
 169  2.1495499e+05 1.33e-09 2.22e+08 -12.0 6.19e-05    -  3.79e-01 3.75e-01h  1
iter    objective    inf_pr   inf_du lg(mu)  ||d||  lg(rg) alpha_du alpha_pr  ls
 170  2.1495499e+05 7.28e-08 1.17e+07 -12.0 7.02e-05    -  6.15e-01 8.31e-01f  1
 171  2.1495499e+05 3.58e-07 1.23e+07 -12.0 3.50e-04    -  6.98e-01 8.79e-01h  1
 172  2.1495499e+05 3.61e-07 8.85e+05 -12.0 8.70e-04    -  8.03e-01 4.81e-01h  1
 173  2.1495499e+05 3.59e-07 2.70e+04 -12.0 1.23e-05  -4.0 9.70e-01 5.59e-03h  8
 174  2.1495499e+05 5.67e-09 2.02e+05 -12.0 7.05e-02    -  9.49e-01 1.00e+00h  1
 175  2.1495499e+05 1.31e-13 3.27e-11 -12.0 2.52e-01    -  1.00e+00 1.00e+00h  1

Number of Iterations....: 175

                                   (scaled)                 (unscaled)
Objective...............:   2.1495499275123069e+05    2.1495499275123069e+05
Dual infeasibility......:   3.2741809263825417e-11    3.2741809263825417e-11
Constraint violation....:   1.3145040611561853e-13    1.3145040611561853e-13
Complementarity.........:   1.1411948985953789e-10    1.1411948985953789e-10
Overall NLP error.......:   9.0238710945882922e-12    1.1411948985953789e-10


Number of objective function evaluations             = 183
Number of objective gradient evaluations             = 176
Number of equality constraint evaluations            = 183
Number of inequality constraint evaluations          = 183
Number of equality constraint Jacobian evaluations   = 176
Number of inequality constraint Jacobian evaluations = 176
Number of Lagrangian Hessian evaluations             = 175
Total CPU secs in IPOPT (w/o function evaluations)   =      0.941
Total CPU secs in NLP function evaluations           =      0.009

EXIT: Optimal Solution Found.

