Solver command line: ['C:\\Users\\Alexander\\AppData\\Local\\idaes\\bin\\ipopt.exe', 'C:\\Users\\ALEXAN~1\\AppData\\Local\\Temp\\tmp3tl9q2gm.pyomo.nl', '-AMPL', 'linear_solver=ma27', 'max_iter=3000', 'max_cpu_time=600.0', 'tol=1e-11', 'nlp_scaling_method=none', 'acceptable_tol=1e-10', 'bound_relax_factor=0.0', 'honor_original_bounds=yes', 'warm_start_init_point=no', 'print_level=5']

Ipopt 3.13.2: linear_solver=ma27
max_iter=3000
max_cpu_time=600.0
tol=1e-11
nlp_scaling_method=none
acceptable_tol=1e-10
bound_relax_factor=0.0
honor_original_bounds=yes
warm_start_init_point=no
print_level=5


******************************************************************************
This program contains Ipopt, a library for large-scale nonlinear optimization.
 Ipopt is released as open source code under the Eclipse Public License (EPL).
         For more information visit http://projects.coin-or.org/Ipopt

This version of Ipopt was compiled from source code available at
    https://github.com/IDAES/Ipopt as part of the Institute for the Design of
    Advanced Energy Systems Process Systems Engineering Framework (IDAES PSE
    Framework) Copyright (c) 2018-2019. See https://github.com/IDAES/idaes-pse.

This version of Ipopt was compiled using HSL, a collection of Fortran codes
    for large-scale scientific computation.  All technical papers, sales and
    publicity material resulting from use of the HSL codes within IPOPT must
    contain the following acknowledgement:
        HSL, a collection of Fortran codes for large-scale scientific
        computation. See http://www.hsl.rl.ac.uk.
******************************************************************************

This is Ipopt version 3.13.2, running with linear solver ma27.

Number of nonzeros in equality constraint Jacobian...:     4734
Number of nonzeros in inequality constraint Jacobian.:     4995
Number of nonzeros in Lagrangian Hessian.............:       72

Total number of variables............................:     2547
                     variables with only lower bounds:     2259
                variables with lower and upper bounds:        0
                     variables with only upper bounds:        0
Total number of equality constraints.................:      915
Total number of inequality constraints...............:     2691
        inequality constraints with only lower bounds:      216
   inequality constraints with lower and upper bounds:        0
        inequality constraints with only upper bounds:     2475

iter    objective    inf_pr   inf_du lg(mu)  ||d||  lg(rg) alpha_du alpha_pr  ls
   0  1.9512000e+02 5.62e+02 1.54e+01  -1.0 0.00e+00    -  0.00e+00 0.00e+00   0
   1  3.5475050e+02 5.62e+02 1.61e+01  -1.0 5.17e+02    -  2.28e-04 4.60e-04h  1
   2  1.4218277e+03 5.61e+02 1.71e+01  -1.0 5.62e+02    -  1.76e-04 2.67e-03h  1
   3  1.4447107e+03 5.60e+02 1.71e+01  -1.0 1.33e+03    -  3.40e-04 5.57e-04h  1
   4  1.4368477e+03 5.60e+02 1.71e+01  -1.0 1.22e+03    -  7.81e-04 8.66e-04f  1
   5  1.2175600e+03 5.59e+02 1.71e+01  -1.0 1.12e+03    -  8.71e-04 1.44e-03f  1
   6  8.4742841e+02 5.58e+02 1.71e+01  -1.0 9.40e+02    -  1.10e-03 1.92e-03f  1
   7  4.9283015e+02 5.57e+02 1.71e+01  -1.0 7.73e+02    -  1.73e-03 2.39e-03f  1
   8  1.6195634e+02 5.54e+02 1.70e+01  -1.0 6.26e+02    -  7.60e-03 5.24e-03f  1
   9  1.1149207e+02 5.47e+02 1.68e+01  -1.0 6.26e+02    -  2.25e-02 1.22e-02f  1
iter    objective    inf_pr   inf_du lg(mu)  ||d||  lg(rg) alpha_du alpha_pr  ls
  10  1.1142766e+02 4.98e+02 1.53e+01  -1.0 6.17e+02    -  6.96e-02 9.05e-02f  1
  11  1.1714279e+02 4.84e+02 1.49e+01  -1.0 5.80e+02    -  1.43e-02 2.75e-02h  1
  12  2.9499808e+02 4.80e+02 1.67e+01  -1.0 5.28e+02    -  1.12e-04 7.37e-03h  1
  13  7.3334740e+02 4.72e+02 1.67e+01  -1.0 5.71e+02    -  6.01e-03 1.69e-02h  1
  14  1.4241149e+03 4.63e+02 1.69e+01  -1.0 5.61e+02    -  3.24e-04 1.89e-02h  1
  15  1.4963886e+03 4.62e+02 1.72e+01  -1.0 5.52e+02    -  6.74e-04 1.75e-03h  1
  16  1.9171576e+03 4.58e+02 1.74e+01  -1.0 5.52e+02    -  5.89e-04 8.98e-03h  1
  17  2.1097235e+03 4.57e+02 1.87e+01  -1.0 5.56e+02    -  9.84e-04 3.52e-03h  1
  18  3.0146019e+03 4.49e+02 1.87e+01  -1.0 5.44e+02    -  3.29e-03 1.63e-02h  1
  19  3.1192135e+03 4.48e+02 1.87e+01  -1.0 5.95e+02    -  6.77e-04 1.60e-03h  1
iter    objective    inf_pr   inf_du lg(mu)  ||d||  lg(rg) alpha_du alpha_pr  ls
  20  3.6357298e+03 4.45e+02 1.88e+01  -1.0 5.35e+02    -  3.78e-04 6.80e-03h  1
  21  4.2234416e+03 4.42e+02 1.92e+01  -1.0 5.33e+02    -  1.86e-03 7.00e-03h  1
  22  5.0275469e+03 4.38e+02 1.94e+01  -1.0 5.29e+02    -  1.35e-03 8.90e-03h  1
  23  5.5777133e+03 4.36e+02 1.94e+01  -1.0 5.23e+02    -  3.62e-03 6.08e-03h  1
  24  6.5375042e+03 4.32e+02 1.94e+01  -1.0 5.20e+02    -  2.50e-04 9.51e-03h  1
  25  7.1210063e+03 4.29e+02 1.94e+01  -1.0 5.16e+02    -  1.45e-03 5.49e-03h  1
  26  8.2986118e+03 4.24e+02 1.93e+01  -1.0 5.12e+02    -  5.69e-03 1.11e-02h  1
  27  9.0906827e+03 4.21e+02 1.94e+01  -1.0 5.06e+02    -  6.49e-04 6.93e-03h  1
  28  1.0503375e+04 4.16e+02 1.94e+01  -1.0 5.03e+02    -  2.04e-03 1.19e-02h  1
  29  1.0865218e+04 4.15e+02 1.94e+01  -1.0 4.97e+02    -  9.70e-04 2.95e-03h  1
iter    objective    inf_pr   inf_du lg(mu)  ||d||  lg(rg) alpha_du alpha_pr  ls
  30  1.8296392e+04 3.90e+02 1.97e+01  -1.0 4.95e+02    -  2.45e-03 6.03e-02h  1
  31  1.8711127e+04 3.89e+02 1.96e+01  -1.0 5.42e+02    -  2.69e-03 3.58e-03h  1
  32  1.9874957e+04 3.85e+02 1.97e+01  -1.0 4.63e+02    -  1.56e-03 9.89e-03h  1
  33  2.0566830e+04 3.83e+02 1.97e+01  -1.0 4.91e+02    -  1.78e-03 5.85e-03h  1
  34  2.6219874e+04 3.64e+02 2.07e+01  -1.0 4.49e+02    -  5.29e-03 4.80e-02h  1
  35  2.6467398e+04 3.64e+02 2.07e+01  -1.0 4.48e+02    -  1.50e-03 2.18e-03h  1
  36  2.9133551e+04 3.55e+02 2.13e+01  -1.0 4.29e+02    -  1.66e-03 2.34e-02h  1
  37  3.0162846e+04 3.52e+02 2.13e+01  -1.0 4.88e+02    -  4.50e-03 9.18e-03h  1
  38  3.1858002e+04 3.46e+02 2.14e+01  -1.0 4.07e+02    -  5.90e-03 1.50e-02h  1
  39  3.3438045e+04 3.42e+02 2.15e+01  -1.0 4.07e+02    -  5.74e-03 1.40e-02h  1
iter    objective    inf_pr   inf_du lg(mu)  ||d||  lg(rg) alpha_du alpha_pr  ls
  40  3.3572929e+04 3.41e+02 2.15e+01  -1.0 4.04e+02    -  6.45e-04 1.17e-03h  1
  41  3.6564300e+04 3.33e+02 2.23e+01  -1.0 4.02e+02    -  1.70e-04 2.48e-02h  1
  42  3.8222762e+04 3.28e+02 2.24e+01  -1.0 3.87e+02    -  7.02e-03 1.39e-02h  1
  43  3.8941029e+04 3.26e+02 2.20e+01  -1.0 3.67e+02    -  9.53e-03 6.07e-03h  1
  44  4.1033181e+04 3.21e+02 2.26e+01  -1.0 3.64e+02    -  8.91e-05 1.68e-02h  1
  45  4.5272430e+04 3.10e+02 2.31e+01  -1.0 3.62e+02    -  1.13e-02 3.39e-02h  1
  46  4.8974248e+04 3.00e+02 2.35e+01  -1.0 3.50e+02    -  8.30e-03 3.01e-02h  1
  47  5.4960426e+04 2.85e+02 2.45e+01  -1.0 3.39e+02    -  1.07e-02 5.00e-02h  1
  48  5.6486879e+04 2.82e+02 2.46e+01  -1.0 3.23e+02    -  4.27e-03 1.33e-02h  1
  49  5.9084744e+04 2.75e+02 2.48e+01  -1.0 3.20e+02    -  9.69e-03 2.29e-02h  1
iter    objective    inf_pr   inf_du lg(mu)  ||d||  lg(rg) alpha_du alpha_pr  ls
  50  6.2408158e+04 2.67e+02 2.53e+01  -1.0 3.10e+02    -  5.83e-03 2.97e-02h  1
  51  6.5005573e+04 2.61e+02 2.55e+01  -1.0 3.19e+02    -  9.12e-03 2.38e-02h  1
  52  6.9650329e+04 2.49e+02 2.60e+01  -1.0 3.72e+02    -  1.10e-02 4.33e-02h  1
  53  7.1934376e+04 2.44e+02 2.63e+01  -1.0 4.46e+02    -  4.84e-03 2.19e-02h  1
  54  7.5447663e+04 2.36e+02 2.68e+01  -1.0 4.66e+02    -  8.00e-03 3.42e-02h  1
  55  7.9472389e+04 2.26e+02 2.65e+01  -1.0 4.74e+02    -  2.46e-02 4.05e-02h  1
  56  8.3494408e+04 2.16e+02 2.73e+01  -1.0 4.28e+02    -  3.07e-03 4.21e-02h  1
  57  8.3708209e+04 2.16e+02 2.71e+01  -1.0 4.10e+02    -  4.61e-03 2.33e-03h  1
  58  8.4882014e+04 2.13e+02 2.74e+01  -1.0 4.17e+02    -  8.12e-05 1.22e-02h  1
  59  8.9401737e+04 2.03e+02 2.76e+01  -1.0 4.29e+02    -  1.71e-02 4.76e-02h  1
iter    objective    inf_pr   inf_du lg(mu)  ||d||  lg(rg) alpha_du alpha_pr  ls
  60  9.2598767e+04 1.96e+02 2.78e+01  -1.0 4.66e+02    -  9.85e-03 3.51e-02h  1
  61  9.6256039e+04 1.88e+02 2.77e+01  -1.0 4.51e+02    -  1.96e-02 4.14e-02h  1
  62  9.9378744e+04 1.81e+02 2.78e+01  -1.0 4.06e+02    -  1.24e-02 3.68e-02h  1
  63  9.9977298e+04 1.80e+02 2.62e+01  -1.0 3.53e+02    -  3.80e-02 7.34e-03h  1
  64  1.0035437e+05 1.79e+02 2.61e+01  -1.0 3.77e+02    -  3.09e-03 4.65e-03h  1
  65  1.0394335e+05 1.71e+02 2.69e+01  -1.0 3.73e+02    -  1.89e-04 4.27e-02h  1
  66  1.0655709e+05 1.66e+02 2.69e+01  -1.0 3.65e+02    -  1.31e-02 3.22e-02h  1
  67  1.0846277e+05 1.62e+02 2.71e+01  -1.0 3.52e+02    -  3.57e-03 2.38e-02h  1
  68  1.0942979e+05 1.60e+02 2.71e+01  -1.0 3.37e+02    -  4.39e-03 1.21e-02h  1
  69  1.1261206e+05 1.53e+02 2.74e+01  -1.0 3.28e+02    -  5.83e-03 3.99e-02h  1
iter    objective    inf_pr   inf_du lg(mu)  ||d||  lg(rg) alpha_du alpha_pr  ls
  70  1.1556798e+05 1.48e+02 2.74e+01  -1.0 3.04e+02    -  1.48e-02 3.82e-02h  1
  71  1.1995867e+05 1.39e+02 2.79e+01  -1.0 2.82e+02    -  9.48e-03 5.84e-02h  1
  72  1.2078502e+05 1.37e+02 2.78e+01  -1.0 2.77e+02    -  6.02e-03 1.16e-02h  1
  73  1.2430083e+05 1.31e+02 3.02e+01  -1.0 2.77e+02    -  8.55e-03 4.97e-02h  1
  74  1.3063317e+05 1.18e+02 3.26e+01  -1.0 2.59e+02    -  1.91e-02 9.21e-02h  1
  75  1.3331388e+05 1.14e+02 3.19e+01  -1.0 3.49e+02    -  3.12e-02 4.02e-02h  1
  76  1.3398979e+05 1.13e+02 3.21e+01  -1.0 2.61e+02    -  2.01e-03 1.01e-02h  1
  77  1.3656888e+05 1.08e+02 3.25e+01  -1.0 2.40e+02    -  1.29e-02 3.89e-02h  1
  78  1.3987635e+05 1.03e+02 3.26e+01  -1.0 1.93e+02    -  2.41e-02 5.12e-02h  1
  79  1.4025487e+05 1.02e+02 3.25e+01  -1.0 2.61e+02    -  4.43e-03 6.11e-03h  1
iter    objective    inf_pr   inf_du lg(mu)  ||d||  lg(rg) alpha_du alpha_pr  ls
  80  1.4693572e+05 9.10e+01 3.61e+01  -1.0 2.51e+02    -  2.54e-03 1.08e-01h  1
  81  1.4711743e+05 9.07e+01 3.58e+01  -1.0 2.04e+02    -  5.91e-03 3.24e-03h  1
  82  1.4954425e+05 8.68e+01 3.73e+01  -1.0 2.02e+02    -  1.19e-03 4.30e-02h  1
  83  1.5069491e+05 8.50e+01 3.30e+01  -1.0 2.01e+02    -  6.77e-02 2.10e-02h  1
  84  1.5085904e+05 8.47e+01 3.29e+01  -1.0 1.84e+02    -  2.64e-03 3.01e-03h  1
  85  1.5325677e+05 8.10e+01 3.48e+01  -1.0 1.61e+02    -  2.89e-04 4.36e-02h  1
  86  1.5354216e+05 8.06e+01 3.46e+01  -1.0 1.49e+02    -  4.77e-03 5.37e-03h  1
  87  1.5629838e+05 7.64e+01 3.68e+01  -1.0 1.46e+02    -  2.67e-03 5.20e-02h  1
  88  1.5656854e+05 7.60e+01 3.65e+01  -1.0 1.34e+02    -  6.38e-03 5.33e-03h  1
  89  1.5756818e+05 7.45e+01 3.73e+01  -1.0 1.32e+02    -  2.42e-03 1.97e-02h  1
iter    objective    inf_pr   inf_du lg(mu)  ||d||  lg(rg) alpha_du alpha_pr  ls
  90  1.5843852e+05 7.32e+01 3.75e+01  -1.0 1.30e+02    -  6.89e-03 1.74e-02h  1
  91  1.6089606e+05 6.95e+01 3.83e+01  -1.0 1.17e+02    -  1.92e-02 5.00e-02h  1
  92  1.6254874e+05 6.71e+01 3.68e+01  -1.0 1.10e+02    -  3.69e-02 3.52e-02h  1
  93  1.6325324e+05 6.61e+01 3.71e+01  -1.0 9.74e+01    -  6.22e-03 1.53e-02h  1
  94  1.6334766e+05 6.59e+01 3.71e+01  -1.0 9.36e+01    -  1.13e-03 2.05e-03h  1
  95  1.6701028e+05 6.07e+01 4.15e+01  -1.0 9.29e+01    -  1.45e-03 7.94e-02h  1
  96  1.6807174e+05 5.92e+01 3.25e+01  -1.0 8.98e+01    -  1.03e-01 2.48e-02h  1
  97  1.6995556e+05 5.66e+01 3.56e+01  -1.0 1.18e+02    -  6.94e-04 4.41e-02h  1
  98  1.7078335e+05 5.55e+01 3.48e+01  -1.0 1.08e+02    -  2.02e-02 1.98e-02h  1
  99  1.7280954e+05 5.27e+01 3.82e+01  -1.0 1.08e+02    -  3.28e-03 4.95e-02h  1
iter    objective    inf_pr   inf_du lg(mu)  ||d||  lg(rg) alpha_du alpha_pr  ls
 100  1.7362504e+05 5.16e+01 3.44e+01  -1.0 1.36e+02    -  4.70e-02 2.07e-02h  1
 101  1.7527558e+05 4.94e+01 3.77e+01  -1.0 1.19e+02    -  1.15e-03 4.25e-02h  1
 102  1.7589816e+05 4.86e+01 3.65e+01  -1.0 1.21e+02    -  2.16e-02 1.66e-02h  1
 103  1.7726952e+05 4.68e+01 4.03e+01  -1.0 1.25e+02    -  1.11e-03 3.67e-02h  1
 104  1.8485992e+05 3.70e+01 6.00e+01  -1.0 1.26e+02    -  1.82e-02 2.10e-01h  1
 105  1.8616395e+05 3.53e+01 4.27e+01  -1.0 1.46e+02    -  1.39e-01 4.56e-02h  1
 106  1.8640282e+05 3.50e+01 4.30e+01  -1.0 1.12e+02    -  4.66e-03 8.74e-03h  1
 107  1.8727493e+05 3.39e+01 4.58e+01  -1.0 1.33e+02    -  6.44e-03 3.22e-02h  1
 108  1.8878194e+05 3.19e+01 4.86e+01  -1.0 1.30e+02    -  2.54e-02 5.73e-02h  1
 109  1.8993050e+05 3.04e+01 4.25e+01  -1.0 1.28e+02    -  6.77e-02 4.62e-02h  1
iter    objective    inf_pr   inf_du lg(mu)  ||d||  lg(rg) alpha_du alpha_pr  ls
 110  1.9336717e+05 2.61e+01 6.30e+01  -1.0 1.26e+02    -  2.39e-03 1.43e-01h  1
 111  1.9354023e+05 2.59e+01 6.07e+01  -1.0 9.63e+01    -  1.66e-02 8.31e-03h  1
 112  1.9657676e+05 2.21e+01 8.35e+01  -1.0 9.10e+01    -  3.29e-03 1.46e-01h  1
 113  1.9818819e+05 2.01e+01 6.11e+01  -1.0 9.35e+01    -  1.47e-01 8.86e-02h  1
 114  2.0011179e+05 1.78e+01 6.40e+01  -1.0 9.59e+01    -  8.02e-02 1.15e-01h  1
 115  2.0084842e+05 1.69e+01 6.34e+01  -1.0 6.06e+01    -  4.15e-02 4.98e-02h  1
 116  2.0297563e+05 1.44e+01 1.03e+02  -1.0 5.47e+01    -  5.41e-03 1.51e-01h  1
 117  2.0370456e+05 1.35e+01 7.75e+01  -1.0 5.40e+01    -  1.09e-01 6.09e-02h  1
 118  2.0408689e+05 1.30e+01 8.25e+01  -1.0 3.50e+01    -  1.57e-02 3.38e-02h  1
 119  2.0919484e+05 6.94e+00 2.38e+02  -1.0 3.22e+01    -  2.18e-02 4.67e-01h  1
iter    objective    inf_pr   inf_du lg(mu)  ||d||  lg(rg) alpha_du alpha_pr  ls
 120  2.1186009e+05 3.76e+00 1.35e+02  -1.0 1.70e+01    -  4.50e-01 4.58e-01h  1
 121  2.1311630e+05 2.27e+00 1.33e+02  -1.0 1.11e+01    -  5.39e-01 3.98e-01h  1
 122  2.1429589e+05 8.64e-01 8.40e+02  -1.0 1.13e+01    -  2.61e-01 6.19e-01h  1
 123  2.1450074e+05 6.21e-01 1.86e+03  -1.0 1.12e+01    -  6.60e-01 2.81e-01h  1
 124  2.1470061e+05 3.85e-01 4.07e+02  -1.0 2.53e+01    -  2.98e-01 3.80e-01h  1
 125  2.1485542e+05 2.03e-01 4.08e+03  -1.0 2.92e+01    -  7.37e-01 4.72e-01h  1
 126  2.1490950e+05 1.41e-01 1.26e+04  -1.0 4.66e+01    -  6.60e-01 3.07e-01h  1
 127  2.1496825e+05 7.30e-02 2.72e+04  -1.0 4.42e+01    -  1.00e+00 4.81e-01h  1
 128  2.1503112e+05 7.31e-04 1.04e+03  -1.0 1.30e+01    -  1.00e+00 9.90e-01h  1
 129  2.1503172e+05 2.50e-05 2.63e+05  -1.0 3.81e+00    -  1.00e+00 9.66e-01h  1
iter    objective    inf_pr   inf_du lg(mu)  ||d||  lg(rg) alpha_du alpha_pr  ls
 130  2.1503172e+05 2.47e-05 2.23e+08  -1.0 3.02e-01    -  1.00e+00 9.60e-03f  4
 131  2.1503173e+05 6.32e-06 1.15e+08  -1.0 3.00e-01    -  1.00e+00 7.45e-01h  1
 132  2.1503174e+05 3.09e-06 4.92e+08  -1.0 7.66e-02    -  1.00e+00 5.11e-01h  1
 133  2.1503174e+05 1.25e-06 9.34e+08  -1.0 3.74e-02    -  1.00e+00 5.96e-01h  1
 134  2.1503174e+05 5.18e-07 2.26e+09  -1.0 1.51e-02    -  1.00e+00 5.85e-01h  1
 135  2.1503174e+05 2.14e-07 5.44e+09  -1.0 6.28e-03    -  1.00e+00 5.86e-01h  1
 136  2.1503174e+05 8.88e-08 1.31e+10  -1.0 2.60e-03    -  1.00e+00 5.86e-01h  1
 137  2.1503174e+05 3.68e-08 3.17e+10  -1.0 1.08e-03    -  1.00e+00 5.86e-01h  1
 138  2.1503174e+05 1.52e-08 7.64e+10  -1.0 4.46e-04    -  1.00e+00 5.86e-01h  1
 139  2.1503174e+05 6.31e-09 1.85e+11  -1.0 1.85e-04    -  1.00e+00 5.86e-01h  1
iter    objective    inf_pr   inf_du lg(mu)  ||d||  lg(rg) alpha_du alpha_pr  ls
 140  2.1503174e+05 2.62e-09 4.46e+11  -1.0 7.65e-05    -  1.00e+00 5.86e-01h  1
 141  2.1503174e+05 1.08e-09 1.08e+12  -1.0 3.17e-05    -  1.00e+00 5.86e-01h  1
 142  2.1503174e+05 4.49e-10 2.60e+12  -1.0 1.31e-05    -  1.00e+00 5.86e-01h  1
 143  2.1503174e+05 1.86e-10 6.27e+12  -1.0 5.44e-06    -  1.00e+00 5.86e-01h  1
 144  2.1503174e+05 7.70e-11 1.51e+13  -1.0 2.25e-06    -  1.00e+00 5.86e-01h  1
 145  2.1503174e+05 3.19e-11 3.65e+13  -1.0 9.33e-07    -  1.00e+00 5.86e-01h  1
In iteration 145, 2 Slacks too small, adjusting variable bounds
 146  2.1503174e+05 1.32e-11 8.82e+13  -1.0 3.86e-07    -  1.00e+00 5.86e-01h  1
In iteration 146, 8 Slacks too small, adjusting variable bounds
 147  2.1503174e+05 5.34e-12 2.05e+14  -1.0 1.60e-07    -  1.00e+00 6.02e-01h  1
In iteration 147, 12 Slacks too small, adjusting variable bounds
 148  2.1503174e+05 2.05e-12 4.95e+14  -1.0 6.38e-08    -  1.00e+00 6.12e-01h  1
In iteration 148, 286 Slacks too small, adjusting variable bounds
 149  2.1503174e+05 7.96e-13 1.57e+15  -1.0 2.48e-08    -  1.00e+00 6.19e-01h  1
iter    objective    inf_pr   inf_du lg(mu)  ||d||  lg(rg) alpha_du alpha_pr  ls
 150  2.1503174e+05 1.90e-13 1.00e+00  -1.0 9.43e-09    -  1.00e+00 1.00e+00h  1
 151  2.1498184e+05 1.23e-13 1.26e+15 -12.0 5.77e-01    -  6.47e-01 6.52e-01f  1
In iteration 151, 1 Slack too small, adjusting variable bound
 152  2.1496418e+05 1.24e-13 1.11e+15 -12.0 7.77e-01    -  3.78e-01 1.76e-01f  1
 153  2.1495713e+05 1.16e-13 6.70e+14 -12.0 1.20e-01    -  6.39e-01 4.34e-01f  1
 154  2.1495632e+05 1.14e-13 4.74e+14 -12.0 5.64e-02    -  5.76e-01 3.22e-01f  1
 155  2.1495530e+05 8.17e-14 1.30e+14 -12.0 4.14e-02    -  6.38e-01 7.19e-01f  1
In iteration 155, 1 Slack too small, adjusting variable bound
 156  2.1495510e+05 1.14e-13 4.83e+13 -12.0 1.69e-02    -  6.51e-01 6.31e-01f  1
 157  2.1495506e+05 8.53e-14 2.67e+13 -12.0 9.92e-03    -  7.06e-01 4.67e-01f  1
 158  2.1495501e+05 1.87e-13 6.25e+12 -12.0 7.94e-03    -  5.59e-01 7.57e-01f  1
In iteration 158, 1 Slack too small, adjusting variable bound
 159  2.1495500e+05 1.56e-12 1.45e+12 -12.0 4.18e-03    -  5.81e-01 7.53e-01f  1
iter    objective    inf_pr   inf_du lg(mu)  ||d||  lg(rg) alpha_du alpha_pr  ls
 160  2.1495500e+05 3.24e-11 5.16e+11 -12.0 2.09e-03    -  7.11e-01 6.53e-01f  1
 161  2.1495499e+05 4.70e-10 1.35e+11 -12.0 1.26e-03    -  6.49e-01 7.29e-01f  1
 162  2.1495499e+05 1.03e-09 3.22e+10 -12.0 6.07e-04    -  6.30e-01 7.42e-01f  1
 163  2.1495499e+05 1.75e-10 2.32e+09 -12.0 2.97e-04    -  4.49e-01 8.30e-01f  1
 164  2.1495499e+05 2.54e-09 7.39e+08 -12.0 1.18e-04    -  6.18e-01 6.39e-01f  1
 165  2.1495499e+05 2.60e-09 1.08e+09 -12.0 8.15e-05    -  5.32e-01 2.35e-01h  1
 166  2.1495499e+05 1.10e-08 5.68e+08 -12.0 8.27e-05    -  5.66e-01 5.14e-01h  1
 167  2.1495499e+05 9.88e-09 4.34e+08 -12.0 6.17e-05    -  4.94e-01 3.34e-01h  1
 168  2.1495499e+05 4.07e-08 3.09e+07 -12.0 1.07e-04    -  6.17e-01 8.38e-01h  1
 169  2.1495499e+05 3.07e-07 1.02e+07 -12.0 2.16e-04    -  6.93e-01 8.72e-01h  1
iter    objective    inf_pr   inf_du lg(mu)  ||d||  lg(rg) alpha_du alpha_pr  ls
 170  2.1495499e+05 8.88e-07 2.01e+06 -12.0 1.07e-03    -  8.05e-01 5.22e-01h  1
 171  2.1495499e+05 5.52e-06 1.10e+05 -12.0 2.87e-03    -  9.71e-01 9.98e-01f  1
 172  2.1495499e+05 4.83e-06 1.05e+05 -12.0 6.03e-02    -  4.94e-02 1.25e-01h  4
 173  2.1495499e+05 1.92e-10 5.80e+04 -12.0 4.42e-02    -  4.92e-01 1.00e+00h  1
 174  2.1495499e+05 6.69e-11 1.09e-11 -12.0 8.86e-02    -  1.00e+00 1.00e+00h  1
 175  2.1495499e+05 1.14e-13 3.64e-12 -12.0 3.30e-01    -  1.00e+00 1.00e+00h  1

Number of Iterations....: 175

                                   (scaled)                 (unscaled)
Objective...............:   2.1495499286655957e+05    2.1495499286655957e+05
Dual infeasibility......:   3.6379788070917130e-12    3.6379788070917130e-12
Constraint violation....:   1.1368683772161603e-13    1.1368683772161603e-13
Complementarity.........:   1.3981892021573606e-12    1.3981892021573606e-12
Overall NLP error.......:   3.0523097088849529e-13    3.6379788070917130e-12


Number of objective function evaluations             = 182
Number of objective gradient evaluations             = 176
Number of equality constraint evaluations            = 182
Number of inequality constraint evaluations          = 182
Number of equality constraint Jacobian evaluations   = 176
Number of inequality constraint Jacobian evaluations = 176
Number of Lagrangian Hessian evaluations             = 175
Total CPU secs in IPOPT (w/o function evaluations)   =      0.972
Total CPU secs in NLP function evaluations           =      0.008

EXIT: Optimal Solution Found.

