Solver command line: ['C:\\Users\\Alexander\\AppData\\Local\\idaes\\bin\\ipopt.exe', 'C:\\Users\\ALEXAN~1\\AppData\\Local\\Temp\\tmpygbnjv9o.pyomo.nl', '-AMPL', 'linear_solver=ma57', 'max_iter=3000', 'max_cpu_time=600.0', 'tol=1e-11', 'nlp_scaling_method=gradient-based', 'acceptable_tol=1e-10', 'bound_relax_factor=0.0', 'honor_original_bounds=yes', 'warm_start_init_point=no', 'print_level=5']

Ipopt 3.13.2: linear_solver=ma57
max_iter=3000
max_cpu_time=600.0
tol=1e-11
nlp_scaling_method=gradient-based
acceptable_tol=1e-10
bound_relax_factor=0.0
honor_original_bounds=yes
warm_start_init_point=no
print_level=5


******************************************************************************
This program contains Ipopt, a library for large-scale nonlinear optimization.
 Ipopt is released as open source code under the Eclipse Public License (EPL).
         For more information visit http://projects.coin-or.org/Ipopt

This version of Ipopt was compiled from source code available at
    https://github.com/IDAES/Ipopt as part of the Institute for the Design of
    Advanced Energy Systems Process Systems Engineering Framework (IDAES PSE
    Framework) Copyright (c) 2018-2019. See https://github.com/IDAES/idaes-pse.

This version of Ipopt was compiled using HSL, a collection of Fortran codes
    for large-scale scientific computation.  All technical papers, sales and
    publicity material resulting from use of the HSL codes within IPOPT must
    contain the following acknowledgement:
        HSL, a collection of Fortran codes for large-scale scientific
        computation. See http://www.hsl.rl.ac.uk.
******************************************************************************

This is Ipopt version 3.13.2, running with linear solver ma57.

Number of nonzeros in equality constraint Jacobian...:     4734
Number of nonzeros in inequality constraint Jacobian.:     4995
Number of nonzeros in Lagrangian Hessian.............:       72

Total number of variables............................:     2547
                     variables with only lower bounds:     2259
                variables with lower and upper bounds:        0
                     variables with only upper bounds:        0
Total number of equality constraints.................:      915
Total number of inequality constraints...............:     2691
        inequality constraints with only lower bounds:      216
   inequality constraints with lower and upper bounds:        0
        inequality constraints with only upper bounds:     2475

iter    objective    inf_pr   inf_du lg(mu)  ||d||  lg(rg) alpha_du alpha_pr  ls
   0  1.9512000e+02 5.62e+02 1.54e+01  -1.0 0.00e+00    -  0.00e+00 0.00e+00   0
   1  3.5475330e+02 5.62e+02 1.61e+01  -1.0 5.17e+02    -  2.28e-04 4.60e-04h  1
   2  1.4218151e+03 5.61e+02 1.71e+01  -1.0 5.62e+02    -  1.76e-04 2.67e-03h  1
   3  1.4446927e+03 5.60e+02 1.71e+01  -1.0 1.33e+03    -  3.40e-04 5.57e-04h  1
   4  1.4368382e+03 5.60e+02 1.71e+01  -1.0 1.22e+03    -  7.81e-04 8.66e-04f  1
   5  1.2175607e+03 5.59e+02 1.71e+01  -1.0 1.12e+03    -  8.71e-04 1.44e-03f  1
   6  8.4742469e+02 5.58e+02 1.71e+01  -1.0 9.40e+02    -  1.10e-03 1.92e-03f  1
   7  4.9280370e+02 5.57e+02 1.71e+01  -1.0 7.73e+02    -  1.73e-03 2.39e-03f  1
   8  1.6194944e+02 5.54e+02 1.70e+01  -1.0 6.26e+02    -  7.60e-03 5.24e-03f  1
   9  1.1147992e+02 5.47e+02 1.68e+01  -1.0 6.26e+02    -  2.25e-02 1.22e-02f  1
iter    objective    inf_pr   inf_du lg(mu)  ||d||  lg(rg) alpha_du alpha_pr  ls
  10  1.1137036e+02 4.98e+02 1.53e+01  -1.0 6.17e+02    -  6.96e-02 9.05e-02f  1
  11  1.1707748e+02 4.84e+02 1.49e+01  -1.0 5.80e+02    -  1.43e-02 2.75e-02h  1
  12  2.9491565e+02 4.80e+02 1.67e+01  -1.0 5.28e+02    -  1.12e-04 7.37e-03h  1
  13  7.3328754e+02 4.72e+02 1.67e+01  -1.0 5.71e+02    -  6.01e-03 1.69e-02h  1
  14  1.4240149e+03 4.63e+02 1.69e+01  -1.0 5.61e+02    -  3.24e-04 1.89e-02h  1
  15  1.4962071e+03 4.62e+02 1.72e+01  -1.0 5.52e+02    -  6.73e-04 1.75e-03h  1
  16  1.9170611e+03 4.58e+02 1.74e+01  -1.0 5.52e+02    -  5.89e-04 8.98e-03h  1
  17  2.1093976e+03 4.57e+02 1.87e+01  -1.0 5.56e+02    -  9.83e-04 3.51e-03h  1
  18  3.0145180e+03 4.49e+02 1.87e+01  -1.0 5.44e+02    -  3.29e-03 1.63e-02h  1
  19  3.1189725e+03 4.48e+02 1.87e+01  -1.0 5.95e+02    -  6.76e-04 1.60e-03h  1
iter    objective    inf_pr   inf_du lg(mu)  ||d||  lg(rg) alpha_du alpha_pr  ls
  20  3.6352701e+03 4.45e+02 1.88e+01  -1.0 5.35e+02    -  3.77e-04 6.79e-03h  1
  21  4.2231146e+03 4.42e+02 1.92e+01  -1.0 5.33e+02    -  1.85e-03 7.00e-03h  1
  22  5.0229731e+03 4.38e+02 1.94e+01  -1.0 5.29e+02    -  1.35e-03 8.85e-03h  1
  23  5.5772288e+03 4.36e+02 1.94e+01  -1.0 5.23e+02    -  3.66e-03 6.12e-03h  1
  24  6.5376949e+03 4.32e+02 1.94e+01  -1.0 5.20e+02    -  2.49e-04 9.52e-03h  1
  25  7.1231975e+03 4.29e+02 1.94e+01  -1.0 5.16e+02    -  1.45e-03 5.51e-03h  1
  26  8.2989321e+03 4.24e+02 1.93e+01  -1.0 5.12e+02    -  5.72e-03 1.10e-02h  1
  27  9.0935751e+03 4.21e+02 1.94e+01  -1.0 5.06e+02    -  6.48e-04 6.95e-03h  1
  28  1.0504688e+04 4.16e+02 1.94e+01  -1.0 5.03e+02    -  2.05e-03 1.19e-02h  1
  29  1.0868615e+04 4.15e+02 1.94e+01  -1.0 4.97e+02    -  9.68e-04 2.97e-03h  1
iter    objective    inf_pr   inf_du lg(mu)  ||d||  lg(rg) alpha_du alpha_pr  ls
  30  1.8295038e+04 3.90e+02 1.97e+01  -1.0 4.95e+02    -  2.48e-03 6.03e-02h  1
  31  1.8709082e+04 3.89e+02 1.96e+01  -1.0 5.42e+02    -  2.68e-03 3.58e-03h  1
  32  1.9874468e+04 3.85e+02 1.97e+01  -1.0 4.63e+02    -  1.57e-03 9.90e-03h  1
  33  2.0565984e+04 3.83e+02 1.97e+01  -1.0 4.91e+02    -  1.77e-03 5.85e-03h  1
  34  2.6220008e+04 3.64e+02 2.07e+01  -1.0 4.49e+02    -  5.30e-03 4.80e-02h  1
  35  2.6467575e+04 3.64e+02 2.07e+01  -1.0 4.48e+02    -  1.50e-03 2.18e-03h  1
  36  2.9130468e+04 3.55e+02 2.13e+01  -1.0 4.29e+02    -  1.66e-03 2.34e-02h  1
  37  3.0158613e+04 3.52e+02 2.13e+01  -1.0 4.88e+02    -  4.48e-03 9.17e-03h  1
  38  3.1857133e+04 3.46e+02 2.14e+01  -1.0 4.07e+02    -  5.92e-03 1.51e-02h  1
  39  3.3438499e+04 3.42e+02 2.15e+01  -1.0 4.07e+02    -  5.73e-03 1.41e-02h  1
iter    objective    inf_pr   inf_du lg(mu)  ||d||  lg(rg) alpha_du alpha_pr  ls
  40  3.3573273e+04 3.41e+02 2.15e+01  -1.0 4.04e+02    -  6.46e-04 1.17e-03h  1
  41  3.6565037e+04 3.33e+02 2.23e+01  -1.0 4.02e+02    -  1.70e-04 2.48e-02h  1
  42  3.8220974e+04 3.28e+02 2.24e+01  -1.0 3.87e+02    -  7.02e-03 1.39e-02h  1
  43  3.8938875e+04 3.26e+02 2.20e+01  -1.0 3.67e+02    -  9.55e-03 6.07e-03h  1
  44  4.0661100e+04 3.22e+02 2.25e+01  -1.0 3.65e+02    -  8.91e-05 1.38e-02h  1
  45  4.5000994e+04 3.10e+02 2.30e+01  -1.0 3.62e+02    -  1.15e-02 3.47e-02h  1
  46  4.8874574e+04 3.01e+02 2.35e+01  -1.0 3.50e+02    -  7.78e-03 3.15e-02h  1
  47  5.4945790e+04 2.85e+02 2.45e+01  -1.0 3.39e+02    -  9.98e-03 5.06e-02h  1
  48  5.6320354e+04 2.82e+02 2.47e+01  -1.0 3.23e+02    -  4.19e-03 1.20e-02h  1
  49  5.9005354e+04 2.75e+02 2.48e+01  -1.0 3.21e+02    -  1.06e-02 2.37e-02h  1
iter    objective    inf_pr   inf_du lg(mu)  ||d||  lg(rg) alpha_du alpha_pr  ls
  50  6.2283904e+04 2.67e+02 2.53e+01  -1.0 3.10e+02    -  5.12e-03 2.93e-02h  1
  51  6.4911609e+04 2.61e+02 2.54e+01  -1.0 3.15e+02    -  9.77e-03 2.41e-02h  1
  52  6.9637394e+04 2.49e+02 2.61e+01  -1.0 3.69e+02    -  1.03e-02 4.40e-02h  1
  53  7.1685901e+04 2.44e+02 2.63e+01  -1.0 4.44e+02    -  4.72e-03 1.96e-02h  1
  54  7.5037422e+04 2.37e+02 2.67e+01  -1.0 4.63e+02    -  8.05e-03 3.26e-02h  1
  55  7.9357198e+04 2.26e+02 2.64e+01  -1.0 4.74e+02    -  2.69e-02 4.33e-02h  1
  56  8.3496899e+04 2.16e+02 2.72e+01  -1.0 4.30e+02    -  2.57e-03 4.33e-02h  1
  57  8.3713633e+04 2.16e+02 2.71e+01  -1.0 4.12e+02    -  4.76e-03 2.37e-03h  1
  58  8.4867254e+04 2.13e+02 2.73e+01  -1.0 4.19e+02    -  8.03e-05 1.20e-02h  1
  59  8.9255480e+04 2.04e+02 2.75e+01  -1.0 4.31e+02    -  1.65e-02 4.62e-02h  1
iter    objective    inf_pr   inf_du lg(mu)  ||d||  lg(rg) alpha_du alpha_pr  ls
  60  9.2474939e+04 1.96e+02 2.77e+01  -1.0 4.67e+02    -  1.04e-02 3.53e-02h  1
  61  9.6314557e+04 1.88e+02 2.76e+01  -1.0 4.52e+02    -  2.10e-02 4.34e-02h  1
  62  9.9392908e+04 1.81e+02 2.77e+01  -1.0 4.04e+02    -  1.31e-02 3.63e-02h  1
  63  9.9988879e+04 1.80e+02 2.61e+01  -1.0 3.57e+02    -  3.79e-02 7.31e-03h  1
  64  1.0035885e+05 1.79e+02 2.60e+01  -1.0 3.78e+02    -  2.76e-03 4.57e-03h  1
  65  1.0420579e+05 1.71e+02 2.68e+01  -1.0 3.74e+02    -  1.99e-04 4.58e-02h  1
  66  1.0658605e+05 1.66e+02 2.68e+01  -1.0 3.64e+02    -  1.31e-02 2.94e-02h  1
  67  1.0864485e+05 1.61e+02 2.70e+01  -1.0 3.50e+02    -  3.53e-03 2.57e-02h  1
  68  1.0959829e+05 1.59e+02 2.70e+01  -1.0 3.34e+02    -  3.99e-03 1.19e-02h  1
  69  1.1269802e+05 1.53e+02 2.73e+01  -1.0 3.26e+02    -  6.66e-03 3.89e-02h  1
iter    objective    inf_pr   inf_du lg(mu)  ||d||  lg(rg) alpha_du alpha_pr  ls
  70  1.1563053e+05 1.47e+02 2.73e+01  -1.0 3.03e+02    -  1.57e-02 3.79e-02h  1
  71  1.1996827e+05 1.39e+02 2.77e+01  -1.0 2.80e+02    -  1.02e-02 5.78e-02h  1
  72  1.2082646e+05 1.37e+02 2.76e+01  -1.0 2.79e+02    -  5.82e-03 1.21e-02h  1
  73  1.2443099e+05 1.30e+02 3.00e+01  -1.0 2.76e+02    -  9.20e-03 5.10e-02h  1
  74  1.3064455e+05 1.18e+02 3.24e+01  -1.0 2.57e+02    -  1.83e-02 9.05e-02h  1
  75  1.3331730e+05 1.14e+02 3.17e+01  -1.0 3.49e+02    -  3.15e-02 4.00e-02h  1
  76  1.3403594e+05 1.12e+02 3.19e+01  -1.0 2.60e+02    -  2.01e-03 1.08e-02h  1
  77  1.3665046e+05 1.08e+02 3.22e+01  -1.0 2.38e+02    -  1.39e-02 3.95e-02h  1
  78  1.3988818e+05 1.03e+02 3.24e+01  -1.0 1.96e+02    -  2.25e-02 5.01e-02h  1
  79  1.4026986e+05 1.02e+02 3.23e+01  -1.0 2.61e+02    -  4.48e-03 6.17e-03h  1
iter    objective    inf_pr   inf_du lg(mu)  ||d||  lg(rg) alpha_du alpha_pr  ls
  80  1.4694226e+05 9.10e+01 3.59e+01  -1.0 2.51e+02    -  2.57e-03 1.08e-01h  1
  81  1.4712408e+05 9.07e+01 3.56e+01  -1.0 2.04e+02    -  5.92e-03 3.24e-03h  1
  82  1.4949062e+05 8.69e+01 3.71e+01  -1.0 2.02e+02    -  1.18e-03 4.20e-02h  1
  83  1.5066814e+05 8.50e+01 3.28e+01  -1.0 2.02e+02    -  6.72e-02 2.15e-02h  1
  84  1.5085898e+05 8.47e+01 3.27e+01  -1.0 1.86e+02    -  3.59e-03 3.49e-03h  1
  85  1.5327715e+05 8.10e+01 3.46e+01  -1.0 1.61e+02    -  2.68e-04 4.40e-02h  1
  86  1.5356905e+05 8.06e+01 3.45e+01  -1.0 1.48e+02    -  4.87e-03 5.50e-03h  1
  87  1.5631002e+05 7.64e+01 3.66e+01  -1.0 1.45e+02    -  2.75e-03 5.17e-02h  1
  88  1.5658217e+05 7.60e+01 3.63e+01  -1.0 1.33e+02    -  6.40e-03 5.37e-03h  1
  89  1.5757927e+05 7.45e+01 3.71e+01  -1.0 1.31e+02    -  2.44e-03 1.97e-02h  1
iter    objective    inf_pr   inf_du lg(mu)  ||d||  lg(rg) alpha_du alpha_pr  ls
  90  1.5846621e+05 7.32e+01 3.73e+01  -1.0 1.29e+02    -  6.93e-03 1.77e-02h  1
  91  1.6089281e+05 6.96e+01 3.81e+01  -1.0 1.16e+02    -  1.95e-02 4.94e-02h  1
  92  1.6245906e+05 6.72e+01 3.66e+01  -1.0 1.11e+02    -  3.64e-02 3.33e-02h  1
  93  1.6325943e+05 6.61e+01 3.70e+01  -1.0 9.82e+01    -  6.14e-03 1.74e-02h  1
  94  1.6334685e+05 6.59e+01 3.70e+01  -1.0 9.41e+01    -  1.22e-03 1.89e-03h  1
  95  1.6700435e+05 6.07e+01 4.14e+01  -1.0 9.35e+01    -  1.29e-03 7.93e-02h  1
  96  1.6807411e+05 5.92e+01 3.23e+01  -1.0 9.03e+01    -  1.04e-01 2.50e-02h  1
  97  1.6997027e+05 5.66e+01 3.54e+01  -1.0 1.17e+02    -  7.06e-04 4.44e-02h  1
  98  1.7074645e+05 5.55e+01 3.45e+01  -1.0 1.09e+02    -  2.08e-02 1.86e-02h  1
  99  1.7275260e+05 5.28e+01 3.77e+01  -1.0 1.12e+02    -  4.03e-03 4.87e-02h  1
iter    objective    inf_pr   inf_du lg(mu)  ||d||  lg(rg) alpha_du alpha_pr  ls
 100  1.7360761e+05 5.17e+01 3.40e+01  -1.0 1.38e+02    -  4.70e-02 2.17e-02h  1
 101  1.7524075e+05 4.95e+01 3.73e+01  -1.0 1.20e+02    -  1.16e-03 4.21e-02h  1
 102  1.7588256e+05 4.86e+01 3.62e+01  -1.0 1.22e+02    -  2.13e-02 1.71e-02h  1
 103  1.7719879e+05 4.69e+01 3.99e+01  -1.0 1.26e+02    -  1.15e-03 3.52e-02h  1
 104  1.8356212e+05 3.87e+01 5.69e+01  -1.0 1.27e+02    -  1.67e-02 1.76e-01h  1
 105  1.8631744e+05 3.51e+01 4.34e+01  -1.0 1.42e+02    -  1.47e-01 9.23e-02h  1
 106  1.8642613e+05 3.50e+01 4.31e+01  -1.0 1.08e+02    -  4.97e-03 4.01e-03h  1
 107  1.8692707e+05 3.43e+01 4.38e+01  -1.0 1.37e+02    -  9.47e-03 1.85e-02h  1
 108  1.8807929e+05 3.28e+01 4.82e+01  -1.0 1.33e+02    -  5.73e-03 4.33e-02h  1
 109  1.8988136e+05 3.05e+01 5.07e+01  -1.0 1.32e+02    -  3.71e-02 7.07e-02h  1
iter    objective    inf_pr   inf_du lg(mu)  ||d||  lg(rg) alpha_du alpha_pr  ls
 110  1.9003166e+05 3.03e+01 5.04e+01  -1.0 1.29e+02    -  6.15e-03 6.29e-03h  1
 111  1.9334391e+05 2.61e+01 6.91e+01  -1.0 1.28e+02    -  3.67e-03 1.39e-01h  1
 112  1.9349246e+05 2.59e+01 6.62e+01  -1.0 1.01e+02    -  1.79e-02 7.13e-03h  1
 113  1.9621434e+05 2.25e+01 8.59e+01  -1.0 9.51e+01    -  2.82e-03 1.31e-01h  1
 114  1.9744940e+05 2.10e+01 6.37e+01  -1.0 9.22e+01    -  1.31e-01 6.67e-02h  1
 115  1.9930573e+05 1.88e+01 5.07e+01  -1.0 1.00e+02    -  1.29e-01 1.07e-01h  1
 116  2.0066949e+05 1.71e+01 6.24e+01  -1.0 7.88e+01    -  3.43e-02 8.73e-02h  1
 117  2.0149264e+05 1.62e+01 7.45e+01  -1.0 4.01e+01    -  1.04e-02 5.77e-02h  1
 118  2.0364348e+05 1.36e+01 9.15e+01  -1.0 6.95e+01    -  7.74e-02 1.60e-01h  1
 119  2.0381823e+05 1.34e+01 8.42e+01  -1.0 3.68e+01    -  2.96e-02 1.54e-02h  1
iter    objective    inf_pr   inf_du lg(mu)  ||d||  lg(rg) alpha_du alpha_pr  ls
 120  2.0857463e+05 7.69e+00 2.26e+02  -1.0 3.49e+01    -  6.10e-03 4.25e-01h  1
 121  2.1179743e+05 3.85e+00 2.16e+02  -1.0 1.96e+01    -  3.60e-01 5.00e-01h  1
 122  2.1204923e+05 3.55e+00 4.93e+02  -1.0 1.12e+01    -  5.49e-01 7.80e-02h  1
 123  2.1408174e+05 1.13e+00 3.14e+02  -1.0 1.35e+01    -  3.86e-01 6.82e-01h  1
 124  2.1450094e+05 6.29e-01 8.46e+02  -1.0 1.17e+01    -  6.46e-01 4.42e-01h  1
 125  2.1474834e+05 3.36e-01 2.73e+03  -1.0 2.48e+01    -  7.21e-01 4.66e-01h  1
 126  2.1489163e+05 1.67e-01 2.92e+03  -1.0 4.62e+01    -  5.96e-01 5.03e-01h  1
 127  2.1496964e+05 7.65e-02 1.27e+04  -1.0 4.29e+01    -  8.79e-01 5.42e-01h  1
 128  2.1503447e+05 1.36e-03 1.53e+03  -1.0 1.54e+01    -  1.00e+00 9.82e-01h  1
 129  2.1503458e+05 1.24e-03 3.77e+06  -1.0 6.24e+00    -  1.00e+00 8.96e-02h  1
iter    objective    inf_pr   inf_du lg(mu)  ||d||  lg(rg) alpha_du alpha_pr  ls
 130  2.1503527e+05 4.36e-04 2.93e+06  -1.0 6.33e+00    -  1.00e+00 6.47e-01h  1
 131  2.1503549e+05 1.84e-04 6.67e+06  -1.0 2.30e+00    -  1.00e+00 5.79e-01h  1
 132  2.1503559e+05 7.60e-05 1.54e+07  -1.0 9.73e-01    -  1.00e+00 5.86e-01h  1
 133  2.1503562e+05 3.15e-05 3.71e+07  -1.0 4.03e-01    -  1.00e+00 5.86e-01h  1
 134  2.1503564e+05 1.30e-05 8.94e+07  -1.0 1.67e-01    -  1.00e+00 5.86e-01h  1
 135  2.1503565e+05 5.40e-06 2.16e+08  -1.0 6.91e-02    -  1.00e+00 5.86e-01h  1
 136  2.1503565e+05 2.24e-06 5.21e+08  -1.0 2.86e-02    -  1.00e+00 5.86e-01h  1
 137  2.1503565e+05 9.26e-07 1.26e+09  -1.0 1.19e-02    -  1.00e+00 5.86e-01h  1
Reallocating memory for MA57: lfact (245402)
Reallocating memory for MA57: lfact (266475)
Reallocating memory for MA57: lfact (283637)
 138  2.1503565e+05 3.13e-11 1.43e-06  -1.0 4.91e-03    -  1.00e+00 1.00e+00f  1
 139  2.1497441e+05 6.22e-12 1.14e+04  -8.6 5.72e-01    -  7.23e-01 8.01e-01f  1
Reallocating memory for MA57: lfact (327420)
Reallocating memory for MA57: lfact (350095)
iter    objective    inf_pr   inf_du lg(mu)  ||d||  lg(rg) alpha_du alpha_pr  ls
 140  2.1496810e+05 1.39e-08 3.69e+03  -8.6 1.16e-01    -  8.71e-01 4.19e-01f  1
 141  2.1496093e+05 5.58e-08 7.87e+02  -8.6 6.66e-02    -  8.36e-01 8.20e-01f  1
Reallocating memory for MA57: lfact (375734)
 142  2.1496036e+05 6.97e-08 2.77e+03  -8.6 2.66e-02    -  5.59e-01 3.59e-01f  1
 143  2.1495946e+05 1.16e-07 1.61e+03  -8.6 2.24e-02    -  6.01e-01 8.67e-01f  1
Reallocating memory for MA57: lfact (411889)
 144  2.1495941e+05 1.30e-07 5.70e+02  -8.6 9.75e-03    -  5.57e-01 3.65e-01f  1
 145  2.1495936e+05 8.04e-08 2.28e+02  -8.6 8.78e-03    -  5.45e-01 5.99e-01f  1
 146  2.1495932e+05 2.22e-08 4.72e+01  -8.6 5.95e-03    -  3.86e-01 8.12e-01f  1
 147  2.1495932e+05 9.01e-09 1.63e+01  -8.6 3.01e-03    -  6.65e-01 6.33e-01f  1
 148  2.1495932e+05 3.66e-09 6.55e+00  -8.6 2.43e-03    -  5.70e-01 6.37e-01f  1
 149  2.1495931e+05 1.50e-09 2.25e+00  -8.6 1.70e-03    -  6.62e-01 6.50e-01f  1
iter    objective    inf_pr   inf_du lg(mu)  ||d||  lg(rg) alpha_du alpha_pr  ls
 150  2.1495931e+05 5.47e-10 2.14e+00  -8.6 1.18e-03  -4.0 3.46e-01 7.03e-01f  1
 151  2.1495931e+05 3.19e-10 1.04e+00  -8.6 1.85e-03    -  4.86e-01 4.54e-01f  1
 152  2.1495931e+05 9.85e-11 6.98e-01  -8.6 2.21e-03    -  5.17e-01 7.47e-01f  1
 153  2.1495931e+05 6.71e-11 2.74e-01  -8.6 2.34e-04  -4.5 6.08e-01 6.94e-01f  1
Reallocating memory for MA57: lfact (451726)
Reallocating memory for MA57: lfact (481883)
 154  2.1495931e+05 5.26e-11 2.27e-01  -8.6 4.89e-04  -5.0 8.41e-01 5.19e-01f  1
 155  2.1495931e+05 5.45e-11 1.43e-01  -8.6 1.27e-03    -  6.80e-01 9.36e-01f  1
 156  2.1495931e+05 3.81e-11 1.32e-10  -8.6 3.55e-05  -5.4 1.00e+00 1.00e+00f  1
 157  2.1495931e+05 1.29e-12 4.96e-03 -12.0 2.19e-04    -  7.33e-01 9.66e-01h  1
 158  2.1495931e+05 2.39e-13 3.11e-04 -12.0 4.33e-06  -5.9 9.49e-01 8.22e-01f  1
Reallocating memory for MA57: lfact (507534)
 159  2.1495931e+05 1.51e-13 9.05e-05 -12.0 1.29e-06  -6.4 1.00e+00 9.61e-01f  1
iter    objective    inf_pr   inf_du lg(mu)  ||d||  lg(rg) alpha_du alpha_pr  ls
 160  2.1495931e+05 8.99e-14 4.91e-12 -12.0 3.58e-05  -6.9 1.00e+00 1.00e+00f  1

Number of Iterations....: 160

                                   (scaled)                 (unscaled)
Objective...............:   2.1495931165371838e+05    2.1495931165371838e+05
Dual infeasibility......:   4.9052519300996822e-12    4.9052519300996822e-12
Constraint violation....:   8.9908948943770700e-14    8.9908948943770700e-14
Complementarity.........:   1.3880732454086222e-12    1.3880732454086222e-12
Overall NLP error.......:   8.9908948943770700e-14    4.9052519300996822e-12


Number of objective function evaluations             = 161
Number of objective gradient evaluations             = 161
Number of equality constraint evaluations            = 161
Number of inequality constraint evaluations          = 161
Number of equality constraint Jacobian evaluations   = 161
Number of inequality constraint Jacobian evaluations = 161
Number of Lagrangian Hessian evaluations             = 160
Total CPU secs in IPOPT (w/o function evaluations)   =      1.189
Total CPU secs in NLP function evaluations           =      0.013

EXIT: Optimal Solution Found.

