Solver command line: ['C:\\Users\\Alexander\\AppData\\Local\\idaes\\bin\\ipopt.exe', 'C:\\Users\\ALEXAN~1\\AppData\\Local\\Temp\\tmp2vftqbwf.pyomo.nl', '-AMPL', 'linear_solver=ma57', 'max_iter=3000', 'max_cpu_time=600.0', 'tol=1e-11', 'nlp_scaling_method=none', 'acceptable_tol=1e-10', 'bound_relax_factor=0.0', 'honor_original_bounds=yes', 'warm_start_init_point=no', 'print_level=5', 'bound_push=1e-10', 'bound_frac=1e-10', 'mu_init=1e-06']

Ipopt 3.13.2: linear_solver=ma57
max_iter=3000
max_cpu_time=600.0
tol=1e-11
nlp_scaling_method=none
acceptable_tol=1e-10
bound_relax_factor=0.0
honor_original_bounds=yes
warm_start_init_point=no
print_level=5
bound_push=1e-10
bound_frac=1e-10
mu_init=1e-06


******************************************************************************
This program contains Ipopt, a library for large-scale nonlinear optimization.
 Ipopt is released as open source code under the Eclipse Public License (EPL).
         For more information visit http://projects.coin-or.org/Ipopt

This version of Ipopt was compiled from source code available at
    https://github.com/IDAES/Ipopt as part of the Institute for the Design of
    Advanced Energy Systems Process Systems Engineering Framework (IDAES PSE
    Framework) Copyright (c) 2018-2019. See https://github.com/IDAES/idaes-pse.

This version of Ipopt was compiled using HSL, a collection of Fortran codes
    for large-scale scientific computation.  All technical papers, sales and
    publicity material resulting from use of the HSL codes within IPOPT must
    contain the following acknowledgement:
        HSL, a collection of Fortran codes for large-scale scientific
        computation. See http://www.hsl.rl.ac.uk.
******************************************************************************

This is Ipopt version 3.13.2, running with linear solver ma57.

Number of nonzeros in equality constraint Jacobian...:     4734
Number of nonzeros in inequality constraint Jacobian.:     4995
Number of nonzeros in Lagrangian Hessian.............:       72

Total number of variables............................:     2547
                     variables with only lower bounds:     2259
                variables with lower and upper bounds:        0
                     variables with only upper bounds:        0
Total number of equality constraints.................:      915
Total number of inequality constraints...............:     2691
        inequality constraints with only lower bounds:      216
   inequality constraints with lower and upper bounds:        0
        inequality constraints with only upper bounds:     2475

iter    objective    inf_pr   inf_du lg(mu)  ||d||  lg(rg) alpha_du alpha_pr  ls
   0  1.9512000e-06 5.62e+02 1.54e+01  -6.0 0.00e+00    -  0.00e+00 0.00e+00   0
   1  1.0989487e+00 5.62e+02 1.62e+01  -6.0 3.37e+02    -  4.43e-05 9.43e-05h  1
   2  2.8025470e+01 5.62e+02 2.47e+01  -6.0 3.40e+02    -  4.50e-11 3.82e-04h  1
   3  3.4068932e+01 5.62e+02 2.59e+01  -6.0 6.61e+02    -  4.53e-07 5.18e-05h  1
   4  4.0246670e+01 5.62e+02 2.64e+01  -6.0 6.62e+02    -  7.90e-08 5.14e-05h  1
   5  4.7680655e+01 5.62e+02 2.73e+01  -6.0 6.23e+02    -  2.66e-06 5.40e-05h  1
   6  5.6438687e+01 5.62e+02 2.76e+01  -6.0 6.98e+02    -  8.21e-07 5.47e-05h  1
   7  6.7813346e+01 5.62e+02 2.79e+01  -6.0 6.47e+02    -  5.95e-06 5.71e-05h  1
   8  8.0244159e+01 5.62e+02 2.79e+01  -6.0 7.18e+02    -  2.02e-06 6.26e-05h  1
   9  9.1955418e+01 5.62e+02 2.79e+01  -6.0 6.36e+02    -  8.61e-06 6.51e-05h  1
iter    objective    inf_pr   inf_du lg(mu)  ||d||  lg(rg) alpha_du alpha_pr  ls
  10  1.0221973e+02 5.62e+02 2.79e+01  -6.0 6.36e+02    -  1.27e-06 7.18e-05h  1
  11  1.1221791e+02 5.62e+02 2.79e+01  -6.0 6.35e+02    -  1.23e-05 7.41e-05h  1
  12  1.2052159e+02 5.62e+02 2.79e+01  -6.0 6.35e+02    -  2.75e-06 8.57e-05h  1
  13  1.2710111e+02 5.62e+02 2.79e+01  -6.0 6.35e+02    -  5.69e-05 8.85e-05h  1
  14  1.2829091e+02 5.62e+02 2.79e+01  -6.0 7.35e+02    -  4.21e-05 1.49e-04h  1
  15  1.2190701e+02 5.62e+02 2.79e+01  -6.0 6.35e+02    -  9.47e-05 1.89e-04f  1
  16  1.0103751e+02 5.61e+02 2.79e+01  -6.0 6.66e+02    -  1.47e-04 2.82e-04f  1
  17  7.8938046e+01 5.61e+02 2.79e+01  -6.0 7.11e+02    -  3.82e-04 4.28e-04f  1
  18  6.7065348e+01 5.61e+02 2.79e+01  -6.0 6.35e+02    -  1.05e-03 7.98e-04f  1
  19  6.4999607e+01 5.60e+02 2.79e+01  -6.0 6.34e+02    -  1.90e-03 1.68e-03h  1
iter    objective    inf_pr   inf_du lg(mu)  ||d||  lg(rg) alpha_du alpha_pr  ls
  20  6.4578892e+01 5.58e+02 2.78e+01  -6.0 6.33e+02    -  3.78e-03 3.61e-03h  1
  21  6.4057321e+01 5.54e+02 2.76e+01  -6.0 6.31e+02    -  7.53e-03 7.47e-03h  1
  22  6.2297848e+01 5.39e+02 1.34e+02  -6.0 6.26e+02    -  1.53e-02 2.67e-02h  1
  23  5.8581928e+01 5.02e+02 3.59e+02  -6.0 6.09e+02    -  4.52e-02 6.76e-02h  1
  24  5.8815070e+01 4.84e+02 5.47e+02  -6.0 5.79e+02    -  1.94e-02 3.73e-02h  1
  25  6.2235911e+01 4.84e+02 5.49e+02  -6.0 4.92e+02    -  1.47e-09 2.22e-04h  1
  26  6.6593689e+01 4.83e+02 5.52e+02  -6.0 5.39e+02    -  1.05e-06 1.96e-04h  1
  27  6.6928981e+02 4.72e+02 8.12e+02  -6.0 5.75e+02    -  3.57e-05 2.35e-02h  1
  28  6.7350996e+02 4.72e+02 8.14e+02  -6.0 5.62e+02    -  3.28e-05 1.26e-04h  1
  29  1.3494746e+03 4.63e+02 1.02e+03  -6.0 5.62e+02    -  1.08e-08 1.87e-02h  1
iter    objective    inf_pr   inf_du lg(mu)  ||d||  lg(rg) alpha_du alpha_pr  ls
  30  1.3615981e+03 4.63e+02 1.02e+03  -6.0 5.51e+02    -  1.55e-04 3.15e-04h  1
  31  1.8156790e+03 4.59e+02 1.13e+03  -6.0 5.51e+02    -  6.59e-09 9.90e-03h  1
  32  1.8223795e+03 4.58e+02 1.13e+03  -6.0 5.46e+02    -  6.00e-05 1.27e-04h  1
  33  2.9429375e+03 4.49e+02 1.36e+03  -6.0 5.45e+02    -  1.02e-08 2.04e-02h  1
  34  2.9720380e+03 4.49e+02 1.36e+03  -6.0 5.34e+02    -  3.99e-04 5.24e-04h  1
  35  3.1005285e+03 4.48e+02 1.38e+03  -6.0 5.34e+02    -  1.93e-09 1.93e-03h  1
  36  3.1115369e+03 4.48e+02 1.39e+03  -6.0 5.38e+02    -  6.09e-05 1.50e-04h  1
  37  3.3938592e+03 4.46e+02 1.43e+03  -6.0 5.38e+02    -  2.22e-08 3.76e-03h  1
  38  3.4053883e+03 4.46e+02 1.43e+03  -6.0 5.36e+02    -  7.70e-05 1.42e-04h  1
  39  4.0440378e+03 4.43e+02 1.51e+03  -6.0 5.36e+02    -  1.65e-08 7.70e-03h  1
iter    objective    inf_pr   inf_du lg(mu)  ||d||  lg(rg) alpha_du alpha_pr  ls
  40  4.0563529e+03 4.43e+02 1.51e+03  -6.0 5.32e+02    -  8.91e-05 1.39e-04h  1
  41  5.4642820e+03 4.36e+02 1.69e+03  -6.0 5.32e+02    -  9.25e-09 1.56e-02h  1
  42  5.4982603e+03 4.36e+02 1.69e+03  -6.0 5.24e+02    -  3.33e-04 3.74e-04h  1
  43  5.9048812e+03 4.34e+02 1.73e+03  -6.0 5.23e+02    -  1.95e-09 4.08e-03h  1
  44  6.3645375e+03 4.32e+02 1.74e+03  -6.0 5.21e+02    -  3.60e-03 4.62e-03h  1
  45  7.2801703e+03 4.28e+02 1.84e+03  -6.0 5.19e+02    -  3.90e-09 8.61e-03h  1
  46  8.1812056e+03 4.25e+02 1.86e+03  -6.0 5.14e+02    -  5.92e-03 8.53e-03h  1
  47  8.7887704e+03 4.22e+02 1.92e+03  -6.0 5.10e+02    -  3.29e-09 5.42e-03h  1
  48  8.8151189e+03 4.22e+02 1.92e+03  -6.0 5.07e+02    -  5.34e-05 2.25e-04h  1
  49  1.0446839e+04 4.16e+02 2.08e+03  -6.0 5.07e+02    -  4.34e-08 1.38e-02h  1
iter    objective    inf_pr   inf_du lg(mu)  ||d||  lg(rg) alpha_du alpha_pr  ls
  50  1.0469304e+04 4.16e+02 2.08e+03  -6.0 5.00e+02    -  1.03e-04 1.84e-04h  1
  51  1.2754538e+04 4.09e+02 2.29e+03  -6.0 5.00e+02    -  7.64e-09 1.85e-02h  1
  52  1.7955112e+04 3.91e+02 2.30e+03  -6.0 4.91e+02    -  3.49e-02 4.29e-02h  1
  53  1.9566984e+04 3.86e+02 2.47e+03  -6.0 4.70e+02    -  4.08e-08 1.36e-02h  1
  54  1.9580430e+04 3.86e+02 2.47e+03  -6.0 4.63e+02    -  1.78e-05 1.16e-04h  1
  55  2.6161246e+04 3.64e+02 3.14e+03  -6.0 4.63e+02    -  2.14e-07 5.53e-02h  1
  56  2.6172529e+04 3.64e+02 3.14e+03  -6.0 4.36e+02    -  4.48e-05 1.00e-04h  1
  57  2.8376514e+04 3.57e+02 3.38e+03  -6.0 4.36e+02    -  1.06e-07 1.93e-02h  1
  58  2.8385858e+04 3.57e+02 3.38e+03  -6.0 4.25e+02    -  2.87e-05 8.38e-05h  1
  59  3.1149919e+04 3.49e+02 3.68e+03  -6.0 4.29e+02    -  3.67e-07 2.42e-02h  1
iter    objective    inf_pr   inf_du lg(mu)  ||d||  lg(rg) alpha_du alpha_pr  ls
  60  3.1161439e+04 3.49e+02 3.68e+03  -6.0 4.19e+02    -  5.05e-05 1.03e-04h  1
  61  3.3456504e+04 3.41e+02 3.93e+03  -6.0 4.19e+02    -  3.46e-07 2.03e-02h  1
  62  3.3512929e+04 3.41e+02 3.92e+03  -6.0 4.10e+02    -  8.18e-04 5.04e-04h  1
  63  3.3682701e+04 3.41e+02 3.94e+03  -6.0 4.10e+02    -  8.78e-10 1.43e-03h  1
  64  3.4707388e+04 3.38e+02 3.98e+03  -6.0 4.10e+02    -  4.25e-03 8.58e-03h  1
  65  3.6159272e+04 3.34e+02 4.13e+03  -6.0 4.06e+02    -  3.27e-07 1.21e-02h  1
  66  3.6174708e+04 3.34e+02 4.13e+03  -6.0 4.01e+02    -  1.85e-05 1.29e-04h  1
  67  3.8635153e+04 3.27e+02 4.39e+03  -6.0 4.01e+02    -  1.93e-05 2.05e-02h  1
  68  3.9069442e+04 3.26e+02 4.28e+03  -6.0 3.93e+02    -  9.37e-03 3.68e-03h  1
  69  3.9363721e+04 3.25e+02 4.31e+03  -6.0 3.91e+02    -  1.88e-09 2.44e-03h  1
iter    objective    inf_pr   inf_du lg(mu)  ||d||  lg(rg) alpha_du alpha_pr  ls
  70  4.2384705e+04 3.17e+02 4.55e+03  -6.0 3.90e+02    -  4.56e-03 2.41e-02h  1
  71  4.2411217e+04 3.17e+02 4.55e+03  -6.0 3.81e+02    -  1.37e-06 2.11e-04h  1
  72  4.2768692e+04 3.16e+02 4.59e+03  -6.0 3.81e+02    -  2.02e-05 2.84e-03h  1
  73  4.4620087e+04 3.11e+02 4.73e+03  -6.0 3.80e+02    -  2.83e-03 1.47e-02h  1
  74  4.4648723e+04 3.11e+02 4.74e+03  -6.0 3.74e+02    -  7.14e-06 2.30e-04h  1
  75  4.6863446e+04 3.06e+02 4.97e+03  -6.0 3.74e+02    -  3.10e-05 1.77e-02h  1
  76  4.6898017e+04 3.06e+02 4.97e+03  -6.0 3.67e+02    -  2.41e-05 2.79e-04h  1
  77  4.7702643e+04 3.04e+02 5.06e+03  -6.0 3.67e+02    -  1.94e-04 6.45e-03h  1
  78  4.7725800e+04 3.04e+02 5.06e+03  -6.0 3.65e+02    -  4.52e-05 1.85e-04h  1
  79  5.4880295e+04 2.86e+02 5.83e+03  -6.0 3.65e+02    -  1.10e-05 5.71e-02h  1
iter    objective    inf_pr   inf_du lg(mu)  ||d||  lg(rg) alpha_du alpha_pr  ls
  80  5.4899281e+04 2.86e+02 5.83e+03  -6.0 3.42e+02    -  8.60e-05 1.60e-04h  1
  81  5.6602139e+04 2.82e+02 6.03e+03  -6.0 3.42e+02    -  2.33e-07 1.43e-02h  1
  82  5.6612648e+04 2.82e+02 6.03e+03  -6.0 3.31e+02    -  5.23e-05 8.96e-05h  1
  83  5.8968363e+04 2.77e+02 6.30e+03  -6.0 3.39e+02    -  3.79e-07 1.97e-02h  1
  84  5.8987087e+04 2.77e+02 6.30e+03  -6.0 3.32e+02    -  1.04e-04 1.59e-04h  1
  85  5.9225932e+04 2.76e+02 6.33e+03  -6.0 3.32e+02    -  2.22e-07 2.02e-03h  1
  86  5.9239891e+04 2.76e+02 6.33e+03  -6.0 3.32e+02    -  3.74e-05 1.18e-04h  1
  87  6.1019460e+04 2.72e+02 6.54e+03  -6.0 3.32e+02    -  1.10e-05 1.49e-02h  1
  88  6.1038815e+04 2.72e+02 6.54e+03  -6.0 3.27e+02    -  1.09e-04 1.63e-04h  1
  89  6.4719752e+04 2.63e+02 6.98e+03  -6.0 3.27e+02    -  4.51e-07 3.10e-02h  1
iter    objective    inf_pr   inf_du lg(mu)  ||d||  lg(rg) alpha_du alpha_pr  ls
  90  6.4739037e+04 2.63e+02 6.98e+03  -6.0 3.17e+02    -  1.18e-04 1.67e-04h  1
  91  6.8505965e+04 2.55e+02 7.45e+03  -6.0 3.16e+02    -  3.04e-07 3.25e-02h  1
  92  6.8519027e+04 2.55e+02 7.45e+03  -6.0 3.06e+02    -  6.49e-05 1.16e-04h  1
  93  7.0455313e+04 2.51e+02 7.69e+03  -6.0 3.06e+02    -  5.35e-07 1.70e-02h  1
  94  7.0466843e+04 2.51e+02 7.69e+03  -6.0 3.01e+02    -  8.40e-05 1.02e-04h  1
  95  7.3984489e+04 2.43e+02 8.15e+03  -6.0 3.01e+02    -  5.91e-07 3.10e-02h  1
  96  7.3995789e+04 2.43e+02 8.15e+03  -6.0 2.91e+02    -  7.92e-05 1.03e-04h  1
  97  7.5416483e+04 2.40e+02 8.34e+03  -6.0 2.91e+02    -  1.15e-07 1.28e-02h  1
  98  7.5428031e+04 2.40e+02 8.34e+03  -6.0 2.88e+02    -  1.15e-04 1.06e-04h  1
  99  7.5448936e+04 2.40e+02 8.35e+03  -6.0 2.92e+02    -  1.19e-05 1.90e-04h  1
iter    objective    inf_pr   inf_du lg(mu)  ||d||  lg(rg) alpha_du alpha_pr  ls
 100  7.5458167e+04 2.40e+02 8.35e+03  -6.0 3.20e+02    -  8.84e-06 8.39e-05h  1
 101  7.5577713e+04 2.39e+02 8.36e+03  -6.0 2.88e+02    -  3.76e-06 1.07e-03h  1
 102  7.5593904e+04 2.39e+02 8.36e+03  -6.0 2.87e+02    -  5.75e-05 1.44e-04h  1
 103  8.1082491e+04 2.28e+02 9.10e+03  -6.0 2.87e+02    -  7.22e-06 4.86e-02h  1
 104  8.1094017e+04 2.28e+02 9.10e+03  -6.0 2.73e+02    -  1.06e-04 1.08e-04h  1
 105  8.1786751e+04 2.26e+02 9.20e+03  -6.0 2.73e+02    -  3.40e-08 6.37e-03h  1
 106  8.1797797e+04 2.26e+02 9.20e+03  -6.0 2.71e+02    -  1.33e-04 1.02e-04h  1
 107  8.6656519e+04 2.16e+02 9.89e+03  -6.0 2.71e+02    -  8.69e-08 4.42e-02h  1
 108  8.6733086e+04 2.16e+02 9.85e+03  -6.0 2.59e+02    -  1.89e-03 7.26e-04h  1
 109  8.6883623e+04 2.16e+02 9.88e+03  -6.0 2.59e+02    -  9.82e-10 1.38e-03h  1
iter    objective    inf_pr   inf_du lg(mu)  ||d||  lg(rg) alpha_du alpha_pr  ls
 110  8.9802390e+04 2.10e+02 9.83e+03  -6.0 2.58e+02    -  1.84e-02 2.65e-02h  1
 111  8.9984613e+04 2.10e+02 9.85e+03  -6.0 2.56e+02    -  1.45e-06 1.68e-03h  1
 112  9.0034877e+04 2.09e+02 9.86e+03  -6.0 2.56e+02    -  2.49e-04 4.65e-04h  1
 113  9.0070293e+04 2.09e+02 9.86e+03  -6.0 2.98e+02    -  2.07e-06 3.27e-04h  1
 114  9.0102204e+04 2.09e+02 9.86e+03  -6.0 2.88e+02    -  1.80e-04 2.95e-04h  1
 115  9.0120424e+04 2.09e+02 9.83e+03  -6.0 2.56e+02    -  1.19e-03 1.69e-04h  1
 116  9.0236798e+04 2.09e+02 9.81e+03  -6.0 2.52e+02    -  1.38e-03 1.08e-03h  1
 117  9.0443376e+04 2.09e+02 9.82e+03  -6.0 2.49e+02    -  8.62e-04 1.94e-03h  1
 118  9.4133954e+04 2.01e+02 1.04e+04  -6.0 3.22e+02    -  5.00e-04 3.57e-02h  1
 119  9.4156621e+04 2.01e+02 1.04e+04  -6.0 2.93e+02    -  6.26e-05 2.25e-04h  1
iter    objective    inf_pr   inf_du lg(mu)  ||d||  lg(rg) alpha_du alpha_pr  ls
 120  9.5981833e+04 1.98e+02 1.07e+04  -6.0 2.93e+02    -  2.32e-06 1.81e-02h  1
 121  9.6010153e+04 1.98e+02 1.07e+04  -6.0 2.66e+02    -  2.01e-04 2.85e-04h  1
 122  9.6318158e+04 1.97e+02 1.07e+04  -6.0 2.65e+02    -  2.47e-03 3.10e-03h  1
 123  9.6659221e+04 1.96e+02 1.08e+04  -6.0 3.34e+02    -  7.31e-07 3.20e-03h  1
 124  9.9908374e+04 1.90e+02 1.10e+04  -6.0 3.37e+02    -  1.00e-02 3.05e-02h  1
 125  9.9937127e+04 1.90e+02 1.10e+04  -6.0 3.53e+02    -  3.36e-05 2.92e-04h  1
 126  1.0112014e+05 1.88e+02 1.13e+04  -6.0 4.47e+02    -  5.31e-06 1.23e-02h  1
 127  1.0113876e+05 1.88e+02 1.13e+04  -6.0 5.36e+02    -  1.22e-04 2.04e-04h  1
 128  1.0184555e+05 1.86e+02 1.14e+04  -6.0 5.39e+02    -  2.13e-07 7.68e-03h  1
 129  1.0257570e+05 1.85e+02 1.14e+04  -6.0 5.64e+02    -  7.08e-03 8.10e-03h  1
iter    objective    inf_pr   inf_du lg(mu)  ||d||  lg(rg) alpha_du alpha_pr  ls
 130  1.0321855e+05 1.84e+02 1.13e+04  -6.0 6.00e+02    -  5.60e-03 7.30e-03h  1
 131  1.0408486e+05 1.82e+02 1.12e+04  -6.0 5.98e+02    -  1.13e-02 9.90e-03h  1
 132  1.0488716e+05 1.80e+02 1.11e+04  -6.0 5.80e+02    -  7.24e-03 9.21e-03h  1
 133  1.0497150e+05 1.80e+02 1.11e+04  -6.0 5.63e+02    -  1.14e-03 9.71e-04h  1
 134  1.0498420e+05 1.80e+02 1.11e+04  -6.0 5.61e+02    -  4.12e-05 1.46e-04h  1
 135  1.0520992e+05 1.79e+02 1.12e+04  -6.0 5.59e+02    -  5.83e-05 2.60e-03h  1
 136r 1.0520992e+05 1.79e+02 1.00e+03   2.3 0.00e+00    -  0.00e+00 1.49e-09R  2
 137r 1.0521009e+05 1.79e+02 1.00e+03   2.3 2.43e+07    -  1.96e-09 1.37e-09f  1
 138r 1.0525484e+05 1.79e+02 1.00e+03   0.9 6.54e+03    -  1.27e-07 4.07e-05f  1
 139r 1.0580881e+05 1.79e+02 1.00e+03   0.9 2.10e+04    -  1.38e-04 1.54e-04f  1
iter    objective    inf_pr   inf_du lg(mu)  ||d||  lg(rg) alpha_du alpha_pr  ls
 140r 1.0865190e+05 1.78e+02 1.00e+03   0.9 2.06e+04    -  3.78e-04 7.44e-04f  1
 141r 1.1859910e+05 1.74e+02 1.00e+03   0.9 1.91e+04    -  3.86e-04 2.21e-03f  1
 142r 1.2712878e+05 1.70e+02 1.00e+03   0.9 1.47e+04    -  4.54e-04 1.74e-03f  1
 143r 1.3727384e+05 1.67e+02 1.00e+03   0.9 1.08e+04    -  6.61e-04 1.78e-03f  1
 144r 1.4949471e+05 1.63e+02 1.00e+03   0.9 6.65e+03    -  7.78e-04 1.78e-03f  1
 145r 1.6867996e+05 1.58e+02 1.00e+03   0.9 5.62e+03    -  8.75e-04 2.28e-03f  1
 146  1.6876593e+05 1.57e+02 4.26e+02  -6.0 1.62e+02    -  5.74e-03 5.07e-03h  1
 147  1.6885216e+05 1.56e+02 4.24e+02  -6.0 2.54e+02    -  2.67e-03 6.09e-03h  1
 148  1.6899015e+05 1.55e+02 4.20e+02  -6.0 2.11e+02    -  6.09e-03 8.84e-03h  1
 149  1.6922167e+05 1.52e+02 4.14e+02  -6.0 1.96e+02    -  5.23e-03 1.47e-02h  1
iter    objective    inf_pr   inf_du lg(mu)  ||d||  lg(rg) alpha_du alpha_pr  ls
 150  1.6955753e+05 1.49e+02 4.06e+02  -6.0 1.88e+02    -  8.35e-03 1.99e-02h  1
 151  1.6987357e+05 1.46e+02 3.98e+02  -6.0 1.82e+02    -  1.03e-02 1.90e-02h  1
 152  1.7041144e+05 1.42e+02 3.85e+02  -6.0 1.77e+02    -  6.30e-03 3.16e-02h  1
 153  1.7061082e+05 1.40e+02 3.81e+02  -6.0 1.71e+02    -  5.47e-03 1.14e-02h  1
 154  1.7137064e+05 1.34e+02 3.65e+02  -6.0 1.69e+02    -  9.19e-03 4.23e-02h  1
 155  1.7231382e+05 1.27e+02 3.46e+02  -6.0 1.64e+02    -  8.89e-02 5.06e-02h  1
 156  1.7365321e+05 1.16e+02 3.15e+02  -6.0 2.40e+02    -  2.88e-02 8.96e-02h  1
 157  1.7431502e+05 1.10e+02 2.99e+02  -6.0 1.92e+02    -  4.04e-02 5.06e-02h  1
 158  1.7494804e+05 1.04e+02 2.82e+02  -6.0 2.71e+02    -  1.56e-02 5.96e-02h  1
 159  1.7548971e+05 9.87e+01 2.68e+02  -6.0 2.61e+02    -  2.16e-02 4.78e-02h  1
iter    objective    inf_pr   inf_du lg(mu)  ||d||  lg(rg) alpha_du alpha_pr  ls
 160  1.7598684e+05 9.47e+01 2.57e+02  -6.0 2.15e+02    -  4.24e-02 4.00e-02h  1
 161  1.7690185e+05 8.81e+01 2.39e+02  -6.0 1.97e+02    -  3.63e-02 7.00e-02h  1
 162  1.7771548e+05 8.29e+01 2.25e+02  -6.0 1.93e+02    -  2.76e-02 5.87e-02h  1
 163  1.7805429e+05 8.11e+01 2.20e+02  -6.0 1.60e+02    -  1.64e-02 2.15e-02h  1
 164  1.7970689e+05 7.30e+01 1.98e+02  -6.0 1.54e+02    -  1.15e-05 1.00e-01h  1
 165  1.8016596e+05 7.12e+01 1.93e+02  -6.0 1.15e+02    -  7.58e-02 2.43e-02h  1
 166  1.8382696e+05 5.88e+01 1.60e+02  -6.0 1.02e+02    -  1.13e-01 1.74e-01h  1
 167  1.8683656e+05 5.08e+01 1.38e+02  -6.0 7.85e+01    -  2.73e-02 1.36e-01h  1
 168  1.8872792e+05 4.63e+01 1.26e+02  -6.0 1.03e+02    -  7.75e-02 8.84e-02h  1
 169  1.9227853e+05 3.86e+01 1.05e+02  -6.0 1.38e+02    -  1.21e-02 1.67e-01h  1
iter    objective    inf_pr   inf_du lg(mu)  ||d||  lg(rg) alpha_du alpha_pr  ls
 170  1.9238868e+05 3.84e+01 1.04e+02  -6.0 1.58e+02    -  3.80e-03 5.52e-03h  1
 171  1.9362633e+05 3.59e+01 9.76e+01  -6.0 1.58e+02    -  5.19e-03 6.45e-02h  1
 172  1.9379370e+05 3.56e+01 9.67e+01  -6.0 1.53e+02    -  6.86e-03 8.88e-03h  1
 173  1.9600952e+05 3.13e+01 8.50e+01  -6.0 1.52e+02    -  1.16e-02 1.21e-01h  1
 174  1.9673967e+05 2.99e+01 8.13e+01  -6.0 1.18e+02    -  4.83e-02 4.41e-02h  1
 175  1.9743446e+05 2.86e+01 7.76e+01  -6.0 7.77e+01    -  3.13e-06 4.52e-02h  1
 176  1.9776252e+05 2.80e+01 7.60e+01  -6.0 1.12e+02    -  1.49e-02 2.12e-02h  1
 177  2.0022208e+05 2.35e+01 6.38e+01  -6.0 1.39e+02    -  8.20e-03 1.60e-01h  1
 178  2.0186145e+05 2.06e+01 5.60e+01  -6.0 1.28e+02    -  1.50e-01 1.23e-01h  1
 179  2.0209338e+05 2.02e+01 5.49e+01  -6.0 7.66e+01    -  5.21e-07 1.90e-02h  1
iter    objective    inf_pr   inf_du lg(mu)  ||d||  lg(rg) alpha_du alpha_pr  ls
 180  2.0234960e+05 1.98e+01 5.38e+01  -6.0 6.87e+01    -  2.92e-02 2.12e-02h  1
 181  2.0268733e+05 1.92e+01 5.22e+01  -6.0 5.15e+01    -  1.01e-01 2.83e-02h  1
 182  2.0482181e+05 1.57e+01 4.28e+01  -6.0 4.50e+01    -  5.76e-03 1.81e-01h  1
 183  2.0491755e+05 1.56e+01 4.24e+01  -6.0 4.67e+01    -  7.40e-03 9.64e-03h  1
 184  2.0763475e+05 1.12e+01 3.04e+01  -6.0 4.74e+01    -  2.42e-03 2.81e-01h  1
 185  2.0831214e+05 1.01e+01 2.75e+01  -6.0 3.61e+01    -  3.03e-02 9.57e-02h  1
 186  2.0911549e+05 8.87e+00 2.41e+01  -6.0 3.65e+01    -  4.31e-02 1.25e-01h  1
 187  2.0962210e+05 8.07e+00 2.19e+01  -6.0 3.65e+01    -  1.02e-01 8.98e-02h  1
 188  2.1151713e+05 5.13e+00 1.39e+01  -6.0 2.97e+01    -  2.10e-01 3.64e-01h  1
 189  2.1256433e+05 3.55e+00 9.63e+00  -6.0 1.05e+01    -  5.56e-01 3.09e-01h  1
iter    objective    inf_pr   inf_du lg(mu)  ||d||  lg(rg) alpha_du alpha_pr  ls
 190  2.1263518e+05 3.44e+00 9.35e+00  -6.0 5.53e+00    -  1.75e-01 3.00e-02h  1
 191  2.1307503e+05 2.78e+00 7.56e+00  -6.0 5.42e+00    -  1.95e-01 1.91e-01h  1
 192  2.1407014e+05 1.31e+00 4.13e+00  -6.0 4.43e+00    -  2.66e-06 5.31e-01h  1
 193  2.1423567e+05 1.06e+00 3.21e+00  -6.0 2.10e+00    -  2.17e-01 1.87e-01h  1
 194  2.1438844e+05 8.37e-01 2.47e+00  -6.0 1.71e+00    -  2.22e-01 2.12e-01h  1
 195  2.1451577e+05 6.49e-01 1.97e+00  -6.0 1.35e+00    -  2.12e-01 2.24e-01h  1
 196  2.1465960e+05 4.38e-01 1.67e+00  -6.0 1.05e+00    -  2.44e-01 3.25e-01h  1
 197  2.1477262e+05 2.73e-01 1.92e+00  -6.0 7.07e-01    -  2.43e-01 3.78e-01h  1
 198  2.1482707e+05 1.93e-01 1.09e+00  -6.0 4.39e-01    -  3.82e-01 2.92e-01h  1
 199  2.1489086e+05 9.99e-02 2.66e+00  -6.0 3.11e-01    -  2.54e-01 4.83e-01h  1
iter    objective    inf_pr   inf_du lg(mu)  ||d||  lg(rg) alpha_du alpha_pr  ls
 200  2.1493102e+05 4.13e-02 4.70e+00  -6.0 1.61e-01    -  8.58e-01 5.87e-01h  1
 201  2.1495083e+05 1.24e-02 1.59e+01  -6.0 7.38e-02    -  9.81e-01 7.00e-01h  1
 202  2.1495546e+05 5.63e-03 5.86e+01  -6.0 5.52e-01    -  8.36e-01 5.45e-01h  1
 203  2.1495691e+05 3.51e-03 1.03e+01  -6.0 2.24e+00    -  2.60e-01 3.77e-01h  1
 204  2.1495910e+05 3.13e-04 1.86e+02  -6.0 2.33e+00    -  5.96e-01 9.11e-01h  1
Reallocating memory for MA57: lfact (139033)
 205  2.1495910e+05 3.12e-04 4.06e+03  -6.0 5.22e+00    -  6.29e-01 2.58e-03h  7
Reallocating memory for MA57: lfact (149180)
 206  2.1495923e+05 1.24e-04 2.06e+03  -6.0 1.17e+01    -  6.71e-01 6.03e-01h  1
 207  2.1495923e+05 1.23e-04 7.82e+03  -6.0 2.76e+01    -  3.58e-01 8.31e-03h  7
Reallocating memory for MA57: lfact (157748)
 208  2.1495928e+05 4.31e-05 3.29e+03  -6.0 3.68e+01    -  6.82e-01 6.49e-01h  1
 209  2.1495928e+05 4.30e-05 2.74e+04  -6.0 5.20e+01    -  5.08e-01 2.06e-03h  9
iter    objective    inf_pr   inf_du lg(mu)  ||d||  lg(rg) alpha_du alpha_pr  ls
 210  2.1495930e+05 1.37e-05 2.03e+04  -6.0 5.78e+01    -  9.22e-01 6.81e-01h  1
 211  2.1495930e+05 1.37e-05 1.70e+05  -6.0 1.63e+01    -  1.00e+00 1.15e-03h  9
 212  2.1495931e+05 3.21e-06 7.51e+04  -6.0 1.32e+01    -  1.00e+00 7.66e-01h  1
 213  2.1495931e+05 3.18e-06 7.10e+05  -6.0 3.72e+00    -  1.00e+00 8.63e-03f  7
 214  2.1495931e+05 7.52e-07 3.21e+05  -6.0 3.67e+00    -  1.00e+00 7.64e-01h  1
 215  2.1495931e+05 7.26e-07 2.95e+06  -6.0 8.64e-01    -  1.00e+00 3.45e-02f  5
 216  2.1495931e+05 1.72e-07 1.37e+06  -6.0 8.34e-01    -  1.00e+00 7.63e-01h  1
 217  2.1495931e+05 1.61e-07 1.24e+07  -6.0 1.99e-01    -  1.00e+00 6.86e-02f  4
Reallocating memory for MA57: lfact (237757)
 218  2.1495931e+05 2.71e-12 2.79e-09  -6.0 1.85e-01    -  1.00e+00 1.00e+00h  1
In iteration 218, 1 Slack too small, adjusting variable bound
 219  2.1495931e+05 3.98e-13 7.97e-01 -12.0 2.23e-04    -  7.65e-01 8.55e-01f  1
Reallocating memory for MA57: lfact (291144)
iter    objective    inf_pr   inf_du lg(mu)  ||d||  lg(rg) alpha_du alpha_pr  ls
 220  2.1495931e+05 7.24e-12 3.61e-01 -12.0 8.10e-05  -4.0 5.47e-01 6.88e-01f  1
Reallocating memory for MA57: lfact (364276)
 221  2.1495931e+05 1.03e-11 1.87e-01 -12.0 4.11e-05  -4.5 4.84e-01 5.55e-01f  1
Reallocating memory for MA57: lfact (398702)
 222  2.1495931e+05 9.13e-12 2.57e-01 -12.0 2.57e-05  -5.0 7.42e-01 2.85e-01h  1
 223  2.1495931e+05 4.98e-12 4.61e-02 -12.0 2.46e-05  -5.4 5.62e-01 8.69e-01f  1
Reallocating memory for MA57: lfact (426601)
 224  2.1495931e+05 2.01e-12 2.44e-02 -12.0 3.52e-05    -  5.89e-01 6.71e-01h  1
Reallocating memory for MA57: lfact (456298)
 225  2.1495931e+05 2.14e-13 2.02e-02 -12.0 3.37e-06  -5.9 5.58e-01 9.92e-01f  1
Reallocating memory for MA57: lfact (503559)
 226  2.1495931e+05 1.34e-13 1.30e-03 -12.0 3.30e-07  -6.4 9.36e-01 9.97e-01f  1
 227  2.1495931e+05 1.03e-13 9.09e-02 -12.0 1.83e-08  -6.9 1.00e+00 9.94e-01f  1
 228  2.1495931e+05 1.26e-13 9.31e-10 -12.0 1.66e-07  -7.3 1.00e+00 1.00e+00f  1

Number of Iterations....: 228

                                   (scaled)                 (unscaled)
Objective...............:   2.1495931165371844e+05    2.1495931165371844e+05
Dual infeasibility......:   9.3132257461547852e-10    9.3132257461547852e-10
Constraint violation....:   1.2612133559741778e-13    1.2612133559741778e-13
Complementarity.........:   1.2242438986447379e-12    1.2242438986447379e-12
Overall NLP error.......:   2.3680196947953441e-13    9.3132257461547852e-10


Number of objective function evaluations             = 272
Number of objective gradient evaluations             = 221
Number of equality constraint evaluations            = 272
Number of inequality constraint evaluations          = 272
Number of equality constraint Jacobian evaluations   = 230
Number of inequality constraint Jacobian evaluations = 230
Number of Lagrangian Hessian evaluations             = 228
Total CPU secs in IPOPT (w/o function evaluations)   =      1.317
Total CPU secs in NLP function evaluations           =      0.016

EXIT: Optimal Solution Found.

