Solver command line: ['C:\\Users\\Alexander\\AppData\\Local\\idaes\\bin\\ipopt.exe', 'C:\\Users\\ALEXAN~1\\AppData\\Local\\Temp\\tmpj7bpj83z.pyomo.nl', '-AMPL', 'linear_solver=ma27', 'max_iter=3000', 'max_cpu_time=600.0', 'tol=1e-11', 'nlp_scaling_method=none', 'acceptable_tol=1e-10', 'bound_relax_factor=0.0', 'honor_original_bounds=yes', 'warm_start_init_point=no', 'print_level=5']

Ipopt 3.13.2: linear_solver=ma27
max_iter=3000
max_cpu_time=600.0
tol=1e-11
nlp_scaling_method=none
acceptable_tol=1e-10
bound_relax_factor=0.0
honor_original_bounds=yes
warm_start_init_point=no
print_level=5


******************************************************************************
This program contains Ipopt, a library for large-scale nonlinear optimization.
 Ipopt is released as open source code under the Eclipse Public License (EPL).
         For more information visit http://projects.coin-or.org/Ipopt

This version of Ipopt was compiled from source code available at
    https://github.com/IDAES/Ipopt as part of the Institute for the Design of
    Advanced Energy Systems Process Systems Engineering Framework (IDAES PSE
    Framework) Copyright (c) 2018-2019. See https://github.com/IDAES/idaes-pse.

This version of Ipopt was compiled using HSL, a collection of Fortran codes
    for large-scale scientific computation.  All technical papers, sales and
    publicity material resulting from use of the HSL codes within IPOPT must
    contain the following acknowledgement:
        HSL, a collection of Fortran codes for large-scale scientific
        computation. See http://www.hsl.rl.ac.uk.
******************************************************************************

This is Ipopt version 3.13.2, running with linear solver ma27.

Number of nonzeros in equality constraint Jacobian...:     4734
Number of nonzeros in inequality constraint Jacobian.:     4995
Number of nonzeros in Lagrangian Hessian.............:       72

Total number of variables............................:     2547
                     variables with only lower bounds:     2259
                variables with lower and upper bounds:        0
                     variables with only upper bounds:        0
Total number of equality constraints.................:      915
Total number of inequality constraints...............:     2691
        inequality constraints with only lower bounds:      216
   inequality constraints with lower and upper bounds:        0
        inequality constraints with only upper bounds:     2475

iter    objective    inf_pr   inf_du lg(mu)  ||d||  lg(rg) alpha_du alpha_pr  ls
   0  1.9512000e+02 5.62e+02 1.54e+01  -1.0 0.00e+00    -  0.00e+00 0.00e+00   0
   1  3.5475046e+02 5.62e+02 1.61e+01  -1.0 5.17e+02    -  2.28e-04 4.60e-04h  1
   2  1.4218268e+03 5.61e+02 1.71e+01  -1.0 5.62e+02    -  1.76e-04 2.67e-03h  1
   3  1.4447103e+03 5.60e+02 1.71e+01  -1.0 1.33e+03    -  3.40e-04 5.57e-04h  1
   4  1.4368483e+03 5.60e+02 1.71e+01  -1.0 1.22e+03    -  7.81e-04 8.66e-04f  1
   5  1.2175614e+03 5.59e+02 1.71e+01  -1.0 1.12e+03    -  8.71e-04 1.44e-03f  1
   6  8.4742957e+02 5.58e+02 1.71e+01  -1.0 9.40e+02    -  1.10e-03 1.92e-03f  1
   7  4.9282996e+02 5.57e+02 1.71e+01  -1.0 7.73e+02    -  1.73e-03 2.39e-03f  1
   8  1.6195620e+02 5.54e+02 1.70e+01  -1.0 6.26e+02    -  7.60e-03 5.24e-03f  1
   9  1.1149199e+02 5.47e+02 1.68e+01  -1.0 6.26e+02    -  2.25e-02 1.22e-02f  1
iter    objective    inf_pr   inf_du lg(mu)  ||d||  lg(rg) alpha_du alpha_pr  ls
  10  1.1142725e+02 4.98e+02 1.53e+01  -1.0 6.17e+02    -  6.96e-02 9.05e-02f  1
  11  1.1714216e+02 4.84e+02 1.49e+01  -1.0 5.80e+02    -  1.43e-02 2.75e-02h  1
  12  2.9499513e+02 4.80e+02 1.67e+01  -1.0 5.28e+02    -  1.12e-04 7.37e-03h  1
  13  7.3334701e+02 4.72e+02 1.67e+01  -1.0 5.71e+02    -  6.01e-03 1.69e-02h  1
  14  1.4241140e+03 4.63e+02 1.69e+01  -1.0 5.61e+02    -  3.24e-04 1.89e-02h  1
  15  1.4963835e+03 4.62e+02 1.72e+01  -1.0 5.52e+02    -  6.74e-04 1.75e-03h  1
  16  1.9171555e+03 4.58e+02 1.74e+01  -1.0 5.52e+02    -  5.89e-04 8.98e-03h  1
  17  2.1097089e+03 4.57e+02 1.87e+01  -1.0 5.56e+02    -  9.84e-04 3.52e-03h  1
  18  3.0146027e+03 4.49e+02 1.87e+01  -1.0 5.44e+02    -  3.29e-03 1.63e-02h  1
  19  3.1192076e+03 4.48e+02 1.87e+01  -1.0 5.95e+02    -  6.77e-04 1.60e-03h  1
iter    objective    inf_pr   inf_du lg(mu)  ||d||  lg(rg) alpha_du alpha_pr  ls
  20  3.6357146e+03 4.45e+02 1.88e+01  -1.0 5.35e+02    -  3.78e-04 6.80e-03h  1
  21  4.2234291e+03 4.42e+02 1.92e+01  -1.0 5.33e+02    -  1.86e-03 7.00e-03h  1
  22  5.0273310e+03 4.38e+02 1.94e+01  -1.0 5.29e+02    -  1.35e-03 8.89e-03h  1
  23  5.5776948e+03 4.36e+02 1.94e+01  -1.0 5.23e+02    -  3.63e-03 6.08e-03h  1
  24  6.5375146e+03 4.32e+02 1.94e+01  -1.0 5.20e+02    -  2.50e-04 9.51e-03h  1
  25  7.1211130e+03 4.29e+02 1.94e+01  -1.0 5.16e+02    -  1.45e-03 5.49e-03h  1
  26  8.2986354e+03 4.24e+02 1.93e+01  -1.0 5.12e+02    -  5.70e-03 1.11e-02h  1
  27  9.0908208e+03 4.21e+02 1.94e+01  -1.0 5.06e+02    -  6.49e-04 6.93e-03h  1
  28  1.0503431e+04 4.16e+02 1.94e+01  -1.0 5.03e+02    -  2.04e-03 1.19e-02h  1
  29  1.0865384e+04 4.15e+02 1.94e+01  -1.0 4.97e+02    -  9.70e-04 2.95e-03h  1
iter    objective    inf_pr   inf_du lg(mu)  ||d||  lg(rg) alpha_du alpha_pr  ls
  30  1.8296175e+04 3.90e+02 1.97e+01  -1.0 4.95e+02    -  2.45e-03 6.03e-02h  1
  31  1.8710693e+04 3.89e+02 1.96e+01  -1.0 5.42e+02    -  2.69e-03 3.58e-03h  1
  32  1.9874800e+04 3.85e+02 1.97e+01  -1.0 4.63e+02    -  1.56e-03 9.89e-03h  1
  33  2.0566062e+04 3.83e+02 1.97e+01  -1.0 4.91e+02    -  1.78e-03 5.84e-03h  1
  34  2.6219887e+04 3.64e+02 2.07e+01  -1.0 4.49e+02    -  5.29e-03 4.80e-02h  1
  35  2.6467335e+04 3.64e+02 2.07e+01  -1.0 4.48e+02    -  1.50e-03 2.18e-03h  1
  36  2.9133207e+04 3.55e+02 2.13e+01  -1.0 4.29e+02    -  1.66e-03 2.34e-02h  1
  37  3.0161346e+04 3.52e+02 2.13e+01  -1.0 4.88e+02    -  4.49e-03 9.17e-03h  1
  38  3.1857196e+04 3.46e+02 2.14e+01  -1.0 4.07e+02    -  5.91e-03 1.50e-02h  1
  39  3.3438205e+04 3.42e+02 2.15e+01  -1.0 4.07e+02    -  5.74e-03 1.40e-02h  1
iter    objective    inf_pr   inf_du lg(mu)  ||d||  lg(rg) alpha_du alpha_pr  ls
  40  3.3573042e+04 3.41e+02 2.15e+01  -1.0 4.04e+02    -  6.46e-04 1.17e-03h  1
  41  3.6562580e+04 3.33e+02 2.23e+01  -1.0 4.02e+02    -  1.70e-04 2.48e-02h  1
  42  3.8222708e+04 3.28e+02 2.24e+01  -1.0 3.87e+02    -  7.02e-03 1.39e-02h  1
  43  3.8935988e+04 3.26e+02 2.20e+01  -1.0 3.67e+02    -  9.54e-03 6.03e-03h  1
  44  4.0963543e+04 3.21e+02 2.26e+01  -1.0 3.65e+02    -  8.91e-05 1.63e-02h  1
  45  4.5220944e+04 3.10e+02 2.30e+01  -1.0 3.62e+02    -  1.13e-02 3.40e-02h  1
  46  4.8956207e+04 3.01e+02 2.35e+01  -1.0 3.50e+02    -  8.19e-03 3.04e-02h  1
  47  5.4961134e+04 2.85e+02 2.45e+01  -1.0 3.39e+02    -  1.05e-02 5.01e-02h  1
  48  5.6454918e+04 2.82e+02 2.46e+01  -1.0 3.23e+02    -  4.25e-03 1.30e-02h  1
  49  5.9074608e+04 2.75e+02 2.48e+01  -1.0 3.20e+02    -  9.88e-03 2.31e-02h  1
iter    objective    inf_pr   inf_du lg(mu)  ||d||  lg(rg) alpha_du alpha_pr  ls
  50  6.2391084e+04 2.67e+02 2.53e+01  -1.0 3.10e+02    -  5.69e-03 2.96e-02h  1
  51  6.4994436e+04 2.61e+02 2.55e+01  -1.0 3.16e+02    -  9.24e-03 2.39e-02h  1
  52  6.9657813e+04 2.49e+02 2.60e+01  -1.0 3.70e+02    -  1.10e-02 4.35e-02h  1
  53  7.1913848e+04 2.44e+02 2.63e+01  -1.0 4.46e+02    -  4.82e-03 2.16e-02h  1
  54  7.5406910e+04 2.36e+02 2.68e+01  -1.0 4.67e+02    -  8.00e-03 3.40e-02h  1
  55  7.9465290e+04 2.26e+02 2.65e+01  -1.0 4.77e+02    -  2.48e-02 4.08e-02h  1
  56  8.3507956e+04 2.16e+02 2.73e+01  -1.0 4.31e+02    -  2.99e-03 4.23e-02h  1
  57  8.3722101e+04 2.16e+02 2.71e+01  -1.0 4.10e+02    -  4.63e-03 2.34e-03h  1
  58  8.4892072e+04 2.13e+02 2.74e+01  -1.0 4.18e+02    -  8.10e-05 1.22e-02h  1
  59  8.9383100e+04 2.03e+02 2.76e+01  -1.0 4.31e+02    -  1.70e-02 4.73e-02h  1
iter    objective    inf_pr   inf_du lg(mu)  ||d||  lg(rg) alpha_du alpha_pr  ls
  60  9.2583511e+04 1.96e+02 2.78e+01  -1.0 4.70e+02    -  9.96e-03 3.51e-02h  1
  61  9.6279702e+04 1.88e+02 2.77e+01  -1.0 4.55e+02    -  1.99e-02 4.18e-02h  1
  62  9.9460377e+04 1.81e+02 2.78e+01  -1.0 4.08e+02    -  1.25e-02 3.74e-02h  1
  63  9.9972604e+04 1.80e+02 2.63e+01  -1.0 3.58e+02    -  3.50e-02 6.29e-03h  1
  64  1.0038463e+05 1.79e+02 2.63e+01  -1.0 3.83e+02    -  2.98e-03 5.09e-03h  1
  65  1.0624642e+05 1.66e+02 2.75e+01  -1.0 3.78e+02    -  2.00e-04 6.98e-02h  1
  66  1.0673586e+05 1.65e+02 2.74e+01  -1.0 3.63e+02    -  3.72e-03 6.15e-03h  1
  67  1.0858068e+05 1.62e+02 2.76e+01  -1.0 3.56e+02    -  3.72e-03 2.30e-02h  1
  68  1.0917381e+05 1.60e+02 2.76e+01  -1.0 3.42e+02    -  3.30e-03 7.43e-03h  1
  69  1.1107879e+05 1.56e+02 2.78e+01  -1.0 3.37e+02    -  4.66e-03 2.39e-02h  1
iter    objective    inf_pr   inf_du lg(mu)  ||d||  lg(rg) alpha_du alpha_pr  ls
  70  1.1379280e+05 1.51e+02 2.79e+01  -1.0 3.20e+02    -  9.30e-03 3.45e-02h  1
  71  1.1600428e+05 1.47e+02 2.78e+01  -1.0 3.00e+02    -  1.28e-02 2.90e-02h  1
  72  1.1999200e+05 1.39e+02 2.79e+01  -1.0 2.82e+02    -  1.64e-02 5.34e-02h  1
  73  1.2104301e+05 1.37e+02 2.79e+01  -1.0 2.86e+02    -  5.13e-03 1.48e-02h  1
  74  1.2523700e+05 1.29e+02 3.04e+01  -1.0 2.83e+02    -  1.30e-02 5.96e-02h  1
  75  1.3165475e+05 1.17e+02 3.25e+01  -1.0 2.50e+02    -  1.98e-02 9.40e-02h  1
  76  1.3329537e+05 1.14e+02 3.17e+01  -1.0 2.94e+02    -  2.48e-02 2.50e-02h  1
  77  1.3615212e+05 1.09e+02 3.30e+01  -1.0 2.55e+02    -  2.20e-03 4.34e-02h  1
  78  1.3840244e+05 1.05e+02 3.20e+01  -1.0 2.04e+02    -  3.32e-02 3.52e-02h  1
  79  1.3995442e+05 1.02e+02 3.20e+01  -1.0 2.10e+02    -  1.24e-02 2.48e-02h  1
iter    objective    inf_pr   inf_du lg(mu)  ||d||  lg(rg) alpha_du alpha_pr  ls
  80  1.4129312e+05 1.00e+02 3.25e+01  -1.0 2.42e+02    -  4.45e-03 2.17e-02h  1
  81  1.4681907e+05 9.09e+01 3.49e+01  -1.0 2.24e+02    -  1.21e-02 9.13e-02h  1
  82  1.4702152e+05 9.06e+01 3.46e+01  -1.0 1.90e+02    -  5.22e-03 3.63e-03h  1
  83  1.4970792e+05 8.62e+01 3.64e+01  -1.0 1.88e+02    -  1.46e-03 4.80e-02h  1
  84  1.5026934e+05 8.53e+01 3.21e+01  -1.0 1.72e+02    -  6.21e-02 1.05e-02h  1
  85  1.5128292e+05 8.37e+01 3.29e+01  -1.0 1.62e+02    -  2.08e-04 1.86e-02h  1
  86  1.5315902e+05 8.08e+01 3.21e+01  -1.0 1.57e+02    -  3.01e-02 3.46e-02h  1
  87  1.5614205e+05 7.63e+01 3.46e+01  -1.0 1.45e+02    -  1.79e-03 5.62e-02h  1
  88  1.5653021e+05 7.57e+01 3.44e+01  -1.0 1.35e+02    -  6.44e-03 7.67e-03h  1
  89  1.5776086e+05 7.39e+01 3.54e+01  -1.0 1.33e+02    -  3.46e-03 2.44e-02h  1
iter    objective    inf_pr   inf_du lg(mu)  ||d||  lg(rg) alpha_du alpha_pr  ls
  90  1.6036797e+05 7.00e+01 3.70e+01  -1.0 1.26e+02    -  1.19e-02 5.26e-02h  1
  91  1.6187374e+05 6.78e+01 3.50e+01  -1.0 1.14e+02    -  4.04e-02 3.18e-02h  1
  92  1.6305388e+05 6.61e+01 3.60e+01  -1.0 1.06e+02    -  5.39e-03 2.52e-02h  1
  93  1.6313405e+05 6.59e+01 3.60e+01  -1.0 8.83e+01    -  1.44e-03 1.73e-03h  1
  94  1.6634601e+05 6.14e+01 3.99e+01  -1.0 8.71e+01    -  1.25e-03 6.94e-02h  1
  95  1.6734637e+05 5.99e+01 3.25e+01  -1.0 8.91e+01    -  8.71e-02 2.30e-02h  1
  96  1.7016348e+05 5.61e+01 3.70e+01  -1.0 1.03e+02    -  7.44e-04 6.49e-02h  1
  97  1.7153576e+05 5.42e+01 3.76e+01  -1.0 9.91e+01    -  1.59e-02 3.34e-02h  1
  98  1.7223265e+05 5.33e+01 3.49e+01  -1.0 1.45e+02    -  3.61e-02 1.72e-02h  1
  99  1.7444909e+05 5.03e+01 3.91e+01  -1.0 1.11e+02    -  1.03e-03 5.55e-02h  1
iter    objective    inf_pr   inf_du lg(mu)  ||d||  lg(rg) alpha_du alpha_pr  ls
 100  1.7496830e+05 4.96e+01 3.85e+01  -1.0 1.11e+02    -  1.45e-02 1.38e-02h  1
 101  1.7570919e+05 4.86e+01 3.91e+01  -1.0 1.12e+02    -  8.93e-03 1.97e-02h  1
 102  1.7664327e+05 4.74e+01 4.19e+01  -1.0 1.16e+02    -  1.72e-03 2.52e-02h  1
 103  1.7740304e+05 4.64e+01 4.28e+01  -1.0 1.21e+02    -  1.18e-02 2.08e-02h  1
 104  1.7908761e+05 4.42e+01 4.43e+01  -1.0 1.24e+02    -  1.90e-02 4.68e-02h  1
 105  1.8084848e+05 4.20e+01 3.90e+01  -1.0 1.32e+02    -  7.42e-02 5.13e-02h  1
 106  1.8641201e+05 3.48e+01 4.96e+01  -1.0 1.51e+02    -  4.66e-02 1.70e-01h  1
 107  1.8660571e+05 3.46e+01 4.83e+01  -1.0 1.38e+02    -  1.27e-02 7.13e-03h  1
 108  1.8733364e+05 3.37e+01 5.11e+01  -1.0 1.31e+02    -  2.29e-03 2.68e-02h  1
 109  1.8973298e+05 3.06e+01 5.48e+01  -1.0 1.18e+02    -  4.25e-02 9.10e-02h  1
iter    objective    inf_pr   inf_du lg(mu)  ||d||  lg(rg) alpha_du alpha_pr  ls
 110  1.8985071e+05 3.04e+01 5.41e+01  -1.0 1.71e+02    -  7.35e-03 4.90e-03h  1
 111  1.9167240e+05 2.81e+01 6.39e+01  -1.0 1.72e+02    -  2.28e-03 7.58e-02h  1
 112  1.9332896e+05 2.60e+01 5.19e+01  -1.0 1.71e+02    -  1.10e-01 7.42e-02h  1
 113  1.9363175e+05 2.57e+01 5.22e+01  -1.0 1.46e+02    -  9.71e-03 1.45e-02h  1
 114  1.9546895e+05 2.34e+01 6.61e+01  -1.0 1.38e+02    -  5.96e-03 8.89e-02h  1
 115  1.9577065e+05 2.30e+01 2.88e+01  -1.0 7.81e+01    -  1.64e-01 1.58e-02h  1
 116  1.9916557e+05 1.89e+01 5.99e+01  -1.0 8.40e+01    -  3.33e-02 1.79e-01h  1
 117  2.0122392e+05 1.64e+01 3.25e+01  -1.0 6.24e+01    -  1.97e-01 1.32e-01h  1
 118  2.0359269e+05 1.36e+01 8.53e+01  -1.0 3.79e+01    -  5.12e-03 1.74e-01h  1
 119  2.0375214e+05 1.34e+01 7.64e+01  -1.0 3.01e+01    -  3.24e-02 1.41e-02h  1
iter    objective    inf_pr   inf_du lg(mu)  ||d||  lg(rg) alpha_du alpha_pr  ls
 120  2.0870003e+05 7.47e+00 2.28e+02  -1.0 2.73e+01    -  5.81e-03 4.41e-01h  1
 121  2.1195866e+05 3.59e+00 1.29e+02  -1.0 1.75e+01    -  4.94e-01 5.19e-01h  1
 122  2.1423935e+05 8.82e-01 4.10e+02  -1.0 1.10e+01    -  5.13e-01 7.55e-01h  1
 123  2.1453377e+05 5.32e-01 1.48e+03  -1.0 1.30e+01    -  6.67e-01 3.97e-01h  1
 124  2.1469005e+05 3.46e-01 4.04e+03  -1.0 2.20e+01    -  6.40e-01 3.49e-01h  1
 125  2.1498225e+05 3.77e-03 7.25e+03  -1.0 4.06e+01    -  5.40e-01 9.89e-01h  1
 126  2.1498304e+05 3.16e-03 1.25e+06  -1.0 3.14e+01    -  1.00e+00 1.60e-01h  1
 127  2.1498505e+05 1.61e-03 1.55e+06  -1.0 1.52e+01    -  1.00e+00 4.89e-01h  1
 128  2.1498696e+05 1.83e-04 5.69e+05  -1.0 8.62e+00    -  1.00e+00 8.87e-01h  1
 129  2.1498704e+05 1.25e-04 2.15e+07  -1.0 8.74e-01    -  1.00e+00 3.14e-01h  1
iter    objective    inf_pr   inf_du lg(mu)  ||d||  lg(rg) alpha_du alpha_pr  ls
 130  2.1498714e+05 4.72e-05 2.50e+07  -1.0 5.91e-01    -  1.00e+00 6.23e-01h  1
 131  2.1498718e+05 1.98e-05 6.03e+07  -1.0 2.23e-01    -  1.00e+00 5.81e-01h  1
 132  2.1498719e+05 8.18e-06 1.43e+08  -1.0 9.32e-02    -  1.00e+00 5.86e-01h  1
 133  2.1498720e+05 3.39e-06 3.44e+08  -1.0 3.86e-02    -  1.00e+00 5.86e-01h  1
 134  2.1498720e+05 1.40e-06 8.30e+08  -1.0 1.60e-02    -  1.00e+00 5.86e-01h  1
 135  2.1498721e+05 5.81e-07 2.00e+09  -1.0 6.62e-03    -  1.00e+00 5.86e-01h  1
 136  2.1498721e+05 2.41e-07 4.84e+09  -1.0 2.74e-03    -  1.00e+00 5.86e-01h  1
 137  2.1498721e+05 9.98e-08 1.17e+10  -1.0 1.14e-03    -  1.00e+00 5.86e-01h  1
 138  2.1498721e+05 4.13e-08 2.82e+10  -1.0 4.70e-04    -  1.00e+00 5.86e-01h  1
 139  2.1498721e+05 1.71e-08 6.81e+10  -1.0 1.95e-04    -  1.00e+00 5.86e-01h  1
iter    objective    inf_pr   inf_du lg(mu)  ||d||  lg(rg) alpha_du alpha_pr  ls
 140  2.1498721e+05 7.09e-09 1.64e+11  -1.0 8.07e-05    -  1.00e+00 5.86e-01h  1
 141  2.1498721e+05 2.94e-09 3.97e+11  -1.0 3.34e-05    -  1.00e+00 5.86e-01h  1
 142  2.1498721e+05 1.22e-09 9.58e+11  -1.0 1.38e-05    -  1.00e+00 5.86e-01h  1
 143  2.1498721e+05 5.04e-10 2.31e+12  -1.0 5.74e-06    -  1.00e+00 5.86e-01h  1
 144  2.1498721e+05 2.09e-10 5.58e+12  -1.0 2.38e-06    -  1.00e+00 5.86e-01h  1
 145  2.1498721e+05 8.65e-11 1.35e+13  -1.0 9.84e-07    -  1.00e+00 5.86e-01h  1
 146  2.1498721e+05 3.58e-11 3.25e+13  -1.0 4.08e-07    -  1.00e+00 5.86e-01h  1
In iteration 146, 3 Slacks too small, adjusting variable bounds
 147  2.1498721e+05 1.48e-11 7.85e+13  -1.0 1.69e-07    -  1.00e+00 5.86e-01h  1
In iteration 147, 1 Slack too small, adjusting variable bound
 148  2.1498721e+05 6.14e-12 1.87e+14  -1.0 6.99e-08    -  1.00e+00 5.91e-01h  1
In iteration 148, 10 Slacks too small, adjusting variable bounds
 149  2.1498721e+05 2.39e-12 4.31e+14  -1.0 2.86e-08    -  1.00e+00 6.13e-01h  1
In iteration 149, 292 Slacks too small, adjusting variable bounds
iter    objective    inf_pr   inf_du lg(mu)  ||d||  lg(rg) alpha_du alpha_pr  ls
 150  2.1498721e+05 9.09e-13 1.47e+15  -1.0 1.11e-08    -  1.00e+00 6.28e-01h  1
 151  2.1498721e+05 1.17e-13 5.00e-01  -1.0 4.12e-09    -  1.00e+00 1.00e+00h  1
 152  2.1493589e+05 1.49e-13 1.03e+15 -12.0 5.82e-01    -  8.60e-01 6.75e-01f  1
In iteration 152, 1 Slack too small, adjusting variable bound
 153  2.1491702e+05 1.14e-13 8.67e+14 -12.0 6.84e-01    -  4.46e-01 2.18e-01f  1
 154  2.1491280e+05 1.14e-13 5.14e+14 -12.0 7.06e-02    -  6.19e-01 4.44e-01f  1
 155  2.1491202e+05 1.14e-13 3.43e+14 -12.0 4.72e-02    -  5.92e-01 3.68e-01f  1
 156  2.1491123e+05 1.42e-13 9.62e+13 -12.0 3.22e-02    -  6.36e-01 7.12e-01f  1
 157  2.1491106e+05 1.14e-13 3.50e+13 -12.0 1.29e-02    -  6.53e-01 6.38e-01f  1
 158  2.1491100e+05 1.67e-13 1.05e+13 -12.0 7.11e-03    -  7.26e-01 7.03e-01f  1
 159  2.1491098e+05 1.14e-13 3.30e+12 -12.0 4.39e-03    -  5.32e-01 6.70e-01f  1
iter    objective    inf_pr   inf_du lg(mu)  ||d||  lg(rg) alpha_du alpha_pr  ls
 160  2.1491097e+05 6.29e-13 7.62e+11 -12.0 2.72e-03    -  6.13e-01 7.50e-01f  1
 161  2.1491097e+05 3.78e-12 2.63e+11 -12.0 1.33e-03    -  6.98e-01 6.62e-01f  1
 162  2.1491097e+05 1.14e-10 7.30e+10 -12.0 7.52e-04    -  6.46e-01 7.12e-01f  1
 163  2.1491097e+05 7.05e-10 1.67e+10 -12.0 4.50e-04    -  6.18e-01 7.44e-01f  1
 164  2.1491097e+05 2.64e-09 4.45e+09 -12.0 2.71e-04    -  2.88e-01 6.16e-01f  1
 165  2.1491097e+05 6.18e-10 1.35e+09 -12.0 1.71e-04    -  6.28e-01 9.01e-01h  1
 166  2.1491097e+05 1.73e-09 7.56e+08 -12.0 9.00e-05    -  5.06e-01 6.02e-01f  1
 167  2.1491097e+05 1.06e-09 7.42e+07 -12.0 6.23e-05    -  7.34e-01 3.85e-01f  1
 168  2.1491097e+05 6.88e-09 9.92e+07 -12.0 5.99e-05    -  5.38e-01 8.29e-01h  1
 169  2.1491097e+05 5.66e-09 2.46e+06 -12.0 1.66e-04    -  8.70e-01 5.97e-01h  1
iter    objective    inf_pr   inf_du lg(mu)  ||d||  lg(rg) alpha_du alpha_pr  ls
 170  2.1491097e+05 1.10e-08 1.14e+07 -12.0 1.49e-03    -  9.65e-01 2.24e-01f  1
 171  2.1491097e+05 2.10e-07 4.41e+04 -12.0 3.50e-02    -  9.29e-01 1.00e+00f  1
 172  2.1491097e+05 3.00e-13 3.64e-12 -12.0 2.58e-01    -  1.00e+00 1.00e+00h  1

Number of Iterations....: 172

                                   (scaled)                 (unscaled)
Objective...............:   2.1491096840777734e+05    2.1491096840777734e+05
Dual infeasibility......:   3.6379788070917130e-12    3.6379788070917130e-12
Constraint violation....:   3.0020430585864233e-13    3.0020430585864233e-13
Complementarity.........:   1.2242131428898138e-12    1.2242131428898138e-12
Overall NLP error.......:   3.2400113470018990e-13    3.6379788070917130e-12


Number of objective function evaluations             = 173
Number of objective gradient evaluations             = 173
Number of equality constraint evaluations            = 173
Number of inequality constraint evaluations          = 173
Number of equality constraint Jacobian evaluations   = 173
Number of inequality constraint Jacobian evaluations = 173
Number of Lagrangian Hessian evaluations             = 172
Total CPU secs in IPOPT (w/o function evaluations)   =      0.898
Total CPU secs in NLP function evaluations           =      0.007

EXIT: Optimal Solution Found.

