Solver command line: ['C:\\Users\\Alexander\\AppData\\Local\\idaes\\bin\\ipopt.exe', 'C:\\Users\\ALEXAN~1\\AppData\\Local\\Temp\\tmpax6jmfgq.pyomo.nl', '-AMPL', 'linear_solver=mumps', 'max_iter=3000', 'max_cpu_time=600.0', 'tol=1e-11', 'nlp_scaling_method=none', 'acceptable_tol=1e-10', 'bound_relax_factor=0.0', 'honor_original_bounds=yes', 'warm_start_init_point=no', 'print_level=5']

Ipopt 3.13.2: linear_solver=mumps
max_iter=3000
max_cpu_time=600.0
tol=1e-11
nlp_scaling_method=none
acceptable_tol=1e-10
bound_relax_factor=0.0
honor_original_bounds=yes
warm_start_init_point=no
print_level=5


******************************************************************************
This program contains Ipopt, a library for large-scale nonlinear optimization.
 Ipopt is released as open source code under the Eclipse Public License (EPL).
         For more information visit http://projects.coin-or.org/Ipopt

This version of Ipopt was compiled from source code available at
    https://github.com/IDAES/Ipopt as part of the Institute for the Design of
    Advanced Energy Systems Process Systems Engineering Framework (IDAES PSE
    Framework) Copyright (c) 2018-2019. See https://github.com/IDAES/idaes-pse.

This version of Ipopt was compiled using HSL, a collection of Fortran codes
    for large-scale scientific computation.  All technical papers, sales and
    publicity material resulting from use of the HSL codes within IPOPT must
    contain the following acknowledgement:
        HSL, a collection of Fortran codes for large-scale scientific
        computation. See http://www.hsl.rl.ac.uk.
******************************************************************************

This is Ipopt version 3.13.2, running with linear solver mumps.
NOTE: Other linear solvers might be more efficient (see Ipopt documentation).

Number of nonzeros in equality constraint Jacobian...:     4734
Number of nonzeros in inequality constraint Jacobian.:     4995
Number of nonzeros in Lagrangian Hessian.............:       72

Total number of variables............................:     2547
                     variables with only lower bounds:     2259
                variables with lower and upper bounds:        0
                     variables with only upper bounds:        0
Total number of equality constraints.................:      915
Total number of inequality constraints...............:     2691
        inequality constraints with only lower bounds:      216
   inequality constraints with lower and upper bounds:        0
        inequality constraints with only upper bounds:     2475

iter    objective    inf_pr   inf_du lg(mu)  ||d||  lg(rg) alpha_du alpha_pr  ls
   0  1.9512000e+02 5.62e+02 1.54e+01  -1.0 0.00e+00    -  0.00e+00 0.00e+00   0
   1  3.5475046e+02 5.62e+02 1.61e+01  -1.0 5.17e+02    -  2.28e-04 4.60e-04h  1
   2  1.4218268e+03 5.61e+02 1.71e+01  -1.0 5.62e+02    -  1.76e-04 2.67e-03h  1
   3  1.4447103e+03 5.60e+02 1.71e+01  -1.0 1.33e+03    -  3.40e-04 5.57e-04h  1
   4  1.4368483e+03 5.60e+02 1.71e+01  -1.0 1.22e+03    -  7.81e-04 8.66e-04f  1
   5  1.2175614e+03 5.59e+02 1.71e+01  -1.0 1.12e+03    -  8.71e-04 1.44e-03f  1
   6  8.4742957e+02 5.58e+02 1.71e+01  -1.0 9.40e+02    -  1.10e-03 1.92e-03f  1
   7  4.9282996e+02 5.57e+02 1.71e+01  -1.0 7.73e+02    -  1.73e-03 2.39e-03f  1
   8  1.6195620e+02 5.54e+02 1.70e+01  -1.0 6.26e+02    -  7.60e-03 5.24e-03f  1
   9  1.1149199e+02 5.47e+02 1.68e+01  -1.0 6.26e+02    -  2.25e-02 1.22e-02f  1
iter    objective    inf_pr   inf_du lg(mu)  ||d||  lg(rg) alpha_du alpha_pr  ls
  10  1.1142725e+02 4.98e+02 1.53e+01  -1.0 6.17e+02    -  6.96e-02 9.05e-02f  1
  11  1.1714216e+02 4.84e+02 1.49e+01  -1.0 5.80e+02    -  1.43e-02 2.75e-02h  1
  12  2.9499513e+02 4.80e+02 1.67e+01  -1.0 5.28e+02    -  1.12e-04 7.37e-03h  1
  13  7.3334701e+02 4.72e+02 1.67e+01  -1.0 5.71e+02    -  6.01e-03 1.69e-02h  1
  14  1.4241140e+03 4.63e+02 1.69e+01  -1.0 5.61e+02    -  3.24e-04 1.89e-02h  1
  15  1.4963835e+03 4.62e+02 1.72e+01  -1.0 5.52e+02    -  6.74e-04 1.75e-03h  1
  16  1.9171555e+03 4.58e+02 1.74e+01  -1.0 5.52e+02    -  5.89e-04 8.98e-03h  1
  17  2.1097089e+03 4.57e+02 1.87e+01  -1.0 5.56e+02    -  9.84e-04 3.52e-03h  1
  18  3.0146027e+03 4.49e+02 1.87e+01  -1.0 5.44e+02    -  3.29e-03 1.63e-02h  1
  19  3.1192076e+03 4.48e+02 1.87e+01  -1.0 5.95e+02    -  6.77e-04 1.60e-03h  1
iter    objective    inf_pr   inf_du lg(mu)  ||d||  lg(rg) alpha_du alpha_pr  ls
  20  3.6357146e+03 4.45e+02 1.88e+01  -1.0 5.35e+02    -  3.78e-04 6.80e-03h  1
  21  4.2234291e+03 4.42e+02 1.92e+01  -1.0 5.33e+02    -  1.86e-03 7.00e-03h  1
  22  5.0273310e+03 4.38e+02 1.94e+01  -1.0 5.29e+02    -  1.35e-03 8.89e-03h  1
  23  5.5776948e+03 4.36e+02 1.94e+01  -1.0 5.23e+02    -  3.63e-03 6.08e-03h  1
  24  6.5375146e+03 4.32e+02 1.94e+01  -1.0 5.20e+02    -  2.50e-04 9.51e-03h  1
  25  7.1211130e+03 4.29e+02 1.94e+01  -1.0 5.16e+02    -  1.45e-03 5.49e-03h  1
  26  8.2986354e+03 4.24e+02 1.93e+01  -1.0 5.12e+02    -  5.70e-03 1.11e-02h  1
  27  9.0908208e+03 4.21e+02 1.94e+01  -1.0 5.06e+02    -  6.49e-04 6.93e-03h  1
  28  1.0503431e+04 4.16e+02 1.94e+01  -1.0 5.03e+02    -  2.04e-03 1.19e-02h  1
  29  1.0865384e+04 4.15e+02 1.94e+01  -1.0 4.97e+02    -  9.70e-04 2.95e-03h  1
iter    objective    inf_pr   inf_du lg(mu)  ||d||  lg(rg) alpha_du alpha_pr  ls
  30  1.8296175e+04 3.90e+02 1.97e+01  -1.0 4.95e+02    -  2.45e-03 6.03e-02h  1
  31  1.8710693e+04 3.89e+02 1.96e+01  -1.0 5.42e+02    -  2.69e-03 3.58e-03h  1
  32  1.9874800e+04 3.85e+02 1.97e+01  -1.0 4.63e+02    -  1.56e-03 9.89e-03h  1
  33  2.0566062e+04 3.83e+02 1.97e+01  -1.0 4.91e+02    -  1.78e-03 5.84e-03h  1
  34  2.6219887e+04 3.64e+02 2.07e+01  -1.0 4.49e+02    -  5.29e-03 4.80e-02h  1
  35  2.6467335e+04 3.64e+02 2.07e+01  -1.0 4.48e+02    -  1.50e-03 2.18e-03h  1
  36  2.9133207e+04 3.55e+02 2.13e+01  -1.0 4.29e+02    -  1.66e-03 2.34e-02h  1
  37  3.0161346e+04 3.52e+02 2.13e+01  -1.0 4.88e+02    -  4.49e-03 9.17e-03h  1
  38  3.1857196e+04 3.46e+02 2.14e+01  -1.0 4.07e+02    -  5.91e-03 1.50e-02h  1
  39  3.3438205e+04 3.42e+02 2.15e+01  -1.0 4.07e+02    -  5.74e-03 1.40e-02h  1
iter    objective    inf_pr   inf_du lg(mu)  ||d||  lg(rg) alpha_du alpha_pr  ls
  40  3.3573042e+04 3.41e+02 2.15e+01  -1.0 4.04e+02    -  6.46e-04 1.17e-03h  1
  41  3.6562580e+04 3.33e+02 2.23e+01  -1.0 4.02e+02    -  1.70e-04 2.48e-02h  1
  42  3.8222708e+04 3.28e+02 2.24e+01  -1.0 3.87e+02    -  7.02e-03 1.39e-02h  1
  43  3.8935988e+04 3.26e+02 2.20e+01  -1.0 3.67e+02    -  9.54e-03 6.03e-03h  1
  44  4.0963543e+04 3.21e+02 2.26e+01  -1.0 3.65e+02    -  8.91e-05 1.63e-02h  1
  45  4.5220944e+04 3.10e+02 2.30e+01  -1.0 3.62e+02    -  1.13e-02 3.40e-02h  1
  46  4.8956207e+04 3.01e+02 2.35e+01  -1.0 3.50e+02    -  8.19e-03 3.04e-02h  1
  47  5.4961134e+04 2.85e+02 2.45e+01  -1.0 3.39e+02    -  1.05e-02 5.01e-02h  1
  48  5.6454918e+04 2.82e+02 2.46e+01  -1.0 3.23e+02    -  4.25e-03 1.30e-02h  1
  49  5.9074608e+04 2.75e+02 2.48e+01  -1.0 3.20e+02    -  9.88e-03 2.31e-02h  1
iter    objective    inf_pr   inf_du lg(mu)  ||d||  lg(rg) alpha_du alpha_pr  ls
  50  6.2391084e+04 2.67e+02 2.53e+01  -1.0 3.10e+02    -  5.69e-03 2.96e-02h  1
  51  6.4994436e+04 2.61e+02 2.55e+01  -1.0 3.16e+02    -  9.24e-03 2.39e-02h  1
  52  6.9657813e+04 2.49e+02 2.60e+01  -1.0 3.70e+02    -  1.10e-02 4.35e-02h  1
  53  7.1913848e+04 2.44e+02 2.63e+01  -1.0 4.46e+02    -  4.82e-03 2.16e-02h  1
  54  7.5406910e+04 2.36e+02 2.68e+01  -1.0 4.67e+02    -  8.00e-03 3.40e-02h  1
  55  7.9465290e+04 2.26e+02 2.65e+01  -1.0 4.77e+02    -  2.48e-02 4.08e-02h  1
  56  8.3507956e+04 2.16e+02 2.73e+01  -1.0 4.31e+02    -  2.99e-03 4.23e-02h  1
  57  8.3722101e+04 2.16e+02 2.71e+01  -1.0 4.10e+02    -  4.63e-03 2.34e-03h  1
  58  8.4892072e+04 2.13e+02 2.74e+01  -1.0 4.18e+02    -  8.10e-05 1.22e-02h  1
  59  8.9383100e+04 2.03e+02 2.76e+01  -1.0 4.31e+02    -  1.70e-02 4.73e-02h  1
iter    objective    inf_pr   inf_du lg(mu)  ||d||  lg(rg) alpha_du alpha_pr  ls
  60  9.2583511e+04 1.96e+02 2.78e+01  -1.0 4.70e+02    -  9.96e-03 3.51e-02h  1
  61  9.6279702e+04 1.88e+02 2.77e+01  -1.0 4.55e+02    -  1.99e-02 4.18e-02h  1
  62  9.9460377e+04 1.81e+02 2.78e+01  -1.0 4.08e+02    -  1.25e-02 3.74e-02h  1
  63  9.9972604e+04 1.80e+02 2.63e+01  -1.0 3.58e+02    -  3.50e-02 6.29e-03h  1
  64  1.0038463e+05 1.79e+02 2.63e+01  -1.0 3.83e+02    -  2.98e-03 5.09e-03h  1
  65  1.0624642e+05 1.66e+02 2.75e+01  -1.0 3.78e+02    -  2.00e-04 6.98e-02h  1
  66  1.0673586e+05 1.65e+02 2.74e+01  -1.0 3.63e+02    -  3.72e-03 6.15e-03h  1
  67  1.0858068e+05 1.62e+02 2.76e+01  -1.0 3.56e+02    -  3.72e-03 2.30e-02h  1
  68  1.0917381e+05 1.60e+02 2.76e+01  -1.0 3.42e+02    -  3.30e-03 7.43e-03h  1
  69  1.1107879e+05 1.56e+02 2.78e+01  -1.0 3.37e+02    -  4.66e-03 2.39e-02h  1
iter    objective    inf_pr   inf_du lg(mu)  ||d||  lg(rg) alpha_du alpha_pr  ls
  70  1.1379280e+05 1.51e+02 2.79e+01  -1.0 3.20e+02    -  9.30e-03 3.45e-02h  1
  71  1.1600428e+05 1.47e+02 2.78e+01  -1.0 3.00e+02    -  1.28e-02 2.90e-02h  1
  72  1.1999200e+05 1.39e+02 2.79e+01  -1.0 2.82e+02    -  1.64e-02 5.34e-02h  1
  73  1.2104301e+05 1.37e+02 2.79e+01  -1.0 2.86e+02    -  5.13e-03 1.48e-02h  1
  74  1.2523700e+05 1.29e+02 3.04e+01  -1.0 2.83e+02    -  1.30e-02 5.96e-02h  1
  75  1.3165475e+05 1.17e+02 3.25e+01  -1.0 2.50e+02    -  1.98e-02 9.40e-02h  1
  76  1.3329537e+05 1.14e+02 3.17e+01  -1.0 2.94e+02    -  2.48e-02 2.50e-02h  1
  77  1.3615212e+05 1.09e+02 3.30e+01  -1.0 2.55e+02    -  2.20e-03 4.34e-02h  1
  78  1.3840244e+05 1.05e+02 3.20e+01  -1.0 2.04e+02    -  3.32e-02 3.52e-02h  1
  79  1.3995442e+05 1.02e+02 3.20e+01  -1.0 2.10e+02    -  1.24e-02 2.48e-02h  1
iter    objective    inf_pr   inf_du lg(mu)  ||d||  lg(rg) alpha_du alpha_pr  ls
  80  1.4129312e+05 1.00e+02 3.25e+01  -1.0 2.42e+02    -  4.45e-03 2.17e-02h  1
  81  1.4681907e+05 9.09e+01 3.49e+01  -1.0 2.24e+02    -  1.21e-02 9.13e-02h  1
  82  1.4702152e+05 9.06e+01 3.46e+01  -1.0 1.90e+02    -  5.22e-03 3.63e-03h  1
  83  1.4970792e+05 8.62e+01 3.64e+01  -1.0 1.88e+02    -  1.46e-03 4.80e-02h  1
  84  1.5026934e+05 8.53e+01 3.21e+01  -1.0 1.72e+02    -  6.21e-02 1.05e-02h  1
  85  1.5128292e+05 8.37e+01 3.29e+01  -1.0 1.62e+02    -  2.08e-04 1.86e-02h  1
  86  1.5315902e+05 8.08e+01 3.21e+01  -1.0 1.57e+02    -  3.01e-02 3.46e-02h  1
  87  1.5614205e+05 7.63e+01 3.46e+01  -1.0 1.45e+02    -  1.79e-03 5.62e-02h  1
  88  1.5653021e+05 7.57e+01 3.44e+01  -1.0 1.35e+02    -  6.44e-03 7.67e-03h  1
  89  1.5776086e+05 7.39e+01 3.54e+01  -1.0 1.33e+02    -  3.46e-03 2.44e-02h  1
iter    objective    inf_pr   inf_du lg(mu)  ||d||  lg(rg) alpha_du alpha_pr  ls
  90  1.6036797e+05 7.00e+01 3.70e+01  -1.0 1.26e+02    -  1.19e-02 5.26e-02h  1
  91  1.6187374e+05 6.78e+01 3.50e+01  -1.0 1.14e+02    -  4.04e-02 3.18e-02h  1
  92  1.6305388e+05 6.61e+01 3.60e+01  -1.0 1.06e+02    -  5.39e-03 2.52e-02h  1
  93  1.6313405e+05 6.59e+01 3.60e+01  -1.0 8.83e+01    -  1.44e-03 1.73e-03h  1
  94  1.6634601e+05 6.14e+01 3.99e+01  -1.0 8.71e+01    -  1.25e-03 6.94e-02h  1
  95  1.6734637e+05 5.99e+01 3.25e+01  -1.0 8.91e+01    -  8.71e-02 2.30e-02h  1
  96  1.7016348e+05 5.61e+01 3.70e+01  -1.0 1.03e+02    -  7.44e-04 6.49e-02h  1
  97  1.7153576e+05 5.42e+01 3.76e+01  -1.0 9.91e+01    -  1.59e-02 3.34e-02h  1
  98  1.7223265e+05 5.33e+01 3.49e+01  -1.0 1.45e+02    -  3.61e-02 1.72e-02h  1
  99  1.7444909e+05 5.03e+01 3.91e+01  -1.0 1.11e+02    -  1.03e-03 5.55e-02h  1
iter    objective    inf_pr   inf_du lg(mu)  ||d||  lg(rg) alpha_du alpha_pr  ls
 100  1.7496830e+05 4.96e+01 3.85e+01  -1.0 1.11e+02    -  1.45e-02 1.38e-02h  1
 101  1.7570919e+05 4.86e+01 3.91e+01  -1.0 1.12e+02    -  8.93e-03 1.97e-02h  1
 102  1.7664327e+05 4.74e+01 4.19e+01  -1.0 1.16e+02    -  1.72e-03 2.52e-02h  1
 103  1.7740304e+05 4.64e+01 4.28e+01  -1.0 1.21e+02    -  1.18e-02 2.08e-02h  1
 104  1.7908761e+05 4.42e+01 4.43e+01  -1.0 1.24e+02    -  1.90e-02 4.68e-02h  1
 105  1.8084848e+05 4.20e+01 3.90e+01  -1.0 1.32e+02    -  7.42e-02 5.13e-02h  1
 106  1.8641201e+05 3.48e+01 4.96e+01  -1.0 1.51e+02    -  4.66e-02 1.70e-01h  1
 107  1.8660571e+05 3.46e+01 4.83e+01  -1.0 1.38e+02    -  1.27e-02 7.13e-03h  1
 108  1.8733364e+05 3.37e+01 5.11e+01  -1.0 1.31e+02    -  2.29e-03 2.68e-02h  1
 109  1.8973298e+05 3.06e+01 5.48e+01  -1.0 1.18e+02    -  4.25e-02 9.10e-02h  1
iter    objective    inf_pr   inf_du lg(mu)  ||d||  lg(rg) alpha_du alpha_pr  ls
 110  1.8985071e+05 3.04e+01 5.41e+01  -1.0 1.71e+02    -  7.35e-03 4.90e-03h  1
 111  1.9167240e+05 2.81e+01 6.39e+01  -1.0 1.72e+02    -  2.28e-03 7.58e-02h  1
 112  1.9332896e+05 2.60e+01 5.19e+01  -1.0 1.71e+02    -  1.10e-01 7.42e-02h  1
 113  1.9363175e+05 2.57e+01 5.22e+01  -1.0 1.46e+02    -  9.71e-03 1.45e-02h  1
 114  1.9546895e+05 2.34e+01 6.61e+01  -1.0 1.38e+02    -  5.96e-03 8.89e-02h  1
 115  1.9577065e+05 2.30e+01 2.88e+01  -1.0 7.81e+01    -  1.64e-01 1.58e-02h  1
 116  1.9916557e+05 1.89e+01 5.99e+01  -1.0 8.40e+01    -  3.33e-02 1.79e-01h  1
 117  2.0122392e+05 1.64e+01 3.25e+01  -1.0 6.24e+01    -  1.97e-01 1.32e-01h  1
 118  2.0359269e+05 1.36e+01 8.53e+01  -1.0 3.79e+01    -  5.12e-03 1.74e-01h  1
 119  2.0375214e+05 1.34e+01 7.64e+01  -1.0 3.01e+01    -  3.24e-02 1.41e-02h  1
iter    objective    inf_pr   inf_du lg(mu)  ||d||  lg(rg) alpha_du alpha_pr  ls
 120  2.0870003e+05 7.47e+00 2.28e+02  -1.0 2.73e+01    -  5.81e-03 4.41e-01h  1
 121  2.1195866e+05 3.59e+00 1.29e+02  -1.0 1.75e+01    -  4.94e-01 5.19e-01h  1
 122  2.1423935e+05 8.82e-01 4.10e+02  -1.0 1.10e+01    -  5.13e-01 7.55e-01h  1
 123  2.1453377e+05 5.32e-01 1.48e+03  -1.0 1.30e+01    -  6.67e-01 3.97e-01h  1
 124  2.1469005e+05 3.46e-01 4.04e+03  -1.0 2.20e+01    -  6.40e-01 3.49e-01h  1
 125  2.1498225e+05 3.77e-03 7.25e+03  -1.0 4.06e+01    -  5.40e-01 9.89e-01h  1
 126  2.1498304e+05 3.16e-03 1.25e+06  -1.0 3.14e+01    -  1.00e+00 1.60e-01h  1
 127  2.1498505e+05 1.61e-03 1.55e+06  -1.0 1.52e+01    -  1.00e+00 4.89e-01h  1
 128  2.1498696e+05 1.83e-04 5.69e+05  -1.0 8.62e+00    -  1.00e+00 8.87e-01h  1
 129  2.1498704e+05 1.25e-04 2.15e+07  -1.0 8.74e-01    -  1.00e+00 3.14e-01h  1
iter    objective    inf_pr   inf_du lg(mu)  ||d||  lg(rg) alpha_du alpha_pr  ls
 130  2.1498714e+05 4.72e-05 2.50e+07  -1.0 5.91e-01    -  1.00e+00 6.23e-01h  1
 131  2.1498718e+05 1.98e-05 6.03e+07  -1.0 2.23e-01    -  1.00e+00 5.81e-01h  1
 132  2.1498719e+05 8.18e-06 1.43e+08  -1.0 9.32e-02    -  1.00e+00 5.86e-01h  1
 133  2.1498720e+05 3.39e-06 3.44e+08  -1.0 3.86e-02    -  1.00e+00 5.86e-01h  1
 134  2.1498720e+05 1.40e-06 8.30e+08  -1.0 1.60e-02    -  1.00e+00 5.86e-01h  1
 135  2.1498721e+05 7.76e-11 1.19e-06  -1.0 6.62e-03    -  1.00e+00 1.00e+00f  1
 136  2.1493589e+05 2.52e-11 6.93e+04  -8.6 5.82e-01    -  8.60e-01 6.75e-01f  1
 137  2.1492368e+05 4.80e-08 1.89e+04  -8.6 1.89e-01    -  7.98e-01 4.97e-01f  1
 138  2.1491383e+05 9.23e-08 6.61e+03  -8.6 9.45e-02    -  5.51e-01 7.82e-01f  1
 139  2.1491218e+05 1.28e-07 2.88e+03  -8.6 2.14e-02    -  6.46e-01 5.80e-01f  1
iter    objective    inf_pr   inf_du lg(mu)  ||d||  lg(rg) alpha_du alpha_pr  ls
 140  2.1491148e+05 1.61e-07 1.06e+03  -8.6 1.65e-02    -  5.66e-01 5.89e-01f  1
 141  2.1491110e+05 4.52e-08 1.53e+03  -8.6 1.20e-02    -  5.21e-01 7.63e-01f  1
 142  2.1491102e+05 1.49e-08 2.34e+03  -8.6 7.11e-03    -  4.70e-01 6.57e-01f  1
 143  2.1491099e+05 4.67e-09 6.47e+02  -8.6 5.05e-03    -  6.77e-01 6.64e-01f  1
 144  2.1491098e+05 1.84e-09 1.27e+03  -8.6 4.37e-03    -  5.26e-01 6.44e-01f  1
 145  2.1491097e+05 1.06e-09 1.05e+03  -8.6 2.86e-03    -  6.99e-01 5.24e-01h  1
 146  2.1491097e+05 4.93e-10 3.06e+03  -8.6 2.25e-03    -  2.20e-01 6.96e-01h  1
 147  2.1491097e+05 2.77e-10 1.12e+03  -8.6 1.11e-03    -  6.16e-01 6.10e-01h  1
 148  2.1491097e+05 2.43e-10 1.40e+03  -8.6 1.63e-03    -  4.14e-01 1.61e-01f  1
 149  2.1491097e+05 2.08e-10 3.21e+03  -8.6 2.57e-03    -  5.13e-01 2.02e-01f  1
iter    objective    inf_pr   inf_du lg(mu)  ||d||  lg(rg) alpha_du alpha_pr  ls
 150  2.1491097e+05 1.01e-10 5.68e+02  -8.6 4.47e-03    -  3.96e-01 7.04e-01f  1
 151  2.1491097e+05 6.28e-11 4.68e+02  -8.6 5.26e-03    -  4.08e-01 4.24e-01f  1
 152  2.1491097e+05 4.18e-11 2.03e+03  -8.6 6.07e-03    -  6.29e-01 3.59e-01f  1
 153  2.1491097e+05 2.13e-11 2.73e+03  -8.6 7.40e-03    -  5.41e-01 9.91e-01f  1
 154  2.1491097e+05 4.38e-11 1.06e+02  -8.6 2.35e-03    -  9.14e-01 8.73e-01h  1
 155  2.1491097e+05 3.11e-11 3.37e+03  -8.6 3.13e-03    -  1.00e+00 5.86e-01f  1
 156  2.1491097e+05 1.79e-11 2.38e-07  -8.6 2.68e-03    -  1.00e+00 1.00e+00f  1
 157  2.1491097e+05 1.05e-11 6.94e+03  -8.6 1.61e-04    -  1.48e-01 1.00e+00h  1
 158  2.1491097e+05 4.80e-11 1.51e+04  -8.6 4.56e-04    -  1.58e-05 1.00e+00h  1
 159  2.1491097e+05 1.65e-09 3.10e+04  -8.6 3.96e-04    -  1.06e-02 1.00e+00H  1
iter    objective    inf_pr   inf_du lg(mu)  ||d||  lg(rg) alpha_du alpha_pr  ls
 160  2.1491097e+05 1.15e-07 4.61e+04  -8.6 1.61e-04    -  9.25e-03 1.00e+00H  1
 161  2.1491097e+05 6.09e-07 3.63e+04  -8.6 2.28e-04    -  3.96e-02 1.00e+00H  1
 162  2.1491097e+05 2.84e-07 2.56e+04  -8.6 2.10e-04    -  3.62e-01 1.00e+00H  1
 163  2.1491097e+05 2.84e-07 2.56e+04  -8.6 1.78e-04    -  4.31e-08 7.10e-03f  1
 164  2.1491097e+05 2.83e-07 2.56e+04  -8.6 1.76e-04    -  8.78e-05 1.14e-02h  1
 165  2.1491097e+05 2.83e-07 2.57e+04  -8.6 8.05e-04    -  1.92e-03 2.81e-02h  1
 166  2.1491097e+05 2.83e-07 2.55e+04  -8.6 4.73e-03    -  5.05e-03 3.12e-03h  1
 167  2.1491097e+05 2.83e-07 2.55e+04  -8.6 1.07e-02    -  6.94e-05 2.73e-04h  1
 168  2.1491097e+05 2.81e-07 2.56e+04  -8.6 1.33e-03    -  2.18e-04 2.39e-03f  1
 169  2.1491097e+05 2.81e-07 2.55e+04  -8.6 7.10e-03    -  1.22e-04 2.51e-04h  1
iter    objective    inf_pr   inf_du lg(mu)  ||d||  lg(rg) alpha_du alpha_pr  ls
 170  2.1491097e+05 2.80e-07 2.56e+04  -8.6 5.62e-03    -  5.09e-05 1.14e-02f  1
 171  2.1491097e+05 2.79e-07 2.56e+04  -8.6 2.25e-03    -  3.60e-04 4.59e-03h  1
 172  2.1491097e+05 2.78e-07 2.56e+04  -8.6 2.72e-03    -  1.11e-03 6.71e-03h  1
 173  2.1491097e+05 2.72e-07 2.55e+04  -8.6 1.68e-04    -  2.14e-03 1.03e-02f  1
 174  2.1491097e+05 2.71e-07 2.54e+04  -8.6 1.60e-04    -  3.09e-03 5.16e-04f  1
 175  2.1491097e+05 2.49e-07 2.51e+04  -8.6 1.64e-04    -  2.52e-03 1.40e-02f  1
 176  2.1491097e+05 2.48e-07 2.51e+04  -8.6 1.62e-04    -  1.98e-04 4.01e-04h  1
 177  2.1491097e+05 2.34e-07 2.49e+04  -8.6 1.64e-04    -  5.80e-04 7.60e-03f  1
 178  2.1491097e+05 2.34e-07 2.49e+04  -8.6 1.50e-04    -  5.91e-04 3.15e-04f  1
 179  2.1491097e+05 2.34e-07 2.49e+04  -8.6 1.63e-04    -  9.58e-04 1.09e-05f  1
iter    objective    inf_pr   inf_du lg(mu)  ||d||  lg(rg) alpha_du alpha_pr  ls
 180  2.1491097e+05 2.33e-07 2.49e+04  -8.6 1.61e-04    -  1.63e-04 1.23e-04f  1
 181  2.1491097e+05 2.24e-07 2.48e+04  -8.6 1.61e-04    -  8.05e-04 4.96e-03f  1
 182  2.1491097e+05 2.24e-07 2.48e+04  -8.6 1.53e-04    -  1.69e-03 1.53e-04f  1
 183  2.1491097e+05 2.24e-07 2.48e+04  -8.6 1.77e-04    -  6.53e-04 7.79e-06f  1
 184  2.1491097e+05 2.07e-07 2.46e+04  -8.6 1.64e-04    -  1.25e-03 9.33e-03f  1
 185  2.1491097e+05 2.07e-07 2.46e+04  -8.6 1.55e-04    -  3.50e-03 1.53e-05f  1
 186  2.1491097e+05 2.00e-07 2.45e+04  -8.6 2.12e-04    -  2.37e-03 3.63e-03f  1
 187  2.1491097e+05 2.00e-07 2.45e+04  -8.6 5.17e-04    -  1.70e-04 1.37e-04f  1
 188  2.1491097e+05 1.95e-07 2.44e+04  -8.6 3.26e-04    -  2.44e-03 2.64e-03f  1
 189  2.1491097e+05 1.91e-07 2.44e+04  -8.6 7.04e-04    -  7.08e-04 2.34e-03f  1
iter    objective    inf_pr   inf_du lg(mu)  ||d||  lg(rg) alpha_du alpha_pr  ls
 190  2.1491097e+05 1.91e-07 2.44e+04  -8.6 1.44e-04    -  2.16e-04 2.05e-04f  1
 191  2.1491097e+05 1.85e-07 2.43e+04  -8.6 1.66e-04    -  1.08e-03 3.25e-03f  1
 192  2.1491097e+05 1.81e-07 2.42e+04  -8.6 1.59e-04    -  3.49e-03 2.45e-03f  1
 193  2.1491097e+05 1.80e-07 2.42e+04  -8.6 1.26e-03    -  1.91e-04 3.09e-04h  1
 194  2.1491097e+05 1.77e-07 2.42e+04  -8.6 1.50e-04    -  3.27e-05 1.75e-03f  1
 195  2.1491097e+05 1.70e-07 2.41e+04  -8.6 1.65e-04    -  2.03e-03 4.22e-03h  1
 196  2.1491097e+05 1.65e-07 2.40e+04  -8.6 1.65e-04    -  1.65e-05 2.58e-03f  1
 197  2.1491097e+05 1.64e-07 2.40e+04  -8.6 1.61e-04    -  3.30e-04 6.87e-04h  1
 198  2.1491097e+05 1.63e-07 2.40e+04  -8.6 1.66e-04    -  3.95e-04 4.90e-04f  1
 199  2.1491097e+05 1.51e-07 2.38e+04  -8.6 1.63e-04    -  6.86e-04 7.30e-03f  1
iter    objective    inf_pr   inf_du lg(mu)  ||d||  lg(rg) alpha_du alpha_pr  ls
 200  2.1491097e+05 1.51e-07 2.38e+04  -8.6 1.41e-04    -  1.51e-03 5.01e-05f  1
 201  2.1491097e+05 1.46e-07 2.37e+04  -8.6 1.59e-04    -  2.05e-04 2.91e-03f  1
 202  2.1491097e+05 1.43e-07 2.37e+04  -8.6 2.00e-04    -  3.06e-03 1.29e-03f  1
 203  2.1491097e+05 1.43e-07 2.37e+04  -8.6 1.58e-04    -  1.75e-03 2.10e-05f  1
 204  2.1491097e+05 1.43e-07 2.37e+04  -8.6 1.61e-04    -  6.87e-05 4.17e-04f  1
 205  2.1491097e+05 1.34e-07 2.36e+04  -8.6 1.62e-04    -  8.39e-04 5.39e-03f  1
 206  2.1491097e+05 1.33e-07 2.36e+04  -8.6 1.60e-04    -  1.25e-03 1.14e-04f  1
 207  2.1491097e+05 1.33e-07 2.36e+04  -8.6 1.60e-04    -  1.23e-04 2.56e-04f  1
 208  2.1491097e+05 1.13e-07 2.33e+04  -8.6 1.58e-04    -  3.56e-04 1.21e-02f  1
 209  2.1491097e+05 1.12e-07 2.33e+04  -8.6 1.56e-04    -  3.54e-04 3.14e-04f  1
iter    objective    inf_pr   inf_du lg(mu)  ||d||  lg(rg) alpha_du alpha_pr  ls
 210  2.1491097e+05 1.09e-07 2.32e+04  -8.6 1.56e-04    -  9.41e-04 2.14e-03f  1
 211  2.1491097e+05 1.08e-07 2.32e+04  -8.6 1.52e-04    -  3.50e-04 6.16e-04h  1
 212  2.1491097e+05 9.82e-08 2.31e+04  -8.6 1.56e-04    -  8.32e-04 6.00e-03f  1
 213  2.1491097e+05 9.49e-08 2.30e+04  -8.6 1.53e-04    -  2.70e-03 2.06e-03f  1
 214  2.1491097e+05 9.36e-08 2.30e+04  -8.6 1.53e-04    -  1.56e-04 8.79e-04h  1
 215  2.1491097e+05 8.41e-08 2.29e+04  -8.6 1.54e-04    -  4.55e-03 5.99e-03f  1
 216  2.1491097e+05 8.35e-08 2.29e+04  -8.6 1.52e-04    -  3.07e-03 3.89e-04f  1
 217  2.1491097e+05 8.19e-08 2.28e+04  -8.6 1.51e-04    -  2.83e-04 9.87e-04f  1
 218  2.1491097e+05 8.13e-08 2.28e+04  -8.6 1.50e-04    -  1.07e-04 4.45e-04h  1
 219  2.1491097e+05 8.07e-08 2.28e+04  -8.6 1.47e-04    -  2.08e-03 3.40e-04f  1
iter    objective    inf_pr   inf_du lg(mu)  ||d||  lg(rg) alpha_du alpha_pr  ls
 220  2.1491097e+05 8.03e-08 2.28e+04  -8.6 1.50e-04    -  5.05e-05 2.77e-04f  1
 221  2.1491097e+05 7.88e-08 2.28e+04  -8.6 1.43e-04    -  1.03e-03 9.53e-04f  1
 222  2.1491097e+05 7.87e-08 2.28e+04  -8.6 1.44e-04    -  3.63e-04 8.97e-05f  1
 223  2.1491097e+05 7.77e-08 2.28e+04  -8.6 1.46e-04    -  7.92e-04 6.41e-04f  1
 224  2.1491097e+05 7.62e-08 2.28e+04  -8.6 1.46e-04    -  7.34e-05 9.02e-04f  1
 225  2.1491097e+05 7.19e-08 2.27e+04  -8.6 1.47e-04    -  6.61e-04 2.80e-03f  1
 226  2.1491097e+05 7.16e-08 2.27e+04  -8.6 1.47e-04    -  4.91e-04 1.97e-04h  1
 227  2.1491097e+05 7.03e-08 2.27e+04  -8.6 1.43e-04    -  2.79e-04 8.42e-04f  1
 228  2.1491097e+05 6.99e-08 2.27e+04  -8.6 1.40e-04    -  8.20e-04 2.26e-04f  1
 229  2.1491097e+05 6.61e-08 2.26e+04  -8.6 1.40e-04    -  2.37e-04 2.44e-03f  1
iter    objective    inf_pr   inf_du lg(mu)  ||d||  lg(rg) alpha_du alpha_pr  ls
 230  2.1491097e+05 6.05e-08 2.25e+04  -8.6 1.40e-04    -  2.48e-03 3.62e-03f  1
 231  2.1491097e+05 8.49e-08 2.21e+04  -8.6 1.40e-04    -  1.29e-03 1.96e-02f  1
 232  2.1491097e+05 8.83e-08 2.20e+04  -8.6 1.33e-04    -  1.28e-03 2.78e-03f  1
 233  2.1491097e+05 9.33e-08 2.19e+04  -8.6 1.34e-04    -  2.73e-03 4.05e-03f  1
 234  2.1491097e+05 1.03e-07 2.18e+04  -8.6 1.35e-04    -  1.65e-03 7.90e-03f  1
 235  2.1491097e+05 1.05e-07 2.17e+04  -8.6 1.40e-04    -  3.66e-03 1.53e-03f  1
 236  2.1491097e+05 1.06e-07 2.17e+04  -8.6 1.35e-04    -  6.87e-04 7.92e-04f  1
 237  2.1491097e+05 1.07e-07 2.17e+04  -8.6 1.37e-04    -  4.81e-04 7.84e-04f  1
 238  2.1491097e+05 1.07e-07 2.17e+04  -8.6 1.38e-04    -  5.46e-03 3.62e-04f  1
 239  2.1491097e+05 1.09e-07 2.17e+04  -8.6 1.45e-04    -  2.03e-04 1.77e-03h  1
iter    objective    inf_pr   inf_du lg(mu)  ||d||  lg(rg) alpha_du alpha_pr  ls
 240  2.1491097e+05 1.10e-07 2.16e+04  -8.6 1.41e-04    -  1.90e-03 7.38e-04f  1
 241  2.1491097e+05 1.11e-07 2.16e+04  -8.6 1.34e-04    -  3.84e-04 5.92e-04f  1
 242  2.1491097e+05 1.12e-07 2.16e+04  -8.6 1.32e-04    -  9.30e-04 1.51e-03f  1
 243  2.1491097e+05 1.31e-07 2.12e+04  -8.6 1.37e-04    -  1.97e-03 1.61e-02f  1
 244  2.1491097e+05 1.36e-07 2.12e+04  -8.6 1.35e-04    -  4.80e-03 4.35e-03f  1
 245  2.1491097e+05 1.62e-07 2.07e+04  -8.6 1.41e-04    -  1.04e-05 2.21e-02f  1
 246  2.1491097e+05 1.66e-07 2.06e+04  -8.6 1.35e-04    -  3.60e-04 3.77e-03f  1
 247  2.1491097e+05 1.66e-07 2.06e+04  -8.6 1.32e-04    -  1.20e-02 1.90e-04f  1
 248  2.1491097e+05 1.68e-07 2.06e+04  -8.6 1.42e-04    -  8.65e-04 2.27e-03f  1
 249  2.1491097e+05 1.78e-07 2.04e+04  -8.6 1.31e-04    -  1.10e-02 8.93e-03f  1
iter    objective    inf_pr   inf_du lg(mu)  ||d||  lg(rg) alpha_du alpha_pr  ls
 250  2.1491097e+05 1.78e-07 2.04e+04  -8.6 1.24e-04    -  7.18e-03 6.34e-04f  1
 251  2.1491097e+05 1.83e-07 2.03e+04  -8.6 1.38e-04    -  6.08e-03 3.83e-03f  1
 252  2.1491097e+05 1.90e-07 2.01e+04  -8.6 1.33e-04    -  1.18e-02 6.80e-03f  1
 253  2.1491097e+05 2.04e-07 1.99e+04  -8.6 1.37e-04    -  3.78e-02 1.45e-02f  1
 254  2.1491097e+05 2.26e-07 1.94e+04  -8.6 1.44e-04    -  4.90e-02 2.19e-02f  1
 255  2.1491097e+05 2.37e-07 1.92e+04  -8.6 1.40e-04    -  1.66e-02 1.16e-02h  1
 256  2.1491097e+05 2.48e-07 1.89e+04  -8.6 1.37e-04    -  4.27e-04 1.27e-02f  1
 257  2.1491097e+05 2.50e-07 1.89e+04  -8.6 1.39e-04    -  3.76e-03 1.83e-03f  1
 258  2.1491097e+05 2.55e-07 1.88e+04  -8.6 1.39e-04    -  4.32e-03 5.28e-03f  1
 259  2.1491097e+05 2.76e-07 1.84e+04  -8.6 1.39e-04    -  3.55e-02 2.45e-02f  1
iter    objective    inf_pr   inf_du lg(mu)  ||d||  lg(rg) alpha_du alpha_pr  ls
 260  2.1491097e+05 3.19e-07 1.74e+04  -8.6 1.36e-04    -  3.25e-02 5.21e-02f  1
 261  2.1491097e+05 3.26e-07 1.72e+04  -8.6 1.32e-04    -  5.59e-02 1.04e-02f  1
 262  2.1491097e+05 3.30e-07 1.71e+04  -8.6 1.32e-04    -  1.23e-01 6.09e-03f  1
 263  2.1491097e+05 4.31e-07 1.46e+04  -8.6 1.32e-04    -  7.64e-03 1.48e-01f  1
 264  2.1491097e+05 4.35e-07 1.44e+04  -8.6 1.52e-04    -  2.91e-02 9.78e-03h  1
 265  2.1491097e+05 4.37e-07 1.44e+04  -8.6 1.53e-04    -  1.65e-04 3.47e-03h  1
 266  2.1491097e+05 4.40e-07 1.43e+04  -8.6 1.52e-04    -  5.91e-04 6.70e-03f  1
 267  2.1491097e+05 4.44e-07 1.41e+04  -8.6 1.51e-04    -  6.30e-03 1.03e-02f  1
 268  2.1491097e+05 4.45e-07 1.41e+04  -8.6 1.51e-04    -  1.86e-03 3.62e-03h  1
 269  2.1491097e+05 5.08e-07 1.19e+04  -8.6 1.50e-04    -  5.12e-03 1.58e-01f  1
iter    objective    inf_pr   inf_du lg(mu)  ||d||  lg(rg) alpha_du alpha_pr  ls
 270  2.1491097e+05 5.46e-07 9.83e+03  -8.6 1.44e-04    -  4.04e-02 1.71e-01h  1
 271  2.1491097e+05 5.64e-07 8.15e+03  -8.6 1.47e-04    -  3.47e-03 1.71e-01h  1
 272  2.1491097e+05 5.63e-07 8.03e+03  -8.6 1.50e-04    -  5.74e-02 1.56e-02h  7
 273  2.1491097e+05 5.63e-07 7.88e+03  -8.6 1.47e-04    -  1.70e-01 1.86e-02h  1
 274  2.1491097e+05 5.62e-07 7.81e+03  -8.6 1.46e-04    -  4.89e-02 7.95e-03h  7
 275  2.1491097e+05 5.62e-07 7.80e+03  -8.6 1.46e-04    -  1.27e-02 1.79e-03h  1
 276  2.1491097e+05 5.57e-07 6.95e+03  -8.6 1.46e-04    -  5.69e-02 1.10e-01h  3
 277  2.1491097e+05 5.44e-07 5.97e+03  -8.6 1.40e-04    -  7.28e-02 1.40e-01h  1
 278  2.1491097e+05 5.39e-07 5.76e+03  -8.6 1.53e-04    -  2.41e-03 3.49e-02h  2
 279  2.1491097e+05 5.34e-07 5.58e+03  -8.6 1.52e-04    -  4.77e-02 3.11e-02h  1
iter    objective    inf_pr   inf_du lg(mu)  ||d||  lg(rg) alpha_du alpha_pr  ls
 280  2.1491097e+05 5.34e-07 5.58e+03  -8.6 1.48e-04    -  3.64e-02 4.00e-05f 14
 281  2.1491097e+05 5.08e-07 4.73e+03  -8.6 1.91e-03    -  8.53e-02 1.54e-01h  1
 282  2.1491097e+05 5.08e-07 4.73e+03  -8.6 5.53e-03    -  1.04e-02 2.17e-05f 14
 283  2.1491097e+05 4.66e-07 3.68e+03  -8.6 5.10e-04    -  1.50e-03 2.21e-01h  1
 284  2.1491097e+05 4.59e-07 3.56e+03  -8.6 3.73e-04    -  7.73e-02 3.28e-02h  1
 285  2.1491097e+05 4.59e-07 3.56e+03  -8.6 2.13e-04    -  6.10e-02 2.66e-05h 13
 286  2.1491097e+05 4.29e-07 3.08e+03  -8.6 3.46e-04    -  7.98e-02 1.36e-01h  1
 287  2.1491097e+05 4.29e-07 3.08e+03  -8.6 1.53e-04    -  8.86e-02 2.10e-05h 11
 288  2.1491097e+05 4.23e-07 3.00e+03  -8.6 2.61e-04    -  3.26e-03 2.50e-02h  1
 289  2.1491097e+05 4.23e-07 3.00e+03  -8.6 1.57e-04    -  1.50e-02 1.05e-03h  6
iter    objective    inf_pr   inf_du lg(mu)  ||d||  lg(rg) alpha_du alpha_pr  ls
 290  2.1491097e+05 4.15e-07 2.89e+03  -8.6 1.81e-04    -  6.22e-04 3.63e-02h  1
 291  2.1491097e+05 4.15e-07 2.89e+03  -8.6 1.37e-04    -  6.10e-03 5.66e-05f  4
 292  2.1491097e+05 4.14e-07 2.88e+03  -8.6 1.61e-02    -  7.41e-03 1.09e-03h  1
 293  2.1491097e+05 4.14e-07 2.88e+03  -8.6 1.92e-04    -  1.53e-02 9.63e-05h  8
 294  2.1491097e+05 4.10e-07 2.82e+03  -8.6 1.87e-04    -  2.88e-04 2.06e-02h  1
 295  2.1491097e+05 4.10e-07 2.82e+03  -8.6 1.89e-04    -  3.71e-02 5.88e-05f 10
 296  2.1491097e+05 4.03e-07 2.74e+03  -8.6 1.64e-04    -  2.51e-02 3.11e-02h  1
 297  2.1491097e+05 4.03e-07 2.74e+03  -8.6 1.85e-04    -  6.76e-03 1.48e-04h  5
 298  2.1491097e+05 4.02e-07 2.73e+03  -8.6 5.01e-04    -  1.43e-02 2.44e-03h  1
 299  2.1491097e+05 4.02e-07 2.73e+03  -8.6 1.86e-04    -  3.12e-03 1.43e-03h  1
iter    objective    inf_pr   inf_du lg(mu)  ||d||  lg(rg) alpha_du alpha_pr  ls
 300  2.1491097e+05 4.02e-07 2.72e+03  -8.6 2.83e-02    -  1.85e-03 2.18e-04h  6
 301  2.1491097e+05 4.00e-07 2.70e+03  -8.6 1.69e-04    -  3.33e-03 1.07e-02h  1
 302  2.1491097e+05 4.00e-07 2.70e+03  -8.6 4.75e-04    -  1.38e-02 7.52e-05f  9
 303  2.1491097e+05 3.99e-07 2.68e+03  -8.6 1.78e-04    -  4.45e-03 6.35e-03h  1
 304  2.1491097e+05 3.99e-07 2.68e+03  -8.6 1.66e-04    -  1.84e-02 8.26e-05f  9
 305  2.1491097e+05 3.89e-07 2.57e+03  -8.6 1.77e-04    -  1.73e-02 4.08e-02h  1
 306  2.1491097e+05 3.86e-07 2.53e+03  -8.6 1.03e-02    -  2.57e-02 1.60e-02h  2
 307  2.1491097e+05 3.75e-07 2.40e+03  -8.6 1.35e-04    -  1.90e-03 5.08e-02h  1
 308  2.1491097e+05 3.75e-07 2.40e+03  -8.6 1.01e-02    -  1.88e-02 7.46e-05f  8
 309  2.1491097e+05 3.73e-07 2.37e+03  -8.6 1.31e-04    -  2.85e-03 1.07e-02h  1
iter    objective    inf_pr   inf_du lg(mu)  ||d||  lg(rg) alpha_du alpha_pr  ls
 310  2.1491097e+05 3.73e-07 2.38e+03  -8.6 4.31e-03    -  3.85e-02 8.06e-05f 10
 311  2.1491097e+05 3.69e-07 2.34e+03  -8.6 1.17e-03    -  1.83e-02 1.50e-02h  1
 312  2.1491097e+05 3.69e-07 2.34e+03  -8.6 2.03e-03    -  2.34e-02 7.09e-05f 10
 313  2.1491097e+05 3.60e-07 2.24e+03  -8.6 1.44e-04    -  3.50e-02 4.38e-02h  1
 314  2.1491097e+05 3.60e-07 2.24e+03  -8.6 2.32e-02    -  9.27e-03 9.84e-05f  8
 315  2.1491097e+05 3.57e-07 2.21e+03  -8.6 1.35e-04    -  1.37e-02 1.32e-02h  1
 316  2.1491097e+05 3.57e-07 2.21e+03  -8.6 1.29e-04    -  8.67e-03 1.87e-04h  5
 317  2.1491097e+05 3.55e-07 2.18e+03  -8.6 1.13e-04    -  5.23e-03 1.14e-02h  1
 318  2.1491097e+05 3.55e-07 2.18e+03  -8.6 1.57e-04    -  2.92e-02 9.69e-05f 10
 319  2.1491097e+05 3.38e-07 2.01e+03  -8.6 1.20e-02    -  8.04e-04 8.08e-02h  1
iter    objective    inf_pr   inf_du lg(mu)  ||d||  lg(rg) alpha_du alpha_pr  ls
 320  2.1491097e+05 3.38e-07 2.01e+03  -8.6 1.42e-03    -  3.68e-02 1.01e-04h  8
 321  2.1491097e+05 3.35e-07 1.98e+03  -8.6 1.60e-03    -  5.55e-02 1.39e-02h  1
 322  2.1491097e+05 3.34e-07 1.98e+03  -8.6 9.14e-04    -  2.65e-02 1.37e-03h  4
 323  2.1491097e+05 3.32e-07 1.95e+03  -8.6 1.61e-03    -  6.02e-02 1.27e-02h  1
 324  2.1491097e+05 3.27e-07 1.91e+03  -8.6 1.72e-03    -  3.53e-02 2.35e-02h  1
 325  2.1491097e+05 3.27e-07 1.90e+03  -8.6 1.61e-03    -  3.30e-02 1.37e-03h  5
 326  2.1491097e+05 3.21e-07 1.85e+03  -8.6 2.32e-03    -  3.10e-03 2.80e-02h  1
 327  2.1491097e+05 3.21e-07 1.85e+03  -8.6 3.24e-03    -  1.14e-02 8.97e-04h  4
 328  2.1491097e+05 3.19e-07 1.83e+03  -8.6 1.42e-03    -  1.79e-02 7.96e-03h  1
 329  2.1491097e+05 3.19e-07 1.83e+03  -8.6 1.01e-03    -  8.79e-03 3.02e-03h  4
iter    objective    inf_pr   inf_du lg(mu)  ||d||  lg(rg) alpha_du alpha_pr  ls
 330  2.1491097e+05 3.14e-07 1.78e+03  -8.6 2.59e-03    -  3.96e-03 2.54e-02h  1
 331  2.1491097e+05 3.14e-07 1.78e+03  -8.6 9.69e-04    -  3.09e-02 2.13e-05f 11
 332  2.1491097e+05 3.06e-07 1.72e+03  -8.6 8.72e-04    -  4.63e-02 3.73e-02h  1
 333  2.1491097e+05 2.90e-07 1.57e+03  -8.6 1.41e-03    -  2.02e-02 8.56e-02h  1
 334  2.1491097e+05 2.90e-07 1.57e+03  -8.6 1.29e-03    -  1.42e-02 2.87e-05f 11
 335  2.1491097e+05 2.84e-07 1.52e+03  -8.6 9.84e-03    -  1.86e-03 2.95e-02h  1
 336  2.1491097e+05 2.84e-07 1.52e+03  -8.6 7.35e-04    -  7.45e-03 2.18e-05f 12
 337  2.1491097e+05 2.80e-07 1.49e+03  -8.6 9.48e-05    -  4.15e-02 2.45e-02h  1
 338  2.1491097e+05 2.77e-07 1.46e+03  -8.6 1.08e-03    -  3.93e-02 1.78e-02h  2
 339  2.1491097e+05 2.73e-07 1.43e+03  -8.6 1.17e-03    -  2.05e-02 2.06e-02h  1
iter    objective    inf_pr   inf_du lg(mu)  ||d||  lg(rg) alpha_du alpha_pr  ls
 340  2.1491097e+05 2.73e-07 1.43e+03  -8.6 3.79e-04    -  1.00e-02 3.72e-05f 12
 341  2.1491097e+05 2.59e-07 1.32e+03  -8.6 7.06e-04    -  6.29e-02 7.62e-02h  1
 342  2.1491097e+05 2.59e-07 1.32e+03  -8.6 7.92e-04    -  7.90e-02 2.13e-04h  7
 343  2.1491097e+05 2.59e-07 1.32e+03  -8.6 6.51e-04    -  1.02e-02 1.87e-03h  1
 344  2.1491097e+05 2.59e-07 1.32e+03  -8.6 6.58e-04    -  1.12e-01 4.68e-05f 10
 345  2.1491097e+05 2.58e-07 1.31e+03  -8.6 2.46e-03    -  7.75e-03 7.42e-03h  1
 346  2.1491097e+05 2.58e-07 1.31e+03  -8.6 1.00e-04    -  1.83e-01 4.53e-05f 12
 347  2.1491097e+05 2.42e-07 1.19e+03  -8.6 6.82e-04    -  7.03e-03 9.30e-02h  1
 348  2.1491097e+05 2.42e-07 1.19e+03  -8.6 2.70e-04    -  2.32e-02 2.74e-05h 13
 349  2.1491097e+05 2.28e-07 1.09e+03  -8.6 2.44e-03    -  5.55e-02 8.45e-02h  1
iter    objective    inf_pr   inf_du lg(mu)  ||d||  lg(rg) alpha_du alpha_pr  ls
 350  2.1491097e+05 2.28e-07 1.09e+03  -8.6 1.78e-04    -  2.93e-01 6.33e-05h 10
 351  2.1491097e+05 2.19e-07 1.02e+03  -8.6 1.50e-04    -  2.95e-02 5.61e-02h  1
 352  2.1491097e+05 2.13e-07 9.85e+02  -8.6 3.25e-03    -  1.97e-01 3.84e-02h  4
 353  2.1491097e+05 1.71e-07 7.03e+02  -8.6 3.09e-04    -  7.46e-02 2.86e-01h  1
 354  2.1491097e+05 1.71e-07 7.02e+02  -8.6 1.63e-04    -  5.58e-02 3.86e-03h  2
 355  2.1491097e+05 1.69e-07 6.93e+02  -8.6 2.59e-04    -  2.94e-02 1.55e-02h  1
 356  2.1491097e+05 1.69e-07 6.92e+02  -8.6 1.29e-03    -  2.64e-02 7.03e-04h  6
 357  2.1491097e+05 1.64e-07 6.67e+02  -8.6 2.26e-04    -  5.20e-03 3.57e-02h  1
 358  2.1491097e+05 1.64e-07 6.68e+02  -8.6 2.08e-03    -  4.82e-02 3.12e-04h  9
 359  2.1491097e+05 1.48e-07 5.77e+02  -8.6 4.11e-06  -4.0 1.98e-02 1.36e-01h  1
iter    objective    inf_pr   inf_du lg(mu)  ||d||  lg(rg) alpha_du alpha_pr  ls
 360  2.1491097e+05 1.48e-07 5.77e+02  -8.6 3.00e-06  -4.5 1.18e-01 5.27e-05f 12
 361  2.1491097e+05 1.33e-07 4.99e+02  -8.6 1.73e-04    -  2.79e-01 1.34e-01h  1
 362  2.1491097e+05 1.33e-07 4.99e+02  -8.6 2.46e-06  -5.0 1.71e-01 3.46e-04h  8
 363  2.1491097e+05 1.27e-07 4.71e+02  -8.6 1.83e-03    -  6.14e-02 5.68e-02h  1
 364  2.1491097e+05 1.27e-07 4.70e+02  -8.6 2.91e-06  -5.4 7.62e-02 9.77e-04h  7
 365  2.1491097e+05 1.22e-07 4.44e+02  -8.6 1.89e-06  -5.9 7.04e-03 5.64e-02h  1
 366  2.1491097e+05 1.22e-07 4.44e+02  -8.6 3.11e-04    -  8.86e-02 4.31e-05f 11
 367  2.1491097e+05 1.17e-07 4.22e+02  -8.6 4.46e-06  -6.4 3.89e-02 4.97e-02h  1
 368  2.1491097e+05 1.17e-07 4.22e+02  -8.6 1.93e-04    -  8.85e-02 1.43e-04h 10
 369  2.1491097e+05 1.09e-07 3.83e+02  -8.6 1.81e-06  -6.9 2.77e-02 9.26e-02h  1
iter    objective    inf_pr   inf_du lg(mu)  ||d||  lg(rg) alpha_du alpha_pr  ls
 370  2.1491097e+05 1.09e-07 3.82e+02  -8.6 7.82e-02    -  3.01e-01 6.61e-04h  7
 371  2.1491097e+05 9.59e-08 3.23e+02  -8.6 1.87e-04    -  2.00e-01 1.56e-01h  1
 372  2.1491097e+05 9.59e-08 3.23e+02  -8.6 5.65e-04    -  6.23e-03 6.90e-05f 12
 373  2.1491097e+05 8.60e-08 2.80e+02  -8.6 2.90e-06  -7.3 1.29e-01 1.34e-01h  1
 374  2.1491097e+05 8.59e-08 2.79e+02  -8.6 1.05e-04    -  1.45e-01 8.26e-05f  9
 375  2.1491097e+05 8.37e-08 2.70e+02  -8.6 1.75e-03    -  2.13e-01 3.34e-02h  1
 376  2.1491097e+05 8.36e-08 2.70e+02  -8.6 1.59e-06  -7.8 9.29e-02 1.54e-03h  6
 377  2.1491097e+05 7.51e-08 2.35e+02  -8.6 1.53e-06  -8.3 8.49e-01 1.29e-01h  1
 378  2.1491097e+05 7.50e-08 2.35e+02  -8.6 4.76e-04    -  1.58e-02 2.10e-03h  1
 379  2.1491097e+05 7.50e-08 2.35e+02  -8.6 1.18e-06  -8.8 7.09e-02 8.23e-05f 10
iter    objective    inf_pr   inf_du lg(mu)  ||d||  lg(rg) alpha_du alpha_pr  ls
 380  2.1491097e+05 7.01e-08 2.15e+02  -8.6 2.21e-04    -  7.48e-02 8.25e-02h  1
 381  2.1491097e+05 6.99e-08 2.14e+02  -8.6 1.80e-06  -9.2 1.04e-01 3.45e-03h  7
 382  2.1491097e+05 6.97e-08 2.14e+02  -8.6 1.29e-04    -  1.67e-02 3.26e-03h  1
 383  2.1491097e+05 6.97e-08 2.14e+02  -8.6 4.91e-06  -9.7 4.22e-02 1.29e-04f 13
 384  2.1491097e+05 6.96e-08 2.13e+02  -8.6 1.22e-05 -10.2 1.86e-01 2.40e-03h  1
 385  2.1491097e+05 6.96e-08 2.13e+02  -8.6 2.68e-05 -10.7 3.31e-02 9.91e-05f 13
 386  2.1491097e+05 6.96e-08 2.13e+02  -8.6 2.70e-03 -11.2 5.22e-04 3.61e-06f  2
 387  2.1491097e+05 6.77e-08 2.06e+02  -8.6 9.12e-04 -11.6 3.98e-02 3.46e-02h  1
 388  2.1491097e+05 6.77e-08 2.06e+02  -8.6 2.19e-04 -12.1 4.47e-01 1.04e-04f  8
 389  2.1491097e+05 6.42e-08 1.93e+02  -8.6 2.72e-04 -12.6 6.70e-02 6.35e-02h  1
iter    objective    inf_pr   inf_du lg(mu)  ||d||  lg(rg) alpha_du alpha_pr  ls
 390  2.1491097e+05 6.42e-08 1.93e+02  -8.6 3.79e-04    -  5.90e-01 1.06e-04f 12
 391  2.1491097e+05 6.37e-08 1.91e+02  -8.6 3.72e-03 -11.3 1.44e-01 1.01e-02h  1
 392  2.1491097e+05 6.37e-08 1.91e+02  -8.6 5.58e-05 -10.8 1.00e+00 1.22e-04f 14
 393  2.1491097e+05 1.26e-08 3.51e-01  -8.6 3.20e-03 -11.3 1.53e-01 1.00e+00h  1
 394  2.1491097e+05 5.55e-10 2.40e-02  -8.6 3.59e-03    -  1.00e+00 9.56e-01h  1
 395  2.1491097e+05 1.33e-10 6.57e-03 -12.0 2.65e-04    -  8.46e-01 7.60e-01h  1
 396  2.1491097e+05 4.79e-11 1.83e-02 -12.0 5.96e-04    -  9.74e-01 6.40e-01h  1
 397  2.1491097e+05 6.53e-13 2.47e-04 -12.0 3.19e-02    -  1.00e+00 9.92e-01f  1
 398  2.1491097e+05 1.83e-12 2.99e-11 -12.0 2.62e-07  -3.9 1.00e+00 1.00e+00f  1

Number of Iterations....: 398

                                   (scaled)                 (unscaled)
Objective...............:   2.1491096840777530e+05    2.1491096840777530e+05
Dual infeasibility......:   2.9854517521547402e-11    2.9854517521547402e-11
Constraint violation....:   1.8275854321968987e-12    1.8275854321968987e-12
Complementarity.........:   1.2242131428926304e-12    1.2242131428926304e-12
Overall NLP error.......:   1.8275854321968987e-12    2.9854517521547402e-11


Number of objective function evaluations             = 832
Number of objective gradient evaluations             = 399
Number of equality constraint evaluations            = 832
Number of inequality constraint evaluations          = 832
Number of equality constraint Jacobian evaluations   = 399
Number of inequality constraint Jacobian evaluations = 399
Number of Lagrangian Hessian evaluations             = 398
Total CPU secs in IPOPT (w/o function evaluations)   =      5.637
Total CPU secs in NLP function evaluations           =      0.024

EXIT: Optimal Solution Found.

