Solver command line: ['C:\\Users\\Alexander\\AppData\\Local\\idaes\\bin\\ipopt.exe', 'C:\\Users\\ALEXAN~1\\AppData\\Local\\Temp\\tmpzzougqiq.pyomo.nl', '-AMPL', 'linear_solver=mumps', 'max_iter=3000', 'max_cpu_time=600.0', 'tol=1e-11', 'nlp_scaling_method=none', 'acceptable_tol=1e-10', 'bound_relax_factor=0.0', 'honor_original_bounds=yes', 'warm_start_init_point=no', 'print_level=5']

Ipopt 3.13.2: linear_solver=mumps
max_iter=3000
max_cpu_time=600.0
tol=1e-11
nlp_scaling_method=none
acceptable_tol=1e-10
bound_relax_factor=0.0
honor_original_bounds=yes
warm_start_init_point=no
print_level=5


******************************************************************************
This program contains Ipopt, a library for large-scale nonlinear optimization.
 Ipopt is released as open source code under the Eclipse Public License (EPL).
         For more information visit http://projects.coin-or.org/Ipopt

This version of Ipopt was compiled from source code available at
    https://github.com/IDAES/Ipopt as part of the Institute for the Design of
    Advanced Energy Systems Process Systems Engineering Framework (IDAES PSE
    Framework) Copyright (c) 2018-2019. See https://github.com/IDAES/idaes-pse.

This version of Ipopt was compiled using HSL, a collection of Fortran codes
    for large-scale scientific computation.  All technical papers, sales and
    publicity material resulting from use of the HSL codes within IPOPT must
    contain the following acknowledgement:
        HSL, a collection of Fortran codes for large-scale scientific
        computation. See http://www.hsl.rl.ac.uk.
******************************************************************************

This is Ipopt version 3.13.2, running with linear solver mumps.
NOTE: Other linear solvers might be more efficient (see Ipopt documentation).

Number of nonzeros in equality constraint Jacobian...:     4734
Number of nonzeros in inequality constraint Jacobian.:     4995
Number of nonzeros in Lagrangian Hessian.............:       72

Total number of variables............................:     2547
                     variables with only lower bounds:     2259
                variables with lower and upper bounds:        0
                     variables with only upper bounds:        0
Total number of equality constraints.................:      915
Total number of inequality constraints...............:     2691
        inequality constraints with only lower bounds:      216
   inequality constraints with lower and upper bounds:        0
        inequality constraints with only upper bounds:     2475

iter    objective    inf_pr   inf_du lg(mu)  ||d||  lg(rg) alpha_du alpha_pr  ls
   0  1.9512000e+02 5.62e+02 1.54e+01  -1.0 0.00e+00    -  0.00e+00 0.00e+00   0
   1  3.5475453e+02 5.62e+02 1.61e+01  -1.0 5.17e+02    -  2.28e-04 4.60e-04h  1
   2  1.4218103e+03 5.61e+02 1.71e+01  -1.0 5.62e+02    -  1.76e-04 2.67e-03h  1
   3  1.4446858e+03 5.60e+02 1.71e+01  -1.0 1.33e+03    -  3.40e-04 5.57e-04h  1
   4  1.4368350e+03 5.60e+02 1.71e+01  -1.0 1.22e+03    -  7.81e-04 8.66e-04f  1
   5  1.2175618e+03 5.59e+02 1.71e+01  -1.0 1.12e+03    -  8.71e-04 1.44e-03f  1
   6  8.4742412e+02 5.58e+02 1.71e+01  -1.0 9.40e+02    -  1.10e-03 1.92e-03f  1
   7  4.9279390e+02 5.57e+02 1.71e+01  -1.0 7.73e+02    -  1.73e-03 2.39e-03f  1
   8  1.6194825e+02 5.54e+02 1.70e+01  -1.0 6.26e+02    -  7.60e-03 5.24e-03f  1
   9  1.1147766e+02 5.47e+02 1.68e+01  -1.0 6.26e+02    -  2.25e-02 1.22e-02f  1
iter    objective    inf_pr   inf_du lg(mu)  ||d||  lg(rg) alpha_du alpha_pr  ls
  10  1.1135638e+02 4.98e+02 1.53e+01  -1.0 6.17e+02    -  6.96e-02 9.05e-02f  1
  11  1.1706128e+02 4.84e+02 1.49e+01  -1.0 5.80e+02    -  1.43e-02 2.75e-02h  1
  12  2.9489309e+02 4.80e+02 1.67e+01  -1.0 5.28e+02    -  1.12e-04 7.37e-03h  1
  13  7.3327446e+02 4.72e+02 1.67e+01  -1.0 5.71e+02    -  6.01e-03 1.69e-02h  1
  14  1.4239890e+03 4.63e+02 1.69e+01  -1.0 5.61e+02    -  3.24e-04 1.89e-02h  1
  15  1.4961517e+03 4.62e+02 1.72e+01  -1.0 5.52e+02    -  6.73e-04 1.75e-03h  1
  16  1.9170367e+03 4.58e+02 1.74e+01  -1.0 5.52e+02    -  5.89e-04 8.98e-03h  1
  17  2.1092930e+03 4.57e+02 1.87e+01  -1.0 5.56e+02    -  9.83e-04 3.51e-03h  1
  18  3.0144967e+03 4.49e+02 1.87e+01  -1.0 5.44e+02    -  3.29e-03 1.63e-02h  1
  19  3.1188960e+03 4.48e+02 1.87e+01  -1.0 5.95e+02    -  6.76e-04 1.60e-03h  1
iter    objective    inf_pr   inf_du lg(mu)  ||d||  lg(rg) alpha_du alpha_pr  ls
  20  3.6351198e+03 4.45e+02 1.88e+01  -1.0 5.35e+02    -  3.77e-04 6.79e-03h  1
  21  4.2230118e+03 4.42e+02 1.93e+01  -1.0 5.33e+02    -  1.85e-03 7.00e-03h  1
  22  5.0213690e+03 4.38e+02 1.94e+01  -1.0 5.29e+02    -  1.35e-03 8.83e-03h  1
  23  5.5770727e+03 4.36e+02 1.94e+01  -1.0 5.23e+02    -  3.67e-03 6.14e-03h  1
  24  6.5377735e+03 4.32e+02 1.94e+01  -1.0 5.20e+02    -  2.49e-04 9.52e-03h  1
  25  7.1240063e+03 4.29e+02 1.94e+01  -1.0 5.16e+02    -  1.45e-03 5.51e-03h  1
  26  8.2990491e+03 4.24e+02 1.93e+01  -1.0 5.12e+02    -  5.72e-03 1.10e-02h  1
  27  9.0946418e+03 4.21e+02 1.94e+01  -1.0 5.06e+02    -  6.47e-04 6.96e-03h  1
  28  1.0505156e+04 4.16e+02 1.94e+01  -1.0 5.03e+02    -  2.06e-03 1.19e-02h  1
  29  1.0869881e+04 4.15e+02 1.94e+01  -1.0 4.97e+02    -  9.68e-04 2.97e-03h  1
iter    objective    inf_pr   inf_du lg(mu)  ||d||  lg(rg) alpha_du alpha_pr  ls
  30  1.8294568e+04 3.90e+02 1.97e+01  -1.0 4.95e+02    -  2.49e-03 6.03e-02h  1
  31  1.8708407e+04 3.89e+02 1.96e+01  -1.0 5.42e+02    -  2.68e-03 3.58e-03h  1
  32  1.9874312e+04 3.85e+02 1.97e+01  -1.0 4.63e+02    -  1.57e-03 9.91e-03h  1
  33  2.0565821e+04 3.83e+02 1.97e+01  -1.0 4.91e+02    -  1.77e-03 5.85e-03h  1
  34  2.6220058e+04 3.64e+02 2.07e+01  -1.0 4.49e+02    -  5.30e-03 4.80e-02h  1
  35  2.6467657e+04 3.64e+02 2.07e+01  -1.0 4.48e+02    -  1.50e-03 2.18e-03h  1
  36  2.9129449e+04 3.55e+02 2.13e+01  -1.0 4.29e+02    -  1.66e-03 2.34e-02h  1
  37  3.0157493e+04 3.52e+02 2.13e+01  -1.0 4.88e+02    -  4.48e-03 9.17e-03h  1
  38  3.1857082e+04 3.46e+02 2.14e+01  -1.0 4.07e+02    -  5.93e-03 1.51e-02h  1
  39  3.3438674e+04 3.42e+02 2.15e+01  -1.0 4.07e+02    -  5.73e-03 1.41e-02h  1
iter    objective    inf_pr   inf_du lg(mu)  ||d||  lg(rg) alpha_du alpha_pr  ls
  40  3.3573437e+04 3.41e+02 2.15e+01  -1.0 4.04e+02    -  6.46e-04 1.17e-03h  1
  41  3.6565876e+04 3.33e+02 2.23e+01  -1.0 4.02e+02    -  1.70e-04 2.49e-02h  1
  42  3.8220538e+04 3.28e+02 2.23e+01  -1.0 3.87e+02    -  7.02e-03 1.38e-02h  1
  43  3.8938517e+04 3.26e+02 2.20e+01  -1.0 3.67e+02    -  9.55e-03 6.07e-03h  1
  44  4.0622059e+04 3.22e+02 2.25e+01  -1.0 3.65e+02    -  8.91e-05 1.35e-02h  1
  45  4.4973704e+04 3.11e+02 2.30e+01  -1.0 3.62e+02    -  1.15e-02 3.47e-02h  1
  46  4.8864809e+04 3.01e+02 2.35e+01  -1.0 3.50e+02    -  7.73e-03 3.16e-02h  1
  47  5.4944423e+04 2.85e+02 2.45e+01  -1.0 3.39e+02    -  9.91e-03 5.07e-02h  1
  48  5.6305876e+04 2.82e+02 2.47e+01  -1.0 3.23e+02    -  4.18e-03 1.19e-02h  1
  49  5.8995063e+04 2.75e+02 2.48e+01  -1.0 3.21e+02    -  1.06e-02 2.37e-02h  1
iter    objective    inf_pr   inf_du lg(mu)  ||d||  lg(rg) alpha_du alpha_pr  ls
  50  6.2267399e+04 2.67e+02 2.53e+01  -1.0 3.10e+02    -  5.03e-03 2.92e-02h  1
  51  6.4899897e+04 2.61e+02 2.54e+01  -1.0 3.15e+02    -  9.86e-03 2.41e-02h  1
  52  6.9635094e+04 2.49e+02 2.61e+01  -1.0 3.69e+02    -  1.02e-02 4.41e-02h  1
  53  7.1651626e+04 2.45e+02 2.63e+01  -1.0 4.44e+02    -  4.71e-03 1.93e-02h  1
  54  7.4982775e+04 2.37e+02 2.67e+01  -1.0 4.63e+02    -  8.07e-03 3.24e-02h  1
  55  7.9343202e+04 2.26e+02 2.64e+01  -1.0 4.75e+02    -  2.71e-02 4.37e-02h  1
  56  8.3495912e+04 2.16e+02 2.73e+01  -1.0 4.31e+02    -  2.49e-03 4.34e-02h  1
  57  8.3712988e+04 2.16e+02 2.71e+01  -1.0 4.12e+02    -  4.79e-03 2.37e-03h  1
  58  8.4862364e+04 2.13e+02 2.73e+01  -1.0 4.19e+02    -  8.01e-05 1.20e-02h  1
  59  8.9223952e+04 2.04e+02 2.75e+01  -1.0 4.31e+02    -  1.64e-02 4.59e-02h  1
iter    objective    inf_pr   inf_du lg(mu)  ||d||  lg(rg) alpha_du alpha_pr  ls
  60  9.2446379e+04 1.96e+02 2.77e+01  -1.0 4.67e+02    -  1.05e-02 3.53e-02h  1
  61  9.6313352e+04 1.88e+02 2.76e+01  -1.0 4.52e+02    -  2.12e-02 4.37e-02h  1
  62  9.9396822e+04 1.81e+02 2.77e+01  -1.0 4.04e+02    -  1.30e-02 3.63e-02h  1
  63  9.9992432e+04 1.80e+02 2.61e+01  -1.0 3.57e+02    -  3.79e-02 7.30e-03h  1
  64  1.0035951e+05 1.79e+02 2.60e+01  -1.0 3.79e+02    -  2.71e-03 4.53e-03h  1
  65  1.0420754e+05 1.71e+02 2.68e+01  -1.0 3.74e+02    -  2.00e-04 4.58e-02h  1
  66  1.0658541e+05 1.66e+02 2.67e+01  -1.0 3.65e+02    -  1.31e-02 2.94e-02h  1
  67  1.0864412e+05 1.61e+02 2.70e+01  -1.0 3.50e+02    -  3.53e-03 2.57e-02h  1
  68  1.0959763e+05 1.59e+02 2.70e+01  -1.0 3.35e+02    -  3.98e-03 1.19e-02h  1
  69  1.1269478e+05 1.53e+02 2.73e+01  -1.0 3.26e+02    -  6.67e-03 3.89e-02h  1
iter    objective    inf_pr   inf_du lg(mu)  ||d||  lg(rg) alpha_du alpha_pr  ls
  70  1.1563176e+05 1.47e+02 2.72e+01  -1.0 3.03e+02    -  1.57e-02 3.80e-02h  1
  71  1.1996397e+05 1.39e+02 2.77e+01  -1.0 2.80e+02    -  1.02e-02 5.77e-02h  1
  72  1.2082463e+05 1.37e+02 2.76e+01  -1.0 2.79e+02    -  5.83e-03 1.21e-02h  1
  73  1.2445039e+05 1.30e+02 3.00e+01  -1.0 2.76e+02    -  9.18e-03 5.13e-02h  1
  74  1.3064089e+05 1.18e+02 3.24e+01  -1.0 2.57e+02    -  1.83e-02 9.01e-02h  1
  75  1.3331655e+05 1.14e+02 3.16e+01  -1.0 3.49e+02    -  3.16e-02 4.01e-02h  1
  76  1.3403677e+05 1.12e+02 3.19e+01  -1.0 2.60e+02    -  2.01e-03 1.08e-02h  1
  77  1.3664186e+05 1.08e+02 3.22e+01  -1.0 2.38e+02    -  1.39e-02 3.93e-02h  1
  78  1.3988732e+05 1.03e+02 3.24e+01  -1.0 1.96e+02    -  2.27e-02 5.03e-02h  1
  79  1.4027011e+05 1.02e+02 3.23e+01  -1.0 2.61e+02    -  4.47e-03 6.18e-03h  1
iter    objective    inf_pr   inf_du lg(mu)  ||d||  lg(rg) alpha_du alpha_pr  ls
  80  1.4694272e+05 9.10e+01 3.59e+01  -1.0 2.51e+02    -  2.58e-03 1.08e-01h  1
  81  1.4712460e+05 9.07e+01 3.56e+01  -1.0 2.04e+02    -  5.92e-03 3.24e-03h  1
  82  1.4948119e+05 8.69e+01 3.71e+01  -1.0 2.03e+02    -  1.18e-03 4.18e-02h  1
  83  1.5066430e+05 8.50e+01 3.28e+01  -1.0 2.02e+02    -  6.73e-02 2.16e-02h  1
  84  1.5085809e+05 8.47e+01 3.27e+01  -1.0 1.86e+02    -  3.71e-03 3.55e-03h  1
  85  1.5327797e+05 8.10e+01 3.46e+01  -1.0 1.61e+02    -  2.66e-04 4.40e-02h  1
  86  1.5357039e+05 8.06e+01 3.45e+01  -1.0 1.48e+02    -  4.86e-03 5.51e-03h  1
  87  1.5631076e+05 7.64e+01 3.66e+01  -1.0 1.45e+02    -  2.76e-03 5.17e-02h  1
  88  1.5658307e+05 7.60e+01 3.63e+01  -1.0 1.33e+02    -  6.40e-03 5.37e-03h  1
  89  1.5757964e+05 7.45e+01 3.70e+01  -1.0 1.31e+02    -  2.45e-03 1.97e-02h  1
iter    objective    inf_pr   inf_du lg(mu)  ||d||  lg(rg) alpha_du alpha_pr  ls
  90  1.5846995e+05 7.32e+01 3.73e+01  -1.0 1.29e+02    -  6.93e-03 1.78e-02h  1
  91  1.6089243e+05 6.96e+01 3.81e+01  -1.0 1.16e+02    -  1.96e-02 4.93e-02h  1
  92  1.6246014e+05 6.72e+01 3.65e+01  -1.0 1.10e+02    -  3.63e-02 3.34e-02h  1
  93  1.6326039e+05 6.61e+01 3.69e+01  -1.0 9.80e+01    -  6.18e-03 1.74e-02h  1
  94  1.6334827e+05 6.59e+01 3.69e+01  -1.0 9.40e+01    -  1.21e-03 1.90e-03h  1
  95  1.6701057e+05 6.07e+01 4.14e+01  -1.0 9.33e+01    -  1.31e-03 7.94e-02h  1
  96  1.6808101e+05 5.92e+01 3.23e+01  -1.0 9.01e+01    -  1.04e-01 2.50e-02h  1
  97  1.6997450e+05 5.66e+01 3.54e+01  -1.0 1.17e+02    -  7.05e-04 4.43e-02h  1
  98  1.7076062e+05 5.55e+01 3.45e+01  -1.0 1.09e+02    -  2.08e-02 1.88e-02h  1
  99  1.7277275e+05 5.28e+01 3.78e+01  -1.0 1.11e+02    -  3.66e-03 4.89e-02h  1
iter    objective    inf_pr   inf_du lg(mu)  ||d||  lg(rg) alpha_du alpha_pr  ls
 100  1.7362423e+05 5.16e+01 3.40e+01  -1.0 1.37e+02    -  4.73e-02 2.16e-02h  1
 101  1.7524957e+05 4.95e+01 3.73e+01  -1.0 1.20e+02    -  1.16e-03 4.19e-02h  1
 102  1.7589591e+05 4.86e+01 3.62e+01  -1.0 1.22e+02    -  2.13e-02 1.72e-02h  1
 103  1.7722277e+05 4.69e+01 3.99e+01  -1.0 1.26e+02    -  1.16e-03 3.55e-02h  1
 104  1.8390447e+05 3.82e+01 5.76e+01  -1.0 1.27e+02    -  1.71e-02 1.85e-01h  1
 105  1.8632660e+05 3.51e+01 4.33e+01  -1.0 1.43e+02    -  1.45e-01 8.20e-02h  1
 106  1.8644193e+05 3.49e+01 4.30e+01  -1.0 1.09e+02    -  4.88e-03 4.25e-03h  1
 107  1.8697098e+05 3.43e+01 4.40e+01  -1.0 1.37e+02    -  8.38e-03 1.96e-02h  1
 108  1.8805092e+05 3.29e+01 4.79e+01  -1.0 1.33e+02    -  7.03e-03 4.06e-02h  1
 109  1.8988263e+05 3.05e+01 4.95e+01  -1.0 1.32e+02    -  4.31e-02 7.17e-02h  1
iter    objective    inf_pr   inf_du lg(mu)  ||d||  lg(rg) alpha_du alpha_pr  ls
 110  1.9004600e+05 3.03e+01 4.93e+01  -1.0 1.29e+02    -  5.84e-03 6.83e-03h  1
 111  1.9334812e+05 2.61e+01 6.80e+01  -1.0 1.28e+02    -  4.02e-03 1.39e-01h  1
 112  1.9349995e+05 2.59e+01 6.53e+01  -1.0 1.00e+02    -  1.76e-02 7.29e-03h  1
 113  1.9628378e+05 2.24e+01 8.55e+01  -1.0 9.45e+01    -  2.88e-03 1.34e-01h  1
 114  1.9752950e+05 2.09e+01 6.30e+01  -1.0 9.28e+01    -  1.33e-01 6.75e-02h  1
 115  1.9944432e+05 1.86e+01 5.15e+01  -1.0 1.00e+02    -  1.27e-01 1.10e-01h  1
 116  2.0070411e+05 1.71e+01 6.24e+01  -1.0 7.63e+01    -  3.20e-02 8.14e-02h  1
 117  2.0158261e+05 1.60e+01 7.56e+01  -1.0 3.85e+01    -  1.02e-02 6.17e-02h  1
 118  2.0364727e+05 1.36e+01 9.07e+01  -1.0 6.77e+01    -  7.89e-02 1.54e-01h  1
 119  2.0382488e+05 1.34e+01 8.37e+01  -1.0 3.64e+01    -  2.91e-02 1.57e-02h  1
iter    objective    inf_pr   inf_du lg(mu)  ||d||  lg(rg) alpha_du alpha_pr  ls
 120  2.0859331e+05 7.67e+00 2.26e+02  -1.0 3.44e+01    -  6.24e-03 4.26e-01h  1
 121  2.1180515e+05 3.84e+00 2.06e+02  -1.0 1.93e+01    -  3.73e-01 4.99e-01h  1
 122  2.1298549e+05 2.43e+00 1.95e+02  -1.0 1.11e+01    -  5.87e-01 3.67e-01h  1
 123  2.1441782e+05 7.29e-01 9.61e+02  -1.0 1.34e+01    -  2.60e-01 7.00e-01h  1
 124  2.1468081e+05 4.16e-01 1.34e+03  -1.0 1.10e+01    -  6.73e-01 4.29e-01h  1
 125  2.1478713e+05 2.90e-01 7.35e+03  -1.0 2.49e+01    -  7.77e-01 3.03e-01h  1
 126  2.1500576e+05 3.45e-02 4.32e+03  -1.0 5.28e+01    -  6.13e-01 8.81e-01h  1
 127  2.1501261e+05 2.66e-02 1.22e+05  -1.0 1.35e+01    -  1.00e+00 2.30e-01h  1
 128  2.1503402e+05 1.86e-03 2.33e+04  -1.0 1.31e+01    -  1.00e+00 9.30e-01h  1
 129  2.1503438e+05 1.44e-03 2.37e+06  -1.0 3.36e-01    -  1.00e+00 2.23e-01h  1
iter    objective    inf_pr   inf_du lg(mu)  ||d||  lg(rg) alpha_du alpha_pr  ls
 130  2.1503517e+05 5.28e-04 2.29e+06  -1.0 2.59e-01    -  1.00e+00 6.34e-01h  1
 131  2.1503544e+05 2.22e-04 5.44e+06  -1.0 9.49e-02    -  1.00e+00 5.80e-01h  1
 132  2.1503555e+05 9.17e-05 1.27e+07  -1.0 3.98e-02    -  1.00e+00 5.86e-01h  1
 133  2.1503560e+05 3.80e-05 3.07e+07  -1.0 1.65e-02    -  1.00e+00 5.86e-01h  1
 134  2.1503562e+05 1.57e-05 7.40e+07  -1.0 6.83e-03    -  1.00e+00 5.86e-01h  1
 135  2.1503562e+05 6.52e-06 1.79e+08  -1.0 2.83e-03    -  1.00e+00 5.86e-01h  1
 136  2.1503563e+05 2.70e-06 4.31e+08  -1.0 1.17e-03    -  1.00e+00 5.86e-01h  1
 137  2.1503563e+05 1.12e-06 1.04e+09  -1.0 4.85e-04    -  1.00e+00 5.86e-01h  1
 138  2.1503563e+05 3.73e-11 1.00e-06  -1.0 2.01e-04    -  1.00e+00 1.00e+00f  1
 139  2.1497442e+05 7.41e-12 2.99e+04  -8.6 5.70e-01    -  7.21e-01 8.01e-01f  1
iter    objective    inf_pr   inf_du lg(mu)  ||d||  lg(rg) alpha_du alpha_pr  ls
 140  2.1496811e+05 1.38e-08 3.67e+03  -8.6 1.17e-01    -  8.71e-01 4.19e-01f  1
 141  2.1496093e+05 5.57e-08 7.88e+02  -8.6 6.69e-02    -  8.36e-01 8.20e-01f  1
 142  2.1496036e+05 6.96e-08 2.76e+03  -8.6 2.66e-02    -  5.58e-01 3.59e-01f  1
 143  2.1495946e+05 1.04e-07 1.61e+03  -8.6 2.24e-02    -  6.01e-01 8.67e-01f  1
 144  2.1495942e+05 1.24e-07 1.53e+03  -8.6 9.74e-03    -  5.56e-01 2.84e-01f  1
 145  2.1495935e+05 8.02e-08 7.09e+02  -8.6 9.38e-03    -  5.34e-01 7.09e-01f  1
 146  2.1495932e+05 2.22e-08 3.68e+03  -8.6 5.46e-03    -  3.97e-01 7.97e-01f  1
 147  2.1495932e+05 8.86e-09 1.03e+03  -8.6 2.93e-03    -  6.62e-01 6.35e-01h  1
 148  2.1495931e+05 3.38e-09 7.56e+02  -8.6 2.37e-03    -  6.20e-01 6.65e-01h  1
 149  2.1495931e+05 1.22e-09 8.38e+02  -8.6 1.66e-03    -  6.40e-01 7.10e-01h  1
iter    objective    inf_pr   inf_du lg(mu)  ||d||  lg(rg) alpha_du alpha_pr  ls
 150  2.1495931e+05 4.54e-10 3.25e+03  -8.6 1.40e-03    -  3.64e-01 6.98e-01h  1
 151  2.1495931e+05 2.78e-10 1.06e+03  -8.6 1.55e-03    -  4.93e-01 4.21e-01f  1
 152  2.1495931e+05 1.04e-10 2.10e+03  -8.6 1.78e-03    -  4.94e-01 6.85e-01f  1
 153  2.1495931e+05 2.59e-10 3.95e+03  -8.6 1.15e-03    -  2.90e-01 5.92e-01f  1
 154  2.1495931e+05 2.53e-09 7.25e+03  -8.6 5.87e-04    -  5.37e-04 4.10e-01f  2
 155  2.1495931e+05 4.80e-08 1.27e+04  -8.6 3.69e-04    -  3.27e-02 7.99e-01h  1
 156  2.1495931e+05 3.38e-07 1.13e+04  -8.6 1.46e-04    -  6.61e-02 5.00e-01h  2
 157  2.1495932e+05 5.32e-07 5.00e+03  -8.6 1.31e-04    -  6.02e-01 1.00e+00h  1
 158  2.1495931e+05 2.81e-07 7.86e+03  -8.6 2.04e-04    -  1.49e-01 1.00e+00h  1
 159  2.1495931e+05 2.80e-07 7.91e+03  -8.6 1.71e-04    -  5.41e-05 1.61e-02h  1
iter    objective    inf_pr   inf_du lg(mu)  ||d||  lg(rg) alpha_du alpha_pr  ls
 160  2.1495931e+05 2.72e-07 7.89e+03  -8.6 1.70e-04    -  2.28e-03 2.85e-02h  1
 161  2.1495931e+05 2.57e-07 7.74e+03  -8.6 1.70e-04    -  9.95e-03 2.22e-02h  1
 162  2.1495931e+05 2.56e-07 7.73e+03  -8.6 1.70e-04    -  1.84e-03 6.21e-04h  1
 163  2.1495931e+05 2.42e-07 7.59e+03  -8.6 1.70e-04    -  1.68e-04 1.87e-02f  1
 164  2.1495931e+05 2.35e-07 7.52e+03  -8.6 1.69e-04    -  7.45e-03 8.95e-03f  1
 165  2.1495931e+05 2.33e-07 7.50e+03  -8.6 1.70e-04    -  7.31e-03 3.24e-03f  1
 166  2.1495931e+05 2.29e-07 7.46e+03  -8.6 1.71e-04    -  1.28e-02 5.04e-03f  1
 167  2.1495931e+05 2.22e-07 7.38e+03  -8.6 1.72e-04    -  2.19e-02 1.08e-02f  1
 168  2.1495931e+05 2.17e-07 7.33e+03  -8.6 1.75e-04    -  2.30e-02 7.06e-03f  1
 169  2.1495931e+05 2.15e-07 7.31e+03  -8.6 1.78e-04    -  4.62e-02 2.08e-03f  1
iter    objective    inf_pr   inf_du lg(mu)  ||d||  lg(rg) alpha_du alpha_pr  ls
 170  2.1495931e+05 2.13e-07 7.28e+03  -8.6 1.84e-04    -  1.63e-02 3.66e-03h  1
 171  2.1495931e+05 2.02e-07 7.17e+03  -8.6 1.86e-04    -  1.68e-02 1.48e-02f  1
 172  2.1495931e+05 1.81e-07 6.94e+03  -8.6 1.87e-04    -  7.49e-03 3.20e-02f  1
 173  2.1495931e+05 1.72e-07 6.85e+03  -8.6 1.87e-04    -  2.09e-02 1.33e-02f  1
 174  2.1495931e+05 1.61e-07 6.72e+03  -8.6 1.89e-04    -  6.28e-04 1.82e-02f  1
 175  2.1495931e+05 1.57e-07 6.69e+03  -8.6 1.88e-04    -  5.39e-03 5.89e-03f  1
 176  2.1495931e+05 1.51e-07 6.62e+03  -8.6 1.89e-04    -  3.27e-02 9.90e-03f  1
 177  2.1495931e+05 1.46e-07 6.56e+03  -8.6 1.93e-04    -  1.06e-02 8.94e-03f  1
 178  2.1495931e+05 1.41e-07 6.50e+03  -8.6 1.94e-04    -  4.76e-04 8.77e-03f  1
 179  2.1495931e+05 1.35e-07 6.43e+03  -8.6 1.93e-04    -  1.38e-02 1.07e-02f  1
iter    objective    inf_pr   inf_du lg(mu)  ||d||  lg(rg) alpha_du alpha_pr  ls
 180  2.1495931e+05 1.31e-07 6.39e+03  -8.6 1.95e-04    -  1.47e-03 6.07e-03f  1
 181  2.1495931e+05 1.30e-07 6.38e+03  -8.6 1.94e-04    -  2.40e-03 1.70e-03f  1
 182  2.1495931e+05 1.30e-07 6.37e+03  -8.6 1.95e-04    -  4.21e-03 1.37e-03f  1
 183  2.1495931e+05 1.28e-07 6.36e+03  -8.6 1.95e-04    -  3.49e-03 2.38e-03f  1
 184  2.1495931e+05 1.28e-07 6.36e+03  -8.6 1.96e-04    -  5.08e-03 2.02e-04f  1
 185  2.1495931e+05 1.27e-07 6.34e+03  -8.6 1.96e-04    -  5.02e-03 2.53e-03f  1
 186  2.1495931e+05 1.17e-07 6.22e+03  -8.6 1.97e-04    -  3.09e-03 1.98e-02f  1
 187  2.1495931e+05 1.12e-07 6.16e+03  -8.6 1.96e-04    -  8.19e-03 8.93e-03f  1
 188  2.1495931e+05 1.04e-07 6.06e+03  -8.6 1.97e-04    -  1.10e-02 1.69e-02f  1
 189  2.1495931e+05 7.91e-08 5.76e+03  -8.6 1.97e-04    -  6.39e-03 4.92e-02f  1
iter    objective    inf_pr   inf_du lg(mu)  ||d||  lg(rg) alpha_du alpha_pr  ls
 190  2.1495931e+05 7.53e-08 5.72e+03  -8.6 1.95e-04    -  2.22e-02 8.20e-03f  1
 191  2.1495931e+05 6.78e-08 5.62e+03  -8.6 1.98e-04    -  3.04e-02 1.68e-02f  1
 192  2.1495931e+05 6.51e-08 5.59e+03  -8.6 2.01e-04    -  1.25e-02 5.99e-03h  1
 193  2.1495931e+05 4.70e-08 5.35e+03  -8.6 2.03e-04    -  1.02e-02 4.16e-02f  1
 194  2.1495931e+05 3.53e-08 5.20e+03  -8.6 2.01e-04    -  1.94e-02 2.93e-02f  1
 195  2.1495931e+05 3.31e-08 5.17e+03  -8.6 2.02e-04    -  3.09e-02 5.77e-03f  1
 196  2.1495931e+05 2.80e-08 5.10e+03  -8.6 2.06e-04    -  7.20e-03 1.37e-02f  1
 197  2.1495931e+05 2.38e-08 5.04e+03  -8.6 2.06e-04    -  9.97e-03 1.13e-02f  1
 198  2.1495931e+05 2.19e-08 5.01e+03  -8.6 2.07e-04    -  2.64e-03 5.49e-03f  1
 199  2.1495931e+05 1.76e-08 4.95e+03  -8.6 2.07e-04    -  7.71e-03 1.22e-02f  1
iter    objective    inf_pr   inf_du lg(mu)  ||d||  lg(rg) alpha_du alpha_pr  ls
 200  2.1495931e+05 1.30e-08 4.63e+03  -8.6 2.07e-04    -  6.51e-03 6.42e-02f  1
 201  2.1495931e+05 2.92e-08 4.36e+03  -8.6 2.04e-04    -  4.74e-02 5.83e-02f  1
 202  2.1495931e+05 5.37e-08 3.93e+03  -8.6 2.06e-04    -  1.03e-01 1.00e-01f  1
 203  2.1495931e+05 6.42e-08 3.71e+03  -8.6 2.13e-04    -  1.47e-01 5.45e-02f  1
 204  2.1495931e+05 8.29e-08 3.30e+03  -8.6 2.36e-04    -  3.06e-02 1.11e-01f  1
 205  2.1495931e+05 8.90e-08 3.14e+03  -8.6 2.35e-04    -  4.47e-03 4.90e-02f  1
 206  2.1495931e+05 9.33e-08 3.01e+03  -8.6 2.33e-04    -  7.20e-02 4.01e-02f  1
 207  2.1495931e+05 9.54e-08 2.95e+03  -8.6 2.47e-04    -  7.04e-03 2.22e-02f  1
 208  2.1495931e+05 1.50e-07 1.32e+03  -8.6 2.47e-04    -  6.50e-02 5.56e-01f  1
 209  2.1495931e+05 1.50e-07 1.31e+03  -8.6 2.36e-04    -  2.03e-01 3.92e-03h  7
iter    objective    inf_pr   inf_du lg(mu)  ||d||  lg(rg) alpha_du alpha_pr  ls
 210  2.1495931e+05 1.15e-07 5.84e+02  -8.6 2.83e-04    -  2.73e-01 5.55e-01h  1
 211  2.1495931e+05 1.15e-07 5.82e+02  -8.6 3.16e-04    -  1.23e-01 4.26e-03h  7
 212  2.1495931e+05 9.32e-08 4.18e+02  -8.6 3.47e-04    -  2.82e-01 2.80e-01h  1
 213  2.1495931e+05 9.30e-08 4.20e+02  -8.6 3.96e-04    -  1.38e-01 3.63e-03h  3
 214  2.1495931e+05 9.17e-08 4.10e+02  -8.6 4.32e-04    -  4.04e-01 2.00e-02h  1
 215  2.1495931e+05 9.16e-08 4.10e+02  -8.6 5.64e-04    -  1.31e-02 1.01e-03h  6
 216  2.1495931e+05 9.12e-08 4.07e+02  -8.6 5.67e-04    -  1.97e-02 7.10e-03h  1
 217  2.1495931e+05 9.12e-08 4.08e+02  -8.6 5.70e-04    -  2.35e-02 8.24e-05f  9
 218  2.1495931e+05 9.08e-08 4.05e+02  -8.6 5.76e-04    -  2.39e-02 5.97e-03h  1
 219  2.1495931e+05 9.08e-08 4.05e+02  -8.6 5.80e-04    -  4.25e-02 8.40e-05f 11
iter    objective    inf_pr   inf_du lg(mu)  ||d||  lg(rg) alpha_du alpha_pr  ls
 220  2.1495931e+05 9.08e-08 4.05e+02  -8.6 5.92e-04    -  1.04e-02 4.81e-04h  1
 221  2.1495931e+05 9.08e-08 4.05e+02  -8.6 5.94e-04    -  4.10e-02 8.63e-05f 13
 222  2.1495931e+05 9.08e-08 4.05e+02  -8.6 1.13e-03    -  5.43e-04 5.61e-06h  2
 223  2.1495931e+05 6.39e-08 2.32e+02  -8.6 6.05e-04    -  4.34e-02 4.22e-01h  1
 224  2.1495931e+05 6.39e-08 2.33e+02  -8.6 4.66e-04    -  2.70e-02 1.66e-03h  6
 225  2.1495931e+05 6.12e-08 2.21e+02  -8.6 4.70e-04    -  3.00e-01 5.43e-02h  1
 226  2.1495931e+05 6.10e-08 2.20e+02  -8.6 5.18e-04    -  4.54e-02 3.99e-03h  8
 227  2.1495931e+05 2.27e-08 3.88e+01  -8.6 5.25e-04    -  4.97e-02 8.25e-01h  1
 228  2.1495931e+05 2.27e-08 3.88e+01  -8.6 2.31e-04    -  6.32e-01 2.44e-04h 13
 229  2.1495931e+05 2.57e-09 6.69e-02  -8.6 2.86e-04    -  6.14e-01 1.00e+00h  1
iter    objective    inf_pr   inf_du lg(mu)  ||d||  lg(rg) alpha_du alpha_pr  ls
 230  2.1495931e+05 4.07e-10 2.37e-01  -8.6 1.19e-04    -  1.00e+00 8.79e-01h  1
 231  2.1495931e+05 4.02e-10 1.63e+00  -8.6 8.85e-05    -  1.00e+00 1.56e-02f  7
 232  2.1495931e+05 5.86e-11 3.55e-14  -8.6 8.90e-05    -  1.00e+00 1.00e+00h  1
 233  2.1495931e+05 2.69e-12 1.03e-02 -12.0 1.48e-04    -  7.97e-01 9.52e-01h  1
 234  2.1495931e+05 4.35e-13 5.94e-04 -12.0 1.36e-03    -  9.65e-01 8.43e-01f  1
 235  2.1495931e+05 1.65e-13 2.27e-03 -12.0 2.49e-02    -  1.00e+00 9.42e-01f  1
 236  2.1495931e+05 2.99e-13 1.39e-13 -12.0 1.29e-09  -4.0 1.00e+00 1.00e+00f  1

Number of Iterations....: 236

                                   (scaled)                 (unscaled)
Objective...............:   2.1495931180627877e+05    2.1495931180627877e+05
Dual infeasibility......:   1.3855583347321954e-13    1.3855583347321954e-13
Constraint violation....:   2.9880548087440495e-13    2.9880548087440495e-13
Complementarity.........:   1.2242440238937054e-12    1.2242440238937054e-12
Overall NLP error.......:   2.9880548087440495e-13    1.2242440238937054e-12


Number of objective function evaluations             = 321
Number of objective gradient evaluations             = 237
Number of equality constraint evaluations            = 321
Number of inequality constraint evaluations          = 321
Number of equality constraint Jacobian evaluations   = 237
Number of inequality constraint Jacobian evaluations = 237
Number of Lagrangian Hessian evaluations             = 236
Total CPU secs in IPOPT (w/o function evaluations)   =      2.600
Total CPU secs in NLP function evaluations           =      0.013

EXIT: Optimal Solution Found.

