Solver command line: ['C:\\Users\\Alexander\\AppData\\Local\\idaes\\bin\\ipopt.exe', 'C:\\Users\\ALEXAN~1\\AppData\\Local\\Temp\\tmpn5ybp4sn.pyomo.nl', '-AMPL', 'linear_solver=mumps', 'max_iter=3000', 'max_cpu_time=600.0', 'tol=1e-11', 'nlp_scaling_method=none', 'acceptable_tol=1e-10', 'bound_relax_factor=0.0', 'honor_original_bounds=yes', 'warm_start_init_point=no', 'print_level=5']

Ipopt 3.13.2: linear_solver=mumps
max_iter=3000
max_cpu_time=600.0
tol=1e-11
nlp_scaling_method=none
acceptable_tol=1e-10
bound_relax_factor=0.0
honor_original_bounds=yes
warm_start_init_point=no
print_level=5


******************************************************************************
This program contains Ipopt, a library for large-scale nonlinear optimization.
 Ipopt is released as open source code under the Eclipse Public License (EPL).
         For more information visit http://projects.coin-or.org/Ipopt

This version of Ipopt was compiled from source code available at
    https://github.com/IDAES/Ipopt as part of the Institute for the Design of
    Advanced Energy Systems Process Systems Engineering Framework (IDAES PSE
    Framework) Copyright (c) 2018-2019. See https://github.com/IDAES/idaes-pse.

This version of Ipopt was compiled using HSL, a collection of Fortran codes
    for large-scale scientific computation.  All technical papers, sales and
    publicity material resulting from use of the HSL codes within IPOPT must
    contain the following acknowledgement:
        HSL, a collection of Fortran codes for large-scale scientific
        computation. See http://www.hsl.rl.ac.uk.
******************************************************************************

This is Ipopt version 3.13.2, running with linear solver mumps.
NOTE: Other linear solvers might be more efficient (see Ipopt documentation).

Number of nonzeros in equality constraint Jacobian...:     4734
Number of nonzeros in inequality constraint Jacobian.:     4995
Number of nonzeros in Lagrangian Hessian.............:       72

Total number of variables............................:     2547
                     variables with only lower bounds:     2259
                variables with lower and upper bounds:        0
                     variables with only upper bounds:        0
Total number of equality constraints.................:      915
Total number of inequality constraints...............:     2691
        inequality constraints with only lower bounds:      216
   inequality constraints with lower and upper bounds:        0
        inequality constraints with only upper bounds:     2475

iter    objective    inf_pr   inf_du lg(mu)  ||d||  lg(rg) alpha_du alpha_pr  ls
   0  1.9512000e+02 5.62e+02 1.54e+01  -1.0 0.00e+00    -  0.00e+00 0.00e+00   0
   1  3.5475240e+02 5.62e+02 1.61e+01  -1.0 5.17e+02    -  2.28e-04 4.60e-04h  1
   2  1.4218186e+03 5.61e+02 1.71e+01  -1.0 5.62e+02    -  1.76e-04 2.67e-03h  1
   3  1.4446979e+03 5.60e+02 1.71e+01  -1.0 1.33e+03    -  3.40e-04 5.57e-04h  1
   4  1.4368407e+03 5.60e+02 1.71e+01  -1.0 1.22e+03    -  7.81e-04 8.66e-04f  1
   5  1.2175600e+03 5.59e+02 1.71e+01  -1.0 1.12e+03    -  8.71e-04 1.44e-03f  1
   6  8.4742521e+02 5.58e+02 1.71e+01  -1.0 9.40e+02    -  1.10e-03 1.92e-03f  1
   7  4.9281109e+02 5.57e+02 1.71e+01  -1.0 7.73e+02    -  1.73e-03 2.39e-03f  1
   8  1.6195049e+02 5.54e+02 1.70e+01  -1.0 6.26e+02    -  7.60e-03 5.24e-03f  1
   9  1.1148187e+02 5.47e+02 1.68e+01  -1.0 6.26e+02    -  2.25e-02 1.22e-02f  1
iter    objective    inf_pr   inf_du lg(mu)  ||d||  lg(rg) alpha_du alpha_pr  ls
  10  1.1138170e+02 4.98e+02 1.53e+01  -1.0 6.17e+02    -  6.96e-02 9.05e-02f  1
  11  1.1709058e+02 4.84e+02 1.49e+01  -1.0 5.80e+02    -  1.43e-02 2.75e-02h  1
  12  2.9493368e+02 4.80e+02 1.67e+01  -1.0 5.28e+02    -  1.12e-04 7.37e-03h  1
  13  7.3329834e+02 4.72e+02 1.67e+01  -1.0 5.71e+02    -  6.01e-03 1.69e-02h  1
  14  1.4240357e+03 4.63e+02 1.69e+01  -1.0 5.61e+02    -  3.24e-04 1.89e-02h  1
  15  1.4962505e+03 4.62e+02 1.72e+01  -1.0 5.52e+02    -  6.73e-04 1.75e-03h  1
  16  1.9170807e+03 4.58e+02 1.74e+01  -1.0 5.52e+02    -  5.89e-04 8.98e-03h  1
  17  2.1094788e+03 4.57e+02 1.87e+01  -1.0 5.56e+02    -  9.83e-04 3.52e-03h  1
  18  3.0145350e+03 4.49e+02 1.87e+01  -1.0 5.44e+02    -  3.29e-03 1.63e-02h  1
  19  3.1190321e+03 4.48e+02 1.87e+01  -1.0 5.95e+02    -  6.76e-04 1.60e-03h  1
iter    objective    inf_pr   inf_du lg(mu)  ||d||  lg(rg) alpha_du alpha_pr  ls
  20  3.6353864e+03 4.45e+02 1.88e+01  -1.0 5.35e+02    -  3.77e-04 6.79e-03h  1
  21  4.2231946e+03 4.42e+02 1.92e+01  -1.0 5.33e+02    -  1.85e-03 7.00e-03h  1
  22  5.0242073e+03 4.38e+02 1.94e+01  -1.0 5.29e+02    -  1.35e-03 8.86e-03h  1
  23  5.5773501e+03 4.36e+02 1.94e+01  -1.0 5.23e+02    -  3.65e-03 6.11e-03h  1
  24  6.5376350e+03 4.32e+02 1.94e+01  -1.0 5.20e+02    -  2.49e-04 9.52e-03h  1
  25  7.1225774e+03 4.29e+02 1.94e+01  -1.0 5.16e+02    -  1.45e-03 5.50e-03h  1
  26  8.2988418e+03 4.24e+02 1.93e+01  -1.0 5.12e+02    -  5.71e-03 1.10e-02h  1
  27  9.0927600e+03 4.21e+02 1.94e+01  -1.0 5.06e+02    -  6.48e-04 6.94e-03h  1
  28  1.0504328e+04 4.16e+02 1.94e+01  -1.0 5.03e+02    -  2.05e-03 1.19e-02h  1
  29  1.0867652e+04 4.15e+02 1.94e+01  -1.0 4.97e+02    -  9.69e-04 2.96e-03h  1
iter    objective    inf_pr   inf_du lg(mu)  ||d||  lg(rg) alpha_du alpha_pr  ls
  30  1.8295418e+04 3.90e+02 1.97e+01  -1.0 4.95e+02    -  2.47e-03 6.03e-02h  1
  31  1.8709649e+04 3.89e+02 1.96e+01  -1.0 5.42e+02    -  2.69e-03 3.58e-03h  1
  32  1.9874602e+04 3.85e+02 1.97e+01  -1.0 4.63e+02    -  1.57e-03 9.90e-03h  1
  33  2.0566210e+04 3.83e+02 1.97e+01  -1.0 4.91e+02    -  1.77e-03 5.85e-03h  1
  34  2.6219969e+04 3.64e+02 2.07e+01  -1.0 4.49e+02    -  5.30e-03 4.80e-02h  1
  35  2.6467521e+04 3.64e+02 2.07e+01  -1.0 4.48e+02    -  1.50e-03 2.18e-03h  1
  36  2.9131320e+04 3.55e+02 2.13e+01  -1.0 4.29e+02    -  1.66e-03 2.34e-02h  1
  37  3.0159701e+04 3.52e+02 2.13e+01  -1.0 4.88e+02    -  4.49e-03 9.17e-03h  1
  38  3.1857309e+04 3.46e+02 2.14e+01  -1.0 4.07e+02    -  5.92e-03 1.51e-02h  1
  39  3.3438363e+04 3.42e+02 2.15e+01  -1.0 4.07e+02    -  5.74e-03 1.40e-02h  1
iter    objective    inf_pr   inf_du lg(mu)  ||d||  lg(rg) alpha_du alpha_pr  ls
  40  3.3573152e+04 3.41e+02 2.15e+01  -1.0 4.04e+02    -  6.46e-04 1.17e-03h  1
  41  3.6564688e+04 3.33e+02 2.23e+01  -1.0 4.02e+02    -  1.70e-04 2.48e-02h  1
  42  3.8221412e+04 3.28e+02 2.24e+01  -1.0 3.87e+02    -  7.02e-03 1.39e-02h  1
  43  3.8939180e+04 3.26e+02 2.20e+01  -1.0 3.67e+02    -  9.54e-03 6.07e-03h  1
  44  4.0709636e+04 3.21e+02 2.25e+01  -1.0 3.65e+02    -  8.91e-05 1.42e-02h  1
  45  4.5035740e+04 3.10e+02 2.30e+01  -1.0 3.62e+02    -  1.14e-02 3.46e-02h  1
  46  4.8887003e+04 3.01e+02 2.35e+01  -1.0 3.50e+02    -  7.84e-03 3.13e-02h  1
  47  5.4947563e+04 2.85e+02 2.45e+01  -1.0 3.39e+02    -  1.01e-02 5.05e-02h  1
  48  5.6339393e+04 2.82e+02 2.46e+01  -1.0 3.23e+02    -  4.20e-03 1.22e-02h  1
  49  5.9016339e+04 2.75e+02 2.48e+01  -1.0 3.21e+02    -  1.05e-02 2.36e-02h  1
iter    objective    inf_pr   inf_du lg(mu)  ||d||  lg(rg) alpha_du alpha_pr  ls
  50  6.2301461e+04 2.67e+02 2.53e+01  -1.0 3.10e+02    -  5.21e-03 2.93e-02h  1
  51  6.4924238e+04 2.61e+02 2.55e+01  -1.0 3.16e+02    -  9.67e-03 2.40e-02h  1
  52  6.9639494e+04 2.49e+02 2.61e+01  -1.0 3.70e+02    -  1.04e-02 4.40e-02h  1
  53  7.1723432e+04 2.44e+02 2.63e+01  -1.0 4.44e+02    -  4.74e-03 2.00e-02h  1
  54  7.5097744e+04 2.36e+02 2.67e+01  -1.0 4.64e+02    -  8.04e-03 3.28e-02h  1
  55  7.9373191e+04 2.26e+02 2.64e+01  -1.0 4.74e+02    -  2.66e-02 4.29e-02h  1
  56  8.3496866e+04 2.16e+02 2.73e+01  -1.0 4.30e+02    -  2.64e-03 4.31e-02h  1
  57  8.3713202e+04 2.16e+02 2.71e+01  -1.0 4.11e+02    -  4.74e-03 2.36e-03h  1
  58  8.4869453e+04 2.13e+02 2.73e+01  -1.0 4.18e+02    -  8.04e-05 1.21e-02h  1
  59  8.9274648e+04 2.03e+02 2.75e+01  -1.0 4.31e+02    -  1.66e-02 4.64e-02h  1
iter    objective    inf_pr   inf_du lg(mu)  ||d||  lg(rg) alpha_du alpha_pr  ls
  60  9.2491169e+04 1.96e+02 2.77e+01  -1.0 4.67e+02    -  1.03e-02 3.52e-02h  1
  61  9.6308784e+04 1.88e+02 2.76e+01  -1.0 4.52e+02    -  2.08e-02 4.31e-02h  1
  62  9.9390091e+04 1.81e+02 2.77e+01  -1.0 4.04e+02    -  1.30e-02 3.63e-02h  1
  63  9.9987467e+04 1.80e+02 2.61e+01  -1.0 3.56e+02    -  3.79e-02 7.32e-03h  1
  64  1.0035858e+05 1.79e+02 2.61e+01  -1.0 3.78e+02    -  2.81e-03 4.58e-03h  1
  65  1.0416907e+05 1.71e+02 2.68e+01  -1.0 3.73e+02    -  1.97e-04 4.54e-02h  1
  66  1.0658260e+05 1.66e+02 2.68e+01  -1.0 3.64e+02    -  1.31e-02 2.98e-02h  1
  67  1.0864229e+05 1.61e+02 2.70e+01  -1.0 3.51e+02    -  3.54e-03 2.57e-02h  1
  68  1.0958255e+05 1.60e+02 2.70e+01  -1.0 3.35e+02    -  3.97e-03 1.18e-02h  1
  69  1.1268326e+05 1.53e+02 2.74e+01  -1.0 3.26e+02    -  6.58e-03 3.89e-02h  1
iter    objective    inf_pr   inf_du lg(mu)  ||d||  lg(rg) alpha_du alpha_pr  ls
  70  1.1562095e+05 1.47e+02 2.73e+01  -1.0 3.03e+02    -  1.56e-02 3.80e-02h  1
  71  1.1996668e+05 1.39e+02 2.77e+01  -1.0 2.81e+02    -  1.01e-02 5.79e-02h  1
  72  1.2081930e+05 1.37e+02 2.76e+01  -1.0 2.79e+02    -  5.85e-03 1.20e-02h  1
  73  1.2440696e+05 1.30e+02 3.01e+01  -1.0 2.76e+02    -  9.08e-03 5.08e-02h  1
  74  1.3064510e+05 1.18e+02 3.24e+01  -1.0 2.57e+02    -  1.85e-02 9.08e-02h  1
  75  1.3331759e+05 1.14e+02 3.17e+01  -1.0 3.49e+02    -  3.14e-02 4.00e-02h  1
  76  1.3402927e+05 1.13e+02 3.19e+01  -1.0 2.60e+02    -  2.01e-03 1.07e-02h  1
  77  1.3664106e+05 1.08e+02 3.23e+01  -1.0 2.38e+02    -  1.37e-02 3.94e-02h  1
  78  1.3988741e+05 1.03e+02 3.25e+01  -1.0 1.95e+02    -  2.27e-02 5.03e-02h  1
  79  1.4026884e+05 1.02e+02 3.24e+01  -1.0 2.61e+02    -  4.48e-03 6.16e-03h  1
iter    objective    inf_pr   inf_du lg(mu)  ||d||  lg(rg) alpha_du alpha_pr  ls
  80  1.4694196e+05 9.10e+01 3.59e+01  -1.0 2.51e+02    -  2.57e-03 1.08e-01h  1
  81  1.4712374e+05 9.07e+01 3.56e+01  -1.0 2.04e+02    -  5.92e-03 3.24e-03h  1
  82  1.4949501e+05 8.69e+01 3.71e+01  -1.0 2.03e+02    -  1.18e-03 4.20e-02h  1
  83  1.5067001e+05 8.50e+01 3.29e+01  -1.0 2.02e+02    -  6.72e-02 2.14e-02h  1
  84  1.5086014e+05 8.47e+01 3.27e+01  -1.0 1.86e+02    -  3.54e-03 3.48e-03h  1
  85  1.5327620e+05 8.10e+01 3.47e+01  -1.0 1.61e+02    -  2.69e-04 4.40e-02h  1
  86  1.5356784e+05 8.06e+01 3.45e+01  -1.0 1.48e+02    -  4.86e-03 5.49e-03h  1
  87  1.5630974e+05 7.64e+01 3.67e+01  -1.0 1.45e+02    -  2.75e-03 5.17e-02h  1
  88  1.5658185e+05 7.60e+01 3.64e+01  -1.0 1.33e+02    -  6.40e-03 5.37e-03h  1
  89  1.5757957e+05 7.45e+01 3.71e+01  -1.0 1.31e+02    -  2.44e-03 1.97e-02h  1
iter    objective    inf_pr   inf_du lg(mu)  ||d||  lg(rg) alpha_du alpha_pr  ls
  90  1.5846615e+05 7.32e+01 3.74e+01  -1.0 1.29e+02    -  6.93e-03 1.77e-02h  1
  91  1.6090400e+05 6.95e+01 3.81e+01  -1.0 1.16e+02    -  1.95e-02 4.96e-02h  1
  92  1.6248409e+05 6.72e+01 3.66e+01  -1.0 1.10e+02    -  3.65e-02 3.36e-02h  1
  93  1.6325998e+05 6.61e+01 3.70e+01  -1.0 9.81e+01    -  6.17e-03 1.68e-02h  1
  94  1.6334948e+05 6.59e+01 3.70e+01  -1.0 9.41e+01    -  1.19e-03 1.94e-03h  1
  95  1.6700793e+05 6.07e+01 4.14e+01  -1.0 9.34e+01    -  1.34e-03 7.93e-02h  1
  96  1.6807810e+05 5.92e+01 3.23e+01  -1.0 9.03e+01    -  1.04e-01 2.50e-02h  1
  97  1.6997479e+05 5.66e+01 3.54e+01  -1.0 1.17e+02    -  7.04e-04 4.44e-02h  1
  98  1.7075861e+05 5.55e+01 3.45e+01  -1.0 1.09e+02    -  2.07e-02 1.87e-02h  1
  99  1.7275876e+05 5.28e+01 3.78e+01  -1.0 1.12e+02    -  3.89e-03 4.86e-02h  1
iter    objective    inf_pr   inf_du lg(mu)  ||d||  lg(rg) alpha_du alpha_pr  ls
 100  1.7361094e+05 5.17e+01 3.40e+01  -1.0 1.38e+02    -  4.70e-02 2.16e-02h  1
 101  1.7524029e+05 4.95e+01 3.74e+01  -1.0 1.20e+02    -  1.16e-03 4.20e-02h  1
 102  1.7588124e+05 4.86e+01 3.62e+01  -1.0 1.22e+02    -  2.13e-02 1.71e-02h  1
 103  1.7719631e+05 4.69e+01 3.99e+01  -1.0 1.26e+02    -  1.15e-03 3.52e-02h  1
 104  1.8353061e+05 3.87e+01 5.68e+01  -1.0 1.27e+02    -  1.67e-02 1.75e-01h  1
 105  1.8631913e+05 3.51e+01 4.35e+01  -1.0 1.42e+02    -  1.47e-01 9.33e-02h  1
 106  1.8642722e+05 3.50e+01 4.32e+01  -1.0 1.08e+02    -  4.99e-03 3.98e-03h  1
 107  1.8692519e+05 3.43e+01 4.38e+01  -1.0 1.37e+02    -  9.50e-03 1.84e-02h  1
 108  1.8808237e+05 3.28e+01 4.83e+01  -1.0 1.33e+02    -  5.67e-03 4.34e-02h  1
 109  1.8988150e+05 3.05e+01 5.08e+01  -1.0 1.32e+02    -  3.67e-02 7.06e-02h  1
iter    objective    inf_pr   inf_du lg(mu)  ||d||  lg(rg) alpha_du alpha_pr  ls
 110  1.9003115e+05 3.03e+01 5.05e+01  -1.0 1.28e+02    -  6.17e-03 6.26e-03h  1
 111  1.9334469e+05 2.61e+01 6.92e+01  -1.0 1.28e+02    -  3.65e-03 1.39e-01h  1
 112  1.9349314e+05 2.59e+01 6.63e+01  -1.0 1.01e+02    -  1.79e-02 7.13e-03h  1
 113  1.9621947e+05 2.25e+01 8.60e+01  -1.0 9.52e+01    -  2.83e-03 1.31e-01h  1
 114  1.9745366e+05 2.10e+01 6.36e+01  -1.0 9.23e+01    -  1.32e-01 6.66e-02h  1
 115  1.9934282e+05 1.87e+01 5.10e+01  -1.0 1.00e+02    -  1.29e-01 1.09e-01h  1
 116  2.0067000e+05 1.71e+01 6.23e+01  -1.0 7.79e+01    -  3.37e-02 8.52e-02h  1
 117  2.0153974e+05 1.61e+01 7.54e+01  -1.0 3.90e+01    -  9.96e-03 6.10e-02h  1
 118  2.0364522e+05 1.36e+01 9.10e+01  -1.0 6.88e+01    -  7.93e-02 1.57e-01h  1
 119  2.0382169e+05 1.34e+01 8.38e+01  -1.0 3.67e+01    -  2.93e-02 1.56e-02h  1
iter    objective    inf_pr   inf_du lg(mu)  ||d||  lg(rg) alpha_du alpha_pr  ls
 120  2.0858854e+05 7.67e+00 2.26e+02  -1.0 3.48e+01    -  6.17e-03 4.26e-01h  1
 121  2.1183076e+05 3.81e+00 2.15e+02  -1.0 1.95e+01    -  3.64e-01 5.04e-01h  1
 122  2.1303217e+05 2.38e+00 1.21e+02  -1.0 1.11e+01    -  5.46e-01 3.76e-01h  1
 123  2.1443252e+05 7.11e-01 9.80e+02  -1.0 1.16e+01    -  2.72e-01 7.01e-01h  1
 124  2.1468667e+05 4.09e-01 1.47e+03  -1.0 1.01e+01    -  6.82e-01 4.25e-01h  1
 125  2.1479165e+05 2.85e-01 7.40e+03  -1.0 2.39e+01    -  7.67e-01 3.04e-01h  1
 126  2.1501587e+05 2.29e-02 5.44e+03  -1.0 5.14e+01    -  6.14e-01 9.20e-01h  1
 127  2.1502004e+05 1.80e-02 1.90e+05  -1.0 1.68e+01    -  1.00e+00 2.11e-01h  1
 128  2.1503263e+05 3.51e-03 9.77e+04  -1.0 1.36e+01    -  1.00e+00 8.05e-01h  1
 129  2.1503394e+05 2.01e-03 9.72e+05  -1.0 2.17e+00    -  1.00e+00 4.27e-01h  1
iter    objective    inf_pr   inf_du lg(mu)  ||d||  lg(rg) alpha_du alpha_pr  ls
 130  2.1503500e+05 7.88e-04 1.48e+06  -1.0 1.23e+00    -  1.00e+00 6.08e-01h  1
 131  2.1503540e+05 3.29e-04 3.59e+06  -1.0 4.79e-01    -  1.00e+00 5.83e-01h  1
 132  2.1503557e+05 1.36e-04 8.57e+06  -1.0 2.00e-01    -  1.00e+00 5.86e-01h  1
 133  2.1503564e+05 5.63e-05 2.07e+07  -1.0 8.27e-02    -  1.00e+00 5.86e-01h  1
 134  2.1503566e+05 2.33e-05 4.99e+07  -1.0 3.43e-02    -  1.00e+00 5.86e-01h  1
 135  2.1503568e+05 9.67e-06 1.21e+08  -1.0 1.42e-02    -  1.00e+00 5.86e-01h  1
 136  2.1503568e+05 4.00e-06 2.91e+08  -1.0 5.88e-03    -  1.00e+00 5.86e-01h  1
 137  2.1503568e+05 1.66e-06 7.02e+08  -1.0 2.44e-03    -  1.00e+00 5.86e-01h  1
 138  2.1503568e+05 6.87e-07 1.70e+09  -1.0 1.01e-03    -  1.00e+00 5.86e-01h  1
 139  2.1503569e+05 2.43e-11 1.43e-06  -1.0 4.18e-04    -  1.00e+00 1.00e+00f  1
iter    objective    inf_pr   inf_du lg(mu)  ||d||  lg(rg) alpha_du alpha_pr  ls
 140  2.1497441e+05 7.44e-08 2.05e+03  -8.6 5.73e-01    -  7.22e-01 8.01e-01f  1
 141  2.1496811e+05 6.04e-08 1.23e+04  -8.6 1.16e-01    -  8.71e-01 4.19e-01f  1
 142  2.1496094e+05 4.79e-08 2.49e+03  -8.6 6.63e-02    -  8.35e-01 8.20e-01f  1
 143  2.1496037e+05 6.43e-08 6.90e+03  -8.6 2.66e-02    -  5.59e-01 3.59e-01f  1
 144  2.1495953e+05 1.86e-07 6.37e+03  -8.6 2.24e-02    -  4.51e-01 8.10e-01f  1
 145  2.1495946e+05 3.92e-07 7.50e+03  -8.6 1.02e-02    -  2.19e-01 3.20e-01f  1
 146  2.1495938e+05 5.99e-07 1.64e+04  -8.6 8.51e-03    -  1.93e-01 5.95e-01f  1
 147  2.1495934e+05 7.13e-07 2.01e+04  -8.6 5.53e-03    -  2.20e-01 5.62e-01f  1
 148  2.1495932e+05 9.82e-07 3.11e+04  -8.6 3.98e-03    -  1.58e-01 8.12e-01f  1
 149  2.1495932e+05 8.93e-07 3.13e+04  -8.6 2.33e-03    -  3.18e-01 7.63e-01h  1
iter    objective    inf_pr   inf_du lg(mu)  ||d||  lg(rg) alpha_du alpha_pr  ls
 150  2.1495932e+05 6.67e-07 3.30e+04  -8.6 1.72e-03    -  1.84e-02 1.21e-01h  1
 151  2.1495932e+05 6.38e-07 3.03e+04  -8.6 1.62e-03    -  5.65e-02 1.85e-02f  1
 152  2.1495932e+05 5.34e-07 2.74e+04  -8.6 1.65e-03    -  8.64e-02 6.97e-02f  1
 153  2.1495932e+05 5.31e-07 2.41e+04  -8.6 1.66e-03    -  7.77e-02 2.04e-03f  1
 154  2.1495932e+05 5.26e-07 2.25e+04  -8.6 1.72e-03    -  5.30e-02 4.06e-03f  1
 155  2.1495932e+05 4.90e-07 2.18e+04  -8.6 1.75e-03    -  1.99e-02 2.77e-02f  1
 156  2.1495932e+05 2.86e-07 2.05e+04  -8.6 1.74e-03    -  4.75e-02 1.62e-01f  1
 157  2.1495932e+05 2.58e-07 1.78e+04  -8.6 1.62e-03    -  2.71e-01 3.01e-02h  1
 158  2.1495932e+05 2.37e-07 1.72e+04  -8.6 1.80e-03    -  3.76e-03 3.20e-02f  1
 159  2.1495932e+05 2.35e-07 1.70e+04  -8.6 1.77e-03    -  3.43e-02 9.69e-03f  1
iter    objective    inf_pr   inf_du lg(mu)  ||d||  lg(rg) alpha_du alpha_pr  ls
 160  2.1495932e+05 2.34e-07 1.69e+04  -8.6 1.78e-03    -  2.28e-02 7.50e-03f  1
 161  2.1495932e+05 2.34e-07 1.69e+04  -8.6 1.79e-03    -  1.51e-02 9.48e-04f  6
 162  2.1495932e+05 2.26e-07 1.62e+04  -8.6 1.80e-03    -  1.61e-02 3.76e-02h  1
 163  2.1495932e+05 2.26e-07 1.62e+04  -8.6 1.77e-03    -  2.28e-01 5.07e-04f  8
 164  2.1495932e+05 2.12e-07 1.36e+04  -8.6 1.93e-03    -  7.05e-02 1.61e-01h  1
 165  2.1495932e+05 2.19e-07 1.35e+04  -8.6 1.77e-03    -  3.24e-01 9.18e-03f  1
 166  2.1495932e+05 2.44e-07 1.30e+04  -8.6 1.97e-03    -  3.65e-01 3.34e-02f  1
 167  2.1495932e+05 3.57e-07 1.10e+04  -8.6 2.15e-03    -  3.79e-01 1.54e-01f  1
 168  2.1495932e+05 4.63e-07 8.99e+03  -8.6 2.09e-03    -  9.15e-02 1.86e-01f  1
 169  2.1495932e+05 4.77e-07 8.70e+03  -8.6 1.81e-03    -  2.16e-02 3.21e-02f  1
iter    objective    inf_pr   inf_du lg(mu)  ||d||  lg(rg) alpha_du alpha_pr  ls
 170  2.1495932e+05 5.46e-07 7.23e+03  -8.6 1.78e-03    -  6.37e-02 1.68e-01f  1
 171  2.1495931e+05 5.81e-07 6.42e+03  -8.6 1.57e-03    -  2.05e-01 1.12e-01f  1
 172  2.1495931e+05 5.90e-07 6.18e+03  -8.6 1.50e-03    -  1.24e-01 3.78e-02f  1
 173  2.1495931e+05 5.83e-07 6.00e+03  -8.6 1.50e-03    -  7.17e-04 2.91e-02f  1
 174  2.1495931e+05 5.74e-07 5.77e+03  -8.6 1.46e-03    -  7.33e-04 3.76e-02f  1
 175  2.1495931e+05 5.66e-07 5.58e+03  -8.6 1.42e-03    -  1.62e-02 3.41e-02f  1
 176  2.1495931e+05 5.63e-07 5.52e+03  -8.6 1.38e-03    -  3.71e-02 9.83e-03f  1
 177  2.1495931e+05 5.61e-07 5.48e+03  -8.6 1.38e-03    -  2.22e-02 6.88e-03f  1
 178  2.1495931e+05 5.59e-07 5.44e+03  -8.6 1.38e-03    -  4.80e-02 8.54e-03f  1
 179  2.1495931e+05 5.49e-07 5.22e+03  -8.6 1.39e-03    -  1.97e-02 3.97e-02f  1
iter    objective    inf_pr   inf_du lg(mu)  ||d||  lg(rg) alpha_du alpha_pr  ls
 180  2.1495931e+05 5.47e-07 5.18e+03  -8.6 1.35e-03    -  4.00e-02 7.27e-03f  1
 181  2.1495931e+05 5.36e-07 4.95e+03  -8.6 1.35e-03    -  3.13e-02 4.48e-02f  1
 182  2.1495931e+05 5.30e-07 4.83e+03  -8.6 1.31e-03    -  4.76e-02 2.33e-02f  1
 183  2.1495931e+05 5.26e-07 4.76e+03  -8.6 1.30e-03    -  1.18e-03 1.45e-02f  1
 184  2.1495931e+05 5.26e-07 4.76e+03  -8.6 1.28e-03    -  2.84e-02 5.50e-04f  1
 185  2.1495931e+05 5.25e-07 4.75e+03  -8.6 1.29e-03    -  4.47e-03 1.89e-03f  1
 186  2.1495931e+05 5.25e-07 4.74e+03  -8.6 1.29e-03    -  1.65e-02 2.16e-03f  1
 187  2.1495931e+05 5.24e-07 4.73e+03  -8.6 1.29e-03    -  2.71e-03 3.08e-03h  1
 188  2.1495931e+05 5.21e-07 4.66e+03  -8.6 1.29e-03    -  5.35e-03 1.39e-02f  1
 189  2.1495931e+05 5.12e-07 4.51e+03  -8.6 1.28e-03    -  7.94e-02 3.35e-02f  1
iter    objective    inf_pr   inf_du lg(mu)  ||d||  lg(rg) alpha_du alpha_pr  ls
 190  2.1495931e+05 5.06e-07 4.40e+03  -8.6 1.26e-03    -  4.23e-02 2.38e-02f  1
 191  2.1495931e+05 4.97e-07 4.24e+03  -8.6 1.25e-03    -  9.58e-03 3.63e-02f  1
 192  2.1495931e+05 4.92e-07 4.17e+03  -8.6 1.21e-03    -  3.30e-03 1.62e-02f  1
 193  2.1495931e+05 4.78e-07 3.94e+03  -8.6 1.20e-03    -  2.86e-02 5.51e-02f  1
 194  2.1495931e+05 4.76e-07 3.91e+03  -8.6 1.15e-03    -  4.89e-02 8.63e-03f  1
 195  2.1495931e+05 4.53e-07 3.56e+03  -8.6 1.15e-03    -  1.42e-02 8.76e-02f  1
 196  2.1495931e+05 4.48e-07 3.48e+03  -8.6 1.07e-03    -  4.82e-02 2.26e-02f  1
 197  2.1495931e+05 4.42e-07 3.41e+03  -8.6 1.06e-03    -  8.07e-02 2.13e-02f  1
 198  2.1495931e+05 4.39e-07 3.36e+03  -8.6 1.08e-03    -  6.20e-02 1.48e-02f  1
 199  2.1495931e+05 4.21e-07 3.12e+03  -8.6 1.10e-03    -  2.41e-02 7.25e-02f  1
iter    objective    inf_pr   inf_du lg(mu)  ||d||  lg(rg) alpha_du alpha_pr  ls
 200  2.1495931e+05 4.16e-07 3.06e+03  -8.6 1.07e-03    -  8.87e-03 1.74e-02f  1
 201  2.1495931e+05 4.09e-07 2.97e+03  -8.6 1.06e-03    -  7.31e-02 3.03e-02f  1
 202  2.1495931e+05 4.00e-07 2.86e+03  -8.6 1.08e-03    -  6.71e-02 3.80e-02f  1
 203  2.1495931e+05 3.99e-07 2.84e+03  -8.6 1.12e-03    -  2.41e-03 6.43e-03h  1
 204  2.1495931e+05 3.97e-07 2.81e+03  -8.6 1.12e-03    -  5.84e-03 8.14e-03f  1
 205  2.1495931e+05 3.93e-07 2.78e+03  -8.6 1.13e-03    -  9.53e-03 1.36e-02f  1
 206  2.1495931e+05 3.79e-07 2.61e+03  -8.6 1.13e-03    -  9.00e-03 5.95e-02f  1
 207  2.1495931e+05 3.70e-07 2.50e+03  -8.6 1.13e-03    -  1.06e-01 4.20e-02f  1
 208  2.1495931e+05 3.64e-07 2.44e+03  -8.6 1.22e-03    -  1.06e-01 2.57e-02f  1
 209  2.1495931e+05 3.61e-07 2.40e+03  -8.6 1.32e-03    -  6.15e-03 1.57e-02h  1
iter    objective    inf_pr   inf_du lg(mu)  ||d||  lg(rg) alpha_du alpha_pr  ls
 210  2.1495931e+05 3.37e-07 2.15e+03  -8.6 1.32e-03    -  1.43e-02 1.05e-01h  1
 211  2.1495931e+05 3.07e-07 1.84e+03  -8.6 1.29e-03    -  1.40e-01 1.41e-01f  1
 212  2.1495931e+05 3.03e-07 1.81e+03  -8.6 1.38e-03    -  2.00e-01 1.96e-02h  1
 213  2.1495931e+05 2.98e-07 1.76e+03  -8.6 1.58e-03    -  3.22e-02 2.38e-02h  1
 214  2.1495931e+05 2.92e-07 1.90e+03  -8.6 1.60e-03    -  7.57e-02 2.75e-02f  1
 215  2.1495931e+05 2.85e-07 1.81e+03  -8.6 1.66e-03    -  3.34e-02 3.90e-02f  1
 216  2.1495931e+05 2.83e-07 1.97e+03  -8.6 1.66e-03    -  5.42e-02 9.23e-03f  1
 217  2.1495931e+05 2.82e-07 2.09e+03  -8.6 1.71e-03    -  4.00e-02 5.51e-03f  1
 218  2.1495931e+05 2.80e-07 2.06e+03  -8.6 1.74e-03    -  6.55e-03 9.58e-03f  1
 219  2.1495931e+05 2.66e-07 1.67e+03  -8.6 1.74e-03    -  9.94e-03 7.43e-02f  1
iter    objective    inf_pr   inf_du lg(mu)  ||d||  lg(rg) alpha_du alpha_pr  ls
 220  2.1495931e+05 2.65e-07 1.66e+03  -8.6 1.69e-03    -  7.35e-03 6.54e-03f  1
 221  2.1495931e+05 2.63e-07 1.63e+03  -8.6 1.69e-03    -  9.63e-03 1.19e-02f  1
 222  2.1495931e+05 2.49e-07 1.35e+03  -8.6 1.69e-03    -  1.31e-02 7.76e-02f  1
 223  2.1495931e+05 2.11e-07 1.05e+03  -8.6 1.64e-03    -  2.40e-02 2.20e-01f  1
 224  2.1495931e+05 2.08e-07 1.03e+03  -8.6 1.48e-03    -  1.17e-01 2.06e-02f  1
 225  2.1495931e+05 2.01e-07 9.87e+02  -8.6 1.55e-03    -  3.14e-02 4.19e-02f  1
 226  2.1495931e+05 1.97e-07 9.56e+02  -8.6 1.53e-03    -  3.97e-02 3.14e-02f  1
 227  2.1495931e+05 1.96e-07 9.48e+02  -8.6 1.53e-03    -  1.80e-02 8.32e-03f  1
 228  2.1495931e+05 1.94e-07 1.44e+03  -8.6 1.54e-03    -  1.69e-01 8.54e-03f  1
 229  2.1495931e+05 1.87e-07 1.19e+03  -8.6 1.65e-03    -  9.78e-03 4.93e-02f  1
iter    objective    inf_pr   inf_du lg(mu)  ||d||  lg(rg) alpha_du alpha_pr  ls
 230  2.1495931e+05 1.36e-07 5.61e+02  -8.6 1.60e-03    -  9.17e-02 3.73e-01f  1
 231  2.1495931e+05 1.31e-07 9.91e+02  -8.6 1.25e-03    -  2.87e-01 4.89e-02f  1
 232  2.1495931e+05 1.19e-07 8.42e+02  -8.6 1.33e-03    -  1.17e-01 1.23e-01f  1
 233  2.1495931e+05 1.13e-07 1.36e+03  -8.6 1.24e-03    -  1.73e-01 5.83e-02f  1
 234  2.1495931e+05 1.12e-07 1.34e+03  -8.6 1.23e-03    -  1.80e-02 1.72e-02h  1
 235  2.1495931e+05 1.03e-07 1.06e+03  -8.6 1.21e-03    -  6.33e-02 9.71e-02f  1
 236  2.1495931e+05 7.25e-08 4.78e+02  -8.6 1.13e-03    -  1.43e-01 3.80e-01f  1
 237  2.1495931e+05 6.32e-08 2.44e+03  -8.6 7.80e-04    -  6.07e-01 1.58e-01f  1
 238  2.1495931e+05 3.26e-08 1.51e+03  -8.6 7.35e-04    -  7.44e-01 5.92e-01f  1
 239  2.1495931e+05 2.33e-08 2.99e+03  -8.6 6.59e-04    -  7.93e-01 3.34e-01f  1
iter    objective    inf_pr   inf_du lg(mu)  ||d||  lg(rg) alpha_du alpha_pr  ls
 240  2.1495931e+05 3.95e-09 1.39e+02  -8.6 8.75e-04    -  8.68e-01 9.59e-01f  1
 241  2.1495931e+05 2.20e-10 5.82e-11  -8.6 5.05e-04    -  1.00e+00 1.00e+00f  1
 242  2.1495931e+05 2.30e-10 9.10e+02  -8.6 1.29e-04    -  7.97e-01 9.53e-01h  1
 243  2.1495931e+05 1.25e-10 5.82e-11  -8.6 5.00e-05    -  1.00e+00 1.00e+00f  1
 244  2.1495931e+05 1.81e-11 5.82e-11  -8.6 9.21e-05    -  1.00e+00 1.00e+00h  1
 245  2.1495931e+05 5.82e-12 4.77e-07  -8.6 6.14e-05    -  1.00e+00 1.00e+00h  1

Number of Iterations....: 245

                                   (scaled)                 (unscaled)
Objective...............:   2.1495931061996036e+05    2.1495931061996036e+05
Dual infeasibility......:   4.7683715820312500e-07    4.7683715820312500e-07
Constraint violation....:   5.8166804706161201e-12    5.8166804706161201e-12
Complementarity.........:   2.5060613397561460e-09    2.5060613397561460e-09
Overall NLP error.......:   5.8166804706161201e-12    4.7683715820312500e-07


Number of objective function evaluations             = 258
Number of objective gradient evaluations             = 246
Number of equality constraint evaluations            = 258
Number of inequality constraint evaluations          = 258
Number of equality constraint Jacobian evaluations   = 246
Number of inequality constraint Jacobian evaluations = 246
Number of Lagrangian Hessian evaluations             = 245
Total CPU secs in IPOPT (w/o function evaluations)   =      2.773
Total CPU secs in NLP function evaluations           =      0.010

EXIT: Optimal Solution Found.

